Training on: cuda
Loaded 100 dispatch events from /home/wei/AMR-DFJSP/test_case/static/dispatch_inbox_20.jsonl
Loaded 50 dispatch events from /home/wei/AMR-DFJSP/test_case/static/dispatch_validation_20.jsonl
Loaded 50 validation event(s).
Loaded training checkpoint from /home/wei/AMR-DFJSP/training_logs/curriculum_20260615_175146/checkpoints/phase_03/attention_precise_latest.pth (optimizers: optimizer)
Starting Attention Precise REINFORCE training with dispatch baseline 'earliest_completion_job+earliest_completion' (stepwise).
Epoch [1/500] | Sampled: 244.78 | Baseline: 248.28 | Improvement: 3.50 | Win Rate: 68.75% | Actor Loss: -0.6666 | Entropy: 0.4952 | Invalid S/B: 0.00/0.00 | Max Load: 7.1 | Load Gap: 1.1
   -> Validation | Samples: 50 | Makespan: 245.84 | Invalid Jobs: 0.00
   -> Saved new best model (Val Makespan: 245.84)
   -> Saved updated training chart to /home/wei/AMR-DFJSP/Static_alogorithm/Attention/attention_precise_training_metrics.png
Epoch [2/500] | Sampled: 244.16 | Baseline: 247.97 | Improvement: 3.81 | Win Rate: 65.62% | Actor Loss: 0.0925 | Entropy: 0.5241 | Invalid S/B: 0.00/0.00 | Max Load: 7.1 | Load Gap: 1.1
Epoch [3/500] | Sampled: 247.19 | Baseline: 249.59 | Improvement: 2.41 | Win Rate: 62.50% | Actor Loss: -0.2022 | Entropy: 0.5003 | Invalid S/B: 0.00/0.00 | Max Load: 7.0 | Load Gap: 1.0
Epoch [4/500] | Sampled: 244.00 | Baseline: 246.69 | Improvement: 2.69 | Win Rate: 56.25% | Actor Loss: -0.1331 | Entropy: 0.4877 | Invalid S/B: 0.00/0.00 | Max Load: 7.1 | Load Gap: 1.1
Epoch [5/500] | Sampled: 248.75 | Baseline: 249.75 | Improvement: 1.00 | Win Rate: 53.12% | Actor Loss: -0.6199 | Entropy: 0.5094 | Invalid S/B: 0.00/0.00 | Max Load: 7.1 | Load Gap: 1.1
Epoch [6/500] | Sampled: 246.44 | Baseline: 250.88 | Improvement: 4.44 | Win Rate: 71.88% | Actor Loss: 0.0840 | Entropy: 0.4560 | Invalid S/B: 0.00/0.00 | Max Load: 7.1 | Load Gap: 1.1
Epoch [7/500] | Sampled: 246.78 | Baseline: 249.12 | Improvement: 2.34 | Win Rate: 68.75% | Actor Loss: 0.5745 | Entropy: 0.5055 | Invalid S/B: 0.00/0.00 | Max Load: 7.0 | Load Gap: 1.0
Epoch [8/500] | Sampled: 248.81 | Baseline: 247.97 | Improvement: -0.84 | Win Rate: 40.62% | Actor Loss: -0.4537 | Entropy: 0.5321 | Invalid S/B: 0.00/0.00 | Max Load: 7.2 | Load Gap: 1.2
Epoch [9/500] | Sampled: 245.06 | Baseline: 250.19 | Improvement: 5.12 | Win Rate: 71.88% | Actor Loss: -0.3007 | Entropy: 0.5224 | Invalid S/B: 0.00/0.00 | Max Load: 7.0 | Load Gap: 1.0
Epoch [10/500] | Sampled: 247.38 | Baseline: 250.25 | Improvement: 2.88 | Win Rate: 65.62% | Actor Loss: -0.6452 | Entropy: 0.5411 | Invalid S/B: 0.00/0.00 | Max Load: 7.1 | Load Gap: 1.1
Epoch [11/500] | Sampled: 250.78 | Baseline: 254.03 | Improvement: 3.25 | Win Rate: 75.00% | Actor Loss: -1.5852 | Entropy: 0.5299 | Invalid S/B: 0.00/0.00 | Max Load: 7.0 | Load Gap: 1.0
Epoch [12/500] | Sampled: 247.78 | Baseline: 249.41 | Improvement: 1.62 | Win Rate: 56.25% | Actor Loss: -0.4502 | Entropy: 0.4784 | Invalid S/B: 0.00/0.00 | Max Load: 7.1 | Load Gap: 1.2
Epoch [13/500] | Sampled: 247.38 | Baseline: 248.88 | Improvement: 1.50 | Win Rate: 50.00% | Actor Loss: -0.4662 | Entropy: 0.4870 | Invalid S/B: 0.00/0.00 | Max Load: 7.2 | Load Gap: 1.2
Epoch [14/500] | Sampled: 246.19 | Baseline: 250.03 | Improvement: 3.84 | Win Rate: 68.75% | Actor Loss: -0.9796 | Entropy: 0.4529 | Invalid S/B: 0.00/0.00 | Max Load: 7.1 | Load Gap: 1.2
Epoch [15/500] | Sampled: 248.84 | Baseline: 251.19 | Improvement: 2.34 | Win Rate: 65.62% | Actor Loss: 0.6271 | Entropy: 0.4976 | Invalid S/B: 0.03/0.00 | Max Load: 7.1 | Load Gap: 1.2
Epoch [16/500] | Sampled: 248.84 | Baseline: 251.84 | Improvement: 3.00 | Win Rate: 71.88% | Actor Loss: 0.7936 | Entropy: 0.4998 | Invalid S/B: 0.00/0.00 | Max Load: 7.1 | Load Gap: 1.1
Epoch [17/500] | Sampled: 246.47 | Baseline: 247.47 | Improvement: 1.00 | Win Rate: 68.75% | Actor Loss: -1.1498 | Entropy: 0.4491 | Invalid S/B: 0.00/0.00 | Max Load: 7.2 | Load Gap: 1.2
Epoch [18/500] | Sampled: 250.44 | Baseline: 253.56 | Improvement: 3.12 | Win Rate: 65.62% | Actor Loss: -1.4674 | Entropy: 0.5434 | Invalid S/B: 0.00/0.00 | Max Load: 7.1 | Load Gap: 1.1
Epoch [19/500] | Sampled: 247.66 | Baseline: 250.00 | Improvement: 2.34 | Win Rate: 68.75% | Actor Loss: -0.2283 | Entropy: 0.4878 | Invalid S/B: 0.03/0.00 | Max Load: 7.2 | Load Gap: 1.2
Epoch [20/500] | Sampled: 250.25 | Baseline: 250.28 | Improvement: 0.03 | Win Rate: 68.75% | Actor Loss: -0.7939 | Entropy: 0.4655 | Invalid S/B: 0.00/0.00 | Max Load: 7.1 | Load Gap: 1.1
Epoch [21/500] | Sampled: 246.72 | Baseline: 248.03 | Improvement: 1.31 | Win Rate: 65.62% | Actor Loss: -0.3371 | Entropy: 0.4313 | Invalid S/B: 0.00/0.00 | Max Load: 7.1 | Load Gap: 1.1
Epoch [22/500] | Sampled: 246.16 | Baseline: 249.28 | Improvement: 3.12 | Win Rate: 62.50% | Actor Loss: 0.7996 | Entropy: 0.4481 | Invalid S/B: 0.00/0.00 | Max Load: 7.2 | Load Gap: 1.2
Epoch [23/500] | Sampled: 244.00 | Baseline: 246.59 | Improvement: 2.59 | Win Rate: 56.25% | Actor Loss: 0.2954 | Entropy: 0.4682 | Invalid S/B: 0.00/0.00 | Max Load: 7.1 | Load Gap: 1.1
Epoch [24/500] | Sampled: 246.56 | Baseline: 248.81 | Improvement: 2.25 | Win Rate: 56.25% | Actor Loss: -0.7369 | Entropy: 0.4239 | Invalid S/B: 0.00/0.00 | Max Load: 7.2 | Load Gap: 1.2
Epoch [25/500] | Sampled: 246.94 | Baseline: 247.34 | Improvement: 0.41 | Win Rate: 53.12% | Actor Loss: -1.0048 | Entropy: 0.4559 | Invalid S/B: 0.00/0.00 | Max Load: 7.2 | Load Gap: 1.2
Epoch [26/500] | Sampled: 246.19 | Baseline: 249.97 | Improvement: 3.78 | Win Rate: 71.88% | Actor Loss: -1.1571 | Entropy: 0.4740 | Invalid S/B: 0.00/0.00 | Max Load: 7.1 | Load Gap: 1.1
Epoch [27/500] | Sampled: 250.88 | Baseline: 253.97 | Improvement: 3.09 | Win Rate: 62.50% | Actor Loss: -1.0184 | Entropy: 0.4483 | Invalid S/B: 0.00/0.00 | Max Load: 7.0 | Load Gap: 1.0
Epoch [28/500] | Sampled: 251.16 | Baseline: 249.94 | Improvement: -1.22 | Win Rate: 34.38% | Actor Loss: -0.8359 | Entropy: 0.4567 | Invalid S/B: 0.00/0.00 | Max Load: 7.1 | Load Gap: 1.2
Epoch [29/500] | Sampled: 251.97 | Baseline: 252.41 | Improvement: 0.44 | Win Rate: 50.00% | Actor Loss: -1.1704 | Entropy: 0.4507 | Invalid S/B: 0.00/0.00 | Max Load: 7.2 | Load Gap: 1.2
Epoch [30/500] | Sampled: 249.91 | Baseline: 251.12 | Improvement: 1.22 | Win Rate: 62.50% | Actor Loss: -1.0215 | Entropy: 0.3978 | Invalid S/B: 0.00/0.00 | Max Load: 7.0 | Load Gap: 1.0
Epoch [31/500] | Sampled: 248.12 | Baseline: 247.75 | Improvement: -0.38 | Win Rate: 34.38% | Actor Loss: -0.4383 | Entropy: 0.3749 | Invalid S/B: 0.00/0.00 | Max Load: 7.1 | Load Gap: 1.1
Epoch [32/500] | Sampled: 247.56 | Baseline: 246.53 | Improvement: -1.03 | Win Rate: 40.62% | Actor Loss: -1.8476 | Entropy: 0.3816 | Invalid S/B: 0.00/0.00 | Max Load: 7.1 | Load Gap: 1.1
Epoch [33/500] | Sampled: 252.19 | Baseline: 251.66 | Improvement: -0.53 | Win Rate: 46.88% | Actor Loss: 0.3257 | Entropy: 0.4027 | Invalid S/B: 0.00/0.00 | Max Load: 7.1 | Load Gap: 1.1
Epoch [34/500] | Sampled: 246.88 | Baseline: 245.44 | Improvement: -1.44 | Win Rate: 37.50% | Actor Loss: -0.5850 | Entropy: 0.3609 | Invalid S/B: 0.00/0.00 | Max Load: 7.1 | Load Gap: 1.1
Epoch [35/500] | Sampled: 248.28 | Baseline: 248.47 | Improvement: 0.19 | Win Rate: 50.00% | Actor Loss: -0.2211 | Entropy: 0.3827 | Invalid S/B: 0.00/0.00 | Max Load: 7.1 | Load Gap: 1.1
Epoch [36/500] | Sampled: 249.84 | Baseline: 249.22 | Improvement: -0.62 | Win Rate: 43.75% | Actor Loss: 0.6138 | Entropy: 0.3997 | Invalid S/B: 0.00/0.00 | Max Load: 7.0 | Load Gap: 1.0
Epoch [37/500] | Sampled: 251.66 | Baseline: 251.25 | Improvement: -0.41 | Win Rate: 50.00% | Actor Loss: -0.5887 | Entropy: 0.4109 | Invalid S/B: 0.00/0.00 | Max Load: 7.1 | Load Gap: 1.1
Epoch [38/500] | Sampled: 249.53 | Baseline: 249.94 | Improvement: 0.41 | Win Rate: 50.00% | Actor Loss: -0.4708 | Entropy: 0.3797 | Invalid S/B: 0.00/0.00 | Max Load: 7.0 | Load Gap: 1.0
Epoch [39/500] | Sampled: 251.78 | Baseline: 251.81 | Improvement: 0.03 | Win Rate: 43.75% | Actor Loss: -1.4402 | Entropy: 0.3725 | Invalid S/B: 0.00/0.00 | Max Load: 7.0 | Load Gap: 1.0
Epoch [40/500] | Sampled: 247.19 | Baseline: 247.06 | Improvement: -0.12 | Win Rate: 53.12% | Actor Loss: -1.3776 | Entropy: 0.4077 | Invalid S/B: 0.00/0.00 | Max Load: 7.1 | Load Gap: 1.1
Epoch [41/500] | Sampled: 247.59 | Baseline: 247.62 | Improvement: 0.03 | Win Rate: 53.12% | Actor Loss: -1.6878 | Entropy: 0.3823 | Invalid S/B: 0.00/0.00 | Max Load: 7.3 | Load Gap: 1.3
Epoch [42/500] | Sampled: 248.28 | Baseline: 251.16 | Improvement: 2.88 | Win Rate: 65.62% | Actor Loss: -0.1642 | Entropy: 0.3854 | Invalid S/B: 0.00/0.00 | Max Load: 7.0 | Load Gap: 1.0
Epoch [43/500] | Sampled: 247.03 | Baseline: 249.69 | Improvement: 2.66 | Win Rate: 62.50% | Actor Loss: 0.6005 | Entropy: 0.3777 | Invalid S/B: 0.00/0.00 | Max Load: 7.2 | Load Gap: 1.2
Epoch [44/500] | Sampled: 246.72 | Baseline: 249.16 | Improvement: 2.44 | Win Rate: 59.38% | Actor Loss: -0.0764 | Entropy: 0.3692 | Invalid S/B: 0.00/0.00 | Max Load: 7.2 | Load Gap: 1.2
Epoch [45/500] | Sampled: 248.12 | Baseline: 249.00 | Improvement: 0.88 | Win Rate: 53.12% | Actor Loss: 0.7145 | Entropy: 0.3830 | Invalid S/B: 0.00/0.00 | Max Load: 7.2 | Load Gap: 1.2
Epoch [46/500] | Sampled: 247.50 | Baseline: 248.56 | Improvement: 1.06 | Win Rate: 56.25% | Actor Loss: -0.3900 | Entropy: 0.3821 | Invalid S/B: 0.00/0.00 | Max Load: 7.0 | Load Gap: 1.0
Epoch [47/500] | Sampled: 251.19 | Baseline: 252.56 | Improvement: 1.38 | Win Rate: 56.25% | Actor Loss: 0.4641 | Entropy: 0.3998 | Invalid S/B: 0.00/0.00 | Max Load: 7.1 | Load Gap: 1.1
Epoch [48/500] | Sampled: 248.06 | Baseline: 248.75 | Improvement: 0.69 | Win Rate: 59.38% | Actor Loss: 0.0641 | Entropy: 0.4374 | Invalid S/B: 0.00/0.00 | Max Load: 7.1 | Load Gap: 1.1
Epoch [49/500] | Sampled: 246.78 | Baseline: 249.12 | Improvement: 2.34 | Win Rate: 65.62% | Actor Loss: -0.6694 | Entropy: 0.4241 | Invalid S/B: 0.00/0.00 | Max Load: 7.1 | Load Gap: 1.1
Epoch [50/500] | Sampled: 248.38 | Baseline: 247.03 | Improvement: -1.34 | Win Rate: 43.75% | Actor Loss: -1.0723 | Entropy: 0.4734 | Invalid S/B: 0.00/0.00 | Max Load: 7.1 | Load Gap: 1.1
   -> Validation | Samples: 50 | Makespan: 247.66 | Invalid Jobs: 0.00
Epoch [51/500] | Sampled: 247.28 | Baseline: 248.66 | Improvement: 1.38 | Win Rate: 53.12% | Actor Loss: 0.1407 | Entropy: 0.4725 | Invalid S/B: 0.00/0.00 | Max Load: 7.1 | Load Gap: 1.1
Epoch [52/500] | Sampled: 250.59 | Baseline: 250.69 | Improvement: 0.09 | Win Rate: 40.62% | Actor Loss: -0.3122 | Entropy: 0.4843 | Invalid S/B: 0.00/0.00 | Max Load: 7.1 | Load Gap: 1.1
Epoch [53/500] | Sampled: 249.44 | Baseline: 251.25 | Improvement: 1.81 | Win Rate: 62.50% | Actor Loss: -0.4985 | Entropy: 0.4498 | Invalid S/B: 0.00/0.00 | Max Load: 7.1 | Load Gap: 1.1
Epoch [54/500] | Sampled: 247.81 | Baseline: 247.03 | Improvement: -0.78 | Win Rate: 50.00% | Actor Loss: -0.9964 | Entropy: 0.4860 | Invalid S/B: 0.00/0.00 | Max Load: 7.1 | Load Gap: 1.1
Epoch [55/500] | Sampled: 250.41 | Baseline: 250.75 | Improvement: 0.34 | Win Rate: 53.12% | Actor Loss: 0.2332 | Entropy: 0.4923 | Invalid S/B: 0.00/0.00 | Max Load: 7.1 | Load Gap: 1.1
Epoch [56/500] | Sampled: 252.41 | Baseline: 251.44 | Improvement: -0.97 | Win Rate: 43.75% | Actor Loss: -0.3058 | Entropy: 0.4379 | Invalid S/B: 0.00/0.00 | Max Load: 7.1 | Load Gap: 1.1
Epoch [57/500] | Sampled: 248.62 | Baseline: 247.38 | Improvement: -1.25 | Win Rate: 40.62% | Actor Loss: -1.5747 | Entropy: 0.4737 | Invalid S/B: 0.00/0.00 | Max Load: 7.1 | Load Gap: 1.1
Epoch [58/500] | Sampled: 250.12 | Baseline: 252.78 | Improvement: 2.66 | Win Rate: 62.50% | Actor Loss: -0.8112 | Entropy: 0.4765 | Invalid S/B: 0.00/0.00 | Max Load: 7.1 | Load Gap: 1.1
Epoch [59/500] | Sampled: 251.50 | Baseline: 250.91 | Improvement: -0.59 | Win Rate: 43.75% | Actor Loss: -0.7302 | Entropy: 0.4079 | Invalid S/B: 0.00/0.00 | Max Load: 7.1 | Load Gap: 1.1
Epoch [60/500] | Sampled: 250.78 | Baseline: 251.81 | Improvement: 1.03 | Win Rate: 50.00% | Actor Loss: -0.2234 | Entropy: 0.4335 | Invalid S/B: 0.00/0.00 | Max Load: 7.1 | Load Gap: 1.1
Epoch [61/500] | Sampled: 248.12 | Baseline: 247.12 | Improvement: -1.00 | Win Rate: 50.00% | Actor Loss: -0.2811 | Entropy: 0.4445 | Invalid S/B: 0.00/0.00 | Max Load: 7.1 | Load Gap: 1.1
Epoch [62/500] | Sampled: 247.09 | Baseline: 246.47 | Improvement: -0.62 | Win Rate: 50.00% | Actor Loss: -1.1378 | Entropy: 0.4229 | Invalid S/B: 0.00/0.00 | Max Load: 7.0 | Load Gap: 1.0
Epoch [63/500] | Sampled: 247.19 | Baseline: 246.75 | Improvement: -0.44 | Win Rate: 46.88% | Actor Loss: -0.1474 | Entropy: 0.3954 | Invalid S/B: 0.00/0.00 | Max Load: 7.0 | Load Gap: 1.0
Epoch [64/500] | Sampled: 248.62 | Baseline: 248.19 | Improvement: -0.44 | Win Rate: 50.00% | Actor Loss: 0.3104 | Entropy: 0.4093 | Invalid S/B: 0.00/0.00 | Max Load: 7.1 | Load Gap: 1.1
Epoch [65/500] | Sampled: 251.81 | Baseline: 253.88 | Improvement: 2.06 | Win Rate: 59.38% | Actor Loss: 0.4981 | Entropy: 0.4149 | Invalid S/B: 0.00/0.00 | Max Load: 7.1 | Load Gap: 1.1
Epoch [66/500] | Sampled: 246.59 | Baseline: 248.59 | Improvement: 2.00 | Win Rate: 62.50% | Actor Loss: -0.1036 | Entropy: 0.3852 | Invalid S/B: 0.00/0.00 | Max Load: 7.3 | Load Gap: 1.3
Epoch [67/500] | Sampled: 251.69 | Baseline: 249.59 | Improvement: -2.09 | Win Rate: 43.75% | Actor Loss: -0.4782 | Entropy: 0.3908 | Invalid S/B: 0.00/0.00 | Max Load: 7.2 | Load Gap: 1.3
Epoch [68/500] | Sampled: 253.69 | Baseline: 250.50 | Improvement: -3.19 | Win Rate: 34.38% | Actor Loss: -0.4125 | Entropy: 0.3995 | Invalid S/B: 0.00/0.00 | Max Load: 7.1 | Load Gap: 1.1
Epoch [69/500] | Sampled: 251.12 | Baseline: 248.69 | Improvement: -2.44 | Win Rate: 37.50% | Actor Loss: 1.0038 | Entropy: 0.3568 | Invalid S/B: 0.00/0.00 | Max Load: 7.1 | Load Gap: 1.1
Epoch [70/500] | Sampled: 254.88 | Baseline: 250.81 | Improvement: -4.06 | Win Rate: 34.38% | Actor Loss: -0.9141 | Entropy: 0.3872 | Invalid S/B: 0.00/0.00 | Max Load: 7.2 | Load Gap: 1.2
Epoch [71/500] | Sampled: 251.44 | Baseline: 249.28 | Improvement: -2.16 | Win Rate: 46.88% | Actor Loss: 0.2496 | Entropy: 0.3945 | Invalid S/B: 0.00/0.00 | Max Load: 7.1 | Load Gap: 1.1
Epoch [72/500] | Sampled: 253.56 | Baseline: 251.44 | Improvement: -2.12 | Win Rate: 34.38% | Actor Loss: -0.3250 | Entropy: 0.3793 | Invalid S/B: 0.00/0.00 | Max Load: 7.2 | Load Gap: 1.2
Epoch [73/500] | Sampled: 252.44 | Baseline: 253.47 | Improvement: 1.03 | Win Rate: 50.00% | Actor Loss: -0.0946 | Entropy: 0.4386 | Invalid S/B: 0.00/0.00 | Max Load: 7.1 | Load Gap: 1.1
Epoch [74/500] | Sampled: 252.50 | Baseline: 251.16 | Improvement: -1.34 | Win Rate: 43.75% | Actor Loss: -0.4243 | Entropy: 0.4248 | Invalid S/B: 0.00/0.00 | Max Load: 7.2 | Load Gap: 1.2
Epoch [75/500] | Sampled: 253.56 | Baseline: 250.78 | Improvement: -2.78 | Win Rate: 28.12% | Actor Loss: -0.6697 | Entropy: 0.4055 | Invalid S/B: 0.00/0.00 | Max Load: 7.1 | Load Gap: 1.1
Epoch [76/500] | Sampled: 251.38 | Baseline: 249.44 | Improvement: -1.94 | Win Rate: 40.62% | Actor Loss: -0.5234 | Entropy: 0.4493 | Invalid S/B: 0.00/0.00 | Max Load: 7.0 | Load Gap: 1.0
Epoch [77/500] | Sampled: 253.00 | Baseline: 251.34 | Improvement: -1.66 | Win Rate: 34.38% | Actor Loss: 0.5924 | Entropy: 0.4390 | Invalid S/B: 0.00/0.00 | Max Load: 7.1 | Load Gap: 1.1
Epoch [78/500] | Sampled: 251.97 | Baseline: 250.75 | Improvement: -1.22 | Win Rate: 40.62% | Actor Loss: -0.4497 | Entropy: 0.4528 | Invalid S/B: 0.00/0.00 | Max Load: 7.2 | Load Gap: 1.2
Epoch [79/500] | Sampled: 253.78 | Baseline: 251.88 | Improvement: -1.91 | Win Rate: 40.62% | Actor Loss: 0.3445 | Entropy: 0.4712 | Invalid S/B: 0.00/0.00 | Max Load: 7.1 | Load Gap: 1.1
Epoch [80/500] | Sampled: 252.94 | Baseline: 249.34 | Improvement: -3.59 | Win Rate: 31.25% | Actor Loss: 0.1032 | Entropy: 0.5052 | Invalid S/B: 0.00/0.00 | Max Load: 7.1 | Load Gap: 1.1
Epoch [81/500] | Sampled: 251.28 | Baseline: 250.19 | Improvement: -1.09 | Win Rate: 46.88% | Actor Loss: 0.6875 | Entropy: 0.5633 | Invalid S/B: 0.00/0.00 | Max Load: 7.2 | Load Gap: 1.2
Epoch [82/500] | Sampled: 252.69 | Baseline: 246.97 | Improvement: -5.72 | Win Rate: 21.88% | Actor Loss: -0.4212 | Entropy: 0.5510 | Invalid S/B: 0.00/0.00 | Max Load: 7.1 | Load Gap: 1.1
Epoch [83/500] | Sampled: 253.97 | Baseline: 249.78 | Improvement: -4.19 | Win Rate: 37.50% | Actor Loss: -1.1830 | Entropy: 0.5478 | Invalid S/B: 0.00/0.00 | Max Load: 7.1 | Load Gap: 1.1
Epoch [84/500] | Sampled: 254.12 | Baseline: 247.53 | Improvement: -6.59 | Win Rate: 25.00% | Actor Loss: -0.1020 | Entropy: 0.5501 | Invalid S/B: 0.00/0.00 | Max Load: 7.2 | Load Gap: 1.2
Epoch [85/500] | Sampled: 256.16 | Baseline: 251.03 | Improvement: -5.12 | Win Rate: 25.00% | Actor Loss: -0.8184 | Entropy: 0.5863 | Invalid S/B: 0.00/0.00 | Max Load: 7.2 | Load Gap: 1.2
Epoch [86/500] | Sampled: 253.06 | Baseline: 249.09 | Improvement: -3.97 | Win Rate: 34.38% | Actor Loss: -0.9365 | Entropy: 0.5545 | Invalid S/B: 0.00/0.00 | Max Load: 7.2 | Load Gap: 1.2
Epoch [87/500] | Sampled: 254.69 | Baseline: 249.84 | Improvement: -4.84 | Win Rate: 37.50% | Actor Loss: -0.4212 | Entropy: 0.5310 | Invalid S/B: 0.00/0.00 | Max Load: 7.2 | Load Gap: 1.2
Epoch [88/500] | Sampled: 252.25 | Baseline: 249.62 | Improvement: -2.62 | Win Rate: 31.25% | Actor Loss: -0.8231 | Entropy: 0.4926 | Invalid S/B: 0.00/0.00 | Max Load: 7.2 | Load Gap: 1.2
Epoch [89/500] | Sampled: 253.66 | Baseline: 247.78 | Improvement: -5.88 | Win Rate: 25.00% | Actor Loss: -0.6344 | Entropy: 0.4656 | Invalid S/B: 0.00/0.00 | Max Load: 7.3 | Load Gap: 1.3
Epoch [90/500] | Sampled: 254.94 | Baseline: 251.44 | Improvement: -3.50 | Win Rate: 34.38% | Actor Loss: -0.4282 | Entropy: 0.4217 | Invalid S/B: 0.00/0.00 | Max Load: 7.1 | Load Gap: 1.1
Epoch [91/500] | Sampled: 253.81 | Baseline: 252.06 | Improvement: -1.75 | Win Rate: 43.75% | Actor Loss: -0.9263 | Entropy: 0.4444 | Invalid S/B: 0.00/0.00 | Max Load: 7.1 | Load Gap: 1.1
Epoch [92/500] | Sampled: 252.12 | Baseline: 246.00 | Improvement: -6.12 | Win Rate: 18.75% | Actor Loss: -0.3960 | Entropy: 0.3789 | Invalid S/B: 0.00/0.00 | Max Load: 7.3 | Load Gap: 1.4
Epoch [93/500] | Sampled: 249.22 | Baseline: 247.16 | Improvement: -2.06 | Win Rate: 34.38% | Actor Loss: -1.2586 | Entropy: 0.3786 | Invalid S/B: 0.00/0.00 | Max Load: 7.1 | Load Gap: 1.1
Epoch [94/500] | Sampled: 252.88 | Baseline: 251.06 | Improvement: -1.81 | Win Rate: 46.88% | Actor Loss: -0.5218 | Entropy: 0.3640 | Invalid S/B: 0.00/0.00 | Max Load: 7.2 | Load Gap: 1.3
Epoch [95/500] | Sampled: 251.72 | Baseline: 251.06 | Improvement: -0.66 | Win Rate: 46.88% | Actor Loss: -0.0752 | Entropy: 0.3247 | Invalid S/B: 0.00/0.00 | Max Load: 7.3 | Load Gap: 1.3
Epoch [96/500] | Sampled: 254.25 | Baseline: 252.12 | Improvement: -2.12 | Win Rate: 37.50% | Actor Loss: -0.1164 | Entropy: 0.2865 | Invalid S/B: 0.00/0.00 | Max Load: 7.3 | Load Gap: 1.3
Epoch [97/500] | Sampled: 250.03 | Baseline: 251.62 | Improvement: 1.59 | Win Rate: 65.62% | Actor Loss: -0.2644 | Entropy: 0.3308 | Invalid S/B: 0.00/0.00 | Max Load: 7.1 | Load Gap: 1.1
Epoch [98/500] | Sampled: 253.09 | Baseline: 249.91 | Improvement: -3.19 | Win Rate: 34.38% | Actor Loss: -0.3899 | Entropy: 0.3266 | Invalid S/B: 0.00/0.00 | Max Load: 7.2 | Load Gap: 1.2
Epoch [99/500] | Sampled: 249.59 | Baseline: 248.72 | Improvement: -0.88 | Win Rate: 53.12% | Actor Loss: -0.5481 | Entropy: 0.3186 | Invalid S/B: 0.00/0.00 | Max Load: 7.0 | Load Gap: 1.0
Epoch [100/500] | Sampled: 250.53 | Baseline: 245.94 | Improvement: -4.59 | Win Rate: 34.38% | Actor Loss: 0.0185 | Entropy: 0.3013 | Invalid S/B: 0.00/0.00 | Max Load: 7.3 | Load Gap: 1.3
   -> Validation | Samples: 50 | Makespan: 249.72 | Invalid Jobs: 0.00
   -> Saved updated training chart to /home/wei/AMR-DFJSP/Static_alogorithm/Attention/attention_precise_training_metrics.png
Epoch [101/500] | Sampled: 247.84 | Baseline: 245.12 | Improvement: -2.72 | Win Rate: 21.88% | Actor Loss: 0.2291 | Entropy: 0.2878 | Invalid S/B: 0.00/0.00 | Max Load: 7.2 | Load Gap: 1.2
Epoch [102/500] | Sampled: 251.66 | Baseline: 250.25 | Improvement: -1.41 | Win Rate: 43.75% | Actor Loss: 0.0625 | Entropy: 0.3144 | Invalid S/B: 0.00/0.00 | Max Load: 7.1 | Load Gap: 1.1
Epoch [103/500] | Sampled: 251.78 | Baseline: 249.56 | Improvement: -2.22 | Win Rate: 46.88% | Actor Loss: -1.0673 | Entropy: 0.3163 | Invalid S/B: 0.00/0.00 | Max Load: 7.2 | Load Gap: 1.2
Epoch [104/500] | Sampled: 249.25 | Baseline: 249.22 | Improvement: -0.03 | Win Rate: 53.12% | Actor Loss: -0.4996 | Entropy: 0.2854 | Invalid S/B: 0.00/0.00 | Max Load: 7.1 | Load Gap: 1.1
Epoch [105/500] | Sampled: 250.03 | Baseline: 248.56 | Improvement: -1.47 | Win Rate: 46.88% | Actor Loss: -0.4569 | Entropy: 0.3130 | Invalid S/B: 0.00/0.00 | Max Load: 7.1 | Load Gap: 1.1
Epoch [106/500] | Sampled: 247.72 | Baseline: 245.66 | Improvement: -2.06 | Win Rate: 37.50% | Actor Loss: -0.8876 | Entropy: 0.3035 | Invalid S/B: 0.00/0.00 | Max Load: 7.2 | Load Gap: 1.2
Epoch [107/500] | Sampled: 251.78 | Baseline: 250.03 | Improvement: -1.75 | Win Rate: 40.62% | Actor Loss: -0.6186 | Entropy: 0.2814 | Invalid S/B: 0.00/0.00 | Max Load: 7.1 | Load Gap: 1.1
Epoch [108/500] | Sampled: 249.38 | Baseline: 248.25 | Improvement: -1.12 | Win Rate: 50.00% | Actor Loss: 0.0054 | Entropy: 0.3047 | Invalid S/B: 0.00/0.00 | Max Load: 7.3 | Load Gap: 1.3
Epoch [109/500] | Sampled: 251.12 | Baseline: 250.03 | Improvement: -1.09 | Win Rate: 40.62% | Actor Loss: 0.3743 | Entropy: 0.3316 | Invalid S/B: 0.00/0.00 | Max Load: 7.1 | Load Gap: 1.1
Epoch [110/500] | Sampled: 250.81 | Baseline: 250.06 | Improvement: -0.75 | Win Rate: 46.88% | Actor Loss: -1.5517 | Entropy: 0.3023 | Invalid S/B: 0.00/0.00 | Max Load: 7.1 | Load Gap: 1.1
Epoch [111/500] | Sampled: 252.41 | Baseline: 250.59 | Improvement: -1.81 | Win Rate: 46.88% | Actor Loss: 0.4098 | Entropy: 0.2996 | Invalid S/B: 0.00/0.00 | Max Load: 7.1 | Load Gap: 1.1
Epoch [112/500] | Sampled: 252.41 | Baseline: 251.81 | Improvement: -0.59 | Win Rate: 37.50% | Actor Loss: -0.7793 | Entropy: 0.2873 | Invalid S/B: 0.00/0.00 | Max Load: 7.2 | Load Gap: 1.2
Epoch [113/500] | Sampled: 249.25 | Baseline: 249.69 | Improvement: 0.44 | Win Rate: 56.25% | Actor Loss: -0.3196 | Entropy: 0.3367 | Invalid S/B: 0.00/0.00 | Max Load: 7.1 | Load Gap: 1.1
Epoch [114/500] | Sampled: 246.56 | Baseline: 247.69 | Improvement: 1.12 | Win Rate: 46.88% | Actor Loss: -0.4484 | Entropy: 0.2848 | Invalid S/B: 0.00/0.00 | Max Load: 7.1 | Load Gap: 1.1
Epoch [115/500] | Sampled: 252.53 | Baseline: 251.81 | Improvement: -0.72 | Win Rate: 40.62% | Actor Loss: -0.5619 | Entropy: 0.2888 | Invalid S/B: 0.00/0.00 | Max Load: 7.1 | Load Gap: 1.1
Epoch [116/500] | Sampled: 253.16 | Baseline: 250.91 | Improvement: -2.25 | Win Rate: 43.75% | Actor Loss: -0.3106 | Entropy: 0.2762 | Invalid S/B: 0.00/0.00 | Max Load: 7.1 | Load Gap: 1.1
Epoch [117/500] | Sampled: 250.84 | Baseline: 251.16 | Improvement: 0.31 | Win Rate: 50.00% | Actor Loss: -0.0579 | Entropy: 0.2627 | Invalid S/B: 0.00/0.00 | Max Load: 7.2 | Load Gap: 1.2
Epoch [118/500] | Sampled: 252.72 | Baseline: 251.88 | Improvement: -0.84 | Win Rate: 40.62% | Actor Loss: -0.1482 | Entropy: 0.2903 | Invalid S/B: 0.00/0.00 | Max Load: 7.1 | Load Gap: 1.1
Epoch [119/500] | Sampled: 248.44 | Baseline: 248.09 | Improvement: -0.34 | Win Rate: 50.00% | Actor Loss: 0.1909 | Entropy: 0.2557 | Invalid S/B: 0.00/0.00 | Max Load: 7.2 | Load Gap: 1.2
Epoch [120/500] | Sampled: 249.84 | Baseline: 251.16 | Improvement: 1.31 | Win Rate: 56.25% | Actor Loss: -0.8153 | Entropy: 0.2600 | Invalid S/B: 0.00/0.00 | Max Load: 7.1 | Load Gap: 1.1
Epoch [121/500] | Sampled: 249.00 | Baseline: 248.94 | Improvement: -0.06 | Win Rate: 46.88% | Actor Loss: -0.0973 | Entropy: 0.2495 | Invalid S/B: 0.00/0.00 | Max Load: 7.2 | Load Gap: 1.2
Epoch [122/500] | Sampled: 247.84 | Baseline: 248.44 | Improvement: 0.59 | Win Rate: 46.88% | Actor Loss: 0.2614 | Entropy: 0.2406 | Invalid S/B: 0.00/0.00 | Max Load: 7.1 | Load Gap: 1.1
Epoch [123/500] | Sampled: 253.31 | Baseline: 253.00 | Improvement: -0.31 | Win Rate: 46.88% | Actor Loss: 0.0929 | Entropy: 0.2385 | Invalid S/B: 0.00/0.00 | Max Load: 7.1 | Load Gap: 1.1
Epoch [124/500] | Sampled: 249.34 | Baseline: 250.72 | Improvement: 1.38 | Win Rate: 53.12% | Actor Loss: -0.2247 | Entropy: 0.2530 | Invalid S/B: 0.00/0.00 | Max Load: 7.1 | Load Gap: 1.1
Epoch [125/500] | Sampled: 252.66 | Baseline: 250.12 | Improvement: -2.53 | Win Rate: 34.38% | Actor Loss: 0.1425 | Entropy: 0.2112 | Invalid S/B: 0.00/0.00 | Max Load: 7.2 | Load Gap: 1.2
Epoch [126/500] | Sampled: 248.88 | Baseline: 250.62 | Improvement: 1.75 | Win Rate: 65.62% | Actor Loss: 0.8053 | Entropy: 0.2423 | Invalid S/B: 0.00/0.00 | Max Load: 7.1 | Load Gap: 1.1
Epoch [127/500] | Sampled: 252.50 | Baseline: 254.12 | Improvement: 1.62 | Win Rate: 59.38% | Actor Loss: 0.2786 | Entropy: 0.2396 | Invalid S/B: 0.00/0.00 | Max Load: 7.2 | Load Gap: 1.2
Epoch [128/500] | Sampled: 246.12 | Baseline: 246.12 | Improvement: 0.00 | Win Rate: 46.88% | Actor Loss: -0.6991 | Entropy: 0.2199 | Invalid S/B: 0.00/0.00 | Max Load: 7.0 | Load Gap: 1.0
Epoch [129/500] | Sampled: 246.06 | Baseline: 248.31 | Improvement: 2.25 | Win Rate: 56.25% | Actor Loss: 0.2338 | Entropy: 0.2218 | Invalid S/B: 0.00/0.00 | Max Load: 7.0 | Load Gap: 1.0
Epoch [130/500] | Sampled: 250.06 | Baseline: 250.31 | Improvement: 0.25 | Win Rate: 43.75% | Actor Loss: 0.2979 | Entropy: 0.2546 | Invalid S/B: 0.00/0.00 | Max Load: 7.1 | Load Gap: 1.2
Epoch [131/500] | Sampled: 248.19 | Baseline: 248.06 | Improvement: -0.12 | Win Rate: 50.00% | Actor Loss: -0.1693 | Entropy: 0.2563 | Invalid S/B: 0.00/0.00 | Max Load: 7.1 | Load Gap: 1.1
Epoch [132/500] | Sampled: 244.91 | Baseline: 244.84 | Improvement: -0.06 | Win Rate: 43.75% | Actor Loss: 0.4911 | Entropy: 0.2363 | Invalid S/B: 0.00/0.00 | Max Load: 7.1 | Load Gap: 1.1
Epoch [133/500] | Sampled: 247.00 | Baseline: 246.62 | Improvement: -0.38 | Win Rate: 34.38% | Actor Loss: -0.6284 | Entropy: 0.2474 | Invalid S/B: 0.00/0.00 | Max Load: 7.0 | Load Gap: 1.1
Epoch [134/500] | Sampled: 248.31 | Baseline: 248.91 | Improvement: 0.59 | Win Rate: 53.12% | Actor Loss: 0.1204 | Entropy: 0.2513 | Invalid S/B: 0.00/0.00 | Max Load: 7.2 | Load Gap: 1.2
Epoch [135/500] | Sampled: 247.53 | Baseline: 249.75 | Improvement: 2.22 | Win Rate: 59.38% | Actor Loss: 0.3868 | Entropy: 0.2539 | Invalid S/B: 0.00/0.00 | Max Load: 7.1 | Load Gap: 1.1
Epoch [136/500] | Sampled: 246.62 | Baseline: 248.09 | Improvement: 1.47 | Win Rate: 56.25% | Actor Loss: 0.3681 | Entropy: 0.2602 | Invalid S/B: 0.00/0.00 | Max Load: 7.0 | Load Gap: 1.0
Epoch [137/500] | Sampled: 248.16 | Baseline: 249.47 | Improvement: 1.31 | Win Rate: 65.62% | Actor Loss: 0.3753 | Entropy: 0.2806 | Invalid S/B: 0.00/0.00 | Max Load: 7.1 | Load Gap: 1.1
Epoch [138/500] | Sampled: 245.84 | Baseline: 249.69 | Improvement: 3.84 | Win Rate: 68.75% | Actor Loss: 1.1863 | Entropy: 0.2640 | Invalid S/B: 0.00/0.00 | Max Load: 7.1 | Load Gap: 1.1
Epoch [139/500] | Sampled: 247.44 | Baseline: 249.66 | Improvement: 2.22 | Win Rate: 46.88% | Actor Loss: 0.5771 | Entropy: 0.2506 | Invalid S/B: 0.00/0.00 | Max Load: 7.2 | Load Gap: 1.2
Epoch [140/500] | Sampled: 248.47 | Baseline: 248.91 | Improvement: 0.44 | Win Rate: 40.62% | Actor Loss: -0.6365 | Entropy: 0.2713 | Invalid S/B: 0.00/0.00 | Max Load: 7.1 | Load Gap: 1.1
Epoch [141/500] | Sampled: 247.75 | Baseline: 249.81 | Improvement: 2.06 | Win Rate: 59.38% | Actor Loss: -0.3511 | Entropy: 0.2881 | Invalid S/B: 0.00/0.00 | Max Load: 7.0 | Load Gap: 1.0
Epoch [142/500] | Sampled: 249.47 | Baseline: 249.56 | Improvement: 0.09 | Win Rate: 40.62% | Actor Loss: 0.7534 | Entropy: 0.2927 | Invalid S/B: 0.00/0.00 | Max Load: 7.2 | Load Gap: 1.2
Epoch [143/500] | Sampled: 249.88 | Baseline: 250.19 | Improvement: 0.31 | Win Rate: 46.88% | Actor Loss: -1.1839 | Entropy: 0.2922 | Invalid S/B: 0.00/0.00 | Max Load: 7.2 | Load Gap: 1.2
Epoch [144/500] | Sampled: 247.75 | Baseline: 247.72 | Improvement: -0.03 | Win Rate: 40.62% | Actor Loss: -1.0090 | Entropy: 0.3356 | Invalid S/B: 0.00/0.00 | Max Load: 7.2 | Load Gap: 1.2
Epoch [145/500] | Sampled: 249.94 | Baseline: 249.78 | Improvement: -0.16 | Win Rate: 40.62% | Actor Loss: 0.6451 | Entropy: 0.3194 | Invalid S/B: 0.00/0.00 | Max Load: 7.2 | Load Gap: 1.2
Epoch [146/500] | Sampled: 250.38 | Baseline: 251.06 | Improvement: 0.69 | Win Rate: 37.50% | Actor Loss: -0.8581 | Entropy: 0.3139 | Invalid S/B: 0.00/0.00 | Max Load: 7.0 | Load Gap: 1.0
Epoch [147/500] | Sampled: 250.97 | Baseline: 248.94 | Improvement: -2.03 | Win Rate: 31.25% | Actor Loss: -0.2703 | Entropy: 0.3711 | Invalid S/B: 0.00/0.00 | Max Load: 7.1 | Load Gap: 1.1
Epoch [148/500] | Sampled: 249.88 | Baseline: 251.47 | Improvement: 1.59 | Win Rate: 50.00% | Actor Loss: 0.1253 | Entropy: 0.3398 | Invalid S/B: 0.00/0.00 | Max Load: 7.1 | Load Gap: 1.1
Epoch [149/500] | Sampled: 248.16 | Baseline: 247.56 | Improvement: -0.59 | Win Rate: 56.25% | Actor Loss: -0.5366 | Entropy: 0.3304 | Invalid S/B: 0.00/0.00 | Max Load: 7.2 | Load Gap: 1.2
Epoch [150/500] | Sampled: 249.72 | Baseline: 248.69 | Improvement: -1.03 | Win Rate: 50.00% | Actor Loss: -0.3480 | Entropy: 0.3421 | Invalid S/B: 0.00/0.00 | Max Load: 7.2 | Load Gap: 1.2
   -> Validation | Samples: 50 | Makespan: 247.82 | Invalid Jobs: 0.00
Epoch [151/500] | Sampled: 249.16 | Baseline: 252.41 | Improvement: 3.25 | Win Rate: 62.50% | Actor Loss: 0.3784 | Entropy: 0.3463 | Invalid S/B: 0.00/0.00 | Max Load: 7.1 | Load Gap: 1.1
Epoch [152/500] | Sampled: 249.62 | Baseline: 248.53 | Improvement: -1.09 | Win Rate: 43.75% | Actor Loss: 0.6115 | Entropy: 0.3658 | Invalid S/B: 0.00/0.00 | Max Load: 7.1 | Load Gap: 1.1
Epoch [153/500] | Sampled: 251.78 | Baseline: 249.22 | Improvement: -2.56 | Win Rate: 40.62% | Actor Loss: 0.3175 | Entropy: 0.3336 | Invalid S/B: 0.00/0.00 | Max Load: 7.2 | Load Gap: 1.2
Epoch [154/500] | Sampled: 250.59 | Baseline: 250.12 | Improvement: -0.47 | Win Rate: 43.75% | Actor Loss: 0.9248 | Entropy: 0.3422 | Invalid S/B: 0.00/0.00 | Max Load: 7.1 | Load Gap: 1.1
Epoch [155/500] | Sampled: 247.72 | Baseline: 248.25 | Improvement: 0.53 | Win Rate: 53.12% | Actor Loss: -0.0335 | Entropy: 0.3421 | Invalid S/B: 0.00/0.00 | Max Load: 7.1 | Load Gap: 1.1
Epoch [156/500] | Sampled: 251.53 | Baseline: 253.00 | Improvement: 1.47 | Win Rate: 65.62% | Actor Loss: 0.2225 | Entropy: 0.3728 | Invalid S/B: 0.00/0.00 | Max Load: 7.1 | Load Gap: 1.1
Epoch [157/500] | Sampled: 249.78 | Baseline: 250.97 | Improvement: 1.19 | Win Rate: 46.88% | Actor Loss: -0.8508 | Entropy: 0.3408 | Invalid S/B: 0.00/0.00 | Max Load: 7.1 | Load Gap: 1.1
Epoch [158/500] | Sampled: 249.34 | Baseline: 246.66 | Improvement: -2.69 | Win Rate: 43.75% | Actor Loss: -0.9731 | Entropy: 0.3767 | Invalid S/B: 0.00/0.00 | Max Load: 7.0 | Load Gap: 1.0
Epoch [159/500] | Sampled: 249.97 | Baseline: 249.88 | Improvement: -0.09 | Win Rate: 46.88% | Actor Loss: 1.0356 | Entropy: 0.3934 | Invalid S/B: 0.00/0.00 | Max Load: 7.2 | Load Gap: 1.2
Epoch [160/500] | Sampled: 248.66 | Baseline: 249.03 | Improvement: 0.38 | Win Rate: 50.00% | Actor Loss: 0.0569 | Entropy: 0.3885 | Invalid S/B: 0.00/0.00 | Max Load: 7.1 | Load Gap: 1.1
Epoch [161/500] | Sampled: 250.00 | Baseline: 251.38 | Improvement: 1.38 | Win Rate: 53.12% | Actor Loss: -0.4224 | Entropy: 0.4001 | Invalid S/B: 0.00/0.00 | Max Load: 7.0 | Load Gap: 1.0
Epoch [162/500] | Sampled: 246.66 | Baseline: 247.44 | Improvement: 0.78 | Win Rate: 43.75% | Actor Loss: 0.0602 | Entropy: 0.3619 | Invalid S/B: 0.00/0.00 | Max Load: 7.1 | Load Gap: 1.1
Epoch [163/500] | Sampled: 248.09 | Baseline: 246.88 | Improvement: -1.22 | Win Rate: 34.38% | Actor Loss: -0.8973 | Entropy: 0.3760 | Invalid S/B: 0.00/0.00 | Max Load: 7.0 | Load Gap: 1.0
Epoch [164/500] | Sampled: 248.91 | Baseline: 249.34 | Improvement: 0.44 | Win Rate: 56.25% | Actor Loss: -0.8852 | Entropy: 0.4003 | Invalid S/B: 0.00/0.00 | Max Load: 7.2 | Load Gap: 1.2
Epoch [165/500] | Sampled: 251.66 | Baseline: 250.47 | Improvement: -1.19 | Win Rate: 34.38% | Actor Loss: -0.4951 | Entropy: 0.3855 | Invalid S/B: 0.00/0.00 | Max Load: 7.1 | Load Gap: 1.1
Epoch [166/500] | Sampled: 247.00 | Baseline: 247.84 | Improvement: 0.84 | Win Rate: 56.25% | Actor Loss: 0.5296 | Entropy: 0.3793 | Invalid S/B: 0.00/0.00 | Max Load: 7.1 | Load Gap: 1.1
Epoch [167/500] | Sampled: 247.84 | Baseline: 250.12 | Improvement: 2.28 | Win Rate: 56.25% | Actor Loss: -0.3543 | Entropy: 0.4108 | Invalid S/B: 0.00/0.00 | Max Load: 7.1 | Load Gap: 1.1
Epoch [168/500] | Sampled: 249.28 | Baseline: 249.94 | Improvement: 0.66 | Win Rate: 46.88% | Actor Loss: -1.0739 | Entropy: 0.4026 | Invalid S/B: 0.00/0.00 | Max Load: 7.0 | Load Gap: 1.0
Epoch [169/500] | Sampled: 247.59 | Baseline: 249.34 | Improvement: 1.75 | Win Rate: 46.88% | Actor Loss: 0.2649 | Entropy: 0.3723 | Invalid S/B: 0.00/0.00 | Max Load: 7.0 | Load Gap: 1.0
Epoch [170/500] | Sampled: 246.53 | Baseline: 248.38 | Improvement: 1.84 | Win Rate: 68.75% | Actor Loss: -0.9285 | Entropy: 0.4329 | Invalid S/B: 0.00/0.00 | Max Load: 7.0 | Load Gap: 1.0
Epoch [171/500] | Sampled: 248.84 | Baseline: 250.44 | Improvement: 1.59 | Win Rate: 59.38% | Actor Loss: 0.7354 | Entropy: 0.4393 | Invalid S/B: 0.00/0.00 | Max Load: 7.1 | Load Gap: 1.1
Epoch [172/500] | Sampled: 248.53 | Baseline: 251.06 | Improvement: 2.53 | Win Rate: 65.62% | Actor Loss: -0.6270 | Entropy: 0.4436 | Invalid S/B: 0.00/0.00 | Max Load: 7.0 | Load Gap: 1.0
Epoch [173/500] | Sampled: 251.44 | Baseline: 247.81 | Improvement: -3.62 | Win Rate: 28.12% | Actor Loss: -0.6407 | Entropy: 0.4691 | Invalid S/B: 0.00/0.00 | Max Load: 7.0 | Load Gap: 1.0
Epoch [174/500] | Sampled: 249.78 | Baseline: 250.25 | Improvement: 0.47 | Win Rate: 56.25% | Actor Loss: 0.1133 | Entropy: 0.4867 | Invalid S/B: 0.00/0.00 | Max Load: 7.0 | Load Gap: 1.0
Epoch [175/500] | Sampled: 252.19 | Baseline: 251.50 | Improvement: -0.69 | Win Rate: 56.25% | Actor Loss: -0.4707 | Entropy: 0.5565 | Invalid S/B: 0.00/0.00 | Max Load: 7.1 | Load Gap: 1.1
Epoch [176/500] | Sampled: 251.12 | Baseline: 251.25 | Improvement: 0.12 | Win Rate: 43.75% | Actor Loss: -0.5686 | Entropy: 0.5562 | Invalid S/B: 0.00/0.00 | Max Load: 7.1 | Load Gap: 1.1
Epoch [177/500] | Sampled: 250.69 | Baseline: 249.28 | Improvement: -1.41 | Win Rate: 50.00% | Actor Loss: 0.0558 | Entropy: 0.6019 | Invalid S/B: 0.00/0.00 | Max Load: 7.2 | Load Gap: 1.2
Epoch [178/500] | Sampled: 250.91 | Baseline: 250.94 | Improvement: 0.03 | Win Rate: 43.75% | Actor Loss: -0.6860 | Entropy: 0.5999 | Invalid S/B: 0.00/0.00 | Max Load: 7.1 | Load Gap: 1.1
Epoch [179/500] | Sampled: 247.28 | Baseline: 246.09 | Improvement: -1.19 | Win Rate: 43.75% | Actor Loss: -0.4316 | Entropy: 0.5507 | Invalid S/B: 0.00/0.00 | Max Load: 7.0 | Load Gap: 1.0
Epoch [180/500] | Sampled: 248.41 | Baseline: 247.59 | Improvement: -0.81 | Win Rate: 40.62% | Actor Loss: -1.2739 | Entropy: 0.6410 | Invalid S/B: 0.00/0.00 | Max Load: 7.1 | Load Gap: 1.1
Epoch [181/500] | Sampled: 248.34 | Baseline: 248.47 | Improvement: 0.12 | Win Rate: 46.88% | Actor Loss: 0.2999 | Entropy: 0.6601 | Invalid S/B: 0.00/0.00 | Max Load: 7.1 | Load Gap: 1.1
Epoch [182/500] | Sampled: 251.03 | Baseline: 251.78 | Improvement: 0.75 | Win Rate: 43.75% | Actor Loss: -0.8714 | Entropy: 0.6612 | Invalid S/B: 0.00/0.00 | Max Load: 7.1 | Load Gap: 1.1
Epoch [183/500] | Sampled: 247.50 | Baseline: 252.66 | Improvement: 5.16 | Win Rate: 78.12% | Actor Loss: -1.0259 | Entropy: 0.7400 | Invalid S/B: 0.00/0.00 | Max Load: 7.1 | Load Gap: 1.1
Epoch [184/500] | Sampled: 245.94 | Baseline: 247.22 | Improvement: 1.28 | Win Rate: 53.12% | Actor Loss: 0.0559 | Entropy: 0.7377 | Invalid S/B: 0.00/0.00 | Max Load: 7.1 | Load Gap: 1.1
Epoch [185/500] | Sampled: 251.16 | Baseline: 250.94 | Improvement: -0.22 | Win Rate: 50.00% | Actor Loss: -0.2768 | Entropy: 0.8426 | Invalid S/B: 0.00/0.00 | Max Load: 7.1 | Load Gap: 1.1
Epoch [186/500] | Sampled: 250.12 | Baseline: 247.12 | Improvement: -3.00 | Win Rate: 25.00% | Actor Loss: -1.2533 | Entropy: 0.8859 | Invalid S/B: 0.00/0.00 | Max Load: 7.1 | Load Gap: 1.1
Epoch [187/500] | Sampled: 252.00 | Baseline: 253.56 | Improvement: 1.56 | Win Rate: 59.38% | Actor Loss: -0.9071 | Entropy: 1.0096 | Invalid S/B: 0.00/0.00 | Max Load: 7.1 | Load Gap: 1.1
Epoch [188/500] | Sampled: 251.19 | Baseline: 250.66 | Improvement: -0.53 | Win Rate: 43.75% | Actor Loss: -0.7072 | Entropy: 1.0953 | Invalid S/B: 0.00/0.00 | Max Load: 7.0 | Load Gap: 1.0
Epoch [189/500] | Sampled: 251.91 | Baseline: 250.16 | Improvement: -1.75 | Win Rate: 40.62% | Actor Loss: -2.4110 | Entropy: 1.2035 | Invalid S/B: 0.00/0.00 | Max Load: 7.2 | Load Gap: 1.2
Epoch [190/500] | Sampled: 252.22 | Baseline: 250.81 | Improvement: -1.41 | Win Rate: 34.38% | Actor Loss: -2.1353 | Entropy: 1.1461 | Invalid S/B: 0.00/0.00 | Max Load: 7.2 | Load Gap: 1.2
Epoch [191/500] | Sampled: 249.50 | Baseline: 249.25 | Improvement: -0.25 | Win Rate: 46.88% | Actor Loss: -1.6498 | Entropy: 0.9850 | Invalid S/B: 0.00/0.00 | Max Load: 7.1 | Load Gap: 1.1
Epoch [192/500] | Sampled: 253.62 | Baseline: 250.44 | Improvement: -3.19 | Win Rate: 28.12% | Actor Loss: -1.0892 | Entropy: 0.9016 | Invalid S/B: 0.00/0.00 | Max Load: 7.3 | Load Gap: 1.3
Epoch [193/500] | Sampled: 251.44 | Baseline: 252.69 | Improvement: 1.25 | Win Rate: 62.50% | Actor Loss: -2.4971 | Entropy: 0.7914 | Invalid S/B: 0.00/0.00 | Max Load: 7.1 | Load Gap: 1.1
Epoch [194/500] | Sampled: 248.88 | Baseline: 249.72 | Improvement: 0.84 | Win Rate: 53.12% | Actor Loss: -0.9945 | Entropy: 0.7750 | Invalid S/B: 0.00/0.00 | Max Load: 7.1 | Load Gap: 1.1
Epoch [195/500] | Sampled: 247.62 | Baseline: 249.31 | Improvement: 1.69 | Win Rate: 62.50% | Actor Loss: -1.6591 | Entropy: 0.6882 | Invalid S/B: 0.00/0.00 | Max Load: 7.1 | Load Gap: 1.1
Epoch [196/500] | Sampled: 246.22 | Baseline: 246.31 | Improvement: 0.09 | Win Rate: 53.12% | Actor Loss: 0.5189 | Entropy: 0.6192 | Invalid S/B: 0.00/0.00 | Max Load: 7.1 | Load Gap: 1.1
Epoch [197/500] | Sampled: 249.66 | Baseline: 247.28 | Improvement: -2.38 | Win Rate: 31.25% | Actor Loss: -1.9588 | Entropy: 0.6703 | Invalid S/B: 0.00/0.00 | Max Load: 7.2 | Load Gap: 1.2
Epoch [198/500] | Sampled: 252.81 | Baseline: 250.72 | Improvement: -2.09 | Win Rate: 43.75% | Actor Loss: -0.5329 | Entropy: 0.6794 | Invalid S/B: 0.00/0.00 | Max Load: 7.2 | Load Gap: 1.3
Epoch [199/500] | Sampled: 249.38 | Baseline: 249.12 | Improvement: -0.25 | Win Rate: 50.00% | Actor Loss: -0.4123 | Entropy: 0.6801 | Invalid S/B: 0.00/0.00 | Max Load: 7.1 | Load Gap: 1.1
Epoch [200/500] | Sampled: 247.78 | Baseline: 246.44 | Improvement: -1.34 | Win Rate: 40.62% | Actor Loss: -1.2470 | Entropy: 0.6658 | Invalid S/B: 0.00/0.00 | Max Load: 7.1 | Load Gap: 1.2
   -> Validation | Samples: 50 | Makespan: 248.72 | Invalid Jobs: 0.00
   -> Saved updated training chart to /home/wei/AMR-DFJSP/Static_alogorithm/Attention/attention_precise_training_metrics.png
Epoch [201/500] | Sampled: 250.66 | Baseline: 250.97 | Improvement: 0.31 | Win Rate: 59.38% | Actor Loss: 0.1849 | Entropy: 0.6460 | Invalid S/B: 0.00/0.00 | Max Load: 7.2 | Load Gap: 1.2
Epoch [202/500] | Sampled: 246.50 | Baseline: 246.62 | Improvement: 0.12 | Win Rate: 46.88% | Actor Loss: -0.2778 | Entropy: 0.6371 | Invalid S/B: 0.00/0.00 | Max Load: 7.1 | Load Gap: 1.1
Epoch [203/500] | Sampled: 247.81 | Baseline: 248.16 | Improvement: 0.34 | Win Rate: 43.75% | Actor Loss: 0.2166 | Entropy: 0.6952 | Invalid S/B: 0.00/0.00 | Max Load: 7.0 | Load Gap: 1.0
Epoch [204/500] | Sampled: 250.62 | Baseline: 249.91 | Improvement: -0.72 | Win Rate: 46.88% | Actor Loss: 0.0614 | Entropy: 0.6906 | Invalid S/B: 0.00/0.00 | Max Load: 7.2 | Load Gap: 1.2
Epoch [205/500] | Sampled: 254.53 | Baseline: 251.50 | Improvement: -3.03 | Win Rate: 34.38% | Actor Loss: -1.9635 | Entropy: 0.7296 | Invalid S/B: 0.00/0.00 | Max Load: 7.2 | Load Gap: 1.2
Epoch [206/500] | Sampled: 250.31 | Baseline: 249.12 | Improvement: -1.19 | Win Rate: 50.00% | Actor Loss: -0.9853 | Entropy: 0.6975 | Invalid S/B: 0.00/0.00 | Max Load: 7.1 | Load Gap: 1.1
Epoch [207/500] | Sampled: 251.78 | Baseline: 251.38 | Improvement: -0.41 | Win Rate: 40.62% | Actor Loss: -1.6349 | Entropy: 0.7608 | Invalid S/B: 0.00/0.00 | Max Load: 7.2 | Load Gap: 1.2
Epoch [208/500] | Sampled: 252.19 | Baseline: 249.03 | Improvement: -3.16 | Win Rate: 34.38% | Actor Loss: -0.9810 | Entropy: 0.7215 | Invalid S/B: 0.00/0.00 | Max Load: 7.2 | Load Gap: 1.2
Epoch [209/500] | Sampled: 249.44 | Baseline: 248.81 | Improvement: -0.62 | Win Rate: 40.62% | Actor Loss: -2.5348 | Entropy: 0.7335 | Invalid S/B: 0.00/0.00 | Max Load: 7.1 | Load Gap: 1.1
Epoch [210/500] | Sampled: 249.53 | Baseline: 249.97 | Improvement: 0.44 | Win Rate: 53.12% | Actor Loss: -1.0011 | Entropy: 0.7332 | Invalid S/B: 0.00/0.00 | Max Load: 7.1 | Load Gap: 1.1
Epoch [211/500] | Sampled: 253.06 | Baseline: 252.28 | Improvement: -0.78 | Win Rate: 53.12% | Actor Loss: -2.0507 | Entropy: 0.7161 | Invalid S/B: 0.00/0.00 | Max Load: 7.0 | Load Gap: 1.0
Epoch [212/500] | Sampled: 247.75 | Baseline: 248.44 | Improvement: 0.69 | Win Rate: 53.12% | Actor Loss: -0.2251 | Entropy: 0.6368 | Invalid S/B: 0.00/0.00 | Max Load: 7.1 | Load Gap: 1.1
Epoch [213/500] | Sampled: 247.91 | Baseline: 249.66 | Improvement: 1.75 | Win Rate: 68.75% | Actor Loss: -0.2813 | Entropy: 0.5893 | Invalid S/B: 0.00/0.00 | Max Load: 7.1 | Load Gap: 1.1
Epoch [214/500] | Sampled: 248.31 | Baseline: 250.22 | Improvement: 1.91 | Win Rate: 71.88% | Actor Loss: -1.6110 | Entropy: 0.5915 | Invalid S/B: 0.00/0.00 | Max Load: 7.2 | Load Gap: 1.2
Epoch [215/500] | Sampled: 250.09 | Baseline: 248.69 | Improvement: -1.41 | Win Rate: 50.00% | Actor Loss: -1.2555 | Entropy: 0.5651 | Invalid S/B: 0.00/0.00 | Max Load: 7.1 | Load Gap: 1.1
Epoch [216/500] | Sampled: 247.91 | Baseline: 251.16 | Improvement: 3.25 | Win Rate: 75.00% | Actor Loss: -0.1785 | Entropy: 0.5788 | Invalid S/B: 0.00/0.00 | Max Load: 7.0 | Load Gap: 1.0
Epoch [217/500] | Sampled: 247.56 | Baseline: 247.06 | Improvement: -0.50 | Win Rate: 53.12% | Actor Loss: -1.5116 | Entropy: 0.5389 | Invalid S/B: 0.00/0.00 | Max Load: 7.1 | Load Gap: 1.2
Epoch [218/500] | Sampled: 247.66 | Baseline: 249.56 | Improvement: 1.91 | Win Rate: 65.62% | Actor Loss: -0.5319 | Entropy: 0.5416 | Invalid S/B: 0.00/0.00 | Max Load: 7.0 | Load Gap: 1.0
Epoch [219/500] | Sampled: 251.78 | Baseline: 251.50 | Improvement: -0.28 | Win Rate: 46.88% | Actor Loss: 0.0101 | Entropy: 0.4660 | Invalid S/B: 0.00/0.00 | Max Load: 7.1 | Load Gap: 1.1
Epoch [220/500] | Sampled: 248.91 | Baseline: 251.94 | Improvement: 3.03 | Win Rate: 62.50% | Actor Loss: 0.2595 | Entropy: 0.4525 | Invalid S/B: 0.00/0.00 | Max Load: 7.1 | Load Gap: 1.1
Epoch [221/500] | Sampled: 249.72 | Baseline: 250.94 | Improvement: 1.22 | Win Rate: 65.62% | Actor Loss: -0.6988 | Entropy: 0.4504 | Invalid S/B: 0.00/0.00 | Max Load: 7.1 | Load Gap: 1.1
Epoch [222/500] | Sampled: 246.69 | Baseline: 248.50 | Improvement: 1.81 | Win Rate: 59.38% | Actor Loss: -0.4257 | Entropy: 0.4431 | Invalid S/B: 0.00/0.00 | Max Load: 7.0 | Load Gap: 1.0
Epoch [223/500] | Sampled: 252.81 | Baseline: 251.97 | Improvement: -0.84 | Win Rate: 50.00% | Actor Loss: -0.2540 | Entropy: 0.4546 | Invalid S/B: 0.00/0.00 | Max Load: 7.2 | Load Gap: 1.2
Epoch [224/500] | Sampled: 248.38 | Baseline: 250.38 | Improvement: 2.00 | Win Rate: 65.62% | Actor Loss: 0.3762 | Entropy: 0.4338 | Invalid S/B: 0.00/0.00 | Max Load: 7.1 | Load Gap: 1.1
Epoch [225/500] | Sampled: 248.12 | Baseline: 251.28 | Improvement: 3.16 | Win Rate: 59.38% | Actor Loss: -0.7306 | Entropy: 0.4652 | Invalid S/B: 0.00/0.00 | Max Load: 7.2 | Load Gap: 1.2
Epoch [226/500] | Sampled: 251.03 | Baseline: 251.78 | Improvement: 0.75 | Win Rate: 50.00% | Actor Loss: -0.3058 | Entropy: 0.4354 | Invalid S/B: 0.00/0.00 | Max Load: 7.1 | Load Gap: 1.1
Epoch [227/500] | Sampled: 250.84 | Baseline: 250.38 | Improvement: -0.47 | Win Rate: 40.62% | Actor Loss: -0.4648 | Entropy: 0.4414 | Invalid S/B: 0.00/0.00 | Max Load: 7.2 | Load Gap: 1.2
Epoch [228/500] | Sampled: 246.06 | Baseline: 246.09 | Improvement: 0.03 | Win Rate: 50.00% | Actor Loss: -0.1550 | Entropy: 0.4332 | Invalid S/B: 0.00/0.00 | Max Load: 7.1 | Load Gap: 1.1
Epoch [229/500] | Sampled: 250.34 | Baseline: 251.69 | Improvement: 1.34 | Win Rate: 65.62% | Actor Loss: -0.5036 | Entropy: 0.4250 | Invalid S/B: 0.03/0.00 | Max Load: 7.2 | Load Gap: 1.2
Epoch [230/500] | Sampled: 251.16 | Baseline: 251.41 | Improvement: 0.25 | Win Rate: 43.75% | Actor Loss: -0.7832 | Entropy: 0.4660 | Invalid S/B: 0.00/0.00 | Max Load: 7.1 | Load Gap: 1.1
Epoch [231/500] | Sampled: 250.75 | Baseline: 250.84 | Improvement: 0.09 | Win Rate: 62.50% | Actor Loss: -0.0132 | Entropy: 0.4932 | Invalid S/B: 0.00/0.00 | Max Load: 7.1 | Load Gap: 1.1
Epoch [232/500] | Sampled: 251.19 | Baseline: 251.09 | Improvement: -0.09 | Win Rate: 53.12% | Actor Loss: -1.3908 | Entropy: 0.4770 | Invalid S/B: 0.00/0.00 | Max Load: 7.1 | Load Gap: 1.1
Epoch [233/500] | Sampled: 246.28 | Baseline: 247.66 | Improvement: 1.38 | Win Rate: 56.25% | Actor Loss: -0.6394 | Entropy: 0.4332 | Invalid S/B: 0.00/0.00 | Max Load: 7.1 | Load Gap: 1.1
Epoch [234/500] | Sampled: 248.12 | Baseline: 248.81 | Improvement: 0.69 | Win Rate: 53.12% | Actor Loss: -0.9605 | Entropy: 0.4854 | Invalid S/B: 0.00/0.00 | Max Load: 7.0 | Load Gap: 1.0
Epoch [235/500] | Sampled: 249.34 | Baseline: 248.16 | Improvement: -1.19 | Win Rate: 43.75% | Actor Loss: -1.4976 | Entropy: 0.5278 | Invalid S/B: 0.00/0.00 | Max Load: 7.1 | Load Gap: 1.1
Epoch [236/500] | Sampled: 250.34 | Baseline: 250.59 | Improvement: 0.25 | Win Rate: 56.25% | Actor Loss: -1.2896 | Entropy: 0.5091 | Invalid S/B: 0.00/0.00 | Max Load: 7.1 | Load Gap: 1.1
Epoch [237/500] | Sampled: 246.34 | Baseline: 250.00 | Improvement: 3.66 | Win Rate: 65.62% | Actor Loss: -0.4265 | Entropy: 0.4878 | Invalid S/B: 0.00/0.00 | Max Load: 7.0 | Load Gap: 1.0
Epoch [238/500] | Sampled: 248.38 | Baseline: 246.41 | Improvement: -1.97 | Win Rate: 37.50% | Actor Loss: -1.5139 | Entropy: 0.4778 | Invalid S/B: 0.00/0.00 | Max Load: 7.1 | Load Gap: 1.1
Epoch [239/500] | Sampled: 250.41 | Baseline: 250.28 | Improvement: -0.12 | Win Rate: 40.62% | Actor Loss: -0.4111 | Entropy: 0.4867 | Invalid S/B: 0.00/0.00 | Max Load: 7.1 | Load Gap: 1.1
Epoch [240/500] | Sampled: 248.28 | Baseline: 248.84 | Improvement: 0.56 | Win Rate: 59.38% | Actor Loss: -0.2909 | Entropy: 0.5375 | Invalid S/B: 0.00/0.00 | Max Load: 7.2 | Load Gap: 1.2
Epoch [241/500] | Sampled: 251.88 | Baseline: 250.00 | Improvement: -1.88 | Win Rate: 40.62% | Actor Loss: -1.6620 | Entropy: 0.5440 | Invalid S/B: 0.00/0.00 | Max Load: 7.1 | Load Gap: 1.1
Epoch [242/500] | Sampled: 251.16 | Baseline: 250.56 | Improvement: -0.59 | Win Rate: 50.00% | Actor Loss: -0.9572 | Entropy: 0.5361 | Invalid S/B: 0.00/0.00 | Max Load: 7.2 | Load Gap: 1.2
Epoch [243/500] | Sampled: 244.88 | Baseline: 247.88 | Improvement: 3.00 | Win Rate: 62.50% | Actor Loss: -0.0246 | Entropy: 0.6044 | Invalid S/B: 0.00/0.00 | Max Load: 7.1 | Load Gap: 1.1
Epoch [244/500] | Sampled: 247.00 | Baseline: 248.28 | Improvement: 1.28 | Win Rate: 59.38% | Actor Loss: -1.5244 | Entropy: 0.6164 | Invalid S/B: 0.00/0.00 | Max Load: 7.1 | Load Gap: 1.1
Epoch [245/500] | Sampled: 250.03 | Baseline: 250.19 | Improvement: 0.16 | Win Rate: 53.12% | Actor Loss: -1.5574 | Entropy: 0.6758 | Invalid S/B: 0.00/0.00 | Max Load: 7.2 | Load Gap: 1.2
Epoch [246/500] | Sampled: 246.78 | Baseline: 248.81 | Improvement: 2.03 | Win Rate: 65.62% | Actor Loss: -2.1380 | Entropy: 0.6731 | Invalid S/B: 0.00/0.00 | Max Load: 7.0 | Load Gap: 1.0
Epoch [247/500] | Sampled: 249.25 | Baseline: 250.94 | Improvement: 1.69 | Win Rate: 56.25% | Actor Loss: -0.8869 | Entropy: 0.6352 | Invalid S/B: 0.00/0.00 | Max Load: 7.1 | Load Gap: 1.1
Epoch [248/500] | Sampled: 244.81 | Baseline: 248.47 | Improvement: 3.66 | Win Rate: 65.62% | Actor Loss: -0.6505 | Entropy: 0.5277 | Invalid S/B: 0.00/0.00 | Max Load: 7.0 | Load Gap: 1.0
Epoch [249/500] | Sampled: 248.94 | Baseline: 250.41 | Improvement: 1.47 | Win Rate: 53.12% | Actor Loss: -0.2065 | Entropy: 0.4968 | Invalid S/B: 0.00/0.00 | Max Load: 7.0 | Load Gap: 1.0
Epoch [250/500] | Sampled: 250.84 | Baseline: 250.72 | Improvement: -0.12 | Win Rate: 50.00% | Actor Loss: -0.7418 | Entropy: 0.4690 | Invalid S/B: 0.00/0.00 | Max Load: 7.1 | Load Gap: 1.1
   -> Validation | Samples: 50 | Makespan: 248.12 | Invalid Jobs: 0.00
Epoch [251/500] | Sampled: 248.31 | Baseline: 246.28 | Improvement: -2.03 | Win Rate: 31.25% | Actor Loss: -0.5703 | Entropy: 0.4161 | Invalid S/B: 0.00/0.00 | Max Load: 7.1 | Load Gap: 1.1
Epoch [252/500] | Sampled: 248.62 | Baseline: 247.25 | Improvement: -1.38 | Win Rate: 40.62% | Actor Loss: -0.6479 | Entropy: 0.3759 | Invalid S/B: 0.00/0.00 | Max Load: 7.2 | Load Gap: 1.2
Epoch [253/500] | Sampled: 248.69 | Baseline: 248.12 | Improvement: -0.56 | Win Rate: 40.62% | Actor Loss: -0.6273 | Entropy: 0.3262 | Invalid S/B: 0.00/0.00 | Max Load: 7.2 | Load Gap: 1.2
Epoch [254/500] | Sampled: 250.25 | Baseline: 253.47 | Improvement: 3.22 | Win Rate: 65.62% | Actor Loss: 0.0061 | Entropy: 0.3173 | Invalid S/B: 0.00/0.00 | Max Load: 7.2 | Load Gap: 1.2
Epoch [255/500] | Sampled: 248.66 | Baseline: 247.59 | Improvement: -1.06 | Win Rate: 56.25% | Actor Loss: -0.6305 | Entropy: 0.2933 | Invalid S/B: 0.00/0.00 | Max Load: 7.2 | Load Gap: 1.2
Epoch [256/500] | Sampled: 246.25 | Baseline: 247.81 | Improvement: 1.56 | Win Rate: 59.38% | Actor Loss: -0.0490 | Entropy: 0.2767 | Invalid S/B: 0.00/0.00 | Max Load: 7.1 | Load Gap: 1.2
Epoch [257/500] | Sampled: 249.34 | Baseline: 250.78 | Improvement: 1.44 | Win Rate: 56.25% | Actor Loss: 0.3288 | Entropy: 0.2809 | Invalid S/B: 0.00/0.00 | Max Load: 7.2 | Load Gap: 1.2
Epoch [258/500] | Sampled: 250.38 | Baseline: 252.56 | Improvement: 2.19 | Win Rate: 65.62% | Actor Loss: -0.7796 | Entropy: 0.2448 | Invalid S/B: 0.00/0.00 | Max Load: 7.1 | Load Gap: 1.1
Epoch [259/500] | Sampled: 250.25 | Baseline: 253.72 | Improvement: 3.47 | Win Rate: 65.62% | Actor Loss: -0.0430 | Entropy: 0.2387 | Invalid S/B: 0.00/0.00 | Max Load: 7.2 | Load Gap: 1.3
Epoch [260/500] | Sampled: 243.81 | Baseline: 246.94 | Improvement: 3.12 | Win Rate: 62.50% | Actor Loss: -0.4737 | Entropy: 0.1760 | Invalid S/B: 0.00/0.00 | Max Load: 7.2 | Load Gap: 1.2
Epoch [261/500] | Sampled: 251.59 | Baseline: 251.16 | Improvement: -0.44 | Win Rate: 53.12% | Actor Loss: -0.0286 | Entropy: 0.2063 | Invalid S/B: 0.00/0.00 | Max Load: 7.1 | Load Gap: 1.1
Epoch [262/500] | Sampled: 252.88 | Baseline: 251.22 | Improvement: -1.66 | Win Rate: 46.88% | Actor Loss: 0.4296 | Entropy: 0.2024 | Invalid S/B: 0.00/0.00 | Max Load: 7.2 | Load Gap: 1.2
Epoch [263/500] | Sampled: 247.69 | Baseline: 247.97 | Improvement: 0.28 | Win Rate: 50.00% | Actor Loss: 0.3033 | Entropy: 0.1688 | Invalid S/B: 0.00/0.00 | Max Load: 7.1 | Load Gap: 1.1
Epoch [264/500] | Sampled: 247.41 | Baseline: 247.84 | Improvement: 0.44 | Win Rate: 53.12% | Actor Loss: -0.1110 | Entropy: 0.1891 | Invalid S/B: 0.00/0.00 | Max Load: 7.1 | Load Gap: 1.1
Epoch [265/500] | Sampled: 247.44 | Baseline: 247.53 | Improvement: 0.09 | Win Rate: 53.12% | Actor Loss: -0.0116 | Entropy: 0.1734 | Invalid S/B: 0.00/0.00 | Max Load: 7.1 | Load Gap: 1.1
Epoch [266/500] | Sampled: 247.62 | Baseline: 248.66 | Improvement: 1.03 | Win Rate: 50.00% | Actor Loss: 0.4092 | Entropy: 0.1585 | Invalid S/B: 0.00/0.00 | Max Load: 7.2 | Load Gap: 1.2
Epoch [267/500] | Sampled: 250.53 | Baseline: 249.69 | Improvement: -0.84 | Win Rate: 40.62% | Actor Loss: -0.1100 | Entropy: 0.1685 | Invalid S/B: 0.00/0.00 | Max Load: 7.2 | Load Gap: 1.2
Epoch [268/500] | Sampled: 248.50 | Baseline: 247.12 | Improvement: -1.38 | Win Rate: 50.00% | Actor Loss: -0.0282 | Entropy: 0.1402 | Invalid S/B: 0.00/0.00 | Max Load: 7.2 | Load Gap: 1.2
Epoch [269/500] | Sampled: 250.97 | Baseline: 250.59 | Improvement: -0.38 | Win Rate: 43.75% | Actor Loss: -0.3630 | Entropy: 0.1719 | Invalid S/B: 0.00/0.00 | Max Load: 7.2 | Load Gap: 1.2
Epoch [270/500] | Sampled: 252.34 | Baseline: 247.94 | Improvement: -4.41 | Win Rate: 34.38% | Actor Loss: 0.1903 | Entropy: 0.1424 | Invalid S/B: 0.00/0.00 | Max Load: 7.1 | Load Gap: 1.1
Epoch [271/500] | Sampled: 704.00 | Baseline: 247.69 | Improvement: -456.31 | Win Rate: 0.00% | Actor Loss: -0.8107 | Entropy: 0.1542 | Invalid S/B: 0.06/0.00 | Max Load: 18.7 | Load Gap: 18.4
Epoch [272/500] | Sampled: 251.44 | Baseline: 248.56 | Improvement: -2.88 | Win Rate: 40.62% | Actor Loss: 0.1823 | Entropy: 0.1534 | Invalid S/B: 0.00/0.00 | Max Load: 7.2 | Load Gap: 1.2
Epoch [273/500] | Sampled: 252.03 | Baseline: 248.84 | Improvement: -3.19 | Win Rate: 40.62% | Actor Loss: 0.4936 | Entropy: 0.1476 | Invalid S/B: 0.00/0.00 | Max Load: 7.2 | Load Gap: 1.2
Epoch [274/500] | Sampled: 252.53 | Baseline: 249.09 | Improvement: -3.44 | Win Rate: 31.25% | Actor Loss: 0.0637 | Entropy: 0.1443 | Invalid S/B: 0.00/0.00 | Max Load: 7.1 | Load Gap: 1.1
Epoch [275/500] | Sampled: 251.19 | Baseline: 249.22 | Improvement: -1.97 | Win Rate: 28.12% | Actor Loss: 0.1856 | Entropy: 0.1562 | Invalid S/B: 0.00/0.00 | Max Load: 7.1 | Load Gap: 1.1
Epoch [276/500] | Sampled: 252.50 | Baseline: 251.53 | Improvement: -0.97 | Win Rate: 40.62% | Actor Loss: 0.2248 | Entropy: 0.1472 | Invalid S/B: 0.00/0.00 | Max Load: 7.2 | Load Gap: 1.2
Epoch [277/500] | Sampled: 250.84 | Baseline: 247.84 | Improvement: -3.00 | Win Rate: 28.12% | Actor Loss: 0.4351 | Entropy: 0.1547 | Invalid S/B: 0.00/0.00 | Max Load: 7.2 | Load Gap: 1.2
Epoch [278/500] | Sampled: 251.75 | Baseline: 250.22 | Improvement: -1.53 | Win Rate: 40.62% | Actor Loss: -0.2199 | Entropy: 0.1676 | Invalid S/B: 0.00/0.00 | Max Load: 7.2 | Load Gap: 1.2
Epoch [279/500] | Sampled: 254.03 | Baseline: 251.69 | Improvement: -2.34 | Win Rate: 40.62% | Actor Loss: 0.1225 | Entropy: 0.1781 | Invalid S/B: 0.00/0.00 | Max Load: 7.1 | Load Gap: 1.1
Epoch [280/500] | Sampled: 252.62 | Baseline: 249.28 | Improvement: -3.34 | Win Rate: 25.00% | Actor Loss: 0.0160 | Entropy: 0.1723 | Invalid S/B: 0.00/0.00 | Max Load: 7.1 | Load Gap: 1.1
Epoch [281/500] | Sampled: 253.50 | Baseline: 249.41 | Improvement: -4.09 | Win Rate: 31.25% | Actor Loss: 0.0987 | Entropy: 0.1628 | Invalid S/B: 0.00/0.00 | Max Load: 7.1 | Load Gap: 1.1
Epoch [282/500] | Sampled: 250.91 | Baseline: 246.56 | Improvement: -4.34 | Win Rate: 25.00% | Actor Loss: 0.2748 | Entropy: 0.1492 | Invalid S/B: 0.00/0.00 | Max Load: 7.2 | Load Gap: 1.2
Epoch [283/500] | Sampled: 255.03 | Baseline: 254.56 | Improvement: -0.47 | Win Rate: 53.12% | Actor Loss: 0.8208 | Entropy: 0.1860 | Invalid S/B: 0.00/0.00 | Max Load: 7.2 | Load Gap: 1.2
Epoch [284/500] | Sampled: 254.19 | Baseline: 251.88 | Improvement: -2.31 | Win Rate: 21.88% | Actor Loss: 0.1695 | Entropy: 0.1397 | Invalid S/B: 0.00/0.00 | Max Load: 7.2 | Load Gap: 1.2
Epoch [285/500] | Sampled: 252.66 | Baseline: 250.34 | Improvement: -2.31 | Win Rate: 31.25% | Actor Loss: 0.2170 | Entropy: 0.1648 | Invalid S/B: 0.00/0.00 | Max Load: 7.2 | Load Gap: 1.2
Epoch [286/500] | Sampled: 251.09 | Baseline: 248.56 | Improvement: -2.53 | Win Rate: 40.62% | Actor Loss: 0.1627 | Entropy: 0.1631 | Invalid S/B: 0.00/0.00 | Max Load: 7.2 | Load Gap: 1.2
Epoch [287/500] | Sampled: 253.53 | Baseline: 250.00 | Improvement: -3.53 | Win Rate: 46.88% | Actor Loss: -0.2911 | Entropy: 0.1593 | Invalid S/B: 0.03/0.00 | Max Load: 7.2 | Load Gap: 1.2
Epoch [288/500] | Sampled: 251.62 | Baseline: 248.91 | Improvement: -2.72 | Win Rate: 34.38% | Actor Loss: 0.5920 | Entropy: 0.1708 | Invalid S/B: 0.00/0.00 | Max Load: 7.1 | Load Gap: 1.1
Epoch [289/500] | Sampled: 254.47 | Baseline: 252.81 | Improvement: -1.66 | Win Rate: 50.00% | Actor Loss: 0.2390 | Entropy: 0.1821 | Invalid S/B: 0.00/0.00 | Max Load: 7.2 | Load Gap: 1.2
Epoch [290/500] | Sampled: 253.75 | Baseline: 252.69 | Improvement: -1.06 | Win Rate: 50.00% | Actor Loss: 0.0174 | Entropy: 0.1700 | Invalid S/B: 0.03/0.00 | Max Load: 7.2 | Load Gap: 1.2
Epoch [291/500] | Sampled: 252.28 | Baseline: 246.91 | Improvement: -5.38 | Win Rate: 21.88% | Actor Loss: 0.2217 | Entropy: 0.1563 | Invalid S/B: 0.00/0.00 | Max Load: 7.2 | Load Gap: 1.2
Epoch [292/500] | Sampled: 250.72 | Baseline: 250.22 | Improvement: -0.50 | Win Rate: 37.50% | Actor Loss: 0.2195 | Entropy: 0.1612 | Invalid S/B: 0.00/0.00 | Max Load: 7.1 | Load Gap: 1.1
Epoch [293/500] | Sampled: 255.06 | Baseline: 253.12 | Improvement: -1.94 | Win Rate: 40.62% | Actor Loss: 0.5383 | Entropy: 0.1791 | Invalid S/B: 0.00/0.00 | Max Load: 7.1 | Load Gap: 1.1
Epoch [294/500] | Sampled: 249.44 | Baseline: 245.34 | Improvement: -4.09 | Win Rate: 28.12% | Actor Loss: -0.0196 | Entropy: 0.1599 | Invalid S/B: 0.00/0.00 | Max Load: 7.2 | Load Gap: 1.2
Epoch [295/500] | Sampled: 253.03 | Baseline: 251.31 | Improvement: -1.72 | Win Rate: 40.62% | Actor Loss: 0.2919 | Entropy: 0.1676 | Invalid S/B: 0.00/0.00 | Max Load: 7.1 | Load Gap: 1.1
Epoch [296/500] | Sampled: 255.09 | Baseline: 251.94 | Improvement: -3.16 | Win Rate: 40.62% | Actor Loss: -0.3212 | Entropy: 0.1745 | Invalid S/B: 0.00/0.00 | Max Load: 7.2 | Load Gap: 1.2
Epoch [297/500] | Sampled: 253.66 | Baseline: 250.19 | Improvement: -3.47 | Win Rate: 25.00% | Actor Loss: 0.2768 | Entropy: 0.1820 | Invalid S/B: 0.00/0.00 | Max Load: 7.1 | Load Gap: 1.1
Epoch [298/500] | Sampled: 250.56 | Baseline: 249.00 | Improvement: -1.56 | Win Rate: 34.38% | Actor Loss: 0.0272 | Entropy: 0.1755 | Invalid S/B: 0.00/0.00 | Max Load: 7.1 | Load Gap: 1.1
Epoch [299/500] | Sampled: 251.19 | Baseline: 248.88 | Improvement: -2.31 | Win Rate: 37.50% | Actor Loss: -0.4376 | Entropy: 0.1708 | Invalid S/B: 0.00/0.00 | Max Load: 7.1 | Load Gap: 1.1
Epoch [300/500] | Sampled: 254.00 | Baseline: 250.75 | Improvement: -3.25 | Win Rate: 34.38% | Actor Loss: -0.4755 | Entropy: 0.1894 | Invalid S/B: 0.00/0.00 | Max Load: 7.1 | Load Gap: 1.1
   -> Validation | Samples: 50 | Makespan: 252.60 | Invalid Jobs: 0.00
   -> Saved updated training chart to /home/wei/AMR-DFJSP/Static_alogorithm/Attention/attention_precise_training_metrics.png
Epoch [301/500] | Sampled: 254.84 | Baseline: 252.50 | Improvement: -2.34 | Win Rate: 25.00% | Actor Loss: -0.1080 | Entropy: 0.1638 | Invalid S/B: 0.00/0.00 | Max Load: 7.2 | Load Gap: 1.2
Epoch [302/500] | Sampled: 252.66 | Baseline: 250.25 | Improvement: -2.41 | Win Rate: 37.50% | Actor Loss: -0.3662 | Entropy: 0.1672 | Invalid S/B: 0.00/0.00 | Max Load: 7.2 | Load Gap: 1.2
Epoch [303/500] | Sampled: 251.62 | Baseline: 251.03 | Improvement: -0.59 | Win Rate: 46.88% | Actor Loss: 0.3137 | Entropy: 0.1919 | Invalid S/B: 0.00/0.00 | Max Load: 7.2 | Load Gap: 1.2
Epoch [304/500] | Sampled: 252.28 | Baseline: 249.50 | Improvement: -2.78 | Win Rate: 46.88% | Actor Loss: 0.0660 | Entropy: 0.1779 | Invalid S/B: 0.00/0.00 | Max Load: 7.1 | Load Gap: 1.1
Epoch [305/500] | Sampled: 251.22 | Baseline: 249.19 | Improvement: -2.03 | Win Rate: 37.50% | Actor Loss: -0.0938 | Entropy: 0.1855 | Invalid S/B: 0.00/0.00 | Max Load: 7.1 | Load Gap: 1.1
Epoch [306/500] | Sampled: 252.25 | Baseline: 251.28 | Improvement: -0.97 | Win Rate: 43.75% | Actor Loss: 0.3377 | Entropy: 0.1778 | Invalid S/B: 0.00/0.00 | Max Load: 7.1 | Load Gap: 1.1
Epoch [307/500] | Sampled: 251.00 | Baseline: 249.00 | Improvement: -2.00 | Win Rate: 31.25% | Actor Loss: 0.2469 | Entropy: 0.1779 | Invalid S/B: 0.00/0.00 | Max Load: 7.1 | Load Gap: 1.1
Epoch [308/500] | Sampled: 250.69 | Baseline: 249.59 | Improvement: -1.09 | Win Rate: 43.75% | Actor Loss: -0.3041 | Entropy: 0.1780 | Invalid S/B: 0.00/0.00 | Max Load: 7.1 | Load Gap: 1.1
Epoch [309/500] | Sampled: 255.22 | Baseline: 250.06 | Improvement: -5.16 | Win Rate: 28.12% | Actor Loss: 0.4209 | Entropy: 0.1708 | Invalid S/B: 0.03/0.00 | Max Load: 7.1 | Load Gap: 1.1
Epoch [310/500] | Sampled: 256.09 | Baseline: 250.09 | Improvement: -6.00 | Win Rate: 31.25% | Actor Loss: 0.4330 | Entropy: 0.1945 | Invalid S/B: 0.00/0.00 | Max Load: 7.2 | Load Gap: 1.2
Epoch [311/500] | Sampled: 254.28 | Baseline: 251.69 | Improvement: -2.59 | Win Rate: 43.75% | Actor Loss: 0.7083 | Entropy: 0.1797 | Invalid S/B: 0.00/0.00 | Max Load: 7.1 | Load Gap: 1.1
Epoch [312/500] | Sampled: 255.44 | Baseline: 252.94 | Improvement: -2.50 | Win Rate: 46.88% | Actor Loss: 0.0391 | Entropy: 0.1856 | Invalid S/B: 0.00/0.00 | Max Load: 7.1 | Load Gap: 1.1
Epoch [313/500] | Sampled: 251.59 | Baseline: 248.66 | Improvement: -2.94 | Win Rate: 34.38% | Actor Loss: 0.4763 | Entropy: 0.1520 | Invalid S/B: 0.00/0.00 | Max Load: 7.2 | Load Gap: 1.2
Epoch [314/500] | Sampled: 254.75 | Baseline: 251.41 | Improvement: -3.34 | Win Rate: 18.75% | Actor Loss: -0.1165 | Entropy: 0.1807 | Invalid S/B: 0.00/0.00 | Max Load: 7.1 | Load Gap: 1.1
Epoch [315/500] | Sampled: 253.31 | Baseline: 251.47 | Improvement: -1.84 | Win Rate: 40.62% | Actor Loss: -0.7006 | Entropy: 0.1790 | Invalid S/B: 0.00/0.00 | Max Load: 7.0 | Load Gap: 1.0
Epoch [316/500] | Sampled: 254.59 | Baseline: 249.44 | Improvement: -5.16 | Win Rate: 15.62% | Actor Loss: 0.3500 | Entropy: 0.1745 | Invalid S/B: 0.00/0.00 | Max Load: 7.0 | Load Gap: 1.0
Epoch [317/500] | Sampled: 251.41 | Baseline: 246.91 | Improvement: -4.50 | Win Rate: 31.25% | Actor Loss: 0.0565 | Entropy: 0.1581 | Invalid S/B: 0.00/0.00 | Max Load: 7.2 | Load Gap: 1.2
Epoch [318/500] | Sampled: 255.50 | Baseline: 253.22 | Improvement: -2.28 | Win Rate: 31.25% | Actor Loss: 0.3692 | Entropy: 0.1766 | Invalid S/B: 0.00/0.00 | Max Load: 7.1 | Load Gap: 1.1
Epoch [319/500] | Sampled: 253.03 | Baseline: 250.41 | Improvement: -2.62 | Win Rate: 25.00% | Actor Loss: 0.7071 | Entropy: 0.1889 | Invalid S/B: 0.00/0.00 | Max Load: 7.0 | Load Gap: 1.0
Epoch [320/500] | Sampled: 253.44 | Baseline: 252.00 | Improvement: -1.44 | Win Rate: 40.62% | Actor Loss: 0.2116 | Entropy: 0.1734 | Invalid S/B: 0.00/0.00 | Max Load: 7.0 | Load Gap: 1.0
Epoch [321/500] | Sampled: 249.88 | Baseline: 249.75 | Improvement: -0.12 | Win Rate: 50.00% | Actor Loss: 0.1577 | Entropy: 0.1585 | Invalid S/B: 0.00/0.00 | Max Load: 7.0 | Load Gap: 1.0
Epoch [322/500] | Sampled: 252.78 | Baseline: 251.81 | Improvement: -0.97 | Win Rate: 43.75% | Actor Loss: 0.2440 | Entropy: 0.1545 | Invalid S/B: 0.00/0.00 | Max Load: 7.1 | Load Gap: 1.1
Epoch [323/500] | Sampled: 248.56 | Baseline: 249.00 | Improvement: 0.44 | Win Rate: 50.00% | Actor Loss: 0.0278 | Entropy: 0.1776 | Invalid S/B: 0.00/0.00 | Max Load: 7.1 | Load Gap: 1.1
Epoch [324/500] | Sampled: 248.50 | Baseline: 245.66 | Improvement: -2.84 | Win Rate: 40.62% | Actor Loss: 0.2207 | Entropy: 0.1716 | Invalid S/B: 0.00/0.00 | Max Load: 7.1 | Load Gap: 1.1
Epoch [325/500] | Sampled: 249.56 | Baseline: 248.53 | Improvement: -1.03 | Win Rate: 50.00% | Actor Loss: 0.2039 | Entropy: 0.1566 | Invalid S/B: 0.00/0.00 | Max Load: 7.0 | Load Gap: 1.0
Epoch [326/500] | Sampled: 246.62 | Baseline: 245.56 | Improvement: -1.06 | Win Rate: 34.38% | Actor Loss: 0.2464 | Entropy: 0.1717 | Invalid S/B: 0.00/0.00 | Max Load: 7.2 | Load Gap: 1.2
Epoch [327/500] | Sampled: 250.84 | Baseline: 249.09 | Improvement: -1.75 | Win Rate: 37.50% | Actor Loss: 0.2829 | Entropy: 0.1522 | Invalid S/B: 0.00/0.00 | Max Load: 7.1 | Load Gap: 1.1
Epoch [328/500] | Sampled: 247.94 | Baseline: 245.28 | Improvement: -2.66 | Win Rate: 37.50% | Actor Loss: 0.2919 | Entropy: 0.1585 | Invalid S/B: 0.00/0.00 | Max Load: 7.1 | Load Gap: 1.1
Epoch [329/500] | Sampled: 253.19 | Baseline: 251.62 | Improvement: -1.56 | Win Rate: 31.25% | Actor Loss: 0.4640 | Entropy: 0.1764 | Invalid S/B: 0.00/0.00 | Max Load: 7.1 | Load Gap: 1.1
Epoch [330/500] | Sampled: 252.16 | Baseline: 252.53 | Improvement: 0.38 | Win Rate: 43.75% | Actor Loss: 0.1808 | Entropy: 0.1709 | Invalid S/B: 0.00/0.00 | Max Load: 7.0 | Load Gap: 1.0
Epoch [331/500] | Sampled: 253.25 | Baseline: 252.66 | Improvement: -0.59 | Win Rate: 50.00% | Actor Loss: 0.5624 | Entropy: 0.1647 | Invalid S/B: 0.00/0.00 | Max Load: 7.0 | Load Gap: 1.0
Epoch [332/500] | Sampled: 251.47 | Baseline: 251.44 | Improvement: -0.03 | Win Rate: 53.12% | Actor Loss: 0.7535 | Entropy: 0.1700 | Invalid S/B: 0.00/0.00 | Max Load: 7.1 | Load Gap: 1.1
Epoch [333/500] | Sampled: 249.00 | Baseline: 246.12 | Improvement: -2.88 | Win Rate: 46.88% | Actor Loss: 0.3844 | Entropy: 0.1505 | Invalid S/B: 0.00/0.00 | Max Load: 7.1 | Load Gap: 1.1
Epoch [334/500] | Sampled: 250.91 | Baseline: 249.25 | Improvement: -1.66 | Win Rate: 34.38% | Actor Loss: 0.1523 | Entropy: 0.1641 | Invalid S/B: 0.00/0.00 | Max Load: 7.1 | Load Gap: 1.1
Epoch [335/500] | Sampled: 252.66 | Baseline: 249.88 | Improvement: -2.78 | Win Rate: 40.62% | Actor Loss: -0.4037 | Entropy: 0.1495 | Invalid S/B: 0.00/0.00 | Max Load: 7.2 | Load Gap: 1.2
Epoch [336/500] | Sampled: 259.47 | Baseline: 250.41 | Improvement: -9.06 | Win Rate: 25.00% | Actor Loss: 0.2156 | Entropy: 0.1551 | Invalid S/B: 0.00/0.00 | Max Load: 7.1 | Load Gap: 1.1
Epoch [337/500] | Sampled: 256.28 | Baseline: 249.34 | Improvement: -6.94 | Win Rate: 28.12% | Actor Loss: 0.1992 | Entropy: 0.1892 | Invalid S/B: 0.00/0.00 | Max Load: 7.1 | Load Gap: 1.1
Epoch [338/500] | Sampled: 255.34 | Baseline: 248.81 | Improvement: -6.53 | Win Rate: 12.50% | Actor Loss: -0.1705 | Entropy: 0.1596 | Invalid S/B: 0.00/0.00 | Max Load: 7.2 | Load Gap: 1.2
Epoch [339/500] | Sampled: 250.47 | Baseline: 249.75 | Improvement: -0.72 | Win Rate: 50.00% | Actor Loss: -0.1003 | Entropy: 0.1642 | Invalid S/B: 0.00/0.00 | Max Load: 7.2 | Load Gap: 1.2
Epoch [340/500] | Sampled: 249.97 | Baseline: 245.66 | Improvement: -4.31 | Win Rate: 25.00% | Actor Loss: 0.3860 | Entropy: 0.1781 | Invalid S/B: 0.00/0.00 | Max Load: 7.0 | Load Gap: 1.0
Epoch [341/500] | Sampled: 261.62 | Baseline: 247.66 | Improvement: -13.97 | Win Rate: 9.38% | Actor Loss: -0.0578 | Entropy: 0.1555 | Invalid S/B: 0.00/0.00 | Max Load: 7.2 | Load Gap: 1.3
Epoch [342/500] | Sampled: 290.59 | Baseline: 248.66 | Improvement: -41.94 | Win Rate: 12.50% | Actor Loss: 0.6675 | Entropy: 0.1733 | Invalid S/B: 0.03/0.00 | Max Load: 7.7 | Load Gap: 2.0
Epoch [343/500] | Sampled: 264.06 | Baseline: 250.81 | Improvement: -13.25 | Win Rate: 21.88% | Actor Loss: 0.7464 | Entropy: 0.1880 | Invalid S/B: 0.00/0.00 | Max Load: 7.1 | Load Gap: 1.2
Epoch [344/500] | Sampled: 256.12 | Baseline: 246.72 | Improvement: -9.41 | Win Rate: 15.62% | Actor Loss: -0.0219 | Entropy: 0.1534 | Invalid S/B: 0.00/0.00 | Max Load: 7.1 | Load Gap: 1.1
Epoch [345/500] | Sampled: 256.44 | Baseline: 246.38 | Improvement: -10.06 | Win Rate: 12.50% | Actor Loss: 0.1825 | Entropy: 0.1572 | Invalid S/B: 0.00/0.00 | Max Load: 7.1 | Load Gap: 1.1
Epoch [346/500] | Sampled: 253.91 | Baseline: 245.91 | Improvement: -8.00 | Win Rate: 25.00% | Actor Loss: 0.0031 | Entropy: 0.1584 | Invalid S/B: 0.00/0.00 | Max Load: 7.2 | Load Gap: 1.2
Epoch [347/500] | Sampled: 255.53 | Baseline: 249.66 | Improvement: -5.88 | Win Rate: 25.00% | Actor Loss: 0.5264 | Entropy: 0.1678 | Invalid S/B: 0.00/0.00 | Max Load: 7.0 | Load Gap: 1.0
Epoch [348/500] | Sampled: 250.81 | Baseline: 246.91 | Improvement: -3.91 | Win Rate: 34.38% | Actor Loss: 0.0709 | Entropy: 0.1737 | Invalid S/B: 0.00/0.00 | Max Load: 7.1 | Load Gap: 1.1
Epoch [349/500] | Sampled: 249.72 | Baseline: 248.59 | Improvement: -1.12 | Win Rate: 43.75% | Actor Loss: -0.3321 | Entropy: 0.1658 | Invalid S/B: 0.00/0.00 | Max Load: 7.0 | Load Gap: 1.0
Epoch [350/500] | Sampled: 250.56 | Baseline: 247.09 | Improvement: -3.47 | Win Rate: 31.25% | Actor Loss: -0.3644 | Entropy: 0.1580 | Invalid S/B: 0.00/0.00 | Max Load: 7.0 | Load Gap: 1.0
   -> Validation | Samples: 50 | Makespan: 253.20 | Invalid Jobs: 0.00
Epoch [351/500] | Sampled: 253.28 | Baseline: 248.38 | Improvement: -4.91 | Win Rate: 34.38% | Actor Loss: 0.0594 | Entropy: 0.1871 | Invalid S/B: 0.00/0.00 | Max Load: 7.1 | Load Gap: 1.1
Epoch [352/500] | Sampled: 254.84 | Baseline: 251.19 | Improvement: -3.66 | Win Rate: 34.38% | Actor Loss: 0.0604 | Entropy: 0.1746 | Invalid S/B: 0.00/0.00 | Max Load: 7.0 | Load Gap: 1.0
Epoch [353/500] | Sampled: 252.78 | Baseline: 246.81 | Improvement: -5.97 | Win Rate: 25.00% | Actor Loss: 0.0980 | Entropy: 0.1826 | Invalid S/B: 0.00/0.00 | Max Load: 7.0 | Load Gap: 1.0
Epoch [354/500] | Sampled: 249.97 | Baseline: 247.38 | Improvement: -2.59 | Win Rate: 34.38% | Actor Loss: -0.1603 | Entropy: 0.1697 | Invalid S/B: 0.00/0.00 | Max Load: 7.0 | Load Gap: 1.0
Epoch [355/500] | Sampled: 256.81 | Baseline: 252.28 | Improvement: -4.53 | Win Rate: 31.25% | Actor Loss: 0.3277 | Entropy: 0.1807 | Invalid S/B: 0.00/0.00 | Max Load: 7.1 | Load Gap: 1.1
Epoch [356/500] | Sampled: 251.53 | Baseline: 246.62 | Improvement: -4.91 | Win Rate: 25.00% | Actor Loss: -0.0196 | Entropy: 0.1865 | Invalid S/B: 0.00/0.00 | Max Load: 7.1 | Load Gap: 1.1
Epoch [357/500] | Sampled: 253.44 | Baseline: 248.16 | Improvement: -5.28 | Win Rate: 34.38% | Actor Loss: 0.3205 | Entropy: 0.1706 | Invalid S/B: 0.00/0.00 | Max Load: 7.2 | Load Gap: 1.2
Epoch [358/500] | Sampled: 250.22 | Baseline: 247.56 | Improvement: -2.66 | Win Rate: 40.62% | Actor Loss: 0.2699 | Entropy: 0.1698 | Invalid S/B: 0.00/0.00 | Max Load: 7.0 | Load Gap: 1.0
Epoch [359/500] | Sampled: 256.06 | Baseline: 250.62 | Improvement: -5.44 | Win Rate: 18.75% | Actor Loss: 0.0199 | Entropy: 0.1935 | Invalid S/B: 0.00/0.00 | Max Load: 7.1 | Load Gap: 1.1
Epoch [360/500] | Sampled: 256.25 | Baseline: 250.69 | Improvement: -5.56 | Win Rate: 40.62% | Actor Loss: -0.7328 | Entropy: 0.1904 | Invalid S/B: 0.03/0.00 | Max Load: 7.1 | Load Gap: 1.1
Epoch [361/500] | Sampled: 251.91 | Baseline: 250.41 | Improvement: -1.50 | Win Rate: 40.62% | Actor Loss: 0.1351 | Entropy: 0.1909 | Invalid S/B: 0.00/0.00 | Max Load: 7.0 | Load Gap: 1.0
Epoch [362/500] | Sampled: 589.53 | Baseline: 250.88 | Improvement: -338.66 | Win Rate: 0.00% | Actor Loss: -0.3856 | Entropy: 0.1556 | Invalid S/B: 0.22/0.00 | Max Load: 14.9 | Load Gap: 12.9
Epoch [363/500] | Sampled: 315.28 | Baseline: 251.72 | Improvement: -63.56 | Win Rate: 9.38% | Actor Loss: -0.0614 | Entropy: 0.1592 | Invalid S/B: 0.12/0.00 | Max Load: 8.2 | Load Gap: 2.8
Epoch [364/500] | Sampled: 255.41 | Baseline: 250.25 | Improvement: -5.16 | Win Rate: 34.38% | Actor Loss: -0.1765 | Entropy: 0.1559 | Invalid S/B: 0.00/0.00 | Max Load: 7.1 | Load Gap: 1.1
Epoch [365/500] | Sampled: 254.03 | Baseline: 248.09 | Improvement: -5.94 | Win Rate: 31.25% | Actor Loss: -0.2627 | Entropy: 0.1503 | Invalid S/B: 0.00/0.00 | Max Load: 7.1 | Load Gap: 1.1
Epoch [366/500] | Sampled: 255.81 | Baseline: 249.53 | Improvement: -6.28 | Win Rate: 25.00% | Actor Loss: -0.0032 | Entropy: 0.1411 | Invalid S/B: 0.00/0.00 | Max Load: 7.0 | Load Gap: 1.0
Epoch [367/500] | Sampled: 254.72 | Baseline: 250.66 | Improvement: -4.06 | Win Rate: 37.50% | Actor Loss: 0.0126 | Entropy: 0.1601 | Invalid S/B: 0.00/0.00 | Max Load: 7.1 | Load Gap: 1.1
Epoch [368/500] | Sampled: 257.84 | Baseline: 250.53 | Improvement: -7.31 | Win Rate: 34.38% | Actor Loss: -0.0454 | Entropy: 0.1490 | Invalid S/B: 0.00/0.00 | Max Load: 7.1 | Load Gap: 1.1
Epoch [369/500] | Sampled: 251.78 | Baseline: 246.47 | Improvement: -5.31 | Win Rate: 31.25% | Actor Loss: 0.1492 | Entropy: 0.1684 | Invalid S/B: 0.00/0.00 | Max Load: 7.1 | Load Gap: 1.1
Epoch [370/500] | Sampled: 250.25 | Baseline: 248.44 | Improvement: -1.81 | Win Rate: 53.12% | Actor Loss: 1.3662 | Entropy: 0.1595 | Invalid S/B: 0.00/0.00 | Max Load: 7.0 | Load Gap: 1.0
Epoch [371/500] | Sampled: 251.25 | Baseline: 247.75 | Improvement: -3.50 | Win Rate: 37.50% | Actor Loss: 0.3023 | Entropy: 0.1523 | Invalid S/B: 0.00/0.00 | Max Load: 7.0 | Load Gap: 1.0
Epoch [372/500] | Sampled: 257.91 | Baseline: 250.06 | Improvement: -7.84 | Win Rate: 18.75% | Actor Loss: 0.7749 | Entropy: 0.1777 | Invalid S/B: 0.00/0.00 | Max Load: 7.1 | Load Gap: 1.1
Epoch [373/500] | Sampled: 258.97 | Baseline: 247.44 | Improvement: -11.53 | Win Rate: 15.62% | Actor Loss: 0.5263 | Entropy: 0.1797 | Invalid S/B: 0.00/0.00 | Max Load: 7.2 | Load Gap: 1.2
Epoch [374/500] | Sampled: 254.97 | Baseline: 247.81 | Improvement: -7.16 | Win Rate: 18.75% | Actor Loss: -0.3788 | Entropy: 0.1647 | Invalid S/B: 0.00/0.00 | Max Load: 7.0 | Load Gap: 1.0
Epoch [375/500] | Sampled: 253.41 | Baseline: 250.53 | Improvement: -2.88 | Win Rate: 37.50% | Actor Loss: 0.1096 | Entropy: 0.1567 | Invalid S/B: 0.00/0.00 | Max Load: 7.1 | Load Gap: 1.1
Epoch [376/500] | Sampled: 254.84 | Baseline: 249.00 | Improvement: -5.84 | Win Rate: 21.88% | Actor Loss: 0.2485 | Entropy: 0.1776 | Invalid S/B: 0.00/0.00 | Max Load: 7.0 | Load Gap: 1.0
Epoch [377/500] | Sampled: 256.81 | Baseline: 251.56 | Improvement: -5.25 | Win Rate: 31.25% | Actor Loss: 0.4488 | Entropy: 0.1826 | Invalid S/B: 0.03/0.00 | Max Load: 7.2 | Load Gap: 1.2
Epoch [378/500] | Sampled: 253.97 | Baseline: 246.56 | Improvement: -7.41 | Win Rate: 12.50% | Actor Loss: 0.1594 | Entropy: 0.1772 | Invalid S/B: 0.00/0.00 | Max Load: 7.1 | Load Gap: 1.1
Epoch [379/500] | Sampled: 255.38 | Baseline: 251.12 | Improvement: -4.25 | Win Rate: 31.25% | Actor Loss: 0.3712 | Entropy: 0.1866 | Invalid S/B: 0.00/0.00 | Max Load: 7.0 | Load Gap: 1.0
Epoch [380/500] | Sampled: 256.09 | Baseline: 250.62 | Improvement: -5.47 | Win Rate: 31.25% | Actor Loss: -0.0289 | Entropy: 0.1694 | Invalid S/B: 0.00/0.00 | Max Load: 7.0 | Load Gap: 1.0
Epoch [381/500] | Sampled: 257.00 | Baseline: 253.06 | Improvement: -3.94 | Win Rate: 25.00% | Actor Loss: 0.4198 | Entropy: 0.1902 | Invalid S/B: 0.00/0.00 | Max Load: 7.1 | Load Gap: 1.1
Epoch [382/500] | Sampled: 253.84 | Baseline: 249.91 | Improvement: -3.94 | Win Rate: 34.38% | Actor Loss: 0.1224 | Entropy: 0.1807 | Invalid S/B: 0.00/0.00 | Max Load: 7.0 | Load Gap: 1.0
Epoch [383/500] | Sampled: 256.38 | Baseline: 249.62 | Improvement: -6.75 | Win Rate: 15.62% | Actor Loss: -0.0363 | Entropy: 0.1810 | Invalid S/B: 0.00/0.00 | Max Load: 7.0 | Load Gap: 1.0
Epoch [384/500] | Sampled: 253.28 | Baseline: 249.34 | Improvement: -3.94 | Win Rate: 28.12% | Actor Loss: 0.3797 | Entropy: 0.1789 | Invalid S/B: 0.00/0.00 | Max Load: 7.1 | Load Gap: 1.1
Epoch [385/500] | Sampled: 254.97 | Baseline: 247.66 | Improvement: -7.31 | Win Rate: 12.50% | Actor Loss: -0.0634 | Entropy: 0.1651 | Invalid S/B: 0.00/0.00 | Max Load: 7.0 | Load Gap: 1.0
Epoch [386/500] | Sampled: 254.66 | Baseline: 251.31 | Improvement: -3.34 | Win Rate: 28.12% | Actor Loss: 0.0397 | Entropy: 0.1825 | Invalid S/B: 0.00/0.00 | Max Load: 7.0 | Load Gap: 1.0
Epoch [387/500] | Sampled: 254.28 | Baseline: 246.66 | Improvement: -7.62 | Win Rate: 12.50% | Actor Loss: -0.3606 | Entropy: 0.1674 | Invalid S/B: 0.00/0.00 | Max Load: 7.0 | Load Gap: 1.0
Epoch [388/500] | Sampled: 252.19 | Baseline: 248.72 | Improvement: -3.47 | Win Rate: 40.62% | Actor Loss: 0.1250 | Entropy: 0.1851 | Invalid S/B: 0.00/0.00 | Max Load: 7.0 | Load Gap: 1.0
Epoch [389/500] | Sampled: 255.69 | Baseline: 248.31 | Improvement: -7.38 | Win Rate: 18.75% | Actor Loss: 0.0978 | Entropy: 0.1587 | Invalid S/B: 0.00/0.00 | Max Load: 7.1 | Load Gap: 1.1
Epoch [390/500] | Sampled: 256.47 | Baseline: 248.69 | Improvement: -7.78 | Win Rate: 18.75% | Actor Loss: 0.3388 | Entropy: 0.1649 | Invalid S/B: 0.00/0.00 | Max Load: 7.0 | Load Gap: 1.0
Epoch [391/500] | Sampled: 258.62 | Baseline: 251.91 | Improvement: -6.72 | Win Rate: 25.00% | Actor Loss: 0.2176 | Entropy: 0.1644 | Invalid S/B: 0.00/0.00 | Max Load: 7.1 | Load Gap: 1.1
Epoch [392/500] | Sampled: 256.44 | Baseline: 249.72 | Improvement: -6.72 | Win Rate: 12.50% | Actor Loss: -0.3925 | Entropy: 0.1488 | Invalid S/B: 0.00/0.00 | Max Load: 7.0 | Load Gap: 1.0
Epoch [393/500] | Sampled: 256.84 | Baseline: 250.31 | Improvement: -6.53 | Win Rate: 18.75% | Actor Loss: -0.2834 | Entropy: 0.1844 | Invalid S/B: 0.00/0.00 | Max Load: 7.1 | Load Gap: 1.1
Epoch [394/500] | Sampled: 257.75 | Baseline: 248.31 | Improvement: -9.44 | Win Rate: 12.50% | Actor Loss: -0.0296 | Entropy: 0.1669 | Invalid S/B: 0.00/0.00 | Max Load: 7.0 | Load Gap: 1.0
Epoch [395/500] | Sampled: 257.22 | Baseline: 249.59 | Improvement: -7.62 | Win Rate: 18.75% | Actor Loss: 0.0332 | Entropy: 0.1635 | Invalid S/B: 0.00/0.00 | Max Load: 7.1 | Load Gap: 1.1
Epoch [396/500] | Sampled: 254.97 | Baseline: 251.09 | Improvement: -3.88 | Win Rate: 31.25% | Actor Loss: 0.0388 | Entropy: 0.1938 | Invalid S/B: 0.00/0.00 | Max Load: 7.0 | Load Gap: 1.0
Epoch [397/500] | Sampled: 255.53 | Baseline: 246.97 | Improvement: -8.56 | Win Rate: 15.62% | Actor Loss: 0.1025 | Entropy: 0.1722 | Invalid S/B: 0.00/0.00 | Max Load: 7.0 | Load Gap: 1.0
Epoch [398/500] | Sampled: 257.69 | Baseline: 252.09 | Improvement: -5.59 | Win Rate: 21.88% | Actor Loss: 0.0873 | Entropy: 0.1952 | Invalid S/B: 0.00/0.00 | Max Load: 7.0 | Load Gap: 1.0
Epoch [399/500] | Sampled: 256.00 | Baseline: 250.25 | Improvement: -5.75 | Win Rate: 25.00% | Actor Loss: 0.5229 | Entropy: 0.1870 | Invalid S/B: 0.00/0.00 | Max Load: 7.0 | Load Gap: 1.0
Epoch [400/500] | Sampled: 253.69 | Baseline: 247.66 | Improvement: -6.03 | Win Rate: 25.00% | Actor Loss: -0.6338 | Entropy: 0.1685 | Invalid S/B: 0.00/0.00 | Max Load: 7.0 | Load Gap: 1.0
   -> Validation | Samples: 50 | Makespan: 254.26 | Invalid Jobs: 0.00
   -> Saved updated training chart to /home/wei/AMR-DFJSP/Static_alogorithm/Attention/attention_precise_training_metrics.png
Epoch [401/500] | Sampled: 254.31 | Baseline: 248.38 | Improvement: -5.94 | Win Rate: 18.75% | Actor Loss: 0.1657 | Entropy: 0.1540 | Invalid S/B: 0.00/0.00 | Max Load: 7.0 | Load Gap: 1.0
Epoch [402/500] | Sampled: 258.91 | Baseline: 251.88 | Improvement: -7.03 | Win Rate: 15.62% | Actor Loss: -0.0094 | Entropy: 0.1646 | Invalid S/B: 0.00/0.00 | Max Load: 7.0 | Load Gap: 1.0
Epoch [403/500] | Sampled: 257.97 | Baseline: 251.53 | Improvement: -6.44 | Win Rate: 12.50% | Actor Loss: -0.0836 | Entropy: 0.1782 | Invalid S/B: 0.00/0.00 | Max Load: 7.0 | Load Gap: 1.0
Epoch [404/500] | Sampled: 256.22 | Baseline: 250.06 | Improvement: -6.16 | Win Rate: 15.62% | Actor Loss: 0.1631 | Entropy: 0.1813 | Invalid S/B: 0.00/0.00 | Max Load: 7.0 | Load Gap: 1.0
Epoch [405/500] | Sampled: 254.12 | Baseline: 246.66 | Improvement: -7.47 | Win Rate: 15.62% | Actor Loss: 0.0055 | Entropy: 0.1662 | Invalid S/B: 0.00/0.00 | Max Load: 7.0 | Load Gap: 1.0
Epoch [406/500] | Sampled: 255.41 | Baseline: 249.06 | Improvement: -6.34 | Win Rate: 25.00% | Actor Loss: 0.3996 | Entropy: 0.1717 | Invalid S/B: 0.00/0.00 | Max Load: 7.0 | Load Gap: 1.0
Epoch [407/500] | Sampled: 254.66 | Baseline: 248.94 | Improvement: -5.72 | Win Rate: 15.62% | Actor Loss: -0.3661 | Entropy: 0.1913 | Invalid S/B: 0.00/0.00 | Max Load: 7.0 | Load Gap: 1.0
Epoch [408/500] | Sampled: 259.75 | Baseline: 251.19 | Improvement: -8.56 | Win Rate: 9.38% | Actor Loss: 0.2595 | Entropy: 0.1778 | Invalid S/B: 0.00/0.00 | Max Load: 7.0 | Load Gap: 1.0
Epoch [409/500] | Sampled: 257.59 | Baseline: 249.88 | Improvement: -7.72 | Win Rate: 18.75% | Actor Loss: -0.1443 | Entropy: 0.1985 | Invalid S/B: 0.00/0.00 | Max Load: 7.0 | Load Gap: 1.0
Epoch [410/500] | Sampled: 254.03 | Baseline: 247.62 | Improvement: -6.41 | Win Rate: 15.62% | Actor Loss: -0.3687 | Entropy: 0.1795 | Invalid S/B: 0.00/0.00 | Max Load: 7.0 | Load Gap: 1.0
Epoch [411/500] | Sampled: 256.66 | Baseline: 250.69 | Improvement: -5.97 | Win Rate: 15.62% | Actor Loss: 0.7581 | Entropy: 0.1889 | Invalid S/B: 0.00/0.00 | Max Load: 7.1 | Load Gap: 1.1
Epoch [412/500] | Sampled: 256.78 | Baseline: 249.97 | Improvement: -6.81 | Win Rate: 15.62% | Actor Loss: 0.6320 | Entropy: 0.1863 | Invalid S/B: 0.00/0.00 | Max Load: 7.1 | Load Gap: 1.1
Epoch [413/500] | Sampled: 250.66 | Baseline: 246.47 | Improvement: -4.19 | Win Rate: 18.75% | Actor Loss: -0.4963 | Entropy: 0.1824 | Invalid S/B: 0.00/0.00 | Max Load: 7.0 | Load Gap: 1.0
Epoch [414/500] | Sampled: 256.56 | Baseline: 250.09 | Improvement: -6.47 | Win Rate: 12.50% | Actor Loss: 0.1036 | Entropy: 0.1814 | Invalid S/B: 0.00/0.00 | Max Load: 7.0 | Load Gap: 1.0
Epoch [415/500] | Sampled: 256.62 | Baseline: 250.41 | Improvement: -6.22 | Win Rate: 18.75% | Actor Loss: 0.0536 | Entropy: 0.1774 | Invalid S/B: 0.00/0.00 | Max Load: 7.0 | Load Gap: 1.0
Epoch [416/500] | Sampled: 257.88 | Baseline: 252.38 | Improvement: -5.50 | Win Rate: 15.62% | Actor Loss: 0.6349 | Entropy: 0.2024 | Invalid S/B: 0.00/0.00 | Max Load: 7.1 | Load Gap: 1.1
Epoch [417/500] | Sampled: 252.91 | Baseline: 247.91 | Improvement: -5.00 | Win Rate: 18.75% | Actor Loss: -0.2974 | Entropy: 0.1773 | Invalid S/B: 0.00/0.00 | Max Load: 7.0 | Load Gap: 1.0
Epoch [418/500] | Sampled: 256.69 | Baseline: 249.47 | Improvement: -7.22 | Win Rate: 12.50% | Actor Loss: -0.0348 | Entropy: 0.1646 | Invalid S/B: 0.00/0.00 | Max Load: 7.1 | Load Gap: 1.1
Epoch [419/500] | Sampled: 255.53 | Baseline: 250.56 | Improvement: -4.97 | Win Rate: 18.75% | Actor Loss: 0.7289 | Entropy: 0.2079 | Invalid S/B: 0.00/0.00 | Max Load: 7.1 | Load Gap: 1.1
Epoch [420/500] | Sampled: 252.47 | Baseline: 247.06 | Improvement: -5.41 | Win Rate: 18.75% | Actor Loss: 0.4513 | Entropy: 0.1798 | Invalid S/B: 0.00/0.00 | Max Load: 7.0 | Load Gap: 1.0
Epoch [421/500] | Sampled: 255.66 | Baseline: 251.28 | Improvement: -4.38 | Win Rate: 15.62% | Actor Loss: 0.2414 | Entropy: 0.1580 | Invalid S/B: 0.00/0.00 | Max Load: 7.0 | Load Gap: 1.0
Epoch [422/500] | Sampled: 257.94 | Baseline: 249.19 | Improvement: -8.75 | Win Rate: 15.62% | Actor Loss: 0.4557 | Entropy: 0.1775 | Invalid S/B: 0.00/0.00 | Max Load: 7.1 | Load Gap: 1.1
Epoch [423/500] | Sampled: 254.88 | Baseline: 249.34 | Improvement: -5.53 | Win Rate: 28.12% | Actor Loss: 0.0137 | Entropy: 0.1939 | Invalid S/B: 0.00/0.00 | Max Load: 7.0 | Load Gap: 1.0
Epoch [424/500] | Sampled: 254.50 | Baseline: 249.41 | Improvement: -5.09 | Win Rate: 28.12% | Actor Loss: -0.2826 | Entropy: 0.1751 | Invalid S/B: 0.00/0.00 | Max Load: 7.0 | Load Gap: 1.0
Epoch [425/500] | Sampled: 256.00 | Baseline: 249.75 | Improvement: -6.25 | Win Rate: 12.50% | Actor Loss: 0.1298 | Entropy: 0.1861 | Invalid S/B: 0.00/0.00 | Max Load: 7.1 | Load Gap: 1.1
Epoch [426/500] | Sampled: 261.66 | Baseline: 252.25 | Improvement: -9.41 | Win Rate: 12.50% | Actor Loss: 0.2524 | Entropy: 0.1631 | Invalid S/B: 0.03/0.00 | Max Load: 7.2 | Load Gap: 1.2
Epoch [427/500] | Sampled: 254.72 | Baseline: 245.25 | Improvement: -9.47 | Win Rate: 12.50% | Actor Loss: -0.0492 | Entropy: 0.1617 | Invalid S/B: 0.00/0.00 | Max Load: 7.2 | Load Gap: 1.2
Epoch [428/500] | Sampled: 257.94 | Baseline: 247.19 | Improvement: -10.75 | Win Rate: 12.50% | Actor Loss: 0.3938 | Entropy: 0.1829 | Invalid S/B: 0.00/0.00 | Max Load: 7.1 | Load Gap: 1.1
Epoch [429/500] | Sampled: 257.25 | Baseline: 250.66 | Improvement: -6.59 | Win Rate: 15.62% | Actor Loss: 0.5041 | Entropy: 0.1940 | Invalid S/B: 0.00/0.00 | Max Load: 7.1 | Load Gap: 1.1
Epoch [430/500] | Sampled: 257.28 | Baseline: 249.97 | Improvement: -7.31 | Win Rate: 25.00% | Actor Loss: -0.1353 | Entropy: 0.1722 | Invalid S/B: 0.00/0.00 | Max Load: 7.1 | Load Gap: 1.1
Epoch [431/500] | Sampled: 254.59 | Baseline: 246.75 | Improvement: -7.84 | Win Rate: 21.88% | Actor Loss: 0.4665 | Entropy: 0.1716 | Invalid S/B: 0.00/0.00 | Max Load: 7.1 | Load Gap: 1.2
Epoch [432/500] | Sampled: 256.91 | Baseline: 246.81 | Improvement: -10.09 | Win Rate: 15.62% | Actor Loss: -0.2644 | Entropy: 0.1600 | Invalid S/B: 0.00/0.00 | Max Load: 7.0 | Load Gap: 1.0
Epoch [433/500] | Sampled: 257.38 | Baseline: 248.53 | Improvement: -8.84 | Win Rate: 15.62% | Actor Loss: -0.0782 | Entropy: 0.1929 | Invalid S/B: 0.00/0.00 | Max Load: 7.2 | Load Gap: 1.2
Epoch [434/500] | Sampled: 256.16 | Baseline: 250.75 | Improvement: -5.41 | Win Rate: 21.88% | Actor Loss: -0.0521 | Entropy: 0.1642 | Invalid S/B: 0.00/0.00 | Max Load: 7.0 | Load Gap: 1.0
Epoch [435/500] | Sampled: 260.09 | Baseline: 252.75 | Improvement: -7.34 | Win Rate: 21.88% | Actor Loss: 0.0469 | Entropy: 0.1621 | Invalid S/B: 0.00/0.00 | Max Load: 7.1 | Load Gap: 1.1
Epoch [436/500] | Sampled: 259.66 | Baseline: 249.62 | Improvement: -10.03 | Win Rate: 21.88% | Actor Loss: 0.1830 | Entropy: 0.1624 | Invalid S/B: 0.00/0.00 | Max Load: 7.0 | Load Gap: 1.0
Epoch [437/500] | Sampled: 256.69 | Baseline: 246.84 | Improvement: -9.84 | Win Rate: 18.75% | Actor Loss: 0.1166 | Entropy: 0.1616 | Invalid S/B: 0.00/0.00 | Max Load: 7.0 | Load Gap: 1.0
Epoch [438/500] | Sampled: 260.41 | Baseline: 249.72 | Improvement: -10.69 | Win Rate: 15.62% | Actor Loss: 0.0665 | Entropy: 0.1685 | Invalid S/B: 0.00/0.00 | Max Load: 7.0 | Load Gap: 1.0
Epoch [439/500] | Sampled: 260.75 | Baseline: 248.84 | Improvement: -11.91 | Win Rate: 18.75% | Actor Loss: -0.0350 | Entropy: 0.1475 | Invalid S/B: 0.00/0.00 | Max Load: 7.1 | Load Gap: 1.1
Epoch [440/500] | Sampled: 259.66 | Baseline: 248.69 | Improvement: -10.97 | Win Rate: 18.75% | Actor Loss: 0.1436 | Entropy: 0.1489 | Invalid S/B: 0.00/0.00 | Max Load: 7.0 | Load Gap: 1.0
Epoch [441/500] | Sampled: 260.56 | Baseline: 249.81 | Improvement: -10.75 | Win Rate: 12.50% | Actor Loss: 0.4175 | Entropy: 0.1645 | Invalid S/B: 0.00/0.00 | Max Load: 7.1 | Load Gap: 1.1
Epoch [442/500] | Sampled: 258.00 | Baseline: 248.81 | Improvement: -9.19 | Win Rate: 18.75% | Actor Loss: -0.2783 | Entropy: 0.1732 | Invalid S/B: 0.00/0.00 | Max Load: 7.0 | Load Gap: 1.0
Epoch [443/500] | Sampled: 259.12 | Baseline: 247.44 | Improvement: -11.69 | Win Rate: 18.75% | Actor Loss: 0.4672 | Entropy: 0.1544 | Invalid S/B: 0.00/0.00 | Max Load: 7.1 | Load Gap: 1.1
Epoch [444/500] | Sampled: 256.75 | Baseline: 249.78 | Improvement: -6.97 | Win Rate: 21.88% | Actor Loss: 0.2139 | Entropy: 0.1709 | Invalid S/B: 0.00/0.00 | Max Load: 7.1 | Load Gap: 1.1
Epoch [445/500] | Sampled: 260.28 | Baseline: 251.62 | Improvement: -8.66 | Win Rate: 6.25% | Actor Loss: 0.8890 | Entropy: 0.1845 | Invalid S/B: 0.00/0.00 | Max Load: 7.0 | Load Gap: 1.0
Epoch [446/500] | Sampled: 256.56 | Baseline: 248.19 | Improvement: -8.38 | Win Rate: 18.75% | Actor Loss: 0.9165 | Entropy: 0.1447 | Invalid S/B: 0.00/0.00 | Max Load: 7.0 | Load Gap: 1.0
Epoch [447/500] | Sampled: 258.66 | Baseline: 250.41 | Improvement: -8.25 | Win Rate: 21.88% | Actor Loss: -0.1517 | Entropy: 0.1521 | Invalid S/B: 0.00/0.00 | Max Load: 7.0 | Load Gap: 1.0
Epoch [448/500] | Sampled: 261.53 | Baseline: 248.06 | Improvement: -13.47 | Win Rate: 12.50% | Actor Loss: -0.1373 | Entropy: 0.1398 | Invalid S/B: 0.00/0.00 | Max Load: 7.1 | Load Gap: 1.1
Epoch [449/500] | Sampled: 260.12 | Baseline: 251.59 | Improvement: -8.53 | Win Rate: 18.75% | Actor Loss: 0.2126 | Entropy: 0.1550 | Invalid S/B: 0.00/0.00 | Max Load: 7.0 | Load Gap: 1.0
Epoch [450/500] | Sampled: 257.91 | Baseline: 251.34 | Improvement: -6.56 | Win Rate: 28.12% | Actor Loss: -0.0243 | Entropy: 0.1499 | Invalid S/B: 0.00/0.00 | Max Load: 7.0 | Load Gap: 1.1
   -> Validation | Samples: 50 | Makespan: 258.30 | Invalid Jobs: 0.00
Epoch [451/500] | Sampled: 260.72 | Baseline: 251.66 | Improvement: -9.06 | Win Rate: 12.50% | Actor Loss: 0.1239 | Entropy: 0.1442 | Invalid S/B: 0.00/0.00 | Max Load: 7.0 | Load Gap: 1.0
Epoch [452/500] | Sampled: 260.44 | Baseline: 250.72 | Improvement: -9.72 | Win Rate: 12.50% | Actor Loss: 0.3300 | Entropy: 0.1523 | Invalid S/B: 0.00/0.00 | Max Load: 7.1 | Load Gap: 1.1
Epoch [453/500] | Sampled: 259.81 | Baseline: 248.16 | Improvement: -11.66 | Win Rate: 15.62% | Actor Loss: 0.5710 | Entropy: 0.1513 | Invalid S/B: 0.00/0.00 | Max Load: 7.1 | Load Gap: 1.1
Epoch [454/500] | Sampled: 256.75 | Baseline: 248.59 | Improvement: -8.16 | Win Rate: 18.75% | Actor Loss: 0.0340 | Entropy: 0.1579 | Invalid S/B: 0.00/0.00 | Max Load: 7.1 | Load Gap: 1.2
Epoch [455/500] | Sampled: 257.97 | Baseline: 248.22 | Improvement: -9.75 | Win Rate: 18.75% | Actor Loss: 0.4020 | Entropy: 0.1523 | Invalid S/B: 0.00/0.00 | Max Load: 7.1 | Load Gap: 1.1
Epoch [456/500] | Sampled: 259.22 | Baseline: 250.59 | Improvement: -8.62 | Win Rate: 21.88% | Actor Loss: -0.0508 | Entropy: 0.1543 | Invalid S/B: 0.00/0.00 | Max Load: 7.1 | Load Gap: 1.1
Epoch [457/500] | Sampled: 256.78 | Baseline: 249.38 | Improvement: -7.41 | Win Rate: 21.88% | Actor Loss: 0.0801 | Entropy: 0.1437 | Invalid S/B: 0.00/0.00 | Max Load: 7.0 | Load Gap: 1.0
Epoch [458/500] | Sampled: 259.31 | Baseline: 246.62 | Improvement: -12.69 | Win Rate: 9.38% | Actor Loss: 0.6625 | Entropy: 0.1506 | Invalid S/B: 0.00/0.00 | Max Load: 7.1 | Load Gap: 1.1
Epoch [459/500] | Sampled: 256.72 | Baseline: 249.94 | Improvement: -6.78 | Win Rate: 21.88% | Actor Loss: 0.2236 | Entropy: 0.1683 | Invalid S/B: 0.00/0.00 | Max Load: 7.1 | Load Gap: 1.1
Epoch [460/500] | Sampled: 257.66 | Baseline: 250.84 | Improvement: -6.81 | Win Rate: 15.62% | Actor Loss: 0.1302 | Entropy: 0.1692 | Invalid S/B: 0.00/0.00 | Max Load: 7.1 | Load Gap: 1.1
Epoch [461/500] | Sampled: 253.22 | Baseline: 247.91 | Improvement: -5.31 | Win Rate: 25.00% | Actor Loss: -0.0128 | Entropy: 0.1596 | Invalid S/B: 0.00/0.00 | Max Load: 7.0 | Load Gap: 1.0
Epoch [462/500] | Sampled: 254.91 | Baseline: 249.31 | Improvement: -5.59 | Win Rate: 15.62% | Actor Loss: 0.3325 | Entropy: 0.1538 | Invalid S/B: 0.00/0.00 | Max Load: 7.0 | Load Gap: 1.0
Epoch [463/500] | Sampled: 254.19 | Baseline: 250.59 | Improvement: -3.59 | Win Rate: 37.50% | Actor Loss: 0.1517 | Entropy: 0.1627 | Invalid S/B: 0.00/0.00 | Max Load: 7.1 | Load Gap: 1.1
Epoch [464/500] | Sampled: 253.94 | Baseline: 245.69 | Improvement: -8.25 | Win Rate: 18.75% | Actor Loss: -0.1075 | Entropy: 0.1387 | Invalid S/B: 0.00/0.00 | Max Load: 7.0 | Load Gap: 1.0
Epoch [465/500] | Sampled: 251.47 | Baseline: 248.81 | Improvement: -2.66 | Win Rate: 40.62% | Actor Loss: 0.5749 | Entropy: 0.1590 | Invalid S/B: 0.00/0.00 | Max Load: 7.1 | Load Gap: 1.1
Epoch [466/500] | Sampled: 256.66 | Baseline: 251.53 | Improvement: -5.12 | Win Rate: 31.25% | Actor Loss: 0.3005 | Entropy: 0.1534 | Invalid S/B: 0.00/0.00 | Max Load: 7.1 | Load Gap: 1.1
Epoch [467/500] | Sampled: 253.44 | Baseline: 252.59 | Improvement: -0.84 | Win Rate: 43.75% | Actor Loss: 0.5490 | Entropy: 0.1579 | Invalid S/B: 0.00/0.00 | Max Load: 7.0 | Load Gap: 1.0
Epoch [468/500] | Sampled: 254.16 | Baseline: 249.22 | Improvement: -4.94 | Win Rate: 34.38% | Actor Loss: -0.0342 | Entropy: 0.1528 | Invalid S/B: 0.00/0.00 | Max Load: 7.2 | Load Gap: 1.2
Epoch [469/500] | Sampled: 255.47 | Baseline: 251.53 | Improvement: -3.94 | Win Rate: 31.25% | Actor Loss: 0.3748 | Entropy: 0.1703 | Invalid S/B: 0.00/0.00 | Max Load: 7.0 | Load Gap: 1.0
Epoch [470/500] | Sampled: 255.56 | Baseline: 249.50 | Improvement: -6.06 | Win Rate: 28.12% | Actor Loss: 0.5110 | Entropy: 0.1518 | Invalid S/B: 0.00/0.00 | Max Load: 7.1 | Load Gap: 1.1
Epoch [471/500] | Sampled: 256.50 | Baseline: 250.69 | Improvement: -5.81 | Win Rate: 31.25% | Actor Loss: -0.6201 | Entropy: 0.1566 | Invalid S/B: 0.00/0.00 | Max Load: 7.1 | Load Gap: 1.1
Epoch [472/500] | Sampled: 253.62 | Baseline: 247.25 | Improvement: -6.38 | Win Rate: 21.88% | Actor Loss: -0.0890 | Entropy: 0.1464 | Invalid S/B: 0.00/0.00 | Max Load: 7.0 | Load Gap: 1.0
Epoch [473/500] | Sampled: 252.62 | Baseline: 248.19 | Improvement: -4.44 | Win Rate: 37.50% | Actor Loss: 0.5249 | Entropy: 0.1756 | Invalid S/B: 0.00/0.00 | Max Load: 7.0 | Load Gap: 1.0
Epoch [474/500] | Sampled: 255.38 | Baseline: 248.78 | Improvement: -6.59 | Win Rate: 18.75% | Actor Loss: 0.4124 | Entropy: 0.1491 | Invalid S/B: 0.00/0.00 | Max Load: 7.1 | Load Gap: 1.1
Epoch [475/500] | Sampled: 254.91 | Baseline: 251.59 | Improvement: -3.31 | Win Rate: 43.75% | Actor Loss: 0.9154 | Entropy: 0.1597 | Invalid S/B: 0.00/0.00 | Max Load: 7.1 | Load Gap: 1.1
Epoch [476/500] | Sampled: 250.88 | Baseline: 247.62 | Improvement: -3.25 | Win Rate: 40.62% | Actor Loss: 0.3865 | Entropy: 0.1778 | Invalid S/B: 0.00/0.00 | Max Load: 7.1 | Load Gap: 1.1
Epoch [477/500] | Sampled: 251.91 | Baseline: 246.47 | Improvement: -5.44 | Win Rate: 31.25% | Actor Loss: -0.0088 | Entropy: 0.1620 | Invalid S/B: 0.00/0.00 | Max Load: 7.1 | Load Gap: 1.1
Epoch [478/500] | Sampled: 254.75 | Baseline: 249.66 | Improvement: -5.09 | Win Rate: 40.62% | Actor Loss: 0.1568 | Entropy: 0.1702 | Invalid S/B: 0.00/0.00 | Max Load: 7.0 | Load Gap: 1.0
Epoch [479/500] | Sampled: 252.09 | Baseline: 248.78 | Improvement: -3.31 | Win Rate: 43.75% | Actor Loss: 0.0593 | Entropy: 0.1631 | Invalid S/B: 0.00/0.00 | Max Load: 7.1 | Load Gap: 1.1
Epoch [480/500] | Sampled: 255.31 | Baseline: 248.31 | Improvement: -7.00 | Win Rate: 21.88% | Actor Loss: -0.1832 | Entropy: 0.1844 | Invalid S/B: 0.00/0.00 | Max Load: 7.1 | Load Gap: 1.1
Epoch [481/500] | Sampled: 252.41 | Baseline: 247.28 | Improvement: -5.12 | Win Rate: 25.00% | Actor Loss: 0.1670 | Entropy: 0.1753 | Invalid S/B: 0.00/0.00 | Max Load: 7.1 | Load Gap: 1.1
Epoch [482/500] | Sampled: 251.81 | Baseline: 247.38 | Improvement: -4.44 | Win Rate: 34.38% | Actor Loss: -0.4655 | Entropy: 0.1503 | Invalid S/B: 0.00/0.00 | Max Load: 7.0 | Load Gap: 1.0
Epoch [483/500] | Sampled: 252.41 | Baseline: 251.25 | Improvement: -1.16 | Win Rate: 59.38% | Actor Loss: 0.3361 | Entropy: 0.1683 | Invalid S/B: 0.00/0.00 | Max Load: 7.0 | Load Gap: 1.0
Epoch [484/500] | Sampled: 253.06 | Baseline: 249.62 | Improvement: -3.44 | Win Rate: 34.38% | Actor Loss: 0.8426 | Entropy: 0.1619 | Invalid S/B: 0.00/0.00 | Max Load: 7.0 | Load Gap: 1.0
Epoch [485/500] | Sampled: 251.81 | Baseline: 247.59 | Improvement: -4.22 | Win Rate: 21.88% | Actor Loss: -0.0345 | Entropy: 0.1608 | Invalid S/B: 0.00/0.00 | Max Load: 7.0 | Load Gap: 1.0
Epoch [486/500] | Sampled: 255.59 | Baseline: 251.84 | Improvement: -3.75 | Win Rate: 25.00% | Actor Loss: 0.0619 | Entropy: 0.1792 | Invalid S/B: 0.00/0.00 | Max Load: 7.0 | Load Gap: 1.0
Epoch [487/500] | Sampled: 256.00 | Baseline: 253.72 | Improvement: -2.28 | Win Rate: 37.50% | Actor Loss: 0.1357 | Entropy: 0.1784 | Invalid S/B: 0.00/0.00 | Max Load: 7.0 | Load Gap: 1.0
Epoch [488/500] | Sampled: 255.28 | Baseline: 250.00 | Improvement: -5.28 | Win Rate: 31.25% | Actor Loss: 0.4403 | Entropy: 0.1610 | Invalid S/B: 0.00/0.00 | Max Load: 7.0 | Load Gap: 1.0
Epoch [489/500] | Sampled: 257.12 | Baseline: 251.50 | Improvement: -5.62 | Win Rate: 37.50% | Actor Loss: -0.1962 | Entropy: 0.1596 | Invalid S/B: 0.00/0.00 | Max Load: 7.0 | Load Gap: 1.0
Epoch [490/500] | Sampled: 253.34 | Baseline: 248.31 | Improvement: -5.03 | Win Rate: 31.25% | Actor Loss: 0.5082 | Entropy: 0.1441 | Invalid S/B: 0.00/0.00 | Max Load: 7.0 | Load Gap: 1.0
Epoch [491/500] | Sampled: 253.34 | Baseline: 250.81 | Improvement: -2.53 | Win Rate: 50.00% | Actor Loss: 0.4053 | Entropy: 0.1644 | Invalid S/B: 0.00/0.00 | Max Load: 7.2 | Load Gap: 1.2
Epoch [492/500] | Sampled: 254.38 | Baseline: 252.03 | Improvement: -2.34 | Win Rate: 50.00% | Actor Loss: -0.0488 | Entropy: 0.1462 | Invalid S/B: 0.00/0.00 | Max Load: 7.1 | Load Gap: 1.1
Epoch [493/500] | Sampled: 255.12 | Baseline: 252.97 | Improvement: -2.16 | Win Rate: 46.88% | Actor Loss: 0.2762 | Entropy: 0.1823 | Invalid S/B: 0.00/0.00 | Max Load: 7.0 | Load Gap: 1.0
Epoch [494/500] | Sampled: 252.72 | Baseline: 249.91 | Improvement: -2.81 | Win Rate: 40.62% | Actor Loss: 0.4277 | Entropy: 0.1614 | Invalid S/B: 0.00/0.00 | Max Load: 7.1 | Load Gap: 1.1
Epoch [495/500] | Sampled: 252.09 | Baseline: 248.66 | Improvement: -3.44 | Win Rate: 40.62% | Actor Loss: -0.3071 | Entropy: 0.1599 | Invalid S/B: 0.00/0.00 | Max Load: 7.0 | Load Gap: 1.0
Epoch [496/500] | Sampled: 255.06 | Baseline: 251.50 | Improvement: -3.56 | Win Rate: 21.88% | Actor Loss: 0.2069 | Entropy: 0.1782 | Invalid S/B: 0.00/0.00 | Max Load: 7.1 | Load Gap: 1.1
Epoch [497/500] | Sampled: 255.53 | Baseline: 251.84 | Improvement: -3.69 | Win Rate: 43.75% | Actor Loss: -0.0499 | Entropy: 0.1575 | Invalid S/B: 0.00/0.00 | Max Load: 7.0 | Load Gap: 1.0
Epoch [498/500] | Sampled: 251.72 | Baseline: 249.03 | Improvement: -2.69 | Win Rate: 34.38% | Actor Loss: 0.2368 | Entropy: 0.1510 | Invalid S/B: 0.00/0.00 | Max Load: 7.0 | Load Gap: 1.0
Epoch [499/500] | Sampled: 253.34 | Baseline: 250.59 | Improvement: -2.75 | Win Rate: 34.38% | Actor Loss: 0.2783 | Entropy: 0.1485 | Invalid S/B: 0.00/0.00 | Max Load: 7.1 | Load Gap: 1.1
Epoch [500/500] | Sampled: 253.94 | Baseline: 251.50 | Improvement: -2.44 | Win Rate: 46.88% | Actor Loss: 0.2600 | Entropy: 0.1589 | Invalid S/B: 0.00/0.00 | Max Load: 7.0 | Load Gap: 1.0
   -> Validation | Samples: 50 | Makespan: 252.34 | Invalid Jobs: 0.00
   -> Saved updated training chart to /home/wei/AMR-DFJSP/Static_alogorithm/Attention/attention_precise_training_metrics.png
