Training on: cuda
Loaded 100 dispatch events from /home/wei/AMR-DFJSP/test_case/static/dispatch_inbox_20.jsonl
Loaded 50 dispatch events from /home/wei/AMR-DFJSP/test_case/static/dispatch_validation_20.jsonl
Loaded 50 validation event(s).
Loaded training checkpoint from /home/wei/AMR-DFJSP/training_logs/curriculum_20260615_175146/checkpoints/phase_03/attention_latest.pth (optimizers: optimizer)
Starting Attention REINFORCE training with dispatch baseline 'earliest_completion_job+earliest_completion' (stepwise).
Epoch [1/500] | Sampled: 251.75 | Baseline: 248.28 | Improvement: -3.47 | Win Rate: 37.50% | Actor Loss: 0.5224 | Entropy: 0.2520 | Invalid S/B: 0.00/0.00 | Max Load: 7.1 | Load Gap: 1.1
   -> Validation | Samples: 50 | Makespan: 251.62 | Invalid Jobs: 0.00
   -> Saved new best model (Val Makespan: 251.62)
   -> Saved updated training chart to /home/wei/AMR-DFJSP/Static_alogorithm/Attention/attention_training_metrics.png
Epoch [2/500] | Sampled: 250.97 | Baseline: 247.97 | Improvement: -3.00 | Win Rate: 37.50% | Actor Loss: -0.2479 | Entropy: 0.2753 | Invalid S/B: 0.00/0.00 | Max Load: 7.1 | Load Gap: 1.1
Epoch [3/500] | Sampled: 249.75 | Baseline: 249.59 | Improvement: -0.16 | Win Rate: 43.75% | Actor Loss: 0.2050 | Entropy: 0.2624 | Invalid S/B: 0.00/0.00 | Max Load: 7.1 | Load Gap: 1.1
Epoch [4/500] | Sampled: 250.59 | Baseline: 246.69 | Improvement: -3.91 | Win Rate: 31.25% | Actor Loss: -0.3020 | Entropy: 0.2696 | Invalid S/B: 0.00/0.00 | Max Load: 7.2 | Load Gap: 1.2
Epoch [5/500] | Sampled: 250.88 | Baseline: 249.75 | Improvement: -1.12 | Win Rate: 43.75% | Actor Loss: 0.4075 | Entropy: 0.2487 | Invalid S/B: 0.00/0.00 | Max Load: 7.1 | Load Gap: 1.1
Epoch [6/500] | Sampled: 252.91 | Baseline: 250.88 | Improvement: -2.03 | Win Rate: 43.75% | Actor Loss: 0.2367 | Entropy: 0.2361 | Invalid S/B: 0.00/0.00 | Max Load: 7.1 | Load Gap: 1.1
Epoch [7/500] | Sampled: 248.00 | Baseline: 249.12 | Improvement: 1.12 | Win Rate: 50.00% | Actor Loss: 0.1743 | Entropy: 0.2368 | Invalid S/B: 0.00/0.00 | Max Load: 7.0 | Load Gap: 1.0
Epoch [8/500] | Sampled: 251.75 | Baseline: 247.97 | Improvement: -3.78 | Win Rate: 31.25% | Actor Loss: 0.0864 | Entropy: 0.2666 | Invalid S/B: 0.00/0.00 | Max Load: 7.2 | Load Gap: 1.2
Epoch [9/500] | Sampled: 251.81 | Baseline: 250.19 | Improvement: -1.62 | Win Rate: 46.88% | Actor Loss: 0.3044 | Entropy: 0.2502 | Invalid S/B: 0.00/0.00 | Max Load: 7.0 | Load Gap: 1.0
Epoch [10/500] | Sampled: 252.59 | Baseline: 250.25 | Improvement: -2.34 | Win Rate: 40.62% | Actor Loss: 0.2392 | Entropy: 0.2407 | Invalid S/B: 0.00/0.00 | Max Load: 7.2 | Load Gap: 1.2
Epoch [11/500] | Sampled: 254.94 | Baseline: 254.03 | Improvement: -0.91 | Win Rate: 43.75% | Actor Loss: 0.9677 | Entropy: 0.2419 | Invalid S/B: 0.00/0.00 | Max Load: 7.1 | Load Gap: 1.1
Epoch [12/500] | Sampled: 409.69 | Baseline: 249.41 | Improvement: -160.28 | Win Rate: 0.00% | Actor Loss: -0.4104 | Entropy: 0.2918 | Invalid S/B: 0.16/0.00 | Max Load: 10.1 | Load Gap: 6.8
Epoch [13/500] | Sampled: 249.88 | Baseline: 248.88 | Improvement: -1.00 | Win Rate: 50.00% | Actor Loss: 0.2564 | Entropy: 0.2538 | Invalid S/B: 0.00/0.00 | Max Load: 7.1 | Load Gap: 1.1
Epoch [14/500] | Sampled: 251.00 | Baseline: 250.03 | Improvement: -0.97 | Win Rate: 34.38% | Actor Loss: -0.0043 | Entropy: 0.2187 | Invalid S/B: 0.00/0.00 | Max Load: 7.0 | Load Gap: 1.0
Epoch [15/500] | Sampled: 250.50 | Baseline: 251.19 | Improvement: 0.69 | Win Rate: 46.88% | Actor Loss: 0.0654 | Entropy: 0.2179 | Invalid S/B: 0.00/0.00 | Max Load: 7.1 | Load Gap: 1.1
Epoch [16/500] | Sampled: 251.38 | Baseline: 251.84 | Improvement: 0.47 | Win Rate: 43.75% | Actor Loss: 0.2267 | Entropy: 0.2271 | Invalid S/B: 0.00/0.00 | Max Load: 7.1 | Load Gap: 1.1
Epoch [17/500] | Sampled: 256.78 | Baseline: 247.47 | Improvement: -9.31 | Win Rate: 15.62% | Actor Loss: 0.4407 | Entropy: 0.2244 | Invalid S/B: 0.00/0.00 | Max Load: 7.2 | Load Gap: 1.3
Epoch [18/500] | Sampled: 250.94 | Baseline: 253.56 | Improvement: 2.62 | Win Rate: 68.75% | Actor Loss: -0.2933 | Entropy: 0.2391 | Invalid S/B: 0.00/0.00 | Max Load: 7.1 | Load Gap: 1.1
Epoch [19/500] | Sampled: 251.69 | Baseline: 250.00 | Improvement: -1.69 | Win Rate: 43.75% | Actor Loss: -0.1986 | Entropy: 0.2422 | Invalid S/B: 0.00/0.00 | Max Load: 7.0 | Load Gap: 1.0
Epoch [20/500] | Sampled: 255.88 | Baseline: 250.28 | Improvement: -5.59 | Win Rate: 12.50% | Actor Loss: 0.1724 | Entropy: 0.2141 | Invalid S/B: 0.00/0.00 | Max Load: 7.1 | Load Gap: 1.1
Epoch [21/500] | Sampled: 251.00 | Baseline: 248.03 | Improvement: -2.97 | Win Rate: 25.00% | Actor Loss: 0.1814 | Entropy: 0.2330 | Invalid S/B: 0.00/0.00 | Max Load: 7.0 | Load Gap: 1.0
Epoch [22/500] | Sampled: 250.75 | Baseline: 249.28 | Improvement: -1.47 | Win Rate: 43.75% | Actor Loss: 0.4620 | Entropy: 0.2130 | Invalid S/B: 0.00/0.00 | Max Load: 7.1 | Load Gap: 1.1
Epoch [23/500] | Sampled: 248.69 | Baseline: 246.59 | Improvement: -2.09 | Win Rate: 34.38% | Actor Loss: 0.4009 | Entropy: 0.2483 | Invalid S/B: 0.00/0.00 | Max Load: 7.1 | Load Gap: 1.1
Epoch [24/500] | Sampled: 249.66 | Baseline: 248.81 | Improvement: -0.84 | Win Rate: 53.12% | Actor Loss: 0.1981 | Entropy: 0.2523 | Invalid S/B: 0.00/0.00 | Max Load: 7.1 | Load Gap: 1.1
Epoch [25/500] | Sampled: 249.25 | Baseline: 247.34 | Improvement: -1.91 | Win Rate: 25.00% | Actor Loss: -0.1905 | Entropy: 0.2267 | Invalid S/B: 0.00/0.00 | Max Load: 7.1 | Load Gap: 1.1
Epoch [26/500] | Sampled: 252.38 | Baseline: 249.97 | Improvement: -2.41 | Win Rate: 40.62% | Actor Loss: 0.3465 | Entropy: 0.2518 | Invalid S/B: 0.00/0.00 | Max Load: 7.0 | Load Gap: 1.0
Epoch [27/500] | Sampled: 253.75 | Baseline: 253.97 | Improvement: 0.22 | Win Rate: 53.12% | Actor Loss: 0.5634 | Entropy: 0.2227 | Invalid S/B: 0.00/0.00 | Max Load: 7.0 | Load Gap: 1.0
Epoch [28/500] | Sampled: 253.53 | Baseline: 249.94 | Improvement: -3.59 | Win Rate: 40.62% | Actor Loss: 0.1046 | Entropy: 0.2431 | Invalid S/B: 0.00/0.00 | Max Load: 7.1 | Load Gap: 1.1
Epoch [29/500] | Sampled: 253.91 | Baseline: 252.41 | Improvement: -1.50 | Win Rate: 43.75% | Actor Loss: 0.1173 | Entropy: 0.2556 | Invalid S/B: 0.00/0.00 | Max Load: 7.1 | Load Gap: 1.1
Epoch [30/500] | Sampled: 250.88 | Baseline: 251.12 | Improvement: 0.25 | Win Rate: 40.62% | Actor Loss: -0.2513 | Entropy: 0.2578 | Invalid S/B: 0.00/0.00 | Max Load: 7.1 | Load Gap: 1.1
Epoch [31/500] | Sampled: 250.22 | Baseline: 247.75 | Improvement: -2.47 | Win Rate: 50.00% | Actor Loss: -0.6186 | Entropy: 0.2329 | Invalid S/B: 0.00/0.00 | Max Load: 7.1 | Load Gap: 1.2
Epoch [32/500] | Sampled: 249.19 | Baseline: 246.53 | Improvement: -2.66 | Win Rate: 37.50% | Actor Loss: 0.0178 | Entropy: 0.2381 | Invalid S/B: 0.00/0.00 | Max Load: 7.1 | Load Gap: 1.1
Epoch [33/500] | Sampled: 255.09 | Baseline: 251.66 | Improvement: -3.44 | Win Rate: 40.62% | Actor Loss: 0.3293 | Entropy: 0.2804 | Invalid S/B: 0.00/0.00 | Max Load: 7.0 | Load Gap: 1.0
Epoch [34/500] | Sampled: 247.16 | Baseline: 245.44 | Improvement: -1.72 | Win Rate: 50.00% | Actor Loss: -0.4345 | Entropy: 0.2551 | Invalid S/B: 0.00/0.00 | Max Load: 7.2 | Load Gap: 1.2
Epoch [35/500] | Sampled: 250.81 | Baseline: 248.47 | Improvement: -2.34 | Win Rate: 37.50% | Actor Loss: -0.6344 | Entropy: 0.2514 | Invalid S/B: 0.00/0.00 | Max Load: 7.1 | Load Gap: 1.1
Epoch [36/500] | Sampled: 251.66 | Baseline: 249.22 | Improvement: -2.44 | Win Rate: 34.38% | Actor Loss: -0.5317 | Entropy: 0.2695 | Invalid S/B: 0.00/0.00 | Max Load: 7.1 | Load Gap: 1.1
Epoch [37/500] | Sampled: 252.38 | Baseline: 251.25 | Improvement: -1.12 | Win Rate: 34.38% | Actor Loss: 0.9567 | Entropy: 0.2954 | Invalid S/B: 0.00/0.00 | Max Load: 7.1 | Load Gap: 1.1
Epoch [38/500] | Sampled: 254.12 | Baseline: 249.94 | Improvement: -4.19 | Win Rate: 37.50% | Actor Loss: -0.2289 | Entropy: 0.2933 | Invalid S/B: 0.00/0.00 | Max Load: 7.1 | Load Gap: 1.1
Epoch [39/500] | Sampled: 252.41 | Baseline: 251.81 | Improvement: -0.59 | Win Rate: 53.12% | Actor Loss: 0.1096 | Entropy: 0.3052 | Invalid S/B: 0.00/0.00 | Max Load: 7.0 | Load Gap: 1.0
Epoch [40/500] | Sampled: 250.03 | Baseline: 247.06 | Improvement: -2.97 | Win Rate: 43.75% | Actor Loss: -0.4147 | Entropy: 0.3157 | Invalid S/B: 0.00/0.00 | Max Load: 7.1 | Load Gap: 1.1
Epoch [41/500] | Sampled: 251.44 | Baseline: 247.62 | Improvement: -3.81 | Win Rate: 28.12% | Actor Loss: -0.3459 | Entropy: 0.3004 | Invalid S/B: 0.00/0.00 | Max Load: 7.1 | Load Gap: 1.1
Epoch [42/500] | Sampled: 251.88 | Baseline: 251.16 | Improvement: -0.72 | Win Rate: 46.88% | Actor Loss: -0.1750 | Entropy: 0.3123 | Invalid S/B: 0.00/0.00 | Max Load: 7.0 | Load Gap: 1.0
Epoch [43/500] | Sampled: 253.12 | Baseline: 249.69 | Improvement: -3.44 | Win Rate: 28.12% | Actor Loss: 0.0108 | Entropy: 0.3463 | Invalid S/B: 0.00/0.00 | Max Load: 7.1 | Load Gap: 1.1
Epoch [44/500] | Sampled: 251.09 | Baseline: 249.16 | Improvement: -1.94 | Win Rate: 31.25% | Actor Loss: 0.0845 | Entropy: 0.3377 | Invalid S/B: 0.00/0.00 | Max Load: 7.1 | Load Gap: 1.1
Epoch [45/500] | Sampled: 250.25 | Baseline: 249.00 | Improvement: -1.25 | Win Rate: 40.62% | Actor Loss: -0.2911 | Entropy: 0.3148 | Invalid S/B: 0.00/0.00 | Max Load: 7.1 | Load Gap: 1.1
Epoch [46/500] | Sampled: 250.44 | Baseline: 248.56 | Improvement: -1.88 | Win Rate: 31.25% | Actor Loss: -1.2890 | Entropy: 0.3079 | Invalid S/B: 0.00/0.00 | Max Load: 7.0 | Load Gap: 1.0
Epoch [47/500] | Sampled: 253.88 | Baseline: 252.56 | Improvement: -1.31 | Win Rate: 43.75% | Actor Loss: 0.7304 | Entropy: 0.3182 | Invalid S/B: 0.00/0.00 | Max Load: 7.1 | Load Gap: 1.1
Epoch [48/500] | Sampled: 252.59 | Baseline: 248.75 | Improvement: -3.84 | Win Rate: 34.38% | Actor Loss: 0.7305 | Entropy: 0.3492 | Invalid S/B: 0.00/0.00 | Max Load: 7.0 | Load Gap: 1.0
Epoch [49/500] | Sampled: 253.38 | Baseline: 249.12 | Improvement: -4.25 | Win Rate: 28.12% | Actor Loss: -0.6275 | Entropy: 0.3409 | Invalid S/B: 0.00/0.00 | Max Load: 7.0 | Load Gap: 1.0
Epoch [50/500] | Sampled: 252.50 | Baseline: 247.03 | Improvement: -5.47 | Win Rate: 31.25% | Actor Loss: -0.1402 | Entropy: 0.3369 | Invalid S/B: 0.00/0.00 | Max Load: 7.1 | Load Gap: 1.1
   -> Validation | Samples: 50 | Makespan: 251.90 | Invalid Jobs: 0.00
Epoch [51/500] | Sampled: 249.12 | Baseline: 248.66 | Improvement: -0.47 | Win Rate: 40.62% | Actor Loss: -0.2225 | Entropy: 0.3258 | Invalid S/B: 0.00/0.00 | Max Load: 7.1 | Load Gap: 1.1
Epoch [52/500] | Sampled: 251.84 | Baseline: 250.69 | Improvement: -1.16 | Win Rate: 46.88% | Actor Loss: -0.5922 | Entropy: 0.3660 | Invalid S/B: 0.00/0.00 | Max Load: 7.2 | Load Gap: 1.2
Epoch [53/500] | Sampled: 251.69 | Baseline: 251.25 | Improvement: -0.44 | Win Rate: 50.00% | Actor Loss: -0.1512 | Entropy: 0.3447 | Invalid S/B: 0.00/0.00 | Max Load: 7.0 | Load Gap: 1.0
Epoch [54/500] | Sampled: 250.94 | Baseline: 247.03 | Improvement: -3.91 | Win Rate: 34.38% | Actor Loss: -0.2161 | Entropy: 0.3370 | Invalid S/B: 0.00/0.00 | Max Load: 7.0 | Load Gap: 1.0
Epoch [55/500] | Sampled: 252.44 | Baseline: 250.75 | Improvement: -1.69 | Win Rate: 46.88% | Actor Loss: 0.1354 | Entropy: 0.3583 | Invalid S/B: 0.00/0.00 | Max Load: 7.1 | Load Gap: 1.1
Epoch [56/500] | Sampled: 251.44 | Baseline: 251.44 | Improvement: 0.00 | Win Rate: 53.12% | Actor Loss: -0.8602 | Entropy: 0.3688 | Invalid S/B: 0.00/0.00 | Max Load: 7.0 | Load Gap: 1.0
Epoch [57/500] | Sampled: 248.62 | Baseline: 247.38 | Improvement: -1.25 | Win Rate: 40.62% | Actor Loss: -0.7643 | Entropy: 0.3884 | Invalid S/B: 0.00/0.00 | Max Load: 7.0 | Load Gap: 1.0
Epoch [58/500] | Sampled: 254.69 | Baseline: 252.78 | Improvement: -1.91 | Win Rate: 37.50% | Actor Loss: -0.1728 | Entropy: 0.3745 | Invalid S/B: 0.00/0.00 | Max Load: 7.0 | Load Gap: 1.0
Epoch [59/500] | Sampled: 253.09 | Baseline: 250.91 | Improvement: -2.19 | Win Rate: 46.88% | Actor Loss: 0.0892 | Entropy: 0.3865 | Invalid S/B: 0.00/0.00 | Max Load: 7.1 | Load Gap: 1.1
Epoch [60/500] | Sampled: 253.66 | Baseline: 251.81 | Improvement: -1.84 | Win Rate: 40.62% | Actor Loss: -2.1914 | Entropy: 0.4391 | Invalid S/B: 0.00/0.00 | Max Load: 7.1 | Load Gap: 1.1
Epoch [61/500] | Sampled: 250.00 | Baseline: 247.12 | Improvement: -2.88 | Win Rate: 37.50% | Actor Loss: -0.4754 | Entropy: 0.4110 | Invalid S/B: 0.00/0.00 | Max Load: 7.1 | Load Gap: 1.1
Epoch [62/500] | Sampled: 251.53 | Baseline: 246.47 | Improvement: -5.06 | Win Rate: 21.88% | Actor Loss: 0.0643 | Entropy: 0.4569 | Invalid S/B: 0.00/0.00 | Max Load: 7.1 | Load Gap: 1.1
Epoch [63/500] | Sampled: 252.38 | Baseline: 246.75 | Improvement: -5.62 | Win Rate: 34.38% | Actor Loss: 0.4397 | Entropy: 0.4836 | Invalid S/B: 0.00/0.00 | Max Load: 7.1 | Load Gap: 1.1
Epoch [64/500] | Sampled: 253.31 | Baseline: 248.19 | Improvement: -5.12 | Win Rate: 31.25% | Actor Loss: -0.6889 | Entropy: 0.4705 | Invalid S/B: 0.00/0.00 | Max Load: 7.1 | Load Gap: 1.1
Epoch [65/500] | Sampled: 254.16 | Baseline: 253.88 | Improvement: -0.28 | Win Rate: 50.00% | Actor Loss: -0.0045 | Entropy: 0.5212 | Invalid S/B: 0.00/0.00 | Max Load: 7.0 | Load Gap: 1.0
Epoch [66/500] | Sampled: 247.66 | Baseline: 248.59 | Improvement: 0.94 | Win Rate: 65.62% | Actor Loss: -1.2631 | Entropy: 0.5161 | Invalid S/B: 0.00/0.00 | Max Load: 7.1 | Load Gap: 1.1
Epoch [67/500] | Sampled: 253.53 | Baseline: 249.59 | Improvement: -3.94 | Win Rate: 31.25% | Actor Loss: -0.4341 | Entropy: 0.5392 | Invalid S/B: 0.00/0.00 | Max Load: 7.1 | Load Gap: 1.1
Epoch [68/500] | Sampled: 255.12 | Baseline: 250.50 | Improvement: -4.62 | Win Rate: 37.50% | Actor Loss: -2.6630 | Entropy: 0.5472 | Invalid S/B: 0.00/0.00 | Max Load: 7.1 | Load Gap: 1.1
Epoch [69/500] | Sampled: 251.19 | Baseline: 248.69 | Improvement: -2.50 | Win Rate: 31.25% | Actor Loss: -1.7805 | Entropy: 0.5684 | Invalid S/B: 0.00/0.00 | Max Load: 7.0 | Load Gap: 1.0
Epoch [70/500] | Sampled: 253.94 | Baseline: 250.81 | Improvement: -3.12 | Win Rate: 31.25% | Actor Loss: -0.2097 | Entropy: 0.6040 | Invalid S/B: 0.00/0.00 | Max Load: 7.1 | Load Gap: 1.1
Epoch [71/500] | Sampled: 254.94 | Baseline: 249.28 | Improvement: -5.66 | Win Rate: 21.88% | Actor Loss: -1.6467 | Entropy: 0.5714 | Invalid S/B: 0.00/0.00 | Max Load: 7.1 | Load Gap: 1.1
Epoch [72/500] | Sampled: 254.06 | Baseline: 251.44 | Improvement: -2.62 | Win Rate: 37.50% | Actor Loss: -0.4781 | Entropy: 0.5958 | Invalid S/B: 0.00/0.00 | Max Load: 7.0 | Load Gap: 1.0
Epoch [73/500] | Sampled: 252.25 | Baseline: 253.47 | Improvement: 1.22 | Win Rate: 56.25% | Actor Loss: 0.3327 | Entropy: 0.6256 | Invalid S/B: 0.00/0.00 | Max Load: 7.1 | Load Gap: 1.1
Epoch [74/500] | Sampled: 252.12 | Baseline: 251.16 | Improvement: -0.97 | Win Rate: 43.75% | Actor Loss: -0.0621 | Entropy: 0.6260 | Invalid S/B: 0.00/0.00 | Max Load: 7.1 | Load Gap: 1.1
Epoch [75/500] | Sampled: 254.59 | Baseline: 250.78 | Improvement: -3.81 | Win Rate: 18.75% | Actor Loss: -0.9697 | Entropy: 0.6204 | Invalid S/B: 0.00/0.00 | Max Load: 7.1 | Load Gap: 1.1
Epoch [76/500] | Sampled: 252.22 | Baseline: 249.44 | Improvement: -2.78 | Win Rate: 40.62% | Actor Loss: -0.9863 | Entropy: 0.6335 | Invalid S/B: 0.00/0.00 | Max Load: 7.0 | Load Gap: 1.0
Epoch [77/500] | Sampled: 256.00 | Baseline: 251.34 | Improvement: -4.66 | Win Rate: 25.00% | Actor Loss: 0.6157 | Entropy: 0.6389 | Invalid S/B: 0.00/0.00 | Max Load: 7.0 | Load Gap: 1.0
Epoch [78/500] | Sampled: 254.09 | Baseline: 250.75 | Improvement: -3.34 | Win Rate: 21.88% | Actor Loss: -1.3134 | Entropy: 0.6362 | Invalid S/B: 0.00/0.00 | Max Load: 7.0 | Load Gap: 1.0
Epoch [79/500] | Sampled: 252.88 | Baseline: 251.88 | Improvement: -1.00 | Win Rate: 53.12% | Actor Loss: -0.1294 | Entropy: 0.6692 | Invalid S/B: 0.00/0.00 | Max Load: 7.1 | Load Gap: 1.1
Epoch [80/500] | Sampled: 253.94 | Baseline: 249.34 | Improvement: -4.59 | Win Rate: 40.62% | Actor Loss: -0.9315 | Entropy: 0.6969 | Invalid S/B: 0.00/0.00 | Max Load: 7.1 | Load Gap: 1.1
Epoch [81/500] | Sampled: 254.12 | Baseline: 250.19 | Improvement: -3.94 | Win Rate: 25.00% | Actor Loss: -0.4553 | Entropy: 0.6897 | Invalid S/B: 0.00/0.00 | Max Load: 7.0 | Load Gap: 1.0
Epoch [82/500] | Sampled: 251.62 | Baseline: 246.97 | Improvement: -4.66 | Win Rate: 25.00% | Actor Loss: -0.2298 | Entropy: 0.7093 | Invalid S/B: 0.00/0.00 | Max Load: 7.0 | Load Gap: 1.0
Epoch [83/500] | Sampled: 254.53 | Baseline: 249.78 | Improvement: -4.75 | Win Rate: 28.12% | Actor Loss: -1.3270 | Entropy: 0.6835 | Invalid S/B: 0.00/0.00 | Max Load: 7.0 | Load Gap: 1.0
Epoch [84/500] | Sampled: 251.38 | Baseline: 247.53 | Improvement: -3.84 | Win Rate: 37.50% | Actor Loss: -1.1526 | Entropy: 0.6926 | Invalid S/B: 0.00/0.00 | Max Load: 7.0 | Load Gap: 1.0
Epoch [85/500] | Sampled: 255.06 | Baseline: 251.03 | Improvement: -4.03 | Win Rate: 28.12% | Actor Loss: -2.0444 | Entropy: 0.7164 | Invalid S/B: 0.00/0.00 | Max Load: 7.1 | Load Gap: 1.1
Epoch [86/500] | Sampled: 252.34 | Baseline: 249.09 | Improvement: -3.25 | Win Rate: 31.25% | Actor Loss: 0.2574 | Entropy: 0.7152 | Invalid S/B: 0.00/0.00 | Max Load: 7.1 | Load Gap: 1.1
Epoch [87/500] | Sampled: 253.88 | Baseline: 249.84 | Improvement: -4.03 | Win Rate: 28.12% | Actor Loss: -0.3275 | Entropy: 0.7287 | Invalid S/B: 0.00/0.00 | Max Load: 7.1 | Load Gap: 1.1
Epoch [88/500] | Sampled: 253.41 | Baseline: 249.62 | Improvement: -3.78 | Win Rate: 21.88% | Actor Loss: -0.4770 | Entropy: 0.7151 | Invalid S/B: 0.00/0.00 | Max Load: 7.0 | Load Gap: 1.0
Epoch [89/500] | Sampled: 252.44 | Baseline: 247.78 | Improvement: -4.66 | Win Rate: 34.38% | Actor Loss: -0.4318 | Entropy: 0.6701 | Invalid S/B: 0.00/0.00 | Max Load: 7.0 | Load Gap: 1.0
Epoch [90/500] | Sampled: 255.69 | Baseline: 251.44 | Improvement: -4.25 | Win Rate: 25.00% | Actor Loss: 0.0111 | Entropy: 0.6800 | Invalid S/B: 0.00/0.00 | Max Load: 7.0 | Load Gap: 1.0
Epoch [91/500] | Sampled: 254.81 | Baseline: 252.06 | Improvement: -2.75 | Win Rate: 43.75% | Actor Loss: 0.4035 | Entropy: 0.6630 | Invalid S/B: 0.00/0.00 | Max Load: 7.0 | Load Gap: 1.0
Epoch [92/500] | Sampled: 251.16 | Baseline: 246.00 | Improvement: -5.16 | Win Rate: 28.12% | Actor Loss: -0.7107 | Entropy: 0.6351 | Invalid S/B: 0.00/0.00 | Max Load: 7.0 | Load Gap: 1.0
Epoch [93/500] | Sampled: 251.84 | Baseline: 247.16 | Improvement: -4.69 | Win Rate: 37.50% | Actor Loss: -0.0223 | Entropy: 0.6886 | Invalid S/B: 0.00/0.00 | Max Load: 7.1 | Load Gap: 1.1
Epoch [94/500] | Sampled: 252.78 | Baseline: 251.06 | Improvement: -1.72 | Win Rate: 31.25% | Actor Loss: -0.9961 | Entropy: 0.6586 | Invalid S/B: 0.00/0.00 | Max Load: 7.1 | Load Gap: 1.1
Epoch [95/500] | Sampled: 254.03 | Baseline: 251.06 | Improvement: -2.97 | Win Rate: 34.38% | Actor Loss: -0.3123 | Entropy: 0.6172 | Invalid S/B: 0.00/0.00 | Max Load: 7.1 | Load Gap: 1.1
Epoch [96/500] | Sampled: 255.94 | Baseline: 252.12 | Improvement: -3.81 | Win Rate: 37.50% | Actor Loss: -0.5554 | Entropy: 0.6005 | Invalid S/B: 0.00/0.00 | Max Load: 7.1 | Load Gap: 1.1
Epoch [97/500] | Sampled: 252.03 | Baseline: 251.62 | Improvement: -0.41 | Win Rate: 46.88% | Actor Loss: -0.3401 | Entropy: 0.6281 | Invalid S/B: 0.00/0.00 | Max Load: 7.1 | Load Gap: 1.1
Epoch [98/500] | Sampled: 253.69 | Baseline: 249.91 | Improvement: -3.78 | Win Rate: 37.50% | Actor Loss: -0.6805 | Entropy: 0.5956 | Invalid S/B: 0.00/0.00 | Max Load: 7.1 | Load Gap: 1.1
Epoch [99/500] | Sampled: 252.94 | Baseline: 248.72 | Improvement: -4.22 | Win Rate: 37.50% | Actor Loss: 0.7820 | Entropy: 0.5765 | Invalid S/B: 0.00/0.00 | Max Load: 7.0 | Load Gap: 1.0
Epoch [100/500] | Sampled: 251.16 | Baseline: 245.94 | Improvement: -5.22 | Win Rate: 21.88% | Actor Loss: -1.3209 | Entropy: 0.5678 | Invalid S/B: 0.00/0.00 | Max Load: 7.0 | Load Gap: 1.0
   -> Validation | Samples: 50 | Makespan: 253.90 | Invalid Jobs: 0.00
   -> Saved updated training chart to /home/wei/AMR-DFJSP/Static_alogorithm/Attention/attention_training_metrics.png
Epoch [101/500] | Sampled: 248.88 | Baseline: 245.12 | Improvement: -3.75 | Win Rate: 28.12% | Actor Loss: -0.5642 | Entropy: 0.5651 | Invalid S/B: 0.00/0.00 | Max Load: 7.0 | Load Gap: 1.0
Epoch [102/500] | Sampled: 253.44 | Baseline: 250.25 | Improvement: -3.19 | Win Rate: 37.50% | Actor Loss: 1.1124 | Entropy: 0.5787 | Invalid S/B: 0.00/0.00 | Max Load: 7.0 | Load Gap: 1.0
Epoch [103/500] | Sampled: 252.59 | Baseline: 249.56 | Improvement: -3.03 | Win Rate: 31.25% | Actor Loss: 0.3940 | Entropy: 0.5767 | Invalid S/B: 0.00/0.00 | Max Load: 7.0 | Load Gap: 1.0
Epoch [104/500] | Sampled: 252.34 | Baseline: 249.22 | Improvement: -3.12 | Win Rate: 37.50% | Actor Loss: 0.4365 | Entropy: 0.5555 | Invalid S/B: 0.00/0.00 | Max Load: 7.0 | Load Gap: 1.0
Epoch [105/500] | Sampled: 254.97 | Baseline: 248.56 | Improvement: -6.41 | Win Rate: 18.75% | Actor Loss: -0.6524 | Entropy: 0.6096 | Invalid S/B: 0.00/0.00 | Max Load: 7.0 | Load Gap: 1.0
Epoch [106/500] | Sampled: 249.66 | Baseline: 245.66 | Improvement: -4.00 | Win Rate: 31.25% | Actor Loss: -0.4079 | Entropy: 0.6342 | Invalid S/B: 0.00/0.00 | Max Load: 7.1 | Load Gap: 1.1
Epoch [107/500] | Sampled: 254.59 | Baseline: 250.03 | Improvement: -4.56 | Win Rate: 37.50% | Actor Loss: -0.7497 | Entropy: 0.6391 | Invalid S/B: 0.00/0.00 | Max Load: 7.2 | Load Gap: 1.2
Epoch [108/500] | Sampled: 250.66 | Baseline: 248.25 | Improvement: -2.41 | Win Rate: 40.62% | Actor Loss: 0.0482 | Entropy: 0.6860 | Invalid S/B: 0.00/0.00 | Max Load: 7.1 | Load Gap: 1.1
Epoch [109/500] | Sampled: 252.22 | Baseline: 250.03 | Improvement: -2.19 | Win Rate: 43.75% | Actor Loss: 0.0361 | Entropy: 0.7656 | Invalid S/B: 0.00/0.00 | Max Load: 7.1 | Load Gap: 1.1
Epoch [110/500] | Sampled: 252.91 | Baseline: 250.06 | Improvement: -2.84 | Win Rate: 25.00% | Actor Loss: 0.1816 | Entropy: 0.7819 | Invalid S/B: 0.00/0.00 | Max Load: 7.1 | Load Gap: 1.1
Epoch [111/500] | Sampled: 253.69 | Baseline: 250.59 | Improvement: -3.09 | Win Rate: 25.00% | Actor Loss: -0.3650 | Entropy: 0.7669 | Invalid S/B: 0.00/0.00 | Max Load: 7.1 | Load Gap: 1.1
Epoch [112/500] | Sampled: 253.59 | Baseline: 251.81 | Improvement: -1.78 | Win Rate: 46.88% | Actor Loss: 0.2959 | Entropy: 0.7526 | Invalid S/B: 0.00/0.00 | Max Load: 7.0 | Load Gap: 1.0
Epoch [113/500] | Sampled: 253.47 | Baseline: 249.69 | Improvement: -3.78 | Win Rate: 34.38% | Actor Loss: -0.0868 | Entropy: 0.8111 | Invalid S/B: 0.00/0.00 | Max Load: 7.1 | Load Gap: 1.1
Epoch [114/500] | Sampled: 251.12 | Baseline: 247.69 | Improvement: -3.44 | Win Rate: 28.12% | Actor Loss: -0.4712 | Entropy: 0.8068 | Invalid S/B: 0.00/0.00 | Max Load: 7.1 | Load Gap: 1.1
Epoch [115/500] | Sampled: 255.06 | Baseline: 251.81 | Improvement: -3.25 | Win Rate: 40.62% | Actor Loss: -0.2771 | Entropy: 0.8323 | Invalid S/B: 0.00/0.00 | Max Load: 7.1 | Load Gap: 1.1
Epoch [116/500] | Sampled: 255.50 | Baseline: 250.91 | Improvement: -4.59 | Win Rate: 31.25% | Actor Loss: -1.7750 | Entropy: 0.8797 | Invalid S/B: 0.00/0.00 | Max Load: 7.1 | Load Gap: 1.1
Epoch [117/500] | Sampled: 256.59 | Baseline: 251.16 | Improvement: -5.44 | Win Rate: 18.75% | Actor Loss: 0.7429 | Entropy: 0.9405 | Invalid S/B: 0.00/0.00 | Max Load: 7.1 | Load Gap: 1.1
Epoch [118/500] | Sampled: 253.38 | Baseline: 251.88 | Improvement: -1.50 | Win Rate: 40.62% | Actor Loss: 0.0731 | Entropy: 0.9593 | Invalid S/B: 0.00/0.00 | Max Load: 7.0 | Load Gap: 1.0
Epoch [119/500] | Sampled: 253.72 | Baseline: 248.09 | Improvement: -5.62 | Win Rate: 21.88% | Actor Loss: -1.1374 | Entropy: 0.9592 | Invalid S/B: 0.00/0.00 | Max Load: 7.0 | Load Gap: 1.0
Epoch [120/500] | Sampled: 254.41 | Baseline: 251.16 | Improvement: -3.25 | Win Rate: 34.38% | Actor Loss: -0.2625 | Entropy: 0.9926 | Invalid S/B: 0.00/0.00 | Max Load: 7.0 | Load Gap: 1.0
Epoch [121/500] | Sampled: 254.84 | Baseline: 248.94 | Improvement: -5.91 | Win Rate: 28.12% | Actor Loss: 0.8888 | Entropy: 1.0314 | Invalid S/B: 0.00/0.00 | Max Load: 7.0 | Load Gap: 1.0
Epoch [122/500] | Sampled: 251.84 | Baseline: 248.44 | Improvement: -3.41 | Win Rate: 31.25% | Actor Loss: -1.7412 | Entropy: 1.0701 | Invalid S/B: 0.00/0.00 | Max Load: 7.0 | Load Gap: 1.0
Epoch [123/500] | Sampled: 259.41 | Baseline: 253.00 | Improvement: -6.41 | Win Rate: 18.75% | Actor Loss: -2.0248 | Entropy: 1.1824 | Invalid S/B: 0.00/0.00 | Max Load: 7.0 | Load Gap: 1.0
Epoch [124/500] | Sampled: 319.97 | Baseline: 250.72 | Improvement: -69.25 | Win Rate: 3.12% | Actor Loss: 1.3878 | Entropy: 1.0499 | Invalid S/B: 0.03/0.00 | Max Load: 8.1 | Load Gap: 3.2
Epoch [125/500] | Sampled: 263.38 | Baseline: 250.12 | Improvement: -13.25 | Win Rate: 9.38% | Actor Loss: -2.2523 | Entropy: 1.4240 | Invalid S/B: 0.00/0.00 | Max Load: 7.1 | Load Gap: 1.1
Epoch [126/500] | Sampled: 261.50 | Baseline: 250.62 | Improvement: -10.88 | Win Rate: 9.38% | Actor Loss: -2.8560 | Entropy: 1.5460 | Invalid S/B: 0.00/0.00 | Max Load: 7.0 | Load Gap: 1.0
Epoch [127/500] | Sampled: 267.72 | Baseline: 254.12 | Improvement: -13.59 | Win Rate: 0.00% | Actor Loss: -1.6960 | Entropy: 1.6359 | Invalid S/B: 0.00/0.00 | Max Load: 7.0 | Load Gap: 1.0
Epoch [128/500] | Sampled: 263.75 | Baseline: 246.12 | Improvement: -17.62 | Win Rate: 0.00% | Actor Loss: -3.1170 | Entropy: 1.6503 | Invalid S/B: 0.00/0.00 | Max Load: 7.0 | Load Gap: 1.0
Epoch [129/500] | Sampled: 266.38 | Baseline: 248.31 | Improvement: -18.06 | Win Rate: 3.12% | Actor Loss: -3.6636 | Entropy: 1.6960 | Invalid S/B: 0.00/0.00 | Max Load: 7.0 | Load Gap: 1.0
Epoch [130/500] | Sampled: 265.28 | Baseline: 250.31 | Improvement: -14.97 | Win Rate: 0.00% | Actor Loss: -2.0514 | Entropy: 1.6949 | Invalid S/B: 0.00/0.00 | Max Load: 7.0 | Load Gap: 1.0
Epoch [131/500] | Sampled: 265.00 | Baseline: 248.06 | Improvement: -16.94 | Win Rate: 0.00% | Actor Loss: -2.1267 | Entropy: 1.7095 | Invalid S/B: 0.00/0.00 | Max Load: 7.0 | Load Gap: 1.0
Epoch [132/500] | Sampled: 264.31 | Baseline: 244.84 | Improvement: -19.47 | Win Rate: 0.00% | Actor Loss: -2.8652 | Entropy: 1.7312 | Invalid S/B: 0.00/0.00 | Max Load: 7.0 | Load Gap: 1.0
Epoch [133/500] | Sampled: 262.97 | Baseline: 246.62 | Improvement: -16.34 | Win Rate: 6.25% | Actor Loss: -2.7483 | Entropy: 1.7028 | Invalid S/B: 0.00/0.00 | Max Load: 7.0 | Load Gap: 1.0
Epoch [134/500] | Sampled: 264.34 | Baseline: 248.91 | Improvement: -15.44 | Win Rate: 6.25% | Actor Loss: -0.4980 | Entropy: 1.7442 | Invalid S/B: 0.00/0.00 | Max Load: 7.0 | Load Gap: 1.0
Epoch [135/500] | Sampled: 266.69 | Baseline: 249.75 | Improvement: -16.94 | Win Rate: 6.25% | Actor Loss: -1.1873 | Entropy: 1.7844 | Invalid S/B: 0.00/0.00 | Max Load: 7.0 | Load Gap: 1.0
Epoch [136/500] | Sampled: 262.31 | Baseline: 248.09 | Improvement: -14.22 | Win Rate: 3.12% | Actor Loss: -1.9751 | Entropy: 1.7754 | Invalid S/B: 0.00/0.00 | Max Load: 7.1 | Load Gap: 1.1
Epoch [137/500] | Sampled: 265.09 | Baseline: 249.47 | Improvement: -15.62 | Win Rate: 3.12% | Actor Loss: -0.5722 | Entropy: 1.8044 | Invalid S/B: 0.00/0.00 | Max Load: 7.0 | Load Gap: 1.0
Epoch [138/500] | Sampled: 267.41 | Baseline: 249.69 | Improvement: -17.72 | Win Rate: 0.00% | Actor Loss: -2.2879 | Entropy: 1.8210 | Invalid S/B: 0.00/0.00 | Max Load: 7.0 | Load Gap: 1.0
Epoch [139/500] | Sampled: 264.38 | Baseline: 249.66 | Improvement: -14.72 | Win Rate: 6.25% | Actor Loss: -1.8718 | Entropy: 1.7913 | Invalid S/B: 0.00/0.00 | Max Load: 7.1 | Load Gap: 1.1
Epoch [140/500] | Sampled: 264.84 | Baseline: 248.91 | Improvement: -15.94 | Win Rate: 3.12% | Actor Loss: -2.2192 | Entropy: 1.8067 | Invalid S/B: 0.00/0.00 | Max Load: 7.0 | Load Gap: 1.1
Epoch [141/500] | Sampled: 267.28 | Baseline: 249.81 | Improvement: -17.47 | Win Rate: 0.00% | Actor Loss: -2.3130 | Entropy: 1.7828 | Invalid S/B: 0.00/0.00 | Max Load: 7.0 | Load Gap: 1.0
Epoch [142/500] | Sampled: 264.97 | Baseline: 249.56 | Improvement: -15.41 | Win Rate: 0.00% | Actor Loss: -1.7919 | Entropy: 1.8006 | Invalid S/B: 0.00/0.00 | Max Load: 7.0 | Load Gap: 1.0
Epoch [143/500] | Sampled: 265.75 | Baseline: 250.19 | Improvement: -15.56 | Win Rate: 3.12% | Actor Loss: -2.2223 | Entropy: 1.8268 | Invalid S/B: 0.00/0.00 | Max Load: 7.1 | Load Gap: 1.1
Epoch [144/500] | Sampled: 262.31 | Baseline: 247.72 | Improvement: -14.59 | Win Rate: 9.38% | Actor Loss: -1.1507 | Entropy: 1.8281 | Invalid S/B: 0.00/0.00 | Max Load: 7.0 | Load Gap: 1.0
Epoch [145/500] | Sampled: 263.78 | Baseline: 249.78 | Improvement: -14.00 | Win Rate: 9.38% | Actor Loss: -1.3133 | Entropy: 1.8401 | Invalid S/B: 0.00/0.00 | Max Load: 7.0 | Load Gap: 1.0
Epoch [146/500] | Sampled: 266.09 | Baseline: 251.06 | Improvement: -15.03 | Win Rate: 12.50% | Actor Loss: -1.8658 | Entropy: 1.8469 | Invalid S/B: 0.00/0.00 | Max Load: 7.0 | Load Gap: 1.0
Epoch [147/500] | Sampled: 266.00 | Baseline: 248.94 | Improvement: -17.06 | Win Rate: 0.00% | Actor Loss: -1.5914 | Entropy: 1.8273 | Invalid S/B: 0.00/0.00 | Max Load: 7.0 | Load Gap: 1.0
Epoch [148/500] | Sampled: 265.81 | Baseline: 251.47 | Improvement: -14.34 | Win Rate: 9.38% | Actor Loss: -2.8548 | Entropy: 1.8355 | Invalid S/B: 0.00/0.00 | Max Load: 7.0 | Load Gap: 1.0
Epoch [149/500] | Sampled: 262.53 | Baseline: 247.56 | Improvement: -14.97 | Win Rate: 0.00% | Actor Loss: -2.1590 | Entropy: 1.8241 | Invalid S/B: 0.00/0.00 | Max Load: 7.0 | Load Gap: 1.0
Epoch [150/500] | Sampled: 264.94 | Baseline: 248.69 | Improvement: -16.25 | Win Rate: 0.00% | Actor Loss: -2.5162 | Entropy: 1.7993 | Invalid S/B: 0.00/0.00 | Max Load: 7.0 | Load Gap: 1.0
   -> Validation | Samples: 50 | Makespan: 268.18 | Invalid Jobs: 0.00
Epoch [151/500] | Sampled: 268.78 | Baseline: 252.41 | Improvement: -16.38 | Win Rate: 12.50% | Actor Loss: -1.5123 | Entropy: 1.7945 | Invalid S/B: 0.03/0.00 | Max Load: 7.0 | Load Gap: 1.0
Epoch [152/500] | Sampled: 265.28 | Baseline: 248.53 | Improvement: -16.75 | Win Rate: 6.25% | Actor Loss: -2.0940 | Entropy: 1.7991 | Invalid S/B: 0.00/0.00 | Max Load: 7.0 | Load Gap: 1.0
Epoch [153/500] | Sampled: 266.41 | Baseline: 249.22 | Improvement: -17.19 | Win Rate: 3.12% | Actor Loss: -3.1957 | Entropy: 1.7902 | Invalid S/B: 0.00/0.00 | Max Load: 7.1 | Load Gap: 1.2
Epoch [154/500] | Sampled: 266.50 | Baseline: 250.12 | Improvement: -16.38 | Win Rate: 3.12% | Actor Loss: -2.7900 | Entropy: 1.7888 | Invalid S/B: 0.00/0.00 | Max Load: 7.0 | Load Gap: 1.0
Epoch [155/500] | Sampled: 264.81 | Baseline: 248.25 | Improvement: -16.56 | Win Rate: 0.00% | Actor Loss: -1.9882 | Entropy: 1.7632 | Invalid S/B: 0.00/0.00 | Max Load: 7.0 | Load Gap: 1.0
Epoch [156/500] | Sampled: 268.62 | Baseline: 253.00 | Improvement: -15.62 | Win Rate: 9.38% | Actor Loss: -1.8367 | Entropy: 1.7590 | Invalid S/B: 0.00/0.00 | Max Load: 7.0 | Load Gap: 1.0
Epoch [157/500] | Sampled: 263.88 | Baseline: 250.97 | Improvement: -12.91 | Win Rate: 6.25% | Actor Loss: -2.0709 | Entropy: 1.7513 | Invalid S/B: 0.00/0.00 | Max Load: 7.0 | Load Gap: 1.0
Epoch [158/500] | Sampled: 265.59 | Baseline: 246.66 | Improvement: -18.94 | Win Rate: 0.00% | Actor Loss: -3.2404 | Entropy: 1.7437 | Invalid S/B: 0.00/0.00 | Max Load: 7.0 | Load Gap: 1.0
Epoch [159/500] | Sampled: 266.12 | Baseline: 249.88 | Improvement: -16.25 | Win Rate: 6.25% | Actor Loss: -2.8287 | Entropy: 1.7334 | Invalid S/B: 0.00/0.00 | Max Load: 7.0 | Load Gap: 1.0
Epoch [160/500] | Sampled: 266.22 | Baseline: 249.03 | Improvement: -17.19 | Win Rate: 0.00% | Actor Loss: -2.5626 | Entropy: 1.7374 | Invalid S/B: 0.00/0.00 | Max Load: 7.0 | Load Gap: 1.0
Epoch [161/500] | Sampled: 266.00 | Baseline: 251.38 | Improvement: -14.62 | Win Rate: 6.25% | Actor Loss: -2.0019 | Entropy: 1.7314 | Invalid S/B: 0.00/0.00 | Max Load: 7.0 | Load Gap: 1.0
Epoch [162/500] | Sampled: 263.75 | Baseline: 247.44 | Improvement: -16.31 | Win Rate: 3.12% | Actor Loss: -1.4938 | Entropy: 1.7215 | Invalid S/B: 0.00/0.00 | Max Load: 7.0 | Load Gap: 1.0
Epoch [163/500] | Sampled: 266.81 | Baseline: 246.88 | Improvement: -19.94 | Win Rate: 0.00% | Actor Loss: -1.5149 | Entropy: 1.7283 | Invalid S/B: 0.00/0.00 | Max Load: 7.0 | Load Gap: 1.0
Epoch [164/500] | Sampled: 265.22 | Baseline: 249.34 | Improvement: -15.88 | Win Rate: 0.00% | Actor Loss: -3.1104 | Entropy: 1.7164 | Invalid S/B: 0.00/0.00 | Max Load: 7.1 | Load Gap: 1.1
Epoch [165/500] | Sampled: 265.84 | Baseline: 250.47 | Improvement: -15.38 | Win Rate: 6.25% | Actor Loss: -1.9751 | Entropy: 1.7170 | Invalid S/B: 0.00/0.00 | Max Load: 7.0 | Load Gap: 1.0
Epoch [166/500] | Sampled: 263.38 | Baseline: 247.84 | Improvement: -15.53 | Win Rate: 3.12% | Actor Loss: -0.8817 | Entropy: 1.7063 | Invalid S/B: 0.00/0.00 | Max Load: 7.0 | Load Gap: 1.0
Epoch [167/500] | Sampled: 265.28 | Baseline: 250.12 | Improvement: -15.16 | Win Rate: 0.00% | Actor Loss: -1.7947 | Entropy: 1.6943 | Invalid S/B: 0.00/0.00 | Max Load: 7.0 | Load Gap: 1.0
Epoch [168/500] | Sampled: 268.09 | Baseline: 249.94 | Improvement: -18.16 | Win Rate: 6.25% | Actor Loss: -2.0562 | Entropy: 1.6906 | Invalid S/B: 0.00/0.00 | Max Load: 7.0 | Load Gap: 1.0
Epoch [169/500] | Sampled: 266.19 | Baseline: 249.34 | Improvement: -16.84 | Win Rate: 0.00% | Actor Loss: -2.6142 | Entropy: 1.6910 | Invalid S/B: 0.00/0.00 | Max Load: 7.0 | Load Gap: 1.0
Epoch [170/500] | Sampled: 264.38 | Baseline: 248.38 | Improvement: -16.00 | Win Rate: 3.12% | Actor Loss: -1.7632 | Entropy: 1.6939 | Invalid S/B: 0.00/0.00 | Max Load: 7.0 | Load Gap: 1.0
Epoch [171/500] | Sampled: 264.28 | Baseline: 250.44 | Improvement: -13.84 | Win Rate: 6.25% | Actor Loss: -1.7907 | Entropy: 1.6686 | Invalid S/B: 0.00/0.00 | Max Load: 7.0 | Load Gap: 1.0
Epoch [172/500] | Sampled: 265.62 | Baseline: 251.06 | Improvement: -14.56 | Win Rate: 6.25% | Actor Loss: -1.8632 | Entropy: 1.6861 | Invalid S/B: 0.00/0.00 | Max Load: 7.0 | Load Gap: 1.0
Epoch [173/500] | Sampled: 265.56 | Baseline: 247.81 | Improvement: -17.75 | Win Rate: 3.12% | Actor Loss: -2.8530 | Entropy: 1.6919 | Invalid S/B: 0.00/0.00 | Max Load: 7.0 | Load Gap: 1.0
Epoch [174/500] | Sampled: 265.69 | Baseline: 250.25 | Improvement: -15.44 | Win Rate: 9.38% | Actor Loss: -0.4770 | Entropy: 1.6773 | Invalid S/B: 0.00/0.00 | Max Load: 7.0 | Load Gap: 1.0
Epoch [175/500] | Sampled: 266.78 | Baseline: 251.50 | Improvement: -15.28 | Win Rate: 3.12% | Actor Loss: -2.1692 | Entropy: 1.6840 | Invalid S/B: 0.00/0.00 | Max Load: 7.0 | Load Gap: 1.0
Epoch [176/500] | Sampled: 265.66 | Baseline: 251.25 | Improvement: -14.41 | Win Rate: 6.25% | Actor Loss: -1.1360 | Entropy: 1.6768 | Invalid S/B: 0.00/0.00 | Max Load: 7.0 | Load Gap: 1.0
Epoch [177/500] | Sampled: 268.31 | Baseline: 249.28 | Improvement: -19.03 | Win Rate: 0.00% | Actor Loss: -1.4867 | Entropy: 1.6676 | Invalid S/B: 0.00/0.00 | Max Load: 7.0 | Load Gap: 1.0
Epoch [178/500] | Sampled: 265.44 | Baseline: 250.94 | Improvement: -14.50 | Win Rate: 6.25% | Actor Loss: -1.1941 | Entropy: 1.6619 | Invalid S/B: 0.00/0.00 | Max Load: 7.0 | Load Gap: 1.0
Epoch [179/500] | Sampled: 260.28 | Baseline: 246.09 | Improvement: -14.19 | Win Rate: 6.25% | Actor Loss: -3.1113 | Entropy: 1.6521 | Invalid S/B: 0.00/0.00 | Max Load: 7.1 | Load Gap: 1.1
Epoch [180/500] | Sampled: 264.72 | Baseline: 247.59 | Improvement: -17.12 | Win Rate: 0.00% | Actor Loss: -1.2142 | Entropy: 1.7094 | Invalid S/B: 0.00/0.00 | Max Load: 7.0 | Load Gap: 1.0
Epoch [181/500] | Sampled: 266.69 | Baseline: 248.47 | Improvement: -18.22 | Win Rate: 0.00% | Actor Loss: -1.1417 | Entropy: 1.7094 | Invalid S/B: 0.00/0.00 | Max Load: 7.0 | Load Gap: 1.0
Epoch [182/500] | Sampled: 269.66 | Baseline: 251.78 | Improvement: -17.88 | Win Rate: 9.38% | Actor Loss: -2.4346 | Entropy: 1.7335 | Invalid S/B: 0.00/0.00 | Max Load: 7.0 | Load Gap: 1.0
Epoch [183/500] | Sampled: 267.44 | Baseline: 252.66 | Improvement: -14.78 | Win Rate: 3.12% | Actor Loss: -1.6567 | Entropy: 1.7446 | Invalid S/B: 0.00/0.00 | Max Load: 7.0 | Load Gap: 1.0
Epoch [184/500] | Sampled: 263.19 | Baseline: 247.22 | Improvement: -15.97 | Win Rate: 3.12% | Actor Loss: -0.6605 | Entropy: 1.7257 | Invalid S/B: 0.00/0.00 | Max Load: 7.0 | Load Gap: 1.0
Epoch [185/500] | Sampled: 264.69 | Baseline: 250.94 | Improvement: -13.75 | Win Rate: 6.25% | Actor Loss: -2.0566 | Entropy: 1.7686 | Invalid S/B: 0.00/0.00 | Max Load: 7.1 | Load Gap: 1.1
Epoch [186/500] | Sampled: 264.03 | Baseline: 247.12 | Improvement: -16.91 | Win Rate: 0.00% | Actor Loss: -2.7626 | Entropy: 1.7628 | Invalid S/B: 0.00/0.00 | Max Load: 7.0 | Load Gap: 1.0
Epoch [187/500] | Sampled: 271.09 | Baseline: 253.56 | Improvement: -17.53 | Win Rate: 6.25% | Actor Loss: -0.8578 | Entropy: 1.7513 | Invalid S/B: 0.00/0.00 | Max Load: 7.1 | Load Gap: 1.1
Epoch [188/500] | Sampled: 261.78 | Baseline: 250.66 | Improvement: -11.12 | Win Rate: 3.12% | Actor Loss: -2.9260 | Entropy: 1.7649 | Invalid S/B: 0.00/0.00 | Max Load: 7.0 | Load Gap: 1.0
Epoch [189/500] | Sampled: 268.31 | Baseline: 250.16 | Improvement: -18.16 | Win Rate: 3.12% | Actor Loss: -1.6844 | Entropy: 1.7759 | Invalid S/B: 0.00/0.00 | Max Load: 7.0 | Load Gap: 1.0
Epoch [190/500] | Sampled: 263.84 | Baseline: 250.81 | Improvement: -13.03 | Win Rate: 9.38% | Actor Loss: -1.2674 | Entropy: 1.7473 | Invalid S/B: 0.00/0.00 | Max Load: 7.0 | Load Gap: 1.0
Epoch [191/500] | Sampled: 263.03 | Baseline: 249.25 | Improvement: -13.78 | Win Rate: 3.12% | Actor Loss: -1.1756 | Entropy: 1.7186 | Invalid S/B: 0.00/0.00 | Max Load: 7.0 | Load Gap: 1.0
Epoch [192/500] | Sampled: 268.72 | Baseline: 250.44 | Improvement: -18.28 | Win Rate: 0.00% | Actor Loss: -1.5030 | Entropy: 1.7229 | Invalid S/B: 0.00/0.00 | Max Load: 7.0 | Load Gap: 1.0
Epoch [193/500] | Sampled: 268.66 | Baseline: 252.69 | Improvement: -15.97 | Win Rate: 6.25% | Actor Loss: -1.7939 | Entropy: 1.6922 | Invalid S/B: 0.00/0.00 | Max Load: 7.0 | Load Gap: 1.0
Epoch [194/500] | Sampled: 266.16 | Baseline: 249.72 | Improvement: -16.44 | Win Rate: 6.25% | Actor Loss: -2.1674 | Entropy: 1.6845 | Invalid S/B: 0.00/0.00 | Max Load: 7.1 | Load Gap: 1.1
Epoch [195/500] | Sampled: 263.88 | Baseline: 249.31 | Improvement: -14.56 | Win Rate: 3.12% | Actor Loss: -2.3314 | Entropy: 1.6731 | Invalid S/B: 0.00/0.00 | Max Load: 7.1 | Load Gap: 1.1
Epoch [196/500] | Sampled: 268.12 | Baseline: 246.31 | Improvement: -21.81 | Win Rate: 0.00% | Actor Loss: -3.8364 | Entropy: 1.6654 | Invalid S/B: 0.03/0.00 | Max Load: 7.0 | Load Gap: 1.0
Epoch [197/500] | Sampled: 264.88 | Baseline: 247.28 | Improvement: -17.59 | Win Rate: 3.12% | Actor Loss: -1.3836 | Entropy: 1.6876 | Invalid S/B: 0.00/0.00 | Max Load: 7.1 | Load Gap: 1.1
Epoch [198/500] | Sampled: 271.16 | Baseline: 250.72 | Improvement: -20.44 | Win Rate: 0.00% | Actor Loss: -2.3615 | Entropy: 1.7029 | Invalid S/B: 0.00/0.00 | Max Load: 7.0 | Load Gap: 1.0
Epoch [199/500] | Sampled: 265.81 | Baseline: 249.12 | Improvement: -16.69 | Win Rate: 3.12% | Actor Loss: -1.5605 | Entropy: 1.6821 | Invalid S/B: 0.00/0.00 | Max Load: 7.0 | Load Gap: 1.0
Epoch [200/500] | Sampled: 263.03 | Baseline: 246.44 | Improvement: -16.59 | Win Rate: 6.25% | Actor Loss: -1.4981 | Entropy: 1.6623 | Invalid S/B: 0.00/0.00 | Max Load: 7.0 | Load Gap: 1.0
   -> Validation | Samples: 50 | Makespan: 264.60 | Invalid Jobs: 0.00
   -> Saved updated training chart to /home/wei/AMR-DFJSP/Static_alogorithm/Attention/attention_training_metrics.png
Epoch [201/500] | Sampled: 265.25 | Baseline: 250.97 | Improvement: -14.28 | Win Rate: 6.25% | Actor Loss: -1.5650 | Entropy: 1.6329 | Invalid S/B: 0.00/0.00 | Max Load: 7.0 | Load Gap: 1.0
Epoch [202/500] | Sampled: 264.97 | Baseline: 246.62 | Improvement: -18.34 | Win Rate: 0.00% | Actor Loss: -1.1061 | Entropy: 1.6148 | Invalid S/B: 0.00/0.00 | Max Load: 7.0 | Load Gap: 1.0
Epoch [203/500] | Sampled: 266.47 | Baseline: 248.16 | Improvement: -18.31 | Win Rate: 3.12% | Actor Loss: -1.5697 | Entropy: 1.6131 | Invalid S/B: 0.00/0.00 | Max Load: 7.1 | Load Gap: 1.1
Epoch [204/500] | Sampled: 265.72 | Baseline: 249.91 | Improvement: -15.81 | Win Rate: 6.25% | Actor Loss: -1.9369 | Entropy: 1.5894 | Invalid S/B: 0.00/0.00 | Max Load: 7.1 | Load Gap: 1.1
Epoch [205/500] | Sampled: 266.47 | Baseline: 251.50 | Improvement: -14.97 | Win Rate: 3.12% | Actor Loss: -2.6268 | Entropy: 1.6002 | Invalid S/B: 0.00/0.00 | Max Load: 7.1 | Load Gap: 1.1
Epoch [206/500] | Sampled: 266.56 | Baseline: 249.12 | Improvement: -17.44 | Win Rate: 6.25% | Actor Loss: -3.1158 | Entropy: 1.5936 | Invalid S/B: 0.00/0.00 | Max Load: 7.0 | Load Gap: 1.0
Epoch [207/500] | Sampled: 267.19 | Baseline: 251.38 | Improvement: -15.81 | Win Rate: 0.00% | Actor Loss: -2.1019 | Entropy: 1.5909 | Invalid S/B: 0.00/0.00 | Max Load: 7.0 | Load Gap: 1.0
Epoch [208/500] | Sampled: 263.47 | Baseline: 249.03 | Improvement: -14.44 | Win Rate: 6.25% | Actor Loss: -3.0671 | Entropy: 1.5716 | Invalid S/B: 0.00/0.00 | Max Load: 7.0 | Load Gap: 1.0
Epoch [209/500] | Sampled: 267.81 | Baseline: 248.81 | Improvement: -19.00 | Win Rate: 3.12% | Actor Loss: -1.4245 | Entropy: 1.5923 | Invalid S/B: 0.00/0.00 | Max Load: 7.0 | Load Gap: 1.0
Epoch [210/500] | Sampled: 267.16 | Baseline: 249.97 | Improvement: -17.19 | Win Rate: 3.12% | Actor Loss: -1.5526 | Entropy: 1.5869 | Invalid S/B: 0.00/0.00 | Max Load: 7.0 | Load Gap: 1.0
Epoch [211/500] | Sampled: 267.28 | Baseline: 252.28 | Improvement: -15.00 | Win Rate: 3.12% | Actor Loss: -1.3546 | Entropy: 1.6114 | Invalid S/B: 0.00/0.00 | Max Load: 7.1 | Load Gap: 1.1
Epoch [212/500] | Sampled: 266.97 | Baseline: 248.44 | Improvement: -18.53 | Win Rate: 3.12% | Actor Loss: -1.2019 | Entropy: 1.5966 | Invalid S/B: 0.00/0.00 | Max Load: 7.1 | Load Gap: 1.1
Epoch [213/500] | Sampled: 261.75 | Baseline: 249.66 | Improvement: -12.09 | Win Rate: 9.38% | Actor Loss: -1.9381 | Entropy: 1.5879 | Invalid S/B: 0.00/0.00 | Max Load: 7.1 | Load Gap: 1.1
Epoch [214/500] | Sampled: 266.25 | Baseline: 250.22 | Improvement: -16.03 | Win Rate: 3.12% | Actor Loss: -2.4199 | Entropy: 1.6394 | Invalid S/B: 0.00/0.00 | Max Load: 7.0 | Load Gap: 1.0
Epoch [215/500] | Sampled: 266.50 | Baseline: 248.69 | Improvement: -17.81 | Win Rate: 0.00% | Actor Loss: -1.4229 | Entropy: 1.6483 | Invalid S/B: 0.00/0.00 | Max Load: 7.0 | Load Gap: 1.0
Epoch [216/500] | Sampled: 265.16 | Baseline: 251.16 | Improvement: -14.00 | Win Rate: 6.25% | Actor Loss: -2.3127 | Entropy: 1.6785 | Invalid S/B: 0.00/0.00 | Max Load: 7.0 | Load Gap: 1.0
Epoch [217/500] | Sampled: 265.94 | Baseline: 247.06 | Improvement: -18.88 | Win Rate: 6.25% | Actor Loss: -1.5386 | Entropy: 1.6507 | Invalid S/B: 0.00/0.00 | Max Load: 7.0 | Load Gap: 1.0
Epoch [218/500] | Sampled: 267.81 | Baseline: 249.56 | Improvement: -18.25 | Win Rate: 3.12% | Actor Loss: -1.4682 | Entropy: 1.6567 | Invalid S/B: 0.00/0.00 | Max Load: 7.0 | Load Gap: 1.0
Epoch [219/500] | Sampled: 265.62 | Baseline: 251.50 | Improvement: -14.12 | Win Rate: 3.12% | Actor Loss: -2.0906 | Entropy: 1.6707 | Invalid S/B: 0.00/0.00 | Max Load: 7.0 | Load Gap: 1.0
Epoch [220/500] | Sampled: 266.94 | Baseline: 251.94 | Improvement: -15.00 | Win Rate: 6.25% | Actor Loss: -3.0159 | Entropy: 1.6887 | Invalid S/B: 0.00/0.00 | Max Load: 7.0 | Load Gap: 1.0
Epoch [221/500] | Sampled: 267.50 | Baseline: 250.94 | Improvement: -16.56 | Win Rate: 12.50% | Actor Loss: -1.8000 | Entropy: 1.6981 | Invalid S/B: 0.03/0.00 | Max Load: 7.0 | Load Gap: 1.0
Epoch [222/500] | Sampled: 263.91 | Baseline: 248.50 | Improvement: -15.41 | Win Rate: 3.12% | Actor Loss: -0.6768 | Entropy: 1.7079 | Invalid S/B: 0.00/0.00 | Max Load: 7.0 | Load Gap: 1.0
Epoch [223/500] | Sampled: 268.78 | Baseline: 251.97 | Improvement: -16.81 | Win Rate: 0.00% | Actor Loss: -2.4047 | Entropy: 1.7567 | Invalid S/B: 0.00/0.00 | Max Load: 7.0 | Load Gap: 1.0
Epoch [224/500] | Sampled: 265.72 | Baseline: 250.38 | Improvement: -15.34 | Win Rate: 0.00% | Actor Loss: -0.7651 | Entropy: 1.7329 | Invalid S/B: 0.00/0.00 | Max Load: 7.0 | Load Gap: 1.0
Epoch [225/500] | Sampled: 266.41 | Baseline: 251.28 | Improvement: -15.12 | Win Rate: 12.50% | Actor Loss: -0.4104 | Entropy: 1.7501 | Invalid S/B: 0.00/0.00 | Max Load: 7.0 | Load Gap: 1.0
Epoch [226/500] | Sampled: 264.38 | Baseline: 251.78 | Improvement: -12.59 | Win Rate: 9.38% | Actor Loss: -1.7365 | Entropy: 1.7721 | Invalid S/B: 0.00/0.00 | Max Load: 7.0 | Load Gap: 1.0
Epoch [227/500] | Sampled: 263.97 | Baseline: 250.38 | Improvement: -13.59 | Win Rate: 9.38% | Actor Loss: -2.6688 | Entropy: 1.7549 | Invalid S/B: 0.00/0.00 | Max Load: 7.0 | Load Gap: 1.0
Epoch [228/500] | Sampled: 263.34 | Baseline: 246.09 | Improvement: -17.25 | Win Rate: 9.38% | Actor Loss: -2.4620 | Entropy: 1.7836 | Invalid S/B: 0.00/0.00 | Max Load: 7.0 | Load Gap: 1.0
Epoch [229/500] | Sampled: 263.91 | Baseline: 251.69 | Improvement: -12.22 | Win Rate: 6.25% | Actor Loss: -2.1836 | Entropy: 1.7969 | Invalid S/B: 0.00/0.00 | Max Load: 7.0 | Load Gap: 1.0
Epoch [230/500] | Sampled: 266.84 | Baseline: 251.41 | Improvement: -15.44 | Win Rate: 3.12% | Actor Loss: -2.9206 | Entropy: 1.8181 | Invalid S/B: 0.00/0.00 | Max Load: 7.0 | Load Gap: 1.0
Epoch [231/500] | Sampled: 268.19 | Baseline: 250.84 | Improvement: -17.34 | Win Rate: 3.12% | Actor Loss: -2.0519 | Entropy: 1.8165 | Invalid S/B: 0.00/0.00 | Max Load: 7.0 | Load Gap: 1.0
Epoch [232/500] | Sampled: 263.78 | Baseline: 251.09 | Improvement: -12.69 | Win Rate: 9.38% | Actor Loss: -3.7728 | Entropy: 1.7844 | Invalid S/B: 0.00/0.00 | Max Load: 7.0 | Load Gap: 1.0
Epoch [233/500] | Sampled: 264.72 | Baseline: 247.66 | Improvement: -17.06 | Win Rate: 3.12% | Actor Loss: -1.9751 | Entropy: 1.8116 | Invalid S/B: 0.00/0.00 | Max Load: 7.0 | Load Gap: 1.0
Epoch [234/500] | Sampled: 264.91 | Baseline: 248.81 | Improvement: -16.09 | Win Rate: 9.38% | Actor Loss: -2.4023 | Entropy: 1.8197 | Invalid S/B: 0.00/0.00 | Max Load: 7.0 | Load Gap: 1.0
Epoch [235/500] | Sampled: 264.75 | Baseline: 248.16 | Improvement: -16.59 | Win Rate: 9.38% | Actor Loss: -2.1997 | Entropy: 1.8163 | Invalid S/B: 0.00/0.00 | Max Load: 7.0 | Load Gap: 1.0
Epoch [236/500] | Sampled: 268.62 | Baseline: 250.59 | Improvement: -18.03 | Win Rate: 0.00% | Actor Loss: -2.0816 | Entropy: 1.8233 | Invalid S/B: 0.00/0.00 | Max Load: 7.0 | Load Gap: 1.0
Epoch [237/500] | Sampled: 262.41 | Baseline: 250.00 | Improvement: -12.41 | Win Rate: 9.38% | Actor Loss: -1.7425 | Entropy: 1.7884 | Invalid S/B: 0.00/0.00 | Max Load: 7.1 | Load Gap: 1.1
Epoch [238/500] | Sampled: 261.50 | Baseline: 246.41 | Improvement: -15.09 | Win Rate: 9.38% | Actor Loss: -3.3729 | Entropy: 1.8247 | Invalid S/B: 0.00/0.00 | Max Load: 7.0 | Load Gap: 1.0
Epoch [239/500] | Sampled: 265.22 | Baseline: 250.28 | Improvement: -14.94 | Win Rate: 6.25% | Actor Loss: -2.0674 | Entropy: 1.8234 | Invalid S/B: 0.00/0.00 | Max Load: 7.1 | Load Gap: 1.1
Epoch [240/500] | Sampled: 266.25 | Baseline: 248.84 | Improvement: -17.41 | Win Rate: 0.00% | Actor Loss: -2.7381 | Entropy: 1.8379 | Invalid S/B: 0.00/0.00 | Max Load: 7.0 | Load Gap: 1.0
Epoch [241/500] | Sampled: 264.62 | Baseline: 250.00 | Improvement: -14.62 | Win Rate: 9.38% | Actor Loss: -2.7355 | Entropy: 1.8392 | Invalid S/B: 0.00/0.00 | Max Load: 7.0 | Load Gap: 1.0
Epoch [242/500] | Sampled: 266.12 | Baseline: 250.56 | Improvement: -15.56 | Win Rate: 6.25% | Actor Loss: -2.2831 | Entropy: 1.8607 | Invalid S/B: 0.00/0.00 | Max Load: 7.1 | Load Gap: 1.1
Epoch [243/500] | Sampled: 263.28 | Baseline: 247.88 | Improvement: -15.41 | Win Rate: 6.25% | Actor Loss: -2.2550 | Entropy: 1.8431 | Invalid S/B: 0.00/0.00 | Max Load: 7.0 | Load Gap: 1.0
Epoch [244/500] | Sampled: 265.34 | Baseline: 248.28 | Improvement: -17.06 | Win Rate: 3.12% | Actor Loss: -1.6799 | Entropy: 1.8545 | Invalid S/B: 0.00/0.00 | Max Load: 7.0 | Load Gap: 1.0
Epoch [245/500] | Sampled: 265.81 | Baseline: 250.19 | Improvement: -15.62 | Win Rate: 3.12% | Actor Loss: -1.4048 | Entropy: 1.8586 | Invalid S/B: 0.00/0.00 | Max Load: 7.0 | Load Gap: 1.0
Epoch [246/500] | Sampled: 264.75 | Baseline: 248.81 | Improvement: -15.94 | Win Rate: 3.12% | Actor Loss: -1.8771 | Entropy: 1.8809 | Invalid S/B: 0.00/0.00 | Max Load: 7.0 | Load Gap: 1.0
Epoch [247/500] | Sampled: 266.47 | Baseline: 250.94 | Improvement: -15.53 | Win Rate: 0.00% | Actor Loss: -3.0313 | Entropy: 1.8690 | Invalid S/B: 0.00/0.00 | Max Load: 7.0 | Load Gap: 1.0
Epoch [248/500] | Sampled: 265.62 | Baseline: 248.47 | Improvement: -17.16 | Win Rate: 3.12% | Actor Loss: -1.0278 | Entropy: 1.8829 | Invalid S/B: 0.00/0.00 | Max Load: 7.1 | Load Gap: 1.1
Epoch [249/500] | Sampled: 266.09 | Baseline: 250.41 | Improvement: -15.69 | Win Rate: 3.12% | Actor Loss: -2.4152 | Entropy: 1.9111 | Invalid S/B: 0.00/0.00 | Max Load: 7.1 | Load Gap: 1.1
Epoch [250/500] | Sampled: 268.56 | Baseline: 250.72 | Improvement: -17.84 | Win Rate: 0.00% | Actor Loss: -2.5120 | Entropy: 1.9036 | Invalid S/B: 0.00/0.00 | Max Load: 7.0 | Load Gap: 1.0
   -> Validation | Samples: 50 | Makespan: 267.32 | Invalid Jobs: 0.00
Epoch [251/500] | Sampled: 266.78 | Baseline: 246.28 | Improvement: -20.50 | Win Rate: 0.00% | Actor Loss: -1.7915 | Entropy: 1.8993 | Invalid S/B: 0.00/0.00 | Max Load: 7.1 | Load Gap: 1.1
Epoch [252/500] | Sampled: 267.16 | Baseline: 247.25 | Improvement: -19.91 | Win Rate: 0.00% | Actor Loss: -2.2181 | Entropy: 1.9126 | Invalid S/B: 0.00/0.00 | Max Load: 7.0 | Load Gap: 1.1
Epoch [253/500] | Sampled: 270.75 | Baseline: 248.12 | Improvement: -22.62 | Win Rate: 3.12% | Actor Loss: -2.1584 | Entropy: 1.9001 | Invalid S/B: 0.00/0.00 | Max Load: 7.1 | Load Gap: 1.1
Epoch [254/500] | Sampled: 269.44 | Baseline: 253.47 | Improvement: -15.97 | Win Rate: 9.38% | Actor Loss: -2.2462 | Entropy: 1.8884 | Invalid S/B: 0.00/0.00 | Max Load: 7.0 | Load Gap: 1.0
Epoch [255/500] | Sampled: 269.44 | Baseline: 247.59 | Improvement: -21.84 | Win Rate: 3.12% | Actor Loss: -1.0991 | Entropy: 1.8876 | Invalid S/B: 0.00/0.00 | Max Load: 7.0 | Load Gap: 1.0
Epoch [256/500] | Sampled: 267.34 | Baseline: 247.81 | Improvement: -19.53 | Win Rate: 0.00% | Actor Loss: -2.7451 | Entropy: 1.8894 | Invalid S/B: 0.00/0.00 | Max Load: 7.0 | Load Gap: 1.0
Epoch [257/500] | Sampled: 269.88 | Baseline: 250.78 | Improvement: -19.09 | Win Rate: 3.12% | Actor Loss: -1.4032 | Entropy: 1.9042 | Invalid S/B: 0.00/0.00 | Max Load: 7.1 | Load Gap: 1.1
Epoch [258/500] | Sampled: 269.88 | Baseline: 252.56 | Improvement: -17.31 | Win Rate: 9.38% | Actor Loss: -1.4074 | Entropy: 1.9101 | Invalid S/B: 0.00/0.00 | Max Load: 7.1 | Load Gap: 1.1
Epoch [259/500] | Sampled: 273.66 | Baseline: 253.72 | Improvement: -19.94 | Win Rate: 3.12% | Actor Loss: -1.7170 | Entropy: 1.9142 | Invalid S/B: 0.00/0.00 | Max Load: 7.1 | Load Gap: 1.2
Epoch [260/500] | Sampled: 277.94 | Baseline: 246.94 | Improvement: -31.00 | Win Rate: 3.12% | Actor Loss: -1.4912 | Entropy: 1.8589 | Invalid S/B: 0.03/0.00 | Max Load: 7.2 | Load Gap: 1.2
Epoch [261/500] | Sampled: 277.12 | Baseline: 251.16 | Improvement: -25.97 | Win Rate: 3.12% | Actor Loss: -0.5139 | Entropy: 1.9223 | Invalid S/B: 0.00/0.00 | Max Load: 7.2 | Load Gap: 1.2
Epoch [262/500] | Sampled: 283.31 | Baseline: 251.22 | Improvement: -32.09 | Win Rate: 0.00% | Actor Loss: -1.5268 | Entropy: 1.9155 | Invalid S/B: 0.00/0.00 | Max Load: 7.3 | Load Gap: 1.3
Epoch [263/500] | Sampled: 276.34 | Baseline: 247.97 | Improvement: -28.38 | Win Rate: 0.00% | Actor Loss: -2.0710 | Entropy: 1.9310 | Invalid S/B: 0.00/0.00 | Max Load: 7.1 | Load Gap: 1.2
Epoch [264/500] | Sampled: 288.81 | Baseline: 247.84 | Improvement: -40.97 | Win Rate: 0.00% | Actor Loss: -0.6752 | Entropy: 1.9362 | Invalid S/B: 0.03/0.00 | Max Load: 7.5 | Load Gap: 1.7
Epoch [265/500] | Sampled: 293.91 | Baseline: 247.53 | Improvement: -46.38 | Win Rate: 0.00% | Actor Loss: -1.6442 | Entropy: 1.9003 | Invalid S/B: 0.00/0.00 | Max Load: 7.6 | Load Gap: 1.9
Epoch [266/500] | Sampled: 304.25 | Baseline: 248.66 | Improvement: -55.59 | Win Rate: 0.00% | Actor Loss: -0.1427 | Entropy: 1.9227 | Invalid S/B: 0.00/0.00 | Max Load: 7.5 | Load Gap: 1.8
Epoch [267/500] | Sampled: 312.81 | Baseline: 249.69 | Improvement: -63.12 | Win Rate: 0.00% | Actor Loss: -1.9664 | Entropy: 1.8900 | Invalid S/B: 0.00/0.00 | Max Load: 7.5 | Load Gap: 1.9
Epoch [268/500] | Sampled: 310.88 | Baseline: 247.12 | Improvement: -63.75 | Win Rate: 0.00% | Actor Loss: 0.4367 | Entropy: 1.9057 | Invalid S/B: 0.03/0.00 | Max Load: 7.7 | Load Gap: 2.1
Epoch [269/500] | Sampled: 319.69 | Baseline: 250.59 | Improvement: -69.09 | Win Rate: 0.00% | Actor Loss: -1.6048 | Entropy: 1.9130 | Invalid S/B: 0.00/0.00 | Max Load: 7.6 | Load Gap: 1.9
Epoch [270/500] | Sampled: 327.69 | Baseline: 247.94 | Improvement: -79.75 | Win Rate: 0.00% | Actor Loss: -0.5720 | Entropy: 1.9851 | Invalid S/B: 0.00/0.00 | Max Load: 7.9 | Load Gap: 2.8
Epoch [271/500] | Sampled: 323.19 | Baseline: 247.69 | Improvement: -75.50 | Win Rate: 0.00% | Actor Loss: 0.1141 | Entropy: 1.9398 | Invalid S/B: 0.06/0.00 | Max Load: 7.9 | Load Gap: 2.6
Epoch [272/500] | Sampled: 328.53 | Baseline: 248.56 | Improvement: -79.97 | Win Rate: 0.00% | Actor Loss: 0.4332 | Entropy: 1.9420 | Invalid S/B: 0.03/0.00 | Max Load: 8.3 | Load Gap: 3.2
Epoch [273/500] | Sampled: 328.47 | Baseline: 248.84 | Improvement: -79.62 | Win Rate: 0.00% | Actor Loss: 0.1873 | Entropy: 1.9685 | Invalid S/B: 0.12/0.00 | Max Load: 8.4 | Load Gap: 3.2
Epoch [274/500] | Sampled: 330.84 | Baseline: 249.09 | Improvement: -81.75 | Win Rate: 0.00% | Actor Loss: -0.3844 | Entropy: 1.9526 | Invalid S/B: 0.03/0.00 | Max Load: 8.4 | Load Gap: 3.1
Epoch [275/500] | Sampled: 319.22 | Baseline: 249.22 | Improvement: -70.00 | Win Rate: 0.00% | Actor Loss: -0.1850 | Entropy: 1.9574 | Invalid S/B: 0.09/0.00 | Max Load: 8.4 | Load Gap: 3.2
Epoch [276/500] | Sampled: 328.78 | Baseline: 251.53 | Improvement: -77.25 | Win Rate: 0.00% | Actor Loss: 1.1600 | Entropy: 1.9705 | Invalid S/B: 0.00/0.00 | Max Load: 8.6 | Load Gap: 3.6
Epoch [277/500] | Sampled: 315.56 | Baseline: 247.84 | Improvement: -67.72 | Win Rate: 3.12% | Actor Loss: 0.5971 | Entropy: 1.9852 | Invalid S/B: 0.06/0.00 | Max Load: 8.2 | Load Gap: 2.9
Epoch [278/500] | Sampled: 302.62 | Baseline: 250.22 | Improvement: -52.41 | Win Rate: 6.25% | Actor Loss: -0.5303 | Entropy: 2.0063 | Invalid S/B: 0.03/0.00 | Max Load: 7.8 | Load Gap: 2.2
Epoch [279/500] | Sampled: 294.25 | Baseline: 251.69 | Improvement: -42.56 | Win Rate: 3.12% | Actor Loss: -0.4430 | Entropy: 2.0141 | Invalid S/B: 0.03/0.00 | Max Load: 7.7 | Load Gap: 2.0
Epoch [280/500] | Sampled: 280.38 | Baseline: 249.28 | Improvement: -31.09 | Win Rate: 0.00% | Actor Loss: -1.2516 | Entropy: 1.9900 | Invalid S/B: 0.00/0.00 | Max Load: 7.4 | Load Gap: 1.7
Epoch [281/500] | Sampled: 295.12 | Baseline: 249.41 | Improvement: -45.72 | Win Rate: 0.00% | Actor Loss: 0.0028 | Entropy: 1.9599 | Invalid S/B: 0.00/0.00 | Max Load: 7.8 | Load Gap: 2.2
Epoch [282/500] | Sampled: 294.72 | Baseline: 246.56 | Improvement: -48.16 | Win Rate: 3.12% | Actor Loss: -0.6365 | Entropy: 1.9558 | Invalid S/B: 0.00/0.00 | Max Load: 7.6 | Load Gap: 2.0
Epoch [283/500] | Sampled: 324.44 | Baseline: 254.56 | Improvement: -69.88 | Win Rate: 6.25% | Actor Loss: 0.8517 | Entropy: 1.9391 | Invalid S/B: 0.12/0.00 | Max Load: 8.4 | Load Gap: 3.4
Epoch [284/500] | Sampled: 325.12 | Baseline: 251.88 | Improvement: -73.25 | Win Rate: 0.00% | Actor Loss: 1.5018 | Entropy: 1.9041 | Invalid S/B: 0.06/0.00 | Max Load: 8.6 | Load Gap: 3.4
Epoch [285/500] | Sampled: 343.12 | Baseline: 250.34 | Improvement: -92.78 | Win Rate: 0.00% | Actor Loss: -0.3624 | Entropy: 1.8637 | Invalid S/B: 0.03/0.00 | Max Load: 8.9 | Load Gap: 4.4
Epoch [286/500] | Sampled: 371.31 | Baseline: 248.56 | Improvement: -122.75 | Win Rate: 0.00% | Actor Loss: 0.6767 | Entropy: 1.8978 | Invalid S/B: 0.19/0.00 | Max Load: 9.4 | Load Gap: 5.1
Epoch [287/500] | Sampled: 364.34 | Baseline: 250.00 | Improvement: -114.34 | Win Rate: 0.00% | Actor Loss: 0.0612 | Entropy: 1.9826 | Invalid S/B: 0.12/0.00 | Max Load: 9.4 | Load Gap: 5.2
Epoch [288/500] | Sampled: 410.88 | Baseline: 248.91 | Improvement: -161.97 | Win Rate: 0.00% | Actor Loss: -0.6296 | Entropy: 1.9695 | Invalid S/B: 0.31/0.00 | Max Load: 10.8 | Load Gap: 6.7
Epoch [289/500] | Sampled: 369.25 | Baseline: 252.81 | Improvement: -116.44 | Win Rate: 0.00% | Actor Loss: 0.5361 | Entropy: 2.0043 | Invalid S/B: 0.09/0.00 | Max Load: 9.4 | Load Gap: 5.1
Epoch [290/500] | Sampled: 374.50 | Baseline: 252.69 | Improvement: -121.81 | Win Rate: 0.00% | Actor Loss: -0.1843 | Entropy: 1.9953 | Invalid S/B: 0.12/0.00 | Max Load: 9.7 | Load Gap: 5.2
Epoch [291/500] | Sampled: 366.19 | Baseline: 246.91 | Improvement: -119.28 | Win Rate: 0.00% | Actor Loss: -0.8069 | Entropy: 2.0356 | Invalid S/B: 0.09/0.00 | Max Load: 9.3 | Load Gap: 4.8
Epoch [292/500] | Sampled: 353.00 | Baseline: 250.22 | Improvement: -102.78 | Win Rate: 0.00% | Actor Loss: -0.4790 | Entropy: 2.0772 | Invalid S/B: 0.03/0.00 | Max Load: 9.1 | Load Gap: 4.2
Epoch [293/500] | Sampled: 357.34 | Baseline: 253.12 | Improvement: -104.22 | Win Rate: 0.00% | Actor Loss: -1.6135 | Entropy: 2.1153 | Invalid S/B: 0.03/0.00 | Max Load: 9.0 | Load Gap: 4.1
Epoch [294/500] | Sampled: 368.12 | Baseline: 245.34 | Improvement: -122.78 | Win Rate: 0.00% | Actor Loss: 0.1094 | Entropy: 2.0998 | Invalid S/B: 0.09/0.00 | Max Load: 9.4 | Load Gap: 4.9
Epoch [295/500] | Sampled: 372.88 | Baseline: 251.31 | Improvement: -121.56 | Win Rate: 0.00% | Actor Loss: -0.9087 | Entropy: 2.1198 | Invalid S/B: 0.09/0.00 | Max Load: 9.1 | Load Gap: 4.7
Epoch [296/500] | Sampled: 349.81 | Baseline: 251.94 | Improvement: -97.88 | Win Rate: 3.12% | Actor Loss: 0.4949 | Entropy: 2.1754 | Invalid S/B: 0.03/0.00 | Max Load: 8.7 | Load Gap: 3.8
Epoch [297/500] | Sampled: 330.47 | Baseline: 250.19 | Improvement: -80.28 | Win Rate: 0.00% | Actor Loss: -1.2291 | Entropy: 2.1479 | Invalid S/B: 0.06/0.00 | Max Load: 8.3 | Load Gap: 3.3
Epoch [298/500] | Sampled: 329.56 | Baseline: 249.00 | Improvement: -80.56 | Win Rate: 0.00% | Actor Loss: -0.8040 | Entropy: 2.1827 | Invalid S/B: 0.06/0.00 | Max Load: 8.3 | Load Gap: 3.4
Epoch [299/500] | Sampled: 360.66 | Baseline: 248.88 | Improvement: -111.78 | Win Rate: 0.00% | Actor Loss: -0.5856 | Entropy: 2.1566 | Invalid S/B: 0.06/0.00 | Max Load: 9.0 | Load Gap: 4.4
Epoch [300/500] | Sampled: 343.66 | Baseline: 250.75 | Improvement: -92.91 | Win Rate: 0.00% | Actor Loss: -0.4749 | Entropy: 2.1865 | Invalid S/B: 0.06/0.00 | Max Load: 8.1 | Load Gap: 3.1
   -> Validation | Samples: 50 | Makespan: 298.80 | Invalid Jobs: 0.00
   -> Saved updated training chart to /home/wei/AMR-DFJSP/Static_alogorithm/Attention/attention_training_metrics.png
Epoch [301/500] | Sampled: 345.28 | Baseline: 252.50 | Improvement: -92.78 | Win Rate: 0.00% | Actor Loss: -2.1114 | Entropy: 2.1784 | Invalid S/B: 0.06/0.00 | Max Load: 8.4 | Load Gap: 3.5
Epoch [302/500] | Sampled: 343.75 | Baseline: 250.25 | Improvement: -93.50 | Win Rate: 0.00% | Actor Loss: -1.4930 | Entropy: 2.1014 | Invalid S/B: 0.12/0.00 | Max Load: 8.5 | Load Gap: 3.4
Epoch [303/500] | Sampled: 361.62 | Baseline: 251.03 | Improvement: -110.59 | Win Rate: 0.00% | Actor Loss: -0.4854 | Entropy: 2.0913 | Invalid S/B: 0.03/0.00 | Max Load: 8.6 | Load Gap: 4.0
Epoch [304/500] | Sampled: 354.66 | Baseline: 249.50 | Improvement: -105.16 | Win Rate: 0.00% | Actor Loss: -1.9820 | Entropy: 2.0642 | Invalid S/B: 0.06/0.00 | Max Load: 8.3 | Load Gap: 3.2
Epoch [305/500] | Sampled: 377.38 | Baseline: 249.19 | Improvement: -128.19 | Win Rate: 0.00% | Actor Loss: -1.8855 | Entropy: 2.0282 | Invalid S/B: 0.16/0.00 | Max Load: 9.2 | Load Gap: 4.6
Epoch [306/500] | Sampled: 353.72 | Baseline: 251.28 | Improvement: -102.44 | Win Rate: 0.00% | Actor Loss: -1.0997 | Entropy: 2.0164 | Invalid S/B: 0.16/0.00 | Max Load: 8.8 | Load Gap: 4.2
Epoch [307/500] | Sampled: 342.12 | Baseline: 249.00 | Improvement: -93.12 | Win Rate: 0.00% | Actor Loss: -1.8240 | Entropy: 1.9874 | Invalid S/B: 0.12/0.00 | Max Load: 8.4 | Load Gap: 3.2
Epoch [308/500] | Sampled: 344.72 | Baseline: 249.59 | Improvement: -95.12 | Win Rate: 0.00% | Actor Loss: -1.8644 | Entropy: 2.0265 | Invalid S/B: 0.03/0.00 | Max Load: 8.7 | Load Gap: 3.8
Epoch [309/500] | Sampled: 321.59 | Baseline: 250.06 | Improvement: -71.53 | Win Rate: 0.00% | Actor Loss: -1.5644 | Entropy: 2.0116 | Invalid S/B: 0.12/0.00 | Max Load: 7.8 | Load Gap: 2.4
Epoch [310/500] | Sampled: 302.34 | Baseline: 250.09 | Improvement: -52.25 | Win Rate: 0.00% | Actor Loss: -0.7816 | Entropy: 2.0584 | Invalid S/B: 0.00/0.00 | Max Load: 7.4 | Load Gap: 1.6
Epoch [311/500] | Sampled: 288.69 | Baseline: 251.69 | Improvement: -37.00 | Win Rate: 0.00% | Actor Loss: -0.7007 | Entropy: 2.0607 | Invalid S/B: 0.00/0.00 | Max Load: 7.2 | Load Gap: 1.3
Epoch [312/500] | Sampled: 284.72 | Baseline: 252.94 | Improvement: -31.78 | Win Rate: 0.00% | Actor Loss: -0.3852 | Entropy: 2.0075 | Invalid S/B: 0.00/0.00 | Max Load: 7.2 | Load Gap: 1.3
Epoch [313/500] | Sampled: 277.94 | Baseline: 248.66 | Improvement: -29.28 | Win Rate: 0.00% | Actor Loss: -0.2093 | Entropy: 2.0275 | Invalid S/B: 0.00/0.00 | Max Load: 7.1 | Load Gap: 1.2
Epoch [314/500] | Sampled: 278.44 | Baseline: 251.41 | Improvement: -27.03 | Win Rate: 3.12% | Actor Loss: 0.1649 | Entropy: 2.0319 | Invalid S/B: 0.00/0.00 | Max Load: 7.1 | Load Gap: 1.1
Epoch [315/500] | Sampled: 280.38 | Baseline: 251.47 | Improvement: -28.91 | Win Rate: 3.12% | Actor Loss: -1.4756 | Entropy: 2.0575 | Invalid S/B: 0.03/0.00 | Max Load: 7.1 | Load Gap: 1.2
Epoch [316/500] | Sampled: 278.44 | Baseline: 249.44 | Improvement: -29.00 | Win Rate: 3.12% | Actor Loss: -1.9383 | Entropy: 2.0023 | Invalid S/B: 0.00/0.00 | Max Load: 7.1 | Load Gap: 1.1
Epoch [317/500] | Sampled: 279.78 | Baseline: 246.91 | Improvement: -32.88 | Win Rate: 0.00% | Actor Loss: -1.3874 | Entropy: 1.9957 | Invalid S/B: 0.00/0.00 | Max Load: 7.2 | Load Gap: 1.3
Epoch [318/500] | Sampled: 279.78 | Baseline: 253.22 | Improvement: -26.56 | Win Rate: 0.00% | Actor Loss: -1.2666 | Entropy: 2.0124 | Invalid S/B: 0.03/0.00 | Max Load: 7.1 | Load Gap: 1.2
Epoch [319/500] | Sampled: 285.03 | Baseline: 250.41 | Improvement: -34.62 | Win Rate: 3.12% | Actor Loss: -2.1564 | Entropy: 1.9814 | Invalid S/B: 0.00/0.00 | Max Load: 7.2 | Load Gap: 1.2
Epoch [320/500] | Sampled: 288.53 | Baseline: 252.00 | Improvement: -36.53 | Win Rate: 6.25% | Actor Loss: -1.1306 | Entropy: 1.9805 | Invalid S/B: 0.03/0.00 | Max Load: 7.4 | Load Gap: 1.7
Epoch [321/500] | Sampled: 286.06 | Baseline: 249.75 | Improvement: -36.31 | Win Rate: 0.00% | Actor Loss: -2.1229 | Entropy: 1.9795 | Invalid S/B: 0.03/0.00 | Max Load: 7.4 | Load Gap: 1.6
Epoch [322/500] | Sampled: 285.06 | Baseline: 251.81 | Improvement: -33.25 | Win Rate: 0.00% | Actor Loss: -2.1571 | Entropy: 1.9382 | Invalid S/B: 0.00/0.00 | Max Load: 7.2 | Load Gap: 1.4
Epoch [323/500] | Sampled: 280.62 | Baseline: 249.00 | Improvement: -31.62 | Win Rate: 3.12% | Actor Loss: -2.4021 | Entropy: 1.9315 | Invalid S/B: 0.00/0.00 | Max Load: 7.4 | Load Gap: 1.7
Epoch [324/500] | Sampled: 277.22 | Baseline: 245.66 | Improvement: -31.56 | Win Rate: 0.00% | Actor Loss: -1.7642 | Entropy: 1.9510 | Invalid S/B: 0.00/0.00 | Max Load: 7.1 | Load Gap: 1.2
Epoch [325/500] | Sampled: 282.56 | Baseline: 248.53 | Improvement: -34.03 | Win Rate: 0.00% | Actor Loss: -2.5215 | Entropy: 1.9112 | Invalid S/B: 0.03/0.00 | Max Load: 7.3 | Load Gap: 1.5
Epoch [326/500] | Sampled: 281.12 | Baseline: 245.56 | Improvement: -35.56 | Win Rate: 0.00% | Actor Loss: -2.3459 | Entropy: 1.8943 | Invalid S/B: 0.00/0.00 | Max Load: 7.3 | Load Gap: 1.4
Epoch [327/500] | Sampled: 275.16 | Baseline: 249.09 | Improvement: -26.06 | Win Rate: 0.00% | Actor Loss: -0.7720 | Entropy: 1.9091 | Invalid S/B: 0.00/0.00 | Max Load: 7.1 | Load Gap: 1.1
Epoch [328/500] | Sampled: 273.97 | Baseline: 245.28 | Improvement: -28.69 | Win Rate: 0.00% | Actor Loss: -1.2370 | Entropy: 1.9090 | Invalid S/B: 0.00/0.00 | Max Load: 7.1 | Load Gap: 1.2
Epoch [329/500] | Sampled: 273.38 | Baseline: 251.62 | Improvement: -21.75 | Win Rate: 3.12% | Actor Loss: -3.1836 | Entropy: 1.9052 | Invalid S/B: 0.00/0.00 | Max Load: 7.1 | Load Gap: 1.1
Epoch [330/500] | Sampled: 273.94 | Baseline: 252.53 | Improvement: -21.41 | Win Rate: 0.00% | Actor Loss: -1.6784 | Entropy: 1.9097 | Invalid S/B: 0.00/0.00 | Max Load: 7.0 | Load Gap: 1.0
Epoch [331/500] | Sampled: 270.59 | Baseline: 252.66 | Improvement: -17.94 | Win Rate: 0.00% | Actor Loss: -1.9518 | Entropy: 1.9268 | Invalid S/B: 0.00/0.00 | Max Load: 7.0 | Load Gap: 1.1
Epoch [332/500] | Sampled: 272.84 | Baseline: 251.44 | Improvement: -21.41 | Win Rate: 6.25% | Actor Loss: -0.8765 | Entropy: 1.9064 | Invalid S/B: 0.03/0.00 | Max Load: 7.1 | Load Gap: 1.2
Epoch [333/500] | Sampled: 272.50 | Baseline: 246.12 | Improvement: -26.38 | Win Rate: 0.00% | Actor Loss: -0.8298 | Entropy: 1.8823 | Invalid S/B: 0.00/0.00 | Max Load: 7.1 | Load Gap: 1.2
Epoch [334/500] | Sampled: 271.03 | Baseline: 249.25 | Improvement: -21.78 | Win Rate: 0.00% | Actor Loss: -2.1048 | Entropy: 1.8967 | Invalid S/B: 0.00/0.00 | Max Load: 7.1 | Load Gap: 1.1
Epoch [335/500] | Sampled: 275.31 | Baseline: 249.88 | Improvement: -25.44 | Win Rate: 0.00% | Actor Loss: -1.9898 | Entropy: 1.8833 | Invalid S/B: 0.00/0.00 | Max Load: 7.2 | Load Gap: 1.3
Epoch [336/500] | Sampled: 268.22 | Baseline: 250.41 | Improvement: -17.81 | Win Rate: 0.00% | Actor Loss: -2.9503 | Entropy: 1.8654 | Invalid S/B: 0.00/0.00 | Max Load: 7.0 | Load Gap: 1.0
Epoch [337/500] | Sampled: 272.97 | Baseline: 249.34 | Improvement: -23.62 | Win Rate: 6.25% | Actor Loss: -1.1776 | Entropy: 1.8663 | Invalid S/B: 0.00/0.00 | Max Load: 7.1 | Load Gap: 1.1
Epoch [338/500] | Sampled: 272.75 | Baseline: 248.81 | Improvement: -23.94 | Win Rate: 0.00% | Actor Loss: -2.3226 | Entropy: 1.8665 | Invalid S/B: 0.00/0.00 | Max Load: 7.0 | Load Gap: 1.0
Epoch [339/500] | Sampled: 272.72 | Baseline: 249.75 | Improvement: -22.97 | Win Rate: 0.00% | Actor Loss: -1.4336 | Entropy: 1.8451 | Invalid S/B: 0.00/0.00 | Max Load: 7.1 | Load Gap: 1.1
Epoch [340/500] | Sampled: 269.12 | Baseline: 245.66 | Improvement: -23.47 | Win Rate: 0.00% | Actor Loss: -2.1853 | Entropy: 1.8473 | Invalid S/B: 0.00/0.00 | Max Load: 7.0 | Load Gap: 1.0
Epoch [341/500] | Sampled: 273.31 | Baseline: 247.66 | Improvement: -25.66 | Win Rate: 0.00% | Actor Loss: -2.0665 | Entropy: 1.8762 | Invalid S/B: 0.00/0.00 | Max Load: 7.0 | Load Gap: 1.0
Epoch [342/500] | Sampled: 272.88 | Baseline: 248.66 | Improvement: -24.22 | Win Rate: 0.00% | Actor Loss: -0.7837 | Entropy: 1.8732 | Invalid S/B: 0.00/0.00 | Max Load: 7.1 | Load Gap: 1.1
Epoch [343/500] | Sampled: 271.66 | Baseline: 250.81 | Improvement: -20.84 | Win Rate: 3.12% | Actor Loss: -1.4475 | Entropy: 1.8719 | Invalid S/B: 0.00/0.00 | Max Load: 7.1 | Load Gap: 1.1
Epoch [344/500] | Sampled: 271.19 | Baseline: 246.72 | Improvement: -24.47 | Win Rate: 0.00% | Actor Loss: -2.3739 | Entropy: 1.8700 | Invalid S/B: 0.00/0.00 | Max Load: 7.1 | Load Gap: 1.1
Epoch [345/500] | Sampled: 266.81 | Baseline: 246.38 | Improvement: -20.44 | Win Rate: 0.00% | Actor Loss: -2.2053 | Entropy: 1.8716 | Invalid S/B: 0.00/0.00 | Max Load: 7.0 | Load Gap: 1.0
Epoch [346/500] | Sampled: 269.62 | Baseline: 245.91 | Improvement: -23.72 | Win Rate: 3.12% | Actor Loss: -2.3005 | Entropy: 1.8864 | Invalid S/B: 0.00/0.00 | Max Load: 7.1 | Load Gap: 1.1
Epoch [347/500] | Sampled: 276.41 | Baseline: 249.66 | Improvement: -26.75 | Win Rate: 0.00% | Actor Loss: -1.8285 | Entropy: 1.8862 | Invalid S/B: 0.00/0.00 | Max Load: 7.2 | Load Gap: 1.2
Epoch [348/500] | Sampled: 268.03 | Baseline: 246.91 | Improvement: -21.12 | Win Rate: 3.12% | Actor Loss: -1.4993 | Entropy: 1.8960 | Invalid S/B: 0.00/0.00 | Max Load: 7.1 | Load Gap: 1.2
Epoch [349/500] | Sampled: 265.78 | Baseline: 248.59 | Improvement: -17.19 | Win Rate: 9.38% | Actor Loss: -1.6366 | Entropy: 1.9173 | Invalid S/B: 0.00/0.00 | Max Load: 7.1 | Load Gap: 1.1
Epoch [350/500] | Sampled: 264.28 | Baseline: 247.09 | Improvement: -17.19 | Win Rate: 3.12% | Actor Loss: -1.5943 | Entropy: 1.9028 | Invalid S/B: 0.00/0.00 | Max Load: 7.1 | Load Gap: 1.1
   -> Validation | Samples: 50 | Makespan: 266.98 | Invalid Jobs: 0.00
Epoch [351/500] | Sampled: 272.16 | Baseline: 248.38 | Improvement: -23.78 | Win Rate: 0.00% | Actor Loss: -1.0109 | Entropy: 1.8956 | Invalid S/B: 0.00/0.00 | Max Load: 7.1 | Load Gap: 1.2
Epoch [352/500] | Sampled: 270.44 | Baseline: 251.19 | Improvement: -19.25 | Win Rate: 6.25% | Actor Loss: -1.9422 | Entropy: 1.8891 | Invalid S/B: 0.00/0.00 | Max Load: 7.0 | Load Gap: 1.1
Epoch [353/500] | Sampled: 267.19 | Baseline: 246.81 | Improvement: -20.38 | Win Rate: 0.00% | Actor Loss: -2.3170 | Entropy: 1.8834 | Invalid S/B: 0.00/0.00 | Max Load: 7.0 | Load Gap: 1.0
Epoch [354/500] | Sampled: 268.91 | Baseline: 247.38 | Improvement: -21.53 | Win Rate: 0.00% | Actor Loss: -1.6219 | Entropy: 1.8828 | Invalid S/B: 0.00/0.00 | Max Load: 7.0 | Load Gap: 1.0
Epoch [355/500] | Sampled: 270.53 | Baseline: 252.28 | Improvement: -18.25 | Win Rate: 0.00% | Actor Loss: -0.9344 | Entropy: 1.9171 | Invalid S/B: 0.00/0.00 | Max Load: 7.0 | Load Gap: 1.0
Epoch [356/500] | Sampled: 265.66 | Baseline: 246.62 | Improvement: -19.03 | Win Rate: 3.12% | Actor Loss: -1.1717 | Entropy: 1.8915 | Invalid S/B: 0.00/0.00 | Max Load: 7.1 | Load Gap: 1.1
Epoch [357/500] | Sampled: 263.66 | Baseline: 248.16 | Improvement: -15.50 | Win Rate: 9.38% | Actor Loss: -0.8753 | Entropy: 1.8756 | Invalid S/B: 0.00/0.00 | Max Load: 7.1 | Load Gap: 1.1
Epoch [358/500] | Sampled: 264.53 | Baseline: 247.56 | Improvement: -16.97 | Win Rate: 3.12% | Actor Loss: -1.9559 | Entropy: 1.8582 | Invalid S/B: 0.00/0.00 | Max Load: 7.1 | Load Gap: 1.1
Epoch [359/500] | Sampled: 268.00 | Baseline: 250.62 | Improvement: -17.38 | Win Rate: 3.12% | Actor Loss: -3.2254 | Entropy: 1.8503 | Invalid S/B: 0.00/0.00 | Max Load: 7.1 | Load Gap: 1.1
Epoch [360/500] | Sampled: 269.09 | Baseline: 250.69 | Improvement: -18.41 | Win Rate: 0.00% | Actor Loss: -1.5569 | Entropy: 1.8548 | Invalid S/B: 0.00/0.00 | Max Load: 7.0 | Load Gap: 1.0
Epoch [361/500] | Sampled: 265.47 | Baseline: 250.41 | Improvement: -15.06 | Win Rate: 3.12% | Actor Loss: -1.0261 | Entropy: 1.8465 | Invalid S/B: 0.00/0.00 | Max Load: 7.0 | Load Gap: 1.0
Epoch [362/500] | Sampled: 268.22 | Baseline: 250.88 | Improvement: -17.34 | Win Rate: 0.00% | Actor Loss: -1.5840 | Entropy: 1.8657 | Invalid S/B: 0.00/0.00 | Max Load: 7.1 | Load Gap: 1.1
Epoch [363/500] | Sampled: 266.09 | Baseline: 251.72 | Improvement: -14.38 | Win Rate: 0.00% | Actor Loss: -1.0166 | Entropy: 1.8744 | Invalid S/B: 0.00/0.00 | Max Load: 7.0 | Load Gap: 1.0
Epoch [364/500] | Sampled: 267.59 | Baseline: 250.25 | Improvement: -17.34 | Win Rate: 3.12% | Actor Loss: -2.2198 | Entropy: 1.8452 | Invalid S/B: 0.00/0.00 | Max Load: 7.0 | Load Gap: 1.0
Epoch [365/500] | Sampled: 264.41 | Baseline: 248.09 | Improvement: -16.31 | Win Rate: 6.25% | Actor Loss: -1.6846 | Entropy: 1.8117 | Invalid S/B: 0.00/0.00 | Max Load: 7.0 | Load Gap: 1.0
Epoch [366/500] | Sampled: 267.19 | Baseline: 249.53 | Improvement: -17.66 | Win Rate: 3.12% | Actor Loss: -1.7713 | Entropy: 1.8506 | Invalid S/B: 0.00/0.00 | Max Load: 7.0 | Load Gap: 1.0
Epoch [367/500] | Sampled: 270.56 | Baseline: 250.66 | Improvement: -19.91 | Win Rate: 6.25% | Actor Loss: -0.7983 | Entropy: 1.8208 | Invalid S/B: 0.00/0.00 | Max Load: 7.0 | Load Gap: 1.0
Epoch [368/500] | Sampled: 271.22 | Baseline: 250.53 | Improvement: -20.69 | Win Rate: 0.00% | Actor Loss: -2.4881 | Entropy: 1.8279 | Invalid S/B: 0.00/0.00 | Max Load: 7.1 | Load Gap: 1.1
Epoch [369/500] | Sampled: 269.72 | Baseline: 246.47 | Improvement: -23.25 | Win Rate: 0.00% | Actor Loss: -1.6971 | Entropy: 1.8038 | Invalid S/B: 0.00/0.00 | Max Load: 7.0 | Load Gap: 1.0
Epoch [370/500] | Sampled: 269.62 | Baseline: 248.44 | Improvement: -21.19 | Win Rate: 6.25% | Actor Loss: -1.3617 | Entropy: 1.7851 | Invalid S/B: 0.00/0.00 | Max Load: 7.0 | Load Gap: 1.0
Epoch [371/500] | Sampled: 265.09 | Baseline: 247.75 | Improvement: -17.34 | Win Rate: 0.00% | Actor Loss: -0.7403 | Entropy: 1.8605 | Invalid S/B: 0.00/0.00 | Max Load: 7.1 | Load Gap: 1.1
Epoch [372/500] | Sampled: 267.91 | Baseline: 250.06 | Improvement: -17.84 | Win Rate: 0.00% | Actor Loss: -0.8419 | Entropy: 1.8791 | Invalid S/B: 0.00/0.00 | Max Load: 7.1 | Load Gap: 1.1
Epoch [373/500] | Sampled: 265.19 | Baseline: 247.44 | Improvement: -17.75 | Win Rate: 3.12% | Actor Loss: -2.2177 | Entropy: 1.8839 | Invalid S/B: 0.00/0.00 | Max Load: 7.0 | Load Gap: 1.0
Epoch [374/500] | Sampled: 274.19 | Baseline: 247.81 | Improvement: -26.38 | Win Rate: 0.00% | Actor Loss: -1.6006 | Entropy: 1.9004 | Invalid S/B: 0.03/0.00 | Max Load: 7.1 | Load Gap: 1.2
Epoch [375/500] | Sampled: 268.34 | Baseline: 250.53 | Improvement: -17.81 | Win Rate: 0.00% | Actor Loss: -1.6848 | Entropy: 1.8695 | Invalid S/B: 0.00/0.00 | Max Load: 7.0 | Load Gap: 1.0
Epoch [376/500] | Sampled: 264.47 | Baseline: 249.00 | Improvement: -15.47 | Win Rate: 3.12% | Actor Loss: -1.3638 | Entropy: 1.8731 | Invalid S/B: 0.00/0.00 | Max Load: 7.1 | Load Gap: 1.1
Epoch [377/500] | Sampled: 267.72 | Baseline: 251.56 | Improvement: -16.16 | Win Rate: 3.12% | Actor Loss: -1.8217 | Entropy: 1.8404 | Invalid S/B: 0.00/0.00 | Max Load: 7.1 | Load Gap: 1.1
Epoch [378/500] | Sampled: 264.38 | Baseline: 246.56 | Improvement: -17.81 | Win Rate: 0.00% | Actor Loss: -1.4010 | Entropy: 1.8123 | Invalid S/B: 0.00/0.00 | Max Load: 7.0 | Load Gap: 1.0
Epoch [379/500] | Sampled: 266.62 | Baseline: 251.12 | Improvement: -15.50 | Win Rate: 9.38% | Actor Loss: -1.3676 | Entropy: 1.8210 | Invalid S/B: 0.00/0.00 | Max Load: 7.0 | Load Gap: 1.0
Epoch [380/500] | Sampled: 265.69 | Baseline: 250.62 | Improvement: -15.06 | Win Rate: 3.12% | Actor Loss: -1.7257 | Entropy: 1.7833 | Invalid S/B: 0.00/0.00 | Max Load: 7.0 | Load Gap: 1.0
Epoch [381/500] | Sampled: 266.41 | Baseline: 253.06 | Improvement: -13.34 | Win Rate: 12.50% | Actor Loss: -0.7434 | Entropy: 1.8095 | Invalid S/B: 0.00/0.00 | Max Load: 7.0 | Load Gap: 1.0
Epoch [382/500] | Sampled: 265.41 | Baseline: 249.91 | Improvement: -15.50 | Win Rate: 3.12% | Actor Loss: -1.1230 | Entropy: 1.8438 | Invalid S/B: 0.00/0.00 | Max Load: 7.0 | Load Gap: 1.0
Epoch [383/500] | Sampled: 269.03 | Baseline: 249.62 | Improvement: -19.41 | Win Rate: 3.12% | Actor Loss: -0.6314 | Entropy: 1.8401 | Invalid S/B: 0.00/0.00 | Max Load: 7.1 | Load Gap: 1.1
Epoch [384/500] | Sampled: 263.25 | Baseline: 249.34 | Improvement: -13.91 | Win Rate: 9.38% | Actor Loss: -2.6190 | Entropy: 1.7998 | Invalid S/B: 0.00/0.00 | Max Load: 7.0 | Load Gap: 1.0
Epoch [385/500] | Sampled: 264.19 | Baseline: 247.66 | Improvement: -16.53 | Win Rate: 6.25% | Actor Loss: -1.7304 | Entropy: 1.8259 | Invalid S/B: 0.00/0.00 | Max Load: 7.0 | Load Gap: 1.0
Epoch [386/500] | Sampled: 267.38 | Baseline: 251.31 | Improvement: -16.06 | Win Rate: 6.25% | Actor Loss: -0.7000 | Entropy: 1.8336 | Invalid S/B: 0.00/0.00 | Max Load: 7.1 | Load Gap: 1.1
Epoch [387/500] | Sampled: 264.00 | Baseline: 246.66 | Improvement: -17.34 | Win Rate: 3.12% | Actor Loss: -1.1808 | Entropy: 1.8455 | Invalid S/B: 0.00/0.00 | Max Load: 7.0 | Load Gap: 1.0
Epoch [388/500] | Sampled: 267.06 | Baseline: 248.72 | Improvement: -18.34 | Win Rate: 0.00% | Actor Loss: -2.3314 | Entropy: 1.8508 | Invalid S/B: 0.00/0.00 | Max Load: 7.1 | Load Gap: 1.1
Epoch [389/500] | Sampled: 267.31 | Baseline: 248.31 | Improvement: -19.00 | Win Rate: 6.25% | Actor Loss: -2.2243 | Entropy: 1.8590 | Invalid S/B: 0.00/0.00 | Max Load: 7.0 | Load Gap: 1.0
Epoch [390/500] | Sampled: 266.56 | Baseline: 248.69 | Improvement: -17.88 | Win Rate: 3.12% | Actor Loss: -1.7580 | Entropy: 1.8449 | Invalid S/B: 0.00/0.00 | Max Load: 7.0 | Load Gap: 1.0
Epoch [391/500] | Sampled: 267.47 | Baseline: 251.91 | Improvement: -15.56 | Win Rate: 3.12% | Actor Loss: -1.6125 | Entropy: 1.8477 | Invalid S/B: 0.00/0.00 | Max Load: 7.0 | Load Gap: 1.0
Epoch [392/500] | Sampled: 268.66 | Baseline: 249.72 | Improvement: -18.94 | Win Rate: 3.12% | Actor Loss: -0.4269 | Entropy: 1.8418 | Invalid S/B: 0.00/0.00 | Max Load: 7.0 | Load Gap: 1.0
Epoch [393/500] | Sampled: 264.38 | Baseline: 250.31 | Improvement: -14.06 | Win Rate: 9.38% | Actor Loss: -2.0920 | Entropy: 1.8626 | Invalid S/B: 0.00/0.00 | Max Load: 7.1 | Load Gap: 1.1
Epoch [394/500] | Sampled: 264.81 | Baseline: 248.31 | Improvement: -16.50 | Win Rate: 3.12% | Actor Loss: -1.4281 | Entropy: 1.8499 | Invalid S/B: 0.00/0.00 | Max Load: 7.1 | Load Gap: 1.1
Epoch [395/500] | Sampled: 264.69 | Baseline: 249.59 | Improvement: -15.09 | Win Rate: 0.00% | Actor Loss: -0.8481 | Entropy: 1.8542 | Invalid S/B: 0.00/0.00 | Max Load: 7.1 | Load Gap: 1.1
Epoch [396/500] | Sampled: 266.72 | Baseline: 251.09 | Improvement: -15.62 | Win Rate: 9.38% | Actor Loss: -1.4898 | Entropy: 1.8632 | Invalid S/B: 0.00/0.00 | Max Load: 7.1 | Load Gap: 1.1
Epoch [397/500] | Sampled: 265.91 | Baseline: 246.97 | Improvement: -18.94 | Win Rate: 3.12% | Actor Loss: -2.3739 | Entropy: 1.8375 | Invalid S/B: 0.03/0.00 | Max Load: 7.1 | Load Gap: 1.1
Epoch [398/500] | Sampled: 266.38 | Baseline: 252.09 | Improvement: -14.28 | Win Rate: 0.00% | Actor Loss: -0.6163 | Entropy: 1.8459 | Invalid S/B: 0.00/0.00 | Max Load: 7.0 | Load Gap: 1.0
Epoch [399/500] | Sampled: 266.69 | Baseline: 250.25 | Improvement: -16.44 | Win Rate: 3.12% | Actor Loss: -1.2123 | Entropy: 1.8716 | Invalid S/B: 0.00/0.00 | Max Load: 7.0 | Load Gap: 1.0
Epoch [400/500] | Sampled: 264.44 | Baseline: 247.66 | Improvement: -16.78 | Win Rate: 3.12% | Actor Loss: -1.3007 | Entropy: 1.8562 | Invalid S/B: 0.00/0.00 | Max Load: 7.0 | Load Gap: 1.0
   -> Validation | Samples: 50 | Makespan: 264.10 | Invalid Jobs: 0.00
   -> Saved updated training chart to /home/wei/AMR-DFJSP/Static_alogorithm/Attention/attention_training_metrics.png
Epoch [401/500] | Sampled: 264.56 | Baseline: 248.38 | Improvement: -16.19 | Win Rate: 0.00% | Actor Loss: -1.5119 | Entropy: 1.8527 | Invalid S/B: 0.00/0.00 | Max Load: 7.0 | Load Gap: 1.0
Epoch [402/500] | Sampled: 272.19 | Baseline: 251.88 | Improvement: -20.31 | Win Rate: 3.12% | Actor Loss: -1.3608 | Entropy: 1.8761 | Invalid S/B: 0.03/0.00 | Max Load: 7.0 | Load Gap: 1.0
Epoch [403/500] | Sampled: 265.34 | Baseline: 251.53 | Improvement: -13.81 | Win Rate: 6.25% | Actor Loss: -2.7552 | Entropy: 1.8811 | Invalid S/B: 0.00/0.00 | Max Load: 7.0 | Load Gap: 1.0
Epoch [404/500] | Sampled: 263.72 | Baseline: 250.06 | Improvement: -13.66 | Win Rate: 9.38% | Actor Loss: -1.2226 | Entropy: 1.8875 | Invalid S/B: 0.00/0.00 | Max Load: 7.0 | Load Gap: 1.0
Epoch [405/500] | Sampled: 264.25 | Baseline: 246.66 | Improvement: -17.59 | Win Rate: 3.12% | Actor Loss: -1.3665 | Entropy: 1.8857 | Invalid S/B: 0.00/0.00 | Max Load: 7.1 | Load Gap: 1.1
Epoch [406/500] | Sampled: 267.41 | Baseline: 249.06 | Improvement: -18.34 | Win Rate: 0.00% | Actor Loss: -2.6126 | Entropy: 1.8951 | Invalid S/B: 0.00/0.00 | Max Load: 7.0 | Load Gap: 1.0
Epoch [407/500] | Sampled: 267.44 | Baseline: 248.94 | Improvement: -18.50 | Win Rate: 9.38% | Actor Loss: -2.0755 | Entropy: 1.8965 | Invalid S/B: 0.00/0.00 | Max Load: 7.0 | Load Gap: 1.0
Epoch [408/500] | Sampled: 265.28 | Baseline: 251.19 | Improvement: -14.09 | Win Rate: 3.12% | Actor Loss: -1.1984 | Entropy: 1.9130 | Invalid S/B: 0.00/0.00 | Max Load: 7.0 | Load Gap: 1.0
Epoch [409/500] | Sampled: 265.47 | Baseline: 249.88 | Improvement: -15.59 | Win Rate: 3.12% | Actor Loss: -1.6039 | Entropy: 1.9079 | Invalid S/B: 0.00/0.00 | Max Load: 7.0 | Load Gap: 1.0
Epoch [410/500] | Sampled: 265.38 | Baseline: 247.62 | Improvement: -17.75 | Win Rate: 0.00% | Actor Loss: -1.0870 | Entropy: 1.9147 | Invalid S/B: 0.00/0.00 | Max Load: 7.1 | Load Gap: 1.1
Epoch [411/500] | Sampled: 266.66 | Baseline: 250.69 | Improvement: -15.97 | Win Rate: 0.00% | Actor Loss: -1.5958 | Entropy: 1.9219 | Invalid S/B: 0.00/0.00 | Max Load: 7.1 | Load Gap: 1.1
Epoch [412/500] | Sampled: 266.62 | Baseline: 249.97 | Improvement: -16.66 | Win Rate: 6.25% | Actor Loss: -2.2632 | Entropy: 1.9399 | Invalid S/B: 0.00/0.00 | Max Load: 7.1 | Load Gap: 1.1
Epoch [413/500] | Sampled: 264.84 | Baseline: 246.47 | Improvement: -18.38 | Win Rate: 0.00% | Actor Loss: -1.6700 | Entropy: 1.8910 | Invalid S/B: 0.00/0.00 | Max Load: 7.0 | Load Gap: 1.0
Epoch [414/500] | Sampled: 266.34 | Baseline: 250.09 | Improvement: -16.25 | Win Rate: 3.12% | Actor Loss: -1.6128 | Entropy: 1.9288 | Invalid S/B: 0.00/0.00 | Max Load: 7.0 | Load Gap: 1.0
Epoch [415/500] | Sampled: 264.47 | Baseline: 250.41 | Improvement: -14.06 | Win Rate: 6.25% | Actor Loss: -2.0406 | Entropy: 1.9462 | Invalid S/B: 0.00/0.00 | Max Load: 7.1 | Load Gap: 1.1
Epoch [416/500] | Sampled: 267.53 | Baseline: 252.38 | Improvement: -15.16 | Win Rate: 3.12% | Actor Loss: -1.4298 | Entropy: 1.9618 | Invalid S/B: 0.00/0.00 | Max Load: 7.0 | Load Gap: 1.0
Epoch [417/500] | Sampled: 264.00 | Baseline: 247.91 | Improvement: -16.09 | Win Rate: 0.00% | Actor Loss: -0.8745 | Entropy: 1.9522 | Invalid S/B: 0.00/0.00 | Max Load: 7.0 | Load Gap: 1.0
Epoch [418/500] | Sampled: 263.47 | Baseline: 249.47 | Improvement: -14.00 | Win Rate: 3.12% | Actor Loss: -2.1860 | Entropy: 1.9720 | Invalid S/B: 0.00/0.00 | Max Load: 7.0 | Load Gap: 1.0
Epoch [419/500] | Sampled: 265.44 | Baseline: 250.56 | Improvement: -14.88 | Win Rate: 3.12% | Actor Loss: -2.0229 | Entropy: 1.9857 | Invalid S/B: 0.00/0.00 | Max Load: 7.1 | Load Gap: 1.1
Epoch [420/500] | Sampled: 265.66 | Baseline: 247.06 | Improvement: -18.59 | Win Rate: 3.12% | Actor Loss: -2.5226 | Entropy: 1.9955 | Invalid S/B: 0.00/0.00 | Max Load: 7.1 | Load Gap: 1.1
Epoch [421/500] | Sampled: 271.38 | Baseline: 251.28 | Improvement: -20.09 | Win Rate: 6.25% | Actor Loss: -1.6327 | Entropy: 2.0227 | Invalid S/B: 0.00/0.00 | Max Load: 7.1 | Load Gap: 1.1
Epoch [422/500] | Sampled: 270.38 | Baseline: 249.19 | Improvement: -21.19 | Win Rate: 0.00% | Actor Loss: -1.6869 | Entropy: 2.0182 | Invalid S/B: 0.00/0.00 | Max Load: 7.0 | Load Gap: 1.0
Epoch [423/500] | Sampled: 268.03 | Baseline: 249.34 | Improvement: -18.69 | Win Rate: 0.00% | Actor Loss: -1.1258 | Entropy: 2.0395 | Invalid S/B: 0.00/0.00 | Max Load: 7.1 | Load Gap: 1.1
Epoch [424/500] | Sampled: 271.88 | Baseline: 249.41 | Improvement: -22.47 | Win Rate: 0.00% | Actor Loss: -0.7808 | Entropy: 2.0328 | Invalid S/B: 0.00/0.00 | Max Load: 7.0 | Load Gap: 1.0
Epoch [425/500] | Sampled: 270.12 | Baseline: 249.75 | Improvement: -20.38 | Win Rate: 0.00% | Actor Loss: -1.4015 | Entropy: 2.0390 | Invalid S/B: 0.00/0.00 | Max Load: 7.1 | Load Gap: 1.1
Epoch [426/500] | Sampled: 273.12 | Baseline: 252.25 | Improvement: -20.88 | Win Rate: 0.00% | Actor Loss: -0.2091 | Entropy: 2.0547 | Invalid S/B: 0.00/0.00 | Max Load: 7.0 | Load Gap: 1.0
Epoch [427/500] | Sampled: 264.75 | Baseline: 245.25 | Improvement: -19.50 | Win Rate: 6.25% | Actor Loss: -1.0831 | Entropy: 2.0442 | Invalid S/B: 0.00/0.00 | Max Load: 7.0 | Load Gap: 1.0
Epoch [428/500] | Sampled: 266.84 | Baseline: 247.19 | Improvement: -19.66 | Win Rate: 0.00% | Actor Loss: -2.3000 | Entropy: 2.0500 | Invalid S/B: 0.00/0.00 | Max Load: 7.0 | Load Gap: 1.0
Epoch [429/500] | Sampled: 271.28 | Baseline: 250.66 | Improvement: -20.62 | Win Rate: 0.00% | Actor Loss: -0.6951 | Entropy: 2.0444 | Invalid S/B: 0.00/0.00 | Max Load: 7.0 | Load Gap: 1.0
Epoch [430/500] | Sampled: 270.38 | Baseline: 249.97 | Improvement: -20.41 | Win Rate: 3.12% | Actor Loss: -0.1643 | Entropy: 2.0249 | Invalid S/B: 0.00/0.00 | Max Load: 7.0 | Load Gap: 1.0
Epoch [431/500] | Sampled: 268.88 | Baseline: 246.75 | Improvement: -22.12 | Win Rate: 6.25% | Actor Loss: -1.4760 | Entropy: 2.0297 | Invalid S/B: 0.00/0.00 | Max Load: 7.1 | Load Gap: 1.1
Epoch [432/500] | Sampled: 268.19 | Baseline: 246.81 | Improvement: -21.38 | Win Rate: 0.00% | Actor Loss: -1.0135 | Entropy: 1.9950 | Invalid S/B: 0.00/0.00 | Max Load: 7.1 | Load Gap: 1.1
Epoch [433/500] | Sampled: 268.09 | Baseline: 248.53 | Improvement: -19.56 | Win Rate: 0.00% | Actor Loss: -1.0336 | Entropy: 1.9954 | Invalid S/B: 0.00/0.00 | Max Load: 7.0 | Load Gap: 1.0
Epoch [434/500] | Sampled: 268.09 | Baseline: 250.75 | Improvement: -17.34 | Win Rate: 0.00% | Actor Loss: -0.7598 | Entropy: 2.0023 | Invalid S/B: 0.00/0.00 | Max Load: 7.1 | Load Gap: 1.1
Epoch [435/500] | Sampled: 270.66 | Baseline: 252.75 | Improvement: -17.91 | Win Rate: 0.00% | Actor Loss: -0.4606 | Entropy: 1.9910 | Invalid S/B: 0.00/0.00 | Max Load: 7.0 | Load Gap: 1.0
Epoch [436/500] | Sampled: 269.75 | Baseline: 249.62 | Improvement: -20.12 | Win Rate: 0.00% | Actor Loss: -1.8437 | Entropy: 1.9834 | Invalid S/B: 0.00/0.00 | Max Load: 7.1 | Load Gap: 1.1
Epoch [437/500] | Sampled: 268.22 | Baseline: 246.84 | Improvement: -21.38 | Win Rate: 0.00% | Actor Loss: -0.0805 | Entropy: 1.9938 | Invalid S/B: 0.00/0.00 | Max Load: 7.1 | Load Gap: 1.1
Epoch [438/500] | Sampled: 269.19 | Baseline: 249.72 | Improvement: -19.47 | Win Rate: 0.00% | Actor Loss: -1.3316 | Entropy: 2.0076 | Invalid S/B: 0.00/0.00 | Max Load: 7.0 | Load Gap: 1.0
Epoch [439/500] | Sampled: 269.81 | Baseline: 248.84 | Improvement: -20.97 | Win Rate: 3.12% | Actor Loss: -1.3911 | Entropy: 2.0075 | Invalid S/B: 0.00/0.00 | Max Load: 7.0 | Load Gap: 1.0
Epoch [440/500] | Sampled: 269.00 | Baseline: 248.69 | Improvement: -20.31 | Win Rate: 3.12% | Actor Loss: -1.2177 | Entropy: 1.9977 | Invalid S/B: 0.00/0.00 | Max Load: 7.1 | Load Gap: 1.1
Epoch [441/500] | Sampled: 269.22 | Baseline: 249.81 | Improvement: -19.41 | Win Rate: 6.25% | Actor Loss: -0.0958 | Entropy: 1.9455 | Invalid S/B: 0.00/0.00 | Max Load: 7.1 | Load Gap: 1.1
Epoch [442/500] | Sampled: 269.69 | Baseline: 248.81 | Improvement: -20.88 | Win Rate: 0.00% | Actor Loss: -0.0519 | Entropy: 1.9337 | Invalid S/B: 0.00/0.00 | Max Load: 7.1 | Load Gap: 1.1
Epoch [443/500] | Sampled: 268.25 | Baseline: 247.44 | Improvement: -20.81 | Win Rate: 0.00% | Actor Loss: -1.8609 | Entropy: 1.8737 | Invalid S/B: 0.00/0.00 | Max Load: 7.1 | Load Gap: 1.1
Epoch [444/500] | Sampled: 267.12 | Baseline: 249.78 | Improvement: -17.34 | Win Rate: 0.00% | Actor Loss: -1.0623 | Entropy: 1.8143 | Invalid S/B: 0.00/0.00 | Max Load: 7.1 | Load Gap: 1.1
Epoch [445/500] | Sampled: 272.38 | Baseline: 251.62 | Improvement: -20.75 | Win Rate: 3.12% | Actor Loss: 0.5158 | Entropy: 1.7912 | Invalid S/B: 0.00/0.00 | Max Load: 7.1 | Load Gap: 1.1
Epoch [446/500] | Sampled: 267.16 | Baseline: 248.19 | Improvement: -18.97 | Win Rate: 0.00% | Actor Loss: -1.4619 | Entropy: 1.7683 | Invalid S/B: 0.00/0.00 | Max Load: 7.0 | Load Gap: 1.0
Epoch [447/500] | Sampled: 268.06 | Baseline: 250.41 | Improvement: -17.66 | Win Rate: 3.12% | Actor Loss: 0.3860 | Entropy: 1.7567 | Invalid S/B: 0.00/0.00 | Max Load: 7.0 | Load Gap: 1.0
Epoch [448/500] | Sampled: 267.44 | Baseline: 248.06 | Improvement: -19.38 | Win Rate: 3.12% | Actor Loss: -1.8331 | Entropy: 1.7071 | Invalid S/B: 0.00/0.00 | Max Load: 7.1 | Load Gap: 1.2
Epoch [449/500] | Sampled: 265.91 | Baseline: 251.59 | Improvement: -14.31 | Win Rate: 3.12% | Actor Loss: -1.9022 | Entropy: 1.7567 | Invalid S/B: 0.00/0.00 | Max Load: 7.1 | Load Gap: 1.1
Epoch [450/500] | Sampled: 267.97 | Baseline: 251.34 | Improvement: -16.62 | Win Rate: 0.00% | Actor Loss: -0.1385 | Entropy: 1.6990 | Invalid S/B: 0.00/0.00 | Max Load: 7.0 | Load Gap: 1.0
   -> Validation | Samples: 50 | Makespan: 269.22 | Invalid Jobs: 0.00
Epoch [451/500] | Sampled: 270.09 | Baseline: 251.66 | Improvement: -18.44 | Win Rate: 6.25% | Actor Loss: -0.8406 | Entropy: 1.7433 | Invalid S/B: 0.00/0.00 | Max Load: 7.1 | Load Gap: 1.1
Epoch [452/500] | Sampled: 270.06 | Baseline: 250.72 | Improvement: -19.34 | Win Rate: 0.00% | Actor Loss: -1.2403 | Entropy: 1.7295 | Invalid S/B: 0.00/0.00 | Max Load: 7.0 | Load Gap: 1.0
Epoch [453/500] | Sampled: 267.22 | Baseline: 248.16 | Improvement: -19.06 | Win Rate: 3.12% | Actor Loss: -2.4228 | Entropy: 1.7310 | Invalid S/B: 0.00/0.00 | Max Load: 7.1 | Load Gap: 1.1
Epoch [454/500] | Sampled: 264.56 | Baseline: 248.59 | Improvement: -15.97 | Win Rate: 6.25% | Actor Loss: -2.3898 | Entropy: 1.7350 | Invalid S/B: 0.00/0.00 | Max Load: 7.0 | Load Gap: 1.0
Epoch [455/500] | Sampled: 266.41 | Baseline: 248.22 | Improvement: -18.19 | Win Rate: 0.00% | Actor Loss: -1.2585 | Entropy: 1.7731 | Invalid S/B: 0.00/0.00 | Max Load: 7.1 | Load Gap: 1.1
Epoch [456/500] | Sampled: 268.59 | Baseline: 250.59 | Improvement: -18.00 | Win Rate: 0.00% | Actor Loss: -1.0437 | Entropy: 1.7844 | Invalid S/B: 0.00/0.00 | Max Load: 7.1 | Load Gap: 1.1
Epoch [457/500] | Sampled: 267.41 | Baseline: 249.38 | Improvement: -18.03 | Win Rate: 9.38% | Actor Loss: -2.0362 | Entropy: 1.8086 | Invalid S/B: 0.00/0.00 | Max Load: 7.1 | Load Gap: 1.1
Epoch [458/500] | Sampled: 266.88 | Baseline: 246.62 | Improvement: -20.25 | Win Rate: 3.12% | Actor Loss: -1.6241 | Entropy: 1.8125 | Invalid S/B: 0.00/0.00 | Max Load: 7.1 | Load Gap: 1.1
Epoch [459/500] | Sampled: 267.53 | Baseline: 249.94 | Improvement: -17.59 | Win Rate: 6.25% | Actor Loss: -1.9850 | Entropy: 1.8781 | Invalid S/B: 0.00/0.00 | Max Load: 7.0 | Load Gap: 1.0
Epoch [460/500] | Sampled: 268.59 | Baseline: 250.84 | Improvement: -17.75 | Win Rate: 3.12% | Actor Loss: -0.6276 | Entropy: 1.8876 | Invalid S/B: 0.00/0.00 | Max Load: 7.1 | Load Gap: 1.1
Epoch [461/500] | Sampled: 263.78 | Baseline: 247.91 | Improvement: -15.88 | Win Rate: 9.38% | Actor Loss: -2.3161 | Entropy: 1.9597 | Invalid S/B: 0.00/0.00 | Max Load: 7.0 | Load Gap: 1.0
Epoch [462/500] | Sampled: 270.03 | Baseline: 249.31 | Improvement: -20.72 | Win Rate: 0.00% | Actor Loss: -1.0626 | Entropy: 1.9673 | Invalid S/B: 0.00/0.00 | Max Load: 7.1 | Load Gap: 1.1
Epoch [463/500] | Sampled: 268.34 | Baseline: 250.59 | Improvement: -17.75 | Win Rate: 0.00% | Actor Loss: -0.3538 | Entropy: 1.9901 | Invalid S/B: 0.00/0.00 | Max Load: 7.1 | Load Gap: 1.1
Epoch [464/500] | Sampled: 266.50 | Baseline: 245.69 | Improvement: -20.81 | Win Rate: 0.00% | Actor Loss: -1.3818 | Entropy: 2.0354 | Invalid S/B: 0.00/0.00 | Max Load: 7.1 | Load Gap: 1.1
Epoch [465/500] | Sampled: 270.03 | Baseline: 248.81 | Improvement: -21.22 | Win Rate: 3.12% | Actor Loss: -0.9352 | Entropy: 2.0459 | Invalid S/B: 0.00/0.00 | Max Load: 7.0 | Load Gap: 1.0
Epoch [466/500] | Sampled: 270.50 | Baseline: 251.53 | Improvement: -18.97 | Win Rate: 0.00% | Actor Loss: -2.0421 | Entropy: 2.0879 | Invalid S/B: 0.00/0.00 | Max Load: 7.1 | Load Gap: 1.1
Epoch [467/500] | Sampled: 267.84 | Baseline: 252.59 | Improvement: -15.25 | Win Rate: 0.00% | Actor Loss: -1.2477 | Entropy: 2.1068 | Invalid S/B: 0.00/0.00 | Max Load: 7.1 | Load Gap: 1.1
Epoch [468/500] | Sampled: 268.09 | Baseline: 249.22 | Improvement: -18.88 | Win Rate: 0.00% | Actor Loss: -1.3772 | Entropy: 2.1262 | Invalid S/B: 0.00/0.00 | Max Load: 7.1 | Load Gap: 1.1
Epoch [469/500] | Sampled: 267.91 | Baseline: 251.53 | Improvement: -16.38 | Win Rate: 0.00% | Actor Loss: -1.5499 | Entropy: 2.0867 | Invalid S/B: 0.00/0.00 | Max Load: 7.0 | Load Gap: 1.0
Epoch [470/500] | Sampled: 265.72 | Baseline: 249.50 | Improvement: -16.22 | Win Rate: 6.25% | Actor Loss: -1.5743 | Entropy: 2.0746 | Invalid S/B: 0.00/0.00 | Max Load: 7.0 | Load Gap: 1.0
Epoch [471/500] | Sampled: 266.81 | Baseline: 250.69 | Improvement: -16.12 | Win Rate: 0.00% | Actor Loss: -1.3807 | Entropy: 2.0401 | Invalid S/B: 0.00/0.00 | Max Load: 7.0 | Load Gap: 1.0
Epoch [472/500] | Sampled: 264.84 | Baseline: 247.25 | Improvement: -17.59 | Win Rate: 6.25% | Actor Loss: -1.7991 | Entropy: 2.0246 | Invalid S/B: 0.00/0.00 | Max Load: 7.0 | Load Gap: 1.0
Epoch [473/500] | Sampled: 262.88 | Baseline: 248.19 | Improvement: -14.69 | Win Rate: 18.75% | Actor Loss: -1.7454 | Entropy: 2.0063 | Invalid S/B: 0.00/0.00 | Max Load: 7.0 | Load Gap: 1.0
Epoch [474/500] | Sampled: 264.81 | Baseline: 248.78 | Improvement: -16.03 | Win Rate: 0.00% | Actor Loss: -2.0573 | Entropy: 2.0572 | Invalid S/B: 0.00/0.00 | Max Load: 7.1 | Load Gap: 1.1
Epoch [475/500] | Sampled: 263.19 | Baseline: 251.59 | Improvement: -11.59 | Win Rate: 12.50% | Actor Loss: -1.9261 | Entropy: 1.9982 | Invalid S/B: 0.00/0.00 | Max Load: 7.0 | Load Gap: 1.0
Epoch [476/500] | Sampled: 265.12 | Baseline: 247.62 | Improvement: -17.50 | Win Rate: 6.25% | Actor Loss: -0.9235 | Entropy: 1.9906 | Invalid S/B: 0.00/0.00 | Max Load: 7.0 | Load Gap: 1.0
Epoch [477/500] | Sampled: 261.16 | Baseline: 246.47 | Improvement: -14.69 | Win Rate: 6.25% | Actor Loss: -2.8911 | Entropy: 1.9841 | Invalid S/B: 0.00/0.00 | Max Load: 7.1 | Load Gap: 1.1
Epoch [478/500] | Sampled: 264.06 | Baseline: 249.66 | Improvement: -14.41 | Win Rate: 12.50% | Actor Loss: -1.6845 | Entropy: 1.9470 | Invalid S/B: 0.00/0.00 | Max Load: 7.0 | Load Gap: 1.0
Epoch [479/500] | Sampled: 264.25 | Baseline: 248.78 | Improvement: -15.47 | Win Rate: 0.00% | Actor Loss: -2.2863 | Entropy: 1.9246 | Invalid S/B: 0.00/0.00 | Max Load: 7.0 | Load Gap: 1.0
Epoch [480/500] | Sampled: 264.25 | Baseline: 248.31 | Improvement: -15.94 | Win Rate: 6.25% | Actor Loss: -2.0174 | Entropy: 1.9073 | Invalid S/B: 0.00/0.00 | Max Load: 7.1 | Load Gap: 1.1
Epoch [481/500] | Sampled: 261.75 | Baseline: 247.28 | Improvement: -14.47 | Win Rate: 6.25% | Actor Loss: -2.6736 | Entropy: 1.8587 | Invalid S/B: 0.00/0.00 | Max Load: 7.0 | Load Gap: 1.0
Epoch [482/500] | Sampled: 259.53 | Baseline: 247.38 | Improvement: -12.16 | Win Rate: 6.25% | Actor Loss: -1.3893 | Entropy: 1.8299 | Invalid S/B: 0.00/0.00 | Max Load: 7.1 | Load Gap: 1.1
Epoch [483/500] | Sampled: 261.12 | Baseline: 251.25 | Improvement: -9.88 | Win Rate: 9.38% | Actor Loss: -3.2799 | Entropy: 1.7343 | Invalid S/B: 0.00/0.00 | Max Load: 7.0 | Load Gap: 1.0
Epoch [484/500] | Sampled: 260.22 | Baseline: 249.62 | Improvement: -10.59 | Win Rate: 3.12% | Actor Loss: -2.5228 | Entropy: 1.6525 | Invalid S/B: 0.00/0.00 | Max Load: 7.1 | Load Gap: 1.1
Epoch [485/500] | Sampled: 261.34 | Baseline: 247.59 | Improvement: -13.75 | Win Rate: 0.00% | Actor Loss: -3.4912 | Entropy: 1.6456 | Invalid S/B: 0.00/0.00 | Max Load: 7.0 | Load Gap: 1.0
Epoch [486/500] | Sampled: 262.62 | Baseline: 251.84 | Improvement: -10.78 | Win Rate: 3.12% | Actor Loss: -2.7049 | Entropy: 1.5315 | Invalid S/B: 0.00/0.00 | Max Load: 7.0 | Load Gap: 1.0
Epoch [487/500] | Sampled: 260.06 | Baseline: 253.72 | Improvement: -6.34 | Win Rate: 25.00% | Actor Loss: -1.4258 | Entropy: 1.5145 | Invalid S/B: 0.00/0.00 | Max Load: 7.0 | Load Gap: 1.0
Epoch [488/500] | Sampled: 260.53 | Baseline: 250.00 | Improvement: -10.53 | Win Rate: 15.62% | Actor Loss: -1.8806 | Entropy: 1.4657 | Invalid S/B: 0.00/0.00 | Max Load: 7.0 | Load Gap: 1.0
Epoch [489/500] | Sampled: 264.06 | Baseline: 251.50 | Improvement: -12.56 | Win Rate: 15.62% | Actor Loss: -2.1102 | Entropy: 1.3942 | Invalid S/B: 0.00/0.00 | Max Load: 7.0 | Load Gap: 1.0
Epoch [490/500] | Sampled: 261.16 | Baseline: 248.31 | Improvement: -12.84 | Win Rate: 15.62% | Actor Loss: -2.4230 | Entropy: 1.3710 | Invalid S/B: 0.00/0.00 | Max Load: 7.0 | Load Gap: 1.0
Epoch [491/500] | Sampled: 261.19 | Baseline: 250.81 | Improvement: -10.38 | Win Rate: 12.50% | Actor Loss: -1.3915 | Entropy: 1.3490 | Invalid S/B: 0.00/0.00 | Max Load: 7.0 | Load Gap: 1.0
Epoch [492/500] | Sampled: 263.47 | Baseline: 252.03 | Improvement: -11.44 | Win Rate: 12.50% | Actor Loss: -1.5774 | Entropy: 1.3707 | Invalid S/B: 0.00/0.00 | Max Load: 7.0 | Load Gap: 1.0
Epoch [493/500] | Sampled: 264.44 | Baseline: 252.97 | Improvement: -11.47 | Win Rate: 9.38% | Actor Loss: -0.1281 | Entropy: 1.3556 | Invalid S/B: 0.00/0.00 | Max Load: 7.0 | Load Gap: 1.0
Epoch [494/500] | Sampled: 258.00 | Baseline: 249.91 | Improvement: -8.09 | Win Rate: 21.88% | Actor Loss: -0.2703 | Entropy: 1.3637 | Invalid S/B: 0.00/0.00 | Max Load: 7.1 | Load Gap: 1.1
Epoch [495/500] | Sampled: 260.78 | Baseline: 248.66 | Improvement: -12.12 | Win Rate: 3.12% | Actor Loss: -3.3015 | Entropy: 1.3777 | Invalid S/B: 0.00/0.00 | Max Load: 7.0 | Load Gap: 1.0
Epoch [496/500] | Sampled: 262.41 | Baseline: 251.50 | Improvement: -10.91 | Win Rate: 9.38% | Actor Loss: -2.2115 | Entropy: 1.3967 | Invalid S/B: 0.00/0.00 | Max Load: 7.0 | Load Gap: 1.0
Epoch [497/500] | Sampled: 260.91 | Baseline: 251.84 | Improvement: -9.06 | Win Rate: 25.00% | Actor Loss: -2.1041 | Entropy: 1.5121 | Invalid S/B: 0.00/0.00 | Max Load: 7.0 | Load Gap: 1.0
Epoch [498/500] | Sampled: 258.28 | Baseline: 249.03 | Improvement: -9.25 | Win Rate: 12.50% | Actor Loss: -0.4635 | Entropy: 1.3900 | Invalid S/B: 0.00/0.00 | Max Load: 7.0 | Load Gap: 1.0
Epoch [499/500] | Sampled: 259.06 | Baseline: 250.59 | Improvement: -8.47 | Win Rate: 15.62% | Actor Loss: -0.2928 | Entropy: 1.3887 | Invalid S/B: 0.00/0.00 | Max Load: 7.0 | Load Gap: 1.0
Epoch [500/500] | Sampled: 259.25 | Baseline: 251.50 | Improvement: -7.75 | Win Rate: 25.00% | Actor Loss: -1.7083 | Entropy: 1.3751 | Invalid S/B: 0.00/0.00 | Max Load: 7.0 | Load Gap: 1.0
   -> Validation | Samples: 50 | Makespan: 253.64 | Invalid Jobs: 0.00
   -> Saved updated training chart to /home/wei/AMR-DFJSP/Static_alogorithm/Attention/attention_training_metrics.png
