Training on: cuda
Loaded 100 dispatch events from /home/wei/AMR-DFJSP/test_case/static/dispatch_inbox_20.jsonl
Loaded 50 dispatch events from /home/wei/AMR-DFJSP/test_case/static/dispatch_validation_20.jsonl
Loaded 50 validation event(s).
Loaded training checkpoint from /home/wei/AMR-DFJSP/training_logs/curriculum_20260615_175146/checkpoints/phase_01/attention_precise_latest.pth (optimizers: optimizer)
Starting Attention Precise REINFORCE training with dispatch baseline 'fifo+least_loaded' (stepwise).
Epoch [1/500] | Sampled: 249.03 | Baseline: 264.94 | Improvement: 15.91 | Win Rate: 90.62% | Actor Loss: -0.7359 | Entropy: 0.4800 | Invalid S/B: 0.03/0.00 | Max Load: 7.1 | Load Gap: 1.1
   -> Validation | Samples: 50 | Makespan: 247.70 | Invalid Jobs: 0.00
   -> Saved new best model (Val Makespan: 247.70)
   -> Saved updated training chart to /home/wei/AMR-DFJSP/Static_alogorithm/Attention/attention_precise_training_metrics.png
Epoch [2/500] | Sampled: 246.66 | Baseline: 266.16 | Improvement: 19.50 | Win Rate: 96.88% | Actor Loss: 0.5880 | Entropy: 0.5647 | Invalid S/B: 0.00/0.00 | Max Load: 7.1 | Load Gap: 1.2
Epoch [3/500] | Sampled: 248.62 | Baseline: 263.91 | Improvement: 15.28 | Win Rate: 93.75% | Actor Loss: -1.1447 | Entropy: 0.5681 | Invalid S/B: 0.00/0.00 | Max Load: 7.2 | Load Gap: 1.2
Epoch [4/500] | Sampled: 247.69 | Baseline: 263.66 | Improvement: 15.97 | Win Rate: 96.88% | Actor Loss: -0.9988 | Entropy: 0.6054 | Invalid S/B: 0.00/0.00 | Max Load: 7.1 | Load Gap: 1.1
Epoch [5/500] | Sampled: 247.59 | Baseline: 263.72 | Improvement: 16.12 | Win Rate: 84.38% | Actor Loss: -1.0624 | Entropy: 0.6571 | Invalid S/B: 0.00/0.00 | Max Load: 7.1 | Load Gap: 1.1
Epoch [6/500] | Sampled: 249.06 | Baseline: 269.53 | Improvement: 20.47 | Win Rate: 93.75% | Actor Loss: -0.6392 | Entropy: 0.6833 | Invalid S/B: 0.00/0.00 | Max Load: 7.1 | Load Gap: 1.1
Epoch [7/500] | Sampled: 247.22 | Baseline: 268.59 | Improvement: 21.38 | Win Rate: 96.88% | Actor Loss: -0.6355 | Entropy: 0.7048 | Invalid S/B: 0.00/0.00 | Max Load: 7.1 | Load Gap: 1.2
Epoch [8/500] | Sampled: 250.16 | Baseline: 265.47 | Improvement: 15.31 | Win Rate: 96.88% | Actor Loss: -1.0221 | Entropy: 0.7716 | Invalid S/B: 0.00/0.00 | Max Load: 7.2 | Load Gap: 1.3
Epoch [9/500] | Sampled: 251.25 | Baseline: 265.38 | Improvement: 14.12 | Win Rate: 87.50% | Actor Loss: -2.1685 | Entropy: 0.7659 | Invalid S/B: 0.00/0.00 | Max Load: 7.0 | Load Gap: 1.0
Epoch [10/500] | Sampled: 250.59 | Baseline: 265.00 | Improvement: 14.41 | Win Rate: 96.88% | Actor Loss: -1.6904 | Entropy: 0.8061 | Invalid S/B: 0.00/0.00 | Max Load: 7.2 | Load Gap: 1.2
Epoch [11/500] | Sampled: 251.81 | Baseline: 267.25 | Improvement: 15.44 | Win Rate: 87.50% | Actor Loss: -0.6810 | Entropy: 0.8157 | Invalid S/B: 0.00/0.00 | Max Load: 7.1 | Load Gap: 1.1
Epoch [12/500] | Sampled: 249.19 | Baseline: 265.28 | Improvement: 16.09 | Win Rate: 93.75% | Actor Loss: -0.2211 | Entropy: 0.7084 | Invalid S/B: 0.00/0.00 | Max Load: 7.0 | Load Gap: 1.0
Epoch [13/500] | Sampled: 245.66 | Baseline: 264.97 | Improvement: 19.31 | Win Rate: 100.00% | Actor Loss: -1.4313 | Entropy: 0.7294 | Invalid S/B: 0.00/0.00 | Max Load: 7.1 | Load Gap: 1.2
Epoch [14/500] | Sampled: 249.12 | Baseline: 266.12 | Improvement: 17.00 | Win Rate: 100.00% | Actor Loss: -0.7488 | Entropy: 0.6149 | Invalid S/B: 0.00/0.00 | Max Load: 7.1 | Load Gap: 1.1
Epoch [15/500] | Sampled: 248.28 | Baseline: 267.47 | Improvement: 19.19 | Win Rate: 100.00% | Actor Loss: -0.2557 | Entropy: 0.5756 | Invalid S/B: 0.00/0.00 | Max Load: 7.1 | Load Gap: 1.1
Epoch [16/500] | Sampled: 247.53 | Baseline: 264.97 | Improvement: 17.44 | Win Rate: 93.75% | Actor Loss: 0.1730 | Entropy: 0.5323 | Invalid S/B: 0.00/0.00 | Max Load: 7.1 | Load Gap: 1.2
Epoch [17/500] | Sampled: 247.47 | Baseline: 268.56 | Improvement: 21.09 | Win Rate: 96.88% | Actor Loss: -0.8418 | Entropy: 0.4804 | Invalid S/B: 0.00/0.00 | Max Load: 7.1 | Load Gap: 1.1
Epoch [18/500] | Sampled: 249.38 | Baseline: 266.59 | Improvement: 17.22 | Win Rate: 90.62% | Actor Loss: -0.2400 | Entropy: 0.4920 | Invalid S/B: 0.00/0.00 | Max Load: 7.1 | Load Gap: 1.1
Epoch [19/500] | Sampled: 248.44 | Baseline: 262.12 | Improvement: 13.69 | Win Rate: 100.00% | Actor Loss: -0.3028 | Entropy: 0.4691 | Invalid S/B: 0.00/0.00 | Max Load: 7.1 | Load Gap: 1.1
Epoch [20/500] | Sampled: 249.31 | Baseline: 268.47 | Improvement: 19.16 | Win Rate: 96.88% | Actor Loss: -1.4041 | Entropy: 0.4572 | Invalid S/B: 0.00/0.00 | Max Load: 7.0 | Load Gap: 1.0
Epoch [21/500] | Sampled: 245.94 | Baseline: 264.19 | Improvement: 18.25 | Win Rate: 90.62% | Actor Loss: -0.7608 | Entropy: 0.4316 | Invalid S/B: 0.00/0.00 | Max Load: 7.1 | Load Gap: 1.1
Epoch [22/500] | Sampled: 246.47 | Baseline: 263.97 | Improvement: 17.50 | Win Rate: 100.00% | Actor Loss: 0.3722 | Entropy: 0.4555 | Invalid S/B: 0.00/0.00 | Max Load: 7.1 | Load Gap: 1.1
Epoch [23/500] | Sampled: 244.41 | Baseline: 263.94 | Improvement: 19.53 | Win Rate: 96.88% | Actor Loss: -0.5764 | Entropy: 0.4789 | Invalid S/B: 0.00/0.00 | Max Load: 7.1 | Load Gap: 1.1
Epoch [24/500] | Sampled: 247.16 | Baseline: 266.22 | Improvement: 19.06 | Win Rate: 96.88% | Actor Loss: -1.3563 | Entropy: 0.4816 | Invalid S/B: 0.00/0.00 | Max Load: 7.2 | Load Gap: 1.3
Epoch [25/500] | Sampled: 248.91 | Baseline: 267.03 | Improvement: 18.12 | Win Rate: 90.62% | Actor Loss: -0.8159 | Entropy: 0.4903 | Invalid S/B: 0.00/0.00 | Max Load: 7.1 | Load Gap: 1.2
Epoch [26/500] | Sampled: 248.25 | Baseline: 266.81 | Improvement: 18.56 | Win Rate: 93.75% | Actor Loss: -0.2037 | Entropy: 0.5298 | Invalid S/B: 0.00/0.00 | Max Load: 7.1 | Load Gap: 1.2
Epoch [27/500] | Sampled: 250.28 | Baseline: 265.09 | Improvement: 14.81 | Win Rate: 84.38% | Actor Loss: -0.5064 | Entropy: 0.5038 | Invalid S/B: 0.00/0.00 | Max Load: 7.2 | Load Gap: 1.2
Epoch [28/500] | Sampled: 249.47 | Baseline: 265.69 | Improvement: 16.22 | Win Rate: 100.00% | Actor Loss: -0.0375 | Entropy: 0.5278 | Invalid S/B: 0.00/0.00 | Max Load: 7.2 | Load Gap: 1.2
Epoch [29/500] | Sampled: 249.19 | Baseline: 266.81 | Improvement: 17.62 | Win Rate: 100.00% | Actor Loss: -1.8496 | Entropy: 0.5361 | Invalid S/B: 0.00/0.00 | Max Load: 7.1 | Load Gap: 1.1
Epoch [30/500] | Sampled: 249.88 | Baseline: 267.88 | Improvement: 18.00 | Win Rate: 96.88% | Actor Loss: -0.7353 | Entropy: 0.5395 | Invalid S/B: 0.00/0.00 | Max Load: 7.2 | Load Gap: 1.2
Epoch [31/500] | Sampled: 245.25 | Baseline: 266.22 | Improvement: 20.97 | Win Rate: 96.88% | Actor Loss: -1.5049 | Entropy: 0.5137 | Invalid S/B: 0.00/0.00 | Max Load: 7.1 | Load Gap: 1.1
Epoch [32/500] | Sampled: 245.78 | Baseline: 265.00 | Improvement: 19.22 | Win Rate: 93.75% | Actor Loss: 0.6568 | Entropy: 0.5023 | Invalid S/B: 0.00/0.00 | Max Load: 7.2 | Load Gap: 1.2
Epoch [33/500] | Sampled: 248.91 | Baseline: 269.19 | Improvement: 20.28 | Win Rate: 93.75% | Actor Loss: -1.6756 | Entropy: 0.5166 | Invalid S/B: 0.00/0.00 | Max Load: 7.2 | Load Gap: 1.2
Epoch [34/500] | Sampled: 244.09 | Baseline: 262.88 | Improvement: 18.78 | Win Rate: 93.75% | Actor Loss: -1.3262 | Entropy: 0.4883 | Invalid S/B: 0.00/0.00 | Max Load: 7.2 | Load Gap: 1.2
Epoch [35/500] | Sampled: 244.12 | Baseline: 262.16 | Improvement: 18.03 | Win Rate: 96.88% | Actor Loss: -0.1116 | Entropy: 0.4902 | Invalid S/B: 0.00/0.00 | Max Load: 7.1 | Load Gap: 1.1
Epoch [36/500] | Sampled: 246.31 | Baseline: 267.88 | Improvement: 21.56 | Win Rate: 100.00% | Actor Loss: -0.7741 | Entropy: 0.5244 | Invalid S/B: 0.00/0.00 | Max Load: 7.2 | Load Gap: 1.2
Epoch [37/500] | Sampled: 248.19 | Baseline: 266.22 | Improvement: 18.03 | Win Rate: 100.00% | Actor Loss: -0.8103 | Entropy: 0.4844 | Invalid S/B: 0.00/0.00 | Max Load: 7.1 | Load Gap: 1.1
Epoch [38/500] | Sampled: 252.41 | Baseline: 268.00 | Improvement: 15.59 | Win Rate: 93.75% | Actor Loss: -0.1888 | Entropy: 0.4833 | Invalid S/B: 0.00/0.00 | Max Load: 7.2 | Load Gap: 1.2
Epoch [39/500] | Sampled: 252.06 | Baseline: 268.16 | Improvement: 16.09 | Win Rate: 96.88% | Actor Loss: 0.3172 | Entropy: 0.4519 | Invalid S/B: 0.00/0.00 | Max Load: 7.1 | Load Gap: 1.2
Epoch [40/500] | Sampled: 245.34 | Baseline: 266.16 | Improvement: 20.81 | Win Rate: 96.88% | Actor Loss: -0.7052 | Entropy: 0.4462 | Invalid S/B: 0.00/0.00 | Max Load: 7.2 | Load Gap: 1.2
Epoch [41/500] | Sampled: 247.56 | Baseline: 265.22 | Improvement: 17.66 | Win Rate: 96.88% | Actor Loss: -0.9393 | Entropy: 0.4612 | Invalid S/B: 0.00/0.00 | Max Load: 7.2 | Load Gap: 1.2
Epoch [42/500] | Sampled: 249.66 | Baseline: 265.75 | Improvement: 16.09 | Win Rate: 90.62% | Actor Loss: 0.7595 | Entropy: 0.4780 | Invalid S/B: 0.00/0.00 | Max Load: 7.1 | Load Gap: 1.1
Epoch [43/500] | Sampled: 248.84 | Baseline: 266.81 | Improvement: 17.97 | Win Rate: 90.62% | Actor Loss: 0.2232 | Entropy: 0.4858 | Invalid S/B: 0.00/0.00 | Max Load: 7.2 | Load Gap: 1.3
Epoch [44/500] | Sampled: 248.50 | Baseline: 265.03 | Improvement: 16.53 | Win Rate: 96.88% | Actor Loss: 0.6531 | Entropy: 0.4723 | Invalid S/B: 0.00/0.00 | Max Load: 7.2 | Load Gap: 1.4
Epoch [45/500] | Sampled: 247.66 | Baseline: 265.41 | Improvement: 17.75 | Win Rate: 100.00% | Actor Loss: -2.1727 | Entropy: 0.4728 | Invalid S/B: 0.00/0.00 | Max Load: 7.2 | Load Gap: 1.2
Epoch [46/500] | Sampled: 249.00 | Baseline: 265.38 | Improvement: 16.38 | Win Rate: 93.75% | Actor Loss: -2.2246 | Entropy: 0.4858 | Invalid S/B: 0.00/0.00 | Max Load: 7.1 | Load Gap: 1.1
Epoch [47/500] | Sampled: 251.69 | Baseline: 266.31 | Improvement: 14.62 | Win Rate: 96.88% | Actor Loss: -1.3159 | Entropy: 0.4989 | Invalid S/B: 0.00/0.00 | Max Load: 7.1 | Load Gap: 1.1
Epoch [48/500] | Sampled: 250.16 | Baseline: 263.72 | Improvement: 13.56 | Win Rate: 87.50% | Actor Loss: -0.4100 | Entropy: 0.4513 | Invalid S/B: 0.00/0.00 | Max Load: 7.1 | Load Gap: 1.1
Epoch [49/500] | Sampled: 249.28 | Baseline: 267.09 | Improvement: 17.81 | Win Rate: 93.75% | Actor Loss: -0.5472 | Entropy: 0.4561 | Invalid S/B: 0.00/0.00 | Max Load: 7.2 | Load Gap: 1.3
Epoch [50/500] | Sampled: 248.28 | Baseline: 265.81 | Improvement: 17.53 | Win Rate: 93.75% | Actor Loss: 0.0164 | Entropy: 0.4336 | Invalid S/B: 0.00/0.00 | Max Load: 7.2 | Load Gap: 1.2
   -> Validation | Samples: 50 | Makespan: 248.46 | Invalid Jobs: 0.00
Epoch [51/500] | Sampled: 249.81 | Baseline: 266.62 | Improvement: 16.81 | Win Rate: 93.75% | Actor Loss: -0.3178 | Entropy: 0.4912 | Invalid S/B: 0.00/0.00 | Max Load: 7.1 | Load Gap: 1.1
Epoch [52/500] | Sampled: 250.31 | Baseline: 265.25 | Improvement: 14.94 | Win Rate: 100.00% | Actor Loss: -0.5099 | Entropy: 0.5060 | Invalid S/B: 0.00/0.00 | Max Load: 7.2 | Load Gap: 1.2
Epoch [53/500] | Sampled: 250.47 | Baseline: 266.03 | Improvement: 15.56 | Win Rate: 93.75% | Actor Loss: -0.8906 | Entropy: 0.5293 | Invalid S/B: 0.00/0.00 | Max Load: 7.1 | Load Gap: 1.1
Epoch [54/500] | Sampled: 246.44 | Baseline: 259.75 | Improvement: 13.31 | Win Rate: 93.75% | Actor Loss: -0.2367 | Entropy: 0.5594 | Invalid S/B: 0.00/0.00 | Max Load: 7.0 | Load Gap: 1.0
Epoch [55/500] | Sampled: 252.47 | Baseline: 267.09 | Improvement: 14.62 | Win Rate: 90.62% | Actor Loss: -0.9820 | Entropy: 0.5824 | Invalid S/B: 0.00/0.00 | Max Load: 7.1 | Load Gap: 1.1
Epoch [56/500] | Sampled: 251.41 | Baseline: 270.22 | Improvement: 18.81 | Win Rate: 87.50% | Actor Loss: -0.6430 | Entropy: 0.5103 | Invalid S/B: 0.00/0.00 | Max Load: 7.1 | Load Gap: 1.1
Epoch [57/500] | Sampled: 250.50 | Baseline: 265.47 | Improvement: 14.97 | Win Rate: 100.00% | Actor Loss: -0.8054 | Entropy: 0.5241 | Invalid S/B: 0.00/0.00 | Max Load: 7.2 | Load Gap: 1.2
Epoch [58/500] | Sampled: 252.88 | Baseline: 266.72 | Improvement: 13.84 | Win Rate: 93.75% | Actor Loss: 0.5088 | Entropy: 0.5664 | Invalid S/B: 0.00/0.00 | Max Load: 7.1 | Load Gap: 1.1
Epoch [59/500] | Sampled: 253.09 | Baseline: 264.94 | Improvement: 11.84 | Win Rate: 81.25% | Actor Loss: 0.5077 | Entropy: 0.5317 | Invalid S/B: 0.00/0.00 | Max Load: 7.1 | Load Gap: 1.1
Epoch [60/500] | Sampled: 253.28 | Baseline: 268.44 | Improvement: 15.16 | Win Rate: 87.50% | Actor Loss: -0.8069 | Entropy: 0.5516 | Invalid S/B: 0.00/0.00 | Max Load: 7.1 | Load Gap: 1.1
Epoch [61/500] | Sampled: 247.78 | Baseline: 267.81 | Improvement: 20.03 | Win Rate: 93.75% | Actor Loss: -1.4657 | Entropy: 0.5471 | Invalid S/B: 0.00/0.00 | Max Load: 7.1 | Load Gap: 1.1
Epoch [62/500] | Sampled: 250.34 | Baseline: 265.06 | Improvement: 14.72 | Win Rate: 96.88% | Actor Loss: 0.4750 | Entropy: 0.5577 | Invalid S/B: 0.00/0.00 | Max Load: 7.1 | Load Gap: 1.1
Epoch [63/500] | Sampled: 249.44 | Baseline: 263.62 | Improvement: 14.19 | Win Rate: 93.75% | Actor Loss: -0.0746 | Entropy: 0.5290 | Invalid S/B: 0.00/0.00 | Max Load: 7.1 | Load Gap: 1.1
Epoch [64/500] | Sampled: 251.56 | Baseline: 265.31 | Improvement: 13.75 | Win Rate: 100.00% | Actor Loss: -0.3231 | Entropy: 0.5337 | Invalid S/B: 0.00/0.00 | Max Load: 7.1 | Load Gap: 1.1
Epoch [65/500] | Sampled: 253.12 | Baseline: 268.62 | Improvement: 15.50 | Win Rate: 90.62% | Actor Loss: -0.6395 | Entropy: 0.5733 | Invalid S/B: 0.00/0.00 | Max Load: 7.0 | Load Gap: 1.0
Epoch [66/500] | Sampled: 247.88 | Baseline: 262.88 | Improvement: 15.00 | Win Rate: 90.62% | Actor Loss: -0.0571 | Entropy: 0.5354 | Invalid S/B: 0.00/0.00 | Max Load: 7.2 | Load Gap: 1.2
Epoch [67/500] | Sampled: 252.62 | Baseline: 268.44 | Improvement: 15.81 | Win Rate: 90.62% | Actor Loss: -0.3798 | Entropy: 0.5554 | Invalid S/B: 0.00/0.00 | Max Load: 7.1 | Load Gap: 1.1
Epoch [68/500] | Sampled: 252.34 | Baseline: 269.56 | Improvement: 17.22 | Win Rate: 93.75% | Actor Loss: -0.3435 | Entropy: 0.5970 | Invalid S/B: 0.00/0.00 | Max Load: 7.1 | Load Gap: 1.1
Epoch [69/500] | Sampled: 249.16 | Baseline: 265.88 | Improvement: 16.72 | Win Rate: 93.75% | Actor Loss: -0.7771 | Entropy: 0.6187 | Invalid S/B: 0.00/0.00 | Max Load: 7.1 | Load Gap: 1.1
Epoch [70/500] | Sampled: 251.69 | Baseline: 268.28 | Improvement: 16.59 | Win Rate: 93.75% | Actor Loss: -1.6058 | Entropy: 0.7283 | Invalid S/B: 0.00/0.00 | Max Load: 7.1 | Load Gap: 1.1
Epoch [71/500] | Sampled: 252.62 | Baseline: 265.62 | Improvement: 13.00 | Win Rate: 90.62% | Actor Loss: -1.2679 | Entropy: 0.7510 | Invalid S/B: 0.00/0.00 | Max Load: 7.0 | Load Gap: 1.0
Epoch [72/500] | Sampled: 251.19 | Baseline: 267.00 | Improvement: 15.81 | Win Rate: 96.88% | Actor Loss: -0.4318 | Entropy: 0.7977 | Invalid S/B: 0.00/0.00 | Max Load: 7.1 | Load Gap: 1.1
Epoch [73/500] | Sampled: 252.59 | Baseline: 268.06 | Improvement: 15.47 | Win Rate: 96.88% | Actor Loss: -2.1301 | Entropy: 0.8967 | Invalid S/B: 0.00/0.00 | Max Load: 7.2 | Load Gap: 1.2
Epoch [74/500] | Sampled: 249.59 | Baseline: 266.25 | Improvement: 16.66 | Win Rate: 90.62% | Actor Loss: -0.6882 | Entropy: 0.9543 | Invalid S/B: 0.00/0.00 | Max Load: 7.1 | Load Gap: 1.1
Epoch [75/500] | Sampled: 251.09 | Baseline: 269.12 | Improvement: 18.03 | Win Rate: 100.00% | Actor Loss: -2.6021 | Entropy: 0.9573 | Invalid S/B: 0.00/0.00 | Max Load: 7.1 | Load Gap: 1.1
Epoch [76/500] | Sampled: 248.44 | Baseline: 264.44 | Improvement: 16.00 | Win Rate: 90.62% | Actor Loss: -1.4704 | Entropy: 0.9776 | Invalid S/B: 0.00/0.00 | Max Load: 7.0 | Load Gap: 1.0
Epoch [77/500] | Sampled: 250.47 | Baseline: 267.75 | Improvement: 17.28 | Win Rate: 96.88% | Actor Loss: -1.3018 | Entropy: 0.9695 | Invalid S/B: 0.00/0.00 | Max Load: 7.0 | Load Gap: 1.1
Epoch [78/500] | Sampled: 251.94 | Baseline: 267.22 | Improvement: 15.28 | Win Rate: 84.38% | Actor Loss: -1.0975 | Entropy: 0.9165 | Invalid S/B: 0.00/0.00 | Max Load: 7.2 | Load Gap: 1.2
Epoch [79/500] | Sampled: 250.22 | Baseline: 268.25 | Improvement: 18.03 | Win Rate: 93.75% | Actor Loss: -0.2145 | Entropy: 0.8945 | Invalid S/B: 0.00/0.00 | Max Load: 7.1 | Load Gap: 1.1
Epoch [80/500] | Sampled: 250.06 | Baseline: 266.00 | Improvement: 15.94 | Win Rate: 87.50% | Actor Loss: -1.0161 | Entropy: 0.8668 | Invalid S/B: 0.00/0.00 | Max Load: 7.1 | Load Gap: 1.1
Epoch [81/500] | Sampled: 248.88 | Baseline: 263.97 | Improvement: 15.09 | Win Rate: 84.38% | Actor Loss: -0.2362 | Entropy: 0.8433 | Invalid S/B: 0.00/0.00 | Max Load: 7.0 | Load Gap: 1.0
Epoch [82/500] | Sampled: 249.41 | Baseline: 266.44 | Improvement: 17.03 | Win Rate: 84.38% | Actor Loss: -1.7426 | Entropy: 0.8527 | Invalid S/B: 0.00/0.00 | Max Load: 7.1 | Load Gap: 1.1
Epoch [83/500] | Sampled: 251.06 | Baseline: 269.47 | Improvement: 18.41 | Win Rate: 96.88% | Actor Loss: -1.9966 | Entropy: 0.8753 | Invalid S/B: 0.00/0.00 | Max Load: 7.2 | Load Gap: 1.2
Epoch [84/500] | Sampled: 246.25 | Baseline: 267.69 | Improvement: 21.44 | Win Rate: 100.00% | Actor Loss: -0.5250 | Entropy: 0.8168 | Invalid S/B: 0.00/0.00 | Max Load: 7.1 | Load Gap: 1.1
Epoch [85/500] | Sampled: 249.72 | Baseline: 266.59 | Improvement: 16.88 | Win Rate: 90.62% | Actor Loss: -0.1364 | Entropy: 0.8599 | Invalid S/B: 0.00/0.00 | Max Load: 7.2 | Load Gap: 1.2
Epoch [86/500] | Sampled: 249.97 | Baseline: 264.81 | Improvement: 14.84 | Win Rate: 96.88% | Actor Loss: -3.0768 | Entropy: 0.8447 | Invalid S/B: 0.00/0.00 | Max Load: 7.1 | Load Gap: 1.1
Epoch [87/500] | Sampled: 247.50 | Baseline: 265.69 | Improvement: 18.19 | Win Rate: 100.00% | Actor Loss: -0.8368 | Entropy: 0.8491 | Invalid S/B: 0.00/0.00 | Max Load: 7.2 | Load Gap: 1.2
Epoch [88/500] | Sampled: 248.56 | Baseline: 265.78 | Improvement: 17.22 | Win Rate: 81.25% | Actor Loss: -1.0476 | Entropy: 0.8354 | Invalid S/B: 0.00/0.00 | Max Load: 7.1 | Load Gap: 1.1
Epoch [89/500] | Sampled: 247.62 | Baseline: 263.91 | Improvement: 16.28 | Win Rate: 87.50% | Actor Loss: -2.2528 | Entropy: 0.8515 | Invalid S/B: 0.00/0.00 | Max Load: 7.1 | Load Gap: 1.2
Epoch [90/500] | Sampled: 250.41 | Baseline: 268.62 | Improvement: 18.22 | Win Rate: 96.88% | Actor Loss: -2.9851 | Entropy: 0.8456 | Invalid S/B: 0.00/0.00 | Max Load: 7.1 | Load Gap: 1.1
Epoch [91/500] | Sampled: 252.31 | Baseline: 266.09 | Improvement: 13.78 | Win Rate: 93.75% | Actor Loss: -2.2235 | Entropy: 0.8656 | Invalid S/B: 0.00/0.00 | Max Load: 7.1 | Load Gap: 1.1
Epoch [92/500] | Sampled: 245.47 | Baseline: 266.56 | Improvement: 21.09 | Win Rate: 100.00% | Actor Loss: -1.3025 | Entropy: 0.7343 | Invalid S/B: 0.00/0.00 | Max Load: 7.1 | Load Gap: 1.2
Epoch [93/500] | Sampled: 248.59 | Baseline: 265.72 | Improvement: 17.12 | Win Rate: 100.00% | Actor Loss: 0.1917 | Entropy: 0.7550 | Invalid S/B: 0.00/0.00 | Max Load: 7.1 | Load Gap: 1.1
Epoch [94/500] | Sampled: 248.19 | Baseline: 264.53 | Improvement: 16.34 | Win Rate: 84.38% | Actor Loss: -0.8325 | Entropy: 0.7349 | Invalid S/B: 0.00/0.00 | Max Load: 7.1 | Load Gap: 1.2
Epoch [95/500] | Sampled: 247.50 | Baseline: 267.09 | Improvement: 19.59 | Win Rate: 100.00% | Actor Loss: -1.9392 | Entropy: 0.6978 | Invalid S/B: 0.00/0.00 | Max Load: 7.1 | Load Gap: 1.1
Epoch [96/500] | Sampled: 250.34 | Baseline: 269.09 | Improvement: 18.75 | Win Rate: 93.75% | Actor Loss: -0.8340 | Entropy: 0.6963 | Invalid S/B: 0.00/0.00 | Max Load: 7.0 | Load Gap: 1.0
Epoch [97/500] | Sampled: 249.19 | Baseline: 262.62 | Improvement: 13.44 | Win Rate: 90.62% | Actor Loss: -0.5451 | Entropy: 0.7091 | Invalid S/B: 0.00/0.00 | Max Load: 7.1 | Load Gap: 1.1
Epoch [98/500] | Sampled: 249.12 | Baseline: 266.78 | Improvement: 17.66 | Win Rate: 96.88% | Actor Loss: -0.2137 | Entropy: 0.7306 | Invalid S/B: 0.00/0.00 | Max Load: 7.1 | Load Gap: 1.1
Epoch [99/500] | Sampled: 247.75 | Baseline: 266.72 | Improvement: 18.97 | Win Rate: 96.88% | Actor Loss: -0.5852 | Entropy: 0.7642 | Invalid S/B: 0.00/0.00 | Max Load: 7.1 | Load Gap: 1.1
Epoch [100/500] | Sampled: 245.69 | Baseline: 267.97 | Improvement: 22.28 | Win Rate: 96.88% | Actor Loss: -0.6392 | Entropy: 0.7906 | Invalid S/B: 0.00/0.00 | Max Load: 7.1 | Load Gap: 1.1
   -> Validation | Samples: 50 | Makespan: 246.50 | Invalid Jobs: 0.02
   -> Saved new best model (Val Makespan: 246.50)
   -> Saved updated training chart to /home/wei/AMR-DFJSP/Static_alogorithm/Attention/attention_precise_training_metrics.png
Epoch [101/500] | Sampled: 245.56 | Baseline: 266.72 | Improvement: 21.16 | Win Rate: 100.00% | Actor Loss: -2.1394 | Entropy: 0.8390 | Invalid S/B: 0.00/0.00 | Max Load: 7.0 | Load Gap: 1.0
Epoch [102/500] | Sampled: 246.94 | Baseline: 267.94 | Improvement: 21.00 | Win Rate: 100.00% | Actor Loss: -1.8796 | Entropy: 0.8863 | Invalid S/B: 0.00/0.00 | Max Load: 7.0 | Load Gap: 1.0
Epoch [103/500] | Sampled: 247.84 | Baseline: 269.28 | Improvement: 21.44 | Win Rate: 96.88% | Actor Loss: -1.7036 | Entropy: 0.9175 | Invalid S/B: 0.00/0.00 | Max Load: 7.1 | Load Gap: 1.1
Epoch [104/500] | Sampled: 246.81 | Baseline: 268.78 | Improvement: 21.97 | Win Rate: 96.88% | Actor Loss: -0.8425 | Entropy: 0.9469 | Invalid S/B: 0.00/0.00 | Max Load: 7.1 | Load Gap: 1.2
Epoch [105/500] | Sampled: 247.66 | Baseline: 266.25 | Improvement: 18.59 | Win Rate: 96.88% | Actor Loss: -1.4826 | Entropy: 1.0123 | Invalid S/B: 0.00/0.00 | Max Load: 7.1 | Load Gap: 1.1
Epoch [106/500] | Sampled: 248.06 | Baseline: 265.19 | Improvement: 17.12 | Win Rate: 87.50% | Actor Loss: -1.7436 | Entropy: 1.0852 | Invalid S/B: 0.00/0.00 | Max Load: 7.1 | Load Gap: 1.1
Epoch [107/500] | Sampled: 249.56 | Baseline: 265.78 | Improvement: 16.22 | Win Rate: 93.75% | Actor Loss: -3.2379 | Entropy: 1.1338 | Invalid S/B: 0.00/0.00 | Max Load: 7.0 | Load Gap: 1.0
Epoch [108/500] | Sampled: 249.22 | Baseline: 265.69 | Improvement: 16.47 | Win Rate: 90.62% | Actor Loss: -2.5740 | Entropy: 1.1149 | Invalid S/B: 0.00/0.00 | Max Load: 7.0 | Load Gap: 1.0
Epoch [109/500] | Sampled: 249.44 | Baseline: 268.28 | Improvement: 18.84 | Win Rate: 93.75% | Actor Loss: -1.4770 | Entropy: 1.1485 | Invalid S/B: 0.00/0.00 | Max Load: 7.0 | Load Gap: 1.0
Epoch [110/500] | Sampled: 250.09 | Baseline: 268.78 | Improvement: 18.69 | Win Rate: 96.88% | Actor Loss: -1.1272 | Entropy: 1.1354 | Invalid S/B: 0.00/0.00 | Max Load: 7.1 | Load Gap: 1.1
Epoch [111/500] | Sampled: 251.91 | Baseline: 265.28 | Improvement: 13.38 | Win Rate: 93.75% | Actor Loss: -1.8362 | Entropy: 1.1628 | Invalid S/B: 0.00/0.00 | Max Load: 7.1 | Load Gap: 1.1
Epoch [112/500] | Sampled: 249.00 | Baseline: 268.19 | Improvement: 19.19 | Win Rate: 96.88% | Actor Loss: 0.9412 | Entropy: 1.1004 | Invalid S/B: 0.00/0.00 | Max Load: 7.0 | Load Gap: 1.0
Epoch [113/500] | Sampled: 248.62 | Baseline: 267.72 | Improvement: 19.09 | Win Rate: 96.88% | Actor Loss: -0.8592 | Entropy: 1.0998 | Invalid S/B: 0.00/0.00 | Max Load: 7.0 | Load Gap: 1.0
Epoch [114/500] | Sampled: 247.34 | Baseline: 265.09 | Improvement: 17.75 | Win Rate: 93.75% | Actor Loss: -2.0440 | Entropy: 1.0649 | Invalid S/B: 0.00/0.00 | Max Load: 7.1 | Load Gap: 1.1
Epoch [115/500] | Sampled: 251.12 | Baseline: 266.47 | Improvement: 15.34 | Win Rate: 90.62% | Actor Loss: -2.2853 | Entropy: 1.0607 | Invalid S/B: 0.00/0.00 | Max Load: 7.2 | Load Gap: 1.2
Epoch [116/500] | Sampled: 247.88 | Baseline: 266.66 | Improvement: 18.78 | Win Rate: 96.88% | Actor Loss: 0.3716 | Entropy: 0.9864 | Invalid S/B: 0.00/0.00 | Max Load: 7.1 | Load Gap: 1.1
Epoch [117/500] | Sampled: 248.75 | Baseline: 268.69 | Improvement: 19.94 | Win Rate: 96.88% | Actor Loss: -0.0039 | Entropy: 0.9750 | Invalid S/B: 0.00/0.00 | Max Load: 7.1 | Load Gap: 1.1
Epoch [118/500] | Sampled: 249.47 | Baseline: 267.81 | Improvement: 18.34 | Win Rate: 93.75% | Actor Loss: -0.0089 | Entropy: 0.9254 | Invalid S/B: 0.00/0.00 | Max Load: 7.1 | Load Gap: 1.1
Epoch [119/500] | Sampled: 246.50 | Baseline: 268.38 | Improvement: 21.88 | Win Rate: 100.00% | Actor Loss: -1.6540 | Entropy: 0.9377 | Invalid S/B: 0.00/0.00 | Max Load: 7.0 | Load Gap: 1.0
Epoch [120/500] | Sampled: 246.84 | Baseline: 267.03 | Improvement: 20.19 | Win Rate: 100.00% | Actor Loss: -0.4460 | Entropy: 0.9442 | Invalid S/B: 0.00/0.00 | Max Load: 7.0 | Load Gap: 1.0
Epoch [121/500] | Sampled: 246.97 | Baseline: 264.31 | Improvement: 17.34 | Win Rate: 100.00% | Actor Loss: -1.6957 | Entropy: 0.9713 | Invalid S/B: 0.00/0.00 | Max Load: 7.1 | Load Gap: 1.2
Epoch [122/500] | Sampled: 243.81 | Baseline: 265.28 | Improvement: 21.47 | Win Rate: 96.88% | Actor Loss: -2.6385 | Entropy: 0.8953 | Invalid S/B: 0.00/0.00 | Max Load: 7.1 | Load Gap: 1.1
Epoch [123/500] | Sampled: 248.94 | Baseline: 269.88 | Improvement: 20.94 | Win Rate: 100.00% | Actor Loss: -1.2609 | Entropy: 0.8847 | Invalid S/B: 0.00/0.00 | Max Load: 7.0 | Load Gap: 1.0
Epoch [124/500] | Sampled: 248.91 | Baseline: 266.47 | Improvement: 17.56 | Win Rate: 93.75% | Actor Loss: -1.6858 | Entropy: 0.8642 | Invalid S/B: 0.00/0.00 | Max Load: 7.1 | Load Gap: 1.1
Epoch [125/500] | Sampled: 248.09 | Baseline: 266.94 | Improvement: 18.84 | Win Rate: 96.88% | Actor Loss: -1.4805 | Entropy: 0.8041 | Invalid S/B: 0.00/0.00 | Max Load: 7.0 | Load Gap: 1.0
Epoch [126/500] | Sampled: 247.50 | Baseline: 263.97 | Improvement: 16.47 | Win Rate: 100.00% | Actor Loss: 0.1361 | Entropy: 0.8110 | Invalid S/B: 0.00/0.00 | Max Load: 7.1 | Load Gap: 1.1
Epoch [127/500] | Sampled: 250.66 | Baseline: 269.78 | Improvement: 19.12 | Win Rate: 96.88% | Actor Loss: -3.3487 | Entropy: 0.8159 | Invalid S/B: 0.00/0.00 | Max Load: 7.1 | Load Gap: 1.1
Epoch [128/500] | Sampled: 245.84 | Baseline: 264.25 | Improvement: 18.41 | Win Rate: 93.75% | Actor Loss: 0.0131 | Entropy: 0.7379 | Invalid S/B: 0.00/0.00 | Max Load: 7.1 | Load Gap: 1.1
Epoch [129/500] | Sampled: 246.78 | Baseline: 267.16 | Improvement: 20.38 | Win Rate: 96.88% | Actor Loss: 0.1614 | Entropy: 0.7476 | Invalid S/B: 0.00/0.00 | Max Load: 7.1 | Load Gap: 1.1
Epoch [130/500] | Sampled: 248.62 | Baseline: 263.94 | Improvement: 15.31 | Win Rate: 90.62% | Actor Loss: -0.8964 | Entropy: 0.7329 | Invalid S/B: 0.03/0.00 | Max Load: 7.1 | Load Gap: 1.1
Epoch [131/500] | Sampled: 247.41 | Baseline: 264.88 | Improvement: 17.47 | Win Rate: 96.88% | Actor Loss: -0.4438 | Entropy: 0.7335 | Invalid S/B: 0.00/0.00 | Max Load: 7.1 | Load Gap: 1.1
Epoch [132/500] | Sampled: 243.53 | Baseline: 267.78 | Improvement: 24.25 | Win Rate: 100.00% | Actor Loss: -0.9871 | Entropy: 0.7395 | Invalid S/B: 0.00/0.00 | Max Load: 7.1 | Load Gap: 1.1
Epoch [133/500] | Sampled: 245.53 | Baseline: 264.38 | Improvement: 18.84 | Win Rate: 100.00% | Actor Loss: -0.9476 | Entropy: 0.7311 | Invalid S/B: 0.00/0.00 | Max Load: 7.1 | Load Gap: 1.2
Epoch [134/500] | Sampled: 246.03 | Baseline: 263.53 | Improvement: 17.50 | Win Rate: 96.88% | Actor Loss: -1.0595 | Entropy: 0.6897 | Invalid S/B: 0.00/0.00 | Max Load: 7.2 | Load Gap: 1.2
Epoch [135/500] | Sampled: 245.00 | Baseline: 266.25 | Improvement: 21.25 | Win Rate: 96.88% | Actor Loss: -0.3030 | Entropy: 0.7197 | Invalid S/B: 0.00/0.00 | Max Load: 7.1 | Load Gap: 1.2
Epoch [136/500] | Sampled: 247.06 | Baseline: 266.16 | Improvement: 19.09 | Win Rate: 100.00% | Actor Loss: -0.0019 | Entropy: 0.7072 | Invalid S/B: 0.00/0.00 | Max Load: 7.1 | Load Gap: 1.1
Epoch [137/500] | Sampled: 245.66 | Baseline: 266.19 | Improvement: 20.53 | Win Rate: 96.88% | Actor Loss: -2.7143 | Entropy: 0.6744 | Invalid S/B: 0.00/0.00 | Max Load: 7.1 | Load Gap: 1.1
Epoch [138/500] | Sampled: 246.66 | Baseline: 264.06 | Improvement: 17.41 | Win Rate: 96.88% | Actor Loss: -1.1359 | Entropy: 0.6509 | Invalid S/B: 0.00/0.00 | Max Load: 7.1 | Load Gap: 1.2
Epoch [139/500] | Sampled: 247.25 | Baseline: 265.78 | Improvement: 18.53 | Win Rate: 100.00% | Actor Loss: -0.5695 | Entropy: 0.6167 | Invalid S/B: 0.00/0.00 | Max Load: 7.0 | Load Gap: 1.0
Epoch [140/500] | Sampled: 249.25 | Baseline: 265.41 | Improvement: 16.16 | Win Rate: 90.62% | Actor Loss: 0.0601 | Entropy: 0.5926 | Invalid S/B: 0.00/0.00 | Max Load: 7.1 | Load Gap: 1.2
Epoch [141/500] | Sampled: 250.06 | Baseline: 266.91 | Improvement: 16.84 | Win Rate: 93.75% | Actor Loss: -0.8727 | Entropy: 0.5976 | Invalid S/B: 0.00/0.00 | Max Load: 7.1 | Load Gap: 1.2
Epoch [142/500] | Sampled: 248.28 | Baseline: 264.19 | Improvement: 15.91 | Win Rate: 90.62% | Actor Loss: -1.4884 | Entropy: 0.5658 | Invalid S/B: 0.00/0.00 | Max Load: 7.0 | Load Gap: 1.0
Epoch [143/500] | Sampled: 250.06 | Baseline: 263.62 | Improvement: 13.56 | Win Rate: 93.75% | Actor Loss: -1.4715 | Entropy: 0.5482 | Invalid S/B: 0.00/0.00 | Max Load: 7.1 | Load Gap: 1.1
Epoch [144/500] | Sampled: 246.62 | Baseline: 265.06 | Improvement: 18.44 | Win Rate: 100.00% | Actor Loss: 0.1723 | Entropy: 0.5389 | Invalid S/B: 0.00/0.00 | Max Load: 7.1 | Load Gap: 1.1
Epoch [145/500] | Sampled: 247.66 | Baseline: 263.81 | Improvement: 16.16 | Win Rate: 100.00% | Actor Loss: -1.3649 | Entropy: 0.5340 | Invalid S/B: 0.00/0.00 | Max Load: 7.1 | Load Gap: 1.1
Epoch [146/500] | Sampled: 248.97 | Baseline: 265.66 | Improvement: 16.69 | Win Rate: 96.88% | Actor Loss: -1.1511 | Entropy: 0.5009 | Invalid S/B: 0.00/0.00 | Max Load: 7.1 | Load Gap: 1.1
Epoch [147/500] | Sampled: 249.53 | Baseline: 268.19 | Improvement: 18.66 | Win Rate: 96.88% | Actor Loss: -0.9181 | Entropy: 0.4970 | Invalid S/B: 0.00/0.00 | Max Load: 7.1 | Load Gap: 1.1
Epoch [148/500] | Sampled: 250.03 | Baseline: 269.19 | Improvement: 19.16 | Win Rate: 96.88% | Actor Loss: -0.3580 | Entropy: 0.4606 | Invalid S/B: 0.00/0.00 | Max Load: 7.0 | Load Gap: 1.0
Epoch [149/500] | Sampled: 246.94 | Baseline: 265.09 | Improvement: 18.16 | Win Rate: 100.00% | Actor Loss: -0.5263 | Entropy: 0.4734 | Invalid S/B: 0.00/0.00 | Max Load: 7.1 | Load Gap: 1.1
Epoch [150/500] | Sampled: 251.53 | Baseline: 265.31 | Improvement: 13.78 | Win Rate: 93.75% | Actor Loss: 0.2690 | Entropy: 0.4758 | Invalid S/B: 0.00/0.00 | Max Load: 7.1 | Load Gap: 1.2
   -> Validation | Samples: 50 | Makespan: 249.32 | Invalid Jobs: 0.00
Epoch [151/500] | Sampled: 250.16 | Baseline: 268.22 | Improvement: 18.06 | Win Rate: 87.50% | Actor Loss: -0.3948 | Entropy: 0.4495 | Invalid S/B: 0.00/0.00 | Max Load: 7.1 | Load Gap: 1.1
Epoch [152/500] | Sampled: 249.72 | Baseline: 267.00 | Improvement: 17.28 | Win Rate: 96.88% | Actor Loss: -1.5832 | Entropy: 0.4499 | Invalid S/B: 0.00/0.00 | Max Load: 7.2 | Load Gap: 1.2
Epoch [153/500] | Sampled: 252.56 | Baseline: 267.34 | Improvement: 14.78 | Win Rate: 90.62% | Actor Loss: -0.0408 | Entropy: 0.4097 | Invalid S/B: 0.00/0.00 | Max Load: 7.1 | Load Gap: 1.1
Epoch [154/500] | Sampled: 250.84 | Baseline: 265.16 | Improvement: 14.31 | Win Rate: 90.62% | Actor Loss: 0.7814 | Entropy: 0.3968 | Invalid S/B: 0.00/0.00 | Max Load: 7.0 | Load Gap: 1.0
Epoch [155/500] | Sampled: 250.16 | Baseline: 268.94 | Improvement: 18.78 | Win Rate: 96.88% | Actor Loss: -0.8489 | Entropy: 0.3667 | Invalid S/B: 0.00/0.00 | Max Load: 7.0 | Load Gap: 1.0
Epoch [156/500] | Sampled: 252.62 | Baseline: 268.84 | Improvement: 16.22 | Win Rate: 93.75% | Actor Loss: 0.2101 | Entropy: 0.3865 | Invalid S/B: 0.00/0.00 | Max Load: 7.1 | Load Gap: 1.1
Epoch [157/500] | Sampled: 250.41 | Baseline: 264.59 | Improvement: 14.19 | Win Rate: 93.75% | Actor Loss: 0.2639 | Entropy: 0.3792 | Invalid S/B: 0.00/0.00 | Max Load: 7.1 | Load Gap: 1.2
Epoch [158/500] | Sampled: 249.09 | Baseline: 269.50 | Improvement: 20.41 | Win Rate: 96.88% | Actor Loss: 0.2663 | Entropy: 0.3907 | Invalid S/B: 0.00/0.00 | Max Load: 7.1 | Load Gap: 1.2
Epoch [159/500] | Sampled: 248.09 | Baseline: 268.06 | Improvement: 19.97 | Win Rate: 100.00% | Actor Loss: 0.0837 | Entropy: 0.3951 | Invalid S/B: 0.00/0.00 | Max Load: 7.1 | Load Gap: 1.2
Epoch [160/500] | Sampled: 248.09 | Baseline: 267.00 | Improvement: 18.91 | Win Rate: 90.62% | Actor Loss: 0.3059 | Entropy: 0.3889 | Invalid S/B: 0.00/0.00 | Max Load: 7.0 | Load Gap: 1.0
Epoch [161/500] | Sampled: 249.25 | Baseline: 266.19 | Improvement: 16.94 | Win Rate: 93.75% | Actor Loss: -0.0719 | Entropy: 0.4359 | Invalid S/B: 0.00/0.00 | Max Load: 7.2 | Load Gap: 1.3
Epoch [162/500] | Sampled: 246.47 | Baseline: 262.25 | Improvement: 15.78 | Win Rate: 93.75% | Actor Loss: -0.7851 | Entropy: 0.3895 | Invalid S/B: 0.00/0.00 | Max Load: 7.1 | Load Gap: 1.1
Epoch [163/500] | Sampled: 248.41 | Baseline: 266.06 | Improvement: 17.66 | Win Rate: 100.00% | Actor Loss: 0.1329 | Entropy: 0.3994 | Invalid S/B: 0.00/0.00 | Max Load: 7.1 | Load Gap: 1.1
Epoch [164/500] | Sampled: 248.31 | Baseline: 266.03 | Improvement: 17.72 | Win Rate: 90.62% | Actor Loss: -1.7673 | Entropy: 0.4268 | Invalid S/B: 0.00/0.00 | Max Load: 7.1 | Load Gap: 1.1
Epoch [165/500] | Sampled: 249.47 | Baseline: 266.12 | Improvement: 16.66 | Win Rate: 90.62% | Actor Loss: -2.1018 | Entropy: 0.4271 | Invalid S/B: 0.00/0.00 | Max Load: 7.2 | Load Gap: 1.2
Epoch [166/500] | Sampled: 246.69 | Baseline: 266.34 | Improvement: 19.66 | Win Rate: 96.88% | Actor Loss: -0.5210 | Entropy: 0.4468 | Invalid S/B: 0.00/0.00 | Max Load: 7.1 | Load Gap: 1.1
Epoch [167/500] | Sampled: 247.88 | Baseline: 265.66 | Improvement: 17.78 | Win Rate: 96.88% | Actor Loss: -0.5314 | Entropy: 0.4762 | Invalid S/B: 0.00/0.00 | Max Load: 7.1 | Load Gap: 1.1
Epoch [168/500] | Sampled: 247.75 | Baseline: 270.00 | Improvement: 22.25 | Win Rate: 96.88% | Actor Loss: -0.7173 | Entropy: 0.4751 | Invalid S/B: 0.00/0.00 | Max Load: 7.0 | Load Gap: 1.0
Epoch [169/500] | Sampled: 246.88 | Baseline: 265.69 | Improvement: 18.81 | Win Rate: 96.88% | Actor Loss: -1.7717 | Entropy: 0.4780 | Invalid S/B: 0.00/0.00 | Max Load: 7.1 | Load Gap: 1.1
Epoch [170/500] | Sampled: 245.50 | Baseline: 264.44 | Improvement: 18.94 | Win Rate: 96.88% | Actor Loss: -0.2360 | Entropy: 0.4423 | Invalid S/B: 0.00/0.00 | Max Load: 7.1 | Load Gap: 1.1
Epoch [171/500] | Sampled: 247.78 | Baseline: 266.03 | Improvement: 18.25 | Win Rate: 93.75% | Actor Loss: -0.6894 | Entropy: 0.4410 | Invalid S/B: 0.00/0.00 | Max Load: 7.1 | Load Gap: 1.1
Epoch [172/500] | Sampled: 247.34 | Baseline: 263.56 | Improvement: 16.22 | Win Rate: 93.75% | Actor Loss: -1.4497 | Entropy: 0.4356 | Invalid S/B: 0.00/0.00 | Max Load: 7.0 | Load Gap: 1.0
Epoch [173/500] | Sampled: 248.12 | Baseline: 262.97 | Improvement: 14.84 | Win Rate: 84.38% | Actor Loss: -1.5189 | Entropy: 0.4024 | Invalid S/B: 0.00/0.00 | Max Load: 7.1 | Load Gap: 1.1
Epoch [174/500] | Sampled: 250.00 | Baseline: 266.03 | Improvement: 16.03 | Win Rate: 90.62% | Actor Loss: -0.4849 | Entropy: 0.4038 | Invalid S/B: 0.00/0.00 | Max Load: 7.1 | Load Gap: 1.1
Epoch [175/500] | Sampled: 248.78 | Baseline: 268.41 | Improvement: 19.62 | Win Rate: 96.88% | Actor Loss: -1.0948 | Entropy: 0.4159 | Invalid S/B: 0.00/0.00 | Max Load: 7.1 | Load Gap: 1.1
Epoch [176/500] | Sampled: 248.22 | Baseline: 266.06 | Improvement: 17.84 | Win Rate: 96.88% | Actor Loss: -1.0419 | Entropy: 0.3539 | Invalid S/B: 0.00/0.00 | Max Load: 7.2 | Load Gap: 1.2
Epoch [177/500] | Sampled: 247.44 | Baseline: 265.59 | Improvement: 18.16 | Win Rate: 90.62% | Actor Loss: -1.4525 | Entropy: 0.3776 | Invalid S/B: 0.00/0.00 | Max Load: 7.1 | Load Gap: 1.1
Epoch [178/500] | Sampled: 252.16 | Baseline: 267.75 | Improvement: 15.59 | Win Rate: 93.75% | Actor Loss: -0.6447 | Entropy: 0.3357 | Invalid S/B: 0.00/0.00 | Max Load: 7.1 | Load Gap: 1.2
Epoch [179/500] | Sampled: 247.03 | Baseline: 263.88 | Improvement: 16.84 | Win Rate: 93.75% | Actor Loss: -0.1622 | Entropy: 0.3042 | Invalid S/B: 0.00/0.00 | Max Load: 7.1 | Load Gap: 1.1
Epoch [180/500] | Sampled: 246.69 | Baseline: 267.06 | Improvement: 20.38 | Win Rate: 96.88% | Actor Loss: -0.5129 | Entropy: 0.2956 | Invalid S/B: 0.00/0.00 | Max Load: 7.1 | Load Gap: 1.2
Epoch [181/500] | Sampled: 251.19 | Baseline: 264.66 | Improvement: 13.47 | Win Rate: 93.75% | Actor Loss: -0.6610 | Entropy: 0.3102 | Invalid S/B: 0.00/0.00 | Max Load: 7.1 | Load Gap: 1.1
Epoch [182/500] | Sampled: 253.00 | Baseline: 267.41 | Improvement: 14.41 | Win Rate: 78.12% | Actor Loss: -0.0653 | Entropy: 0.2839 | Invalid S/B: 0.00/0.00 | Max Load: 7.0 | Load Gap: 1.0
Epoch [183/500] | Sampled: 250.09 | Baseline: 265.19 | Improvement: 15.09 | Win Rate: 93.75% | Actor Loss: -0.2699 | Entropy: 0.3037 | Invalid S/B: 0.00/0.00 | Max Load: 7.2 | Load Gap: 1.2
Epoch [184/500] | Sampled: 246.78 | Baseline: 263.56 | Improvement: 16.78 | Win Rate: 93.75% | Actor Loss: 0.2157 | Entropy: 0.2554 | Invalid S/B: 0.00/0.00 | Max Load: 7.1 | Load Gap: 1.1
Epoch [185/500] | Sampled: 251.09 | Baseline: 265.44 | Improvement: 14.34 | Win Rate: 87.50% | Actor Loss: -0.5858 | Entropy: 0.2778 | Invalid S/B: 0.00/0.00 | Max Load: 7.2 | Load Gap: 1.2
Epoch [186/500] | Sampled: 246.44 | Baseline: 265.56 | Improvement: 19.12 | Win Rate: 96.88% | Actor Loss: -0.3612 | Entropy: 0.2643 | Invalid S/B: 0.00/0.00 | Max Load: 7.1 | Load Gap: 1.1
Epoch [187/500] | Sampled: 249.84 | Baseline: 269.22 | Improvement: 19.38 | Win Rate: 96.88% | Actor Loss: -0.2362 | Entropy: 0.2647 | Invalid S/B: 0.00/0.00 | Max Load: 7.2 | Load Gap: 1.3
Epoch [188/500] | Sampled: 246.12 | Baseline: 266.53 | Improvement: 20.41 | Win Rate: 100.00% | Actor Loss: -0.2437 | Entropy: 0.2486 | Invalid S/B: 0.00/0.00 | Max Load: 7.1 | Load Gap: 1.2
Epoch [189/500] | Sampled: 248.41 | Baseline: 267.66 | Improvement: 19.25 | Win Rate: 93.75% | Actor Loss: 0.5671 | Entropy: 0.2340 | Invalid S/B: 0.00/0.00 | Max Load: 7.2 | Load Gap: 1.3
Epoch [190/500] | Sampled: 250.56 | Baseline: 266.09 | Improvement: 15.53 | Win Rate: 84.38% | Actor Loss: 0.0596 | Entropy: 0.2273 | Invalid S/B: 0.00/0.00 | Max Load: 7.1 | Load Gap: 1.2
Epoch [191/500] | Sampled: 245.72 | Baseline: 266.03 | Improvement: 20.31 | Win Rate: 96.88% | Actor Loss: -0.5992 | Entropy: 0.2442 | Invalid S/B: 0.00/0.00 | Max Load: 7.1 | Load Gap: 1.1
Epoch [192/500] | Sampled: 251.22 | Baseline: 269.16 | Improvement: 17.94 | Win Rate: 90.62% | Actor Loss: -0.3330 | Entropy: 0.2374 | Invalid S/B: 0.03/0.00 | Max Load: 7.1 | Load Gap: 1.1
Epoch [193/500] | Sampled: 250.22 | Baseline: 264.69 | Improvement: 14.47 | Win Rate: 87.50% | Actor Loss: -0.9413 | Entropy: 0.2472 | Invalid S/B: 0.00/0.00 | Max Load: 7.2 | Load Gap: 1.2
Epoch [194/500] | Sampled: 247.19 | Baseline: 266.50 | Improvement: 19.31 | Win Rate: 93.75% | Actor Loss: -0.0465 | Entropy: 0.2261 | Invalid S/B: 0.00/0.00 | Max Load: 7.1 | Load Gap: 1.2
Epoch [195/500] | Sampled: 247.44 | Baseline: 265.81 | Improvement: 18.38 | Win Rate: 96.88% | Actor Loss: 0.6533 | Entropy: 0.2243 | Invalid S/B: 0.00/0.00 | Max Load: 7.1 | Load Gap: 1.1
Epoch [196/500] | Sampled: 245.06 | Baseline: 262.84 | Improvement: 17.78 | Win Rate: 93.75% | Actor Loss: 0.5172 | Entropy: 0.2198 | Invalid S/B: 0.00/0.00 | Max Load: 7.2 | Load Gap: 1.2
Epoch [197/500] | Sampled: 245.66 | Baseline: 263.25 | Improvement: 17.59 | Win Rate: 100.00% | Actor Loss: -0.0564 | Entropy: 0.2093 | Invalid S/B: 0.00/0.00 | Max Load: 7.0 | Load Gap: 1.0
Epoch [198/500] | Sampled: 249.59 | Baseline: 267.12 | Improvement: 17.53 | Win Rate: 96.88% | Actor Loss: 0.5830 | Entropy: 0.2137 | Invalid S/B: 0.00/0.00 | Max Load: 7.1 | Load Gap: 1.1
Epoch [199/500] | Sampled: 249.72 | Baseline: 265.12 | Improvement: 15.41 | Win Rate: 93.75% | Actor Loss: 0.0989 | Entropy: 0.2101 | Invalid S/B: 0.00/0.00 | Max Load: 7.1 | Load Gap: 1.1
Epoch [200/500] | Sampled: 246.72 | Baseline: 263.44 | Improvement: 16.72 | Win Rate: 93.75% | Actor Loss: 0.3281 | Entropy: 0.1805 | Invalid S/B: 0.00/0.00 | Max Load: 7.0 | Load Gap: 1.1
   -> Validation | Samples: 50 | Makespan: 246.84 | Invalid Jobs: 0.00
   -> Saved updated training chart to /home/wei/AMR-DFJSP/Static_alogorithm/Attention/attention_precise_training_metrics.png
Epoch [201/500] | Sampled: 247.22 | Baseline: 265.12 | Improvement: 17.91 | Win Rate: 93.75% | Actor Loss: 0.8246 | Entropy: 0.2174 | Invalid S/B: 0.00/0.00 | Max Load: 7.2 | Load Gap: 1.2
Epoch [202/500] | Sampled: 244.81 | Baseline: 266.25 | Improvement: 21.44 | Win Rate: 96.88% | Actor Loss: -0.1775 | Entropy: 0.1981 | Invalid S/B: 0.00/0.00 | Max Load: 7.2 | Load Gap: 1.3
Epoch [203/500] | Sampled: 246.19 | Baseline: 267.69 | Improvement: 21.50 | Win Rate: 100.00% | Actor Loss: 0.4948 | Entropy: 0.2385 | Invalid S/B: 0.00/0.00 | Max Load: 7.0 | Load Gap: 1.0
Epoch [204/500] | Sampled: 248.31 | Baseline: 266.22 | Improvement: 17.91 | Win Rate: 90.62% | Actor Loss: 0.1014 | Entropy: 0.1974 | Invalid S/B: 0.00/0.00 | Max Load: 7.1 | Load Gap: 1.2
Epoch [205/500] | Sampled: 252.31 | Baseline: 269.72 | Improvement: 17.41 | Win Rate: 93.75% | Actor Loss: -0.1760 | Entropy: 0.1982 | Invalid S/B: 0.00/0.00 | Max Load: 7.2 | Load Gap: 1.2
Epoch [206/500] | Sampled: 248.56 | Baseline: 265.09 | Improvement: 16.53 | Win Rate: 93.75% | Actor Loss: -0.6853 | Entropy: 0.2025 | Invalid S/B: 0.00/0.00 | Max Load: 7.1 | Load Gap: 1.2
Epoch [207/500] | Sampled: 248.78 | Baseline: 267.53 | Improvement: 18.75 | Win Rate: 100.00% | Actor Loss: 0.4869 | Entropy: 0.2039 | Invalid S/B: 0.00/0.00 | Max Load: 7.1 | Load Gap: 1.1
Epoch [208/500] | Sampled: 247.31 | Baseline: 268.22 | Improvement: 20.91 | Win Rate: 100.00% | Actor Loss: -0.2057 | Entropy: 0.2066 | Invalid S/B: 0.00/0.00 | Max Load: 7.1 | Load Gap: 1.1
Epoch [209/500] | Sampled: 246.97 | Baseline: 267.75 | Improvement: 20.78 | Win Rate: 93.75% | Actor Loss: 0.0167 | Entropy: 0.2128 | Invalid S/B: 0.00/0.00 | Max Load: 7.1 | Load Gap: 1.2
Epoch [210/500] | Sampled: 248.84 | Baseline: 268.53 | Improvement: 19.69 | Win Rate: 96.88% | Actor Loss: -0.2824 | Entropy: 0.2300 | Invalid S/B: 0.00/0.00 | Max Load: 7.1 | Load Gap: 1.1
Epoch [211/500] | Sampled: 250.16 | Baseline: 269.25 | Improvement: 19.09 | Win Rate: 96.88% | Actor Loss: 0.4875 | Entropy: 0.2343 | Invalid S/B: 0.00/0.00 | Max Load: 7.0 | Load Gap: 1.0
Epoch [212/500] | Sampled: 248.50 | Baseline: 262.94 | Improvement: 14.44 | Win Rate: 87.50% | Actor Loss: -0.4593 | Entropy: 0.2218 | Invalid S/B: 0.00/0.00 | Max Load: 7.1 | Load Gap: 1.2
Epoch [213/500] | Sampled: 247.97 | Baseline: 268.38 | Improvement: 20.41 | Win Rate: 93.75% | Actor Loss: 0.9010 | Entropy: 0.2536 | Invalid S/B: 0.00/0.00 | Max Load: 7.1 | Load Gap: 1.1
Epoch [214/500] | Sampled: 246.94 | Baseline: 269.44 | Improvement: 22.50 | Win Rate: 100.00% | Actor Loss: 0.4493 | Entropy: 0.2334 | Invalid S/B: 0.00/0.00 | Max Load: 7.0 | Load Gap: 1.0
Epoch [215/500] | Sampled: 248.00 | Baseline: 265.31 | Improvement: 17.31 | Win Rate: 96.88% | Actor Loss: 0.0391 | Entropy: 0.2275 | Invalid S/B: 0.00/0.00 | Max Load: 7.1 | Load Gap: 1.1
Epoch [216/500] | Sampled: 249.38 | Baseline: 268.12 | Improvement: 18.75 | Win Rate: 90.62% | Actor Loss: -1.2139 | Entropy: 0.6342 | Invalid S/B: 0.00/0.00 | Max Load: 7.1 | Load Gap: 1.1
Epoch [217/500] | Sampled: 248.19 | Baseline: 264.50 | Improvement: 16.31 | Win Rate: 90.62% | Actor Loss: -0.7143 | Entropy: 0.6410 | Invalid S/B: 0.00/0.00 | Max Load: 7.2 | Load Gap: 1.2
Epoch [218/500] | Sampled: 247.34 | Baseline: 266.72 | Improvement: 19.38 | Win Rate: 100.00% | Actor Loss: 0.3966 | Entropy: 0.5770 | Invalid S/B: 0.00/0.00 | Max Load: 7.1 | Load Gap: 1.1
Epoch [219/500] | Sampled: 247.81 | Baseline: 266.53 | Improvement: 18.72 | Win Rate: 96.88% | Actor Loss: 0.5509 | Entropy: 0.6767 | Invalid S/B: 0.00/0.00 | Max Load: 7.1 | Load Gap: 1.1
Epoch [220/500] | Sampled: 248.59 | Baseline: 269.19 | Improvement: 20.59 | Win Rate: 100.00% | Actor Loss: -0.2957 | Entropy: 0.7805 | Invalid S/B: 0.00/0.00 | Max Load: 7.1 | Load Gap: 1.1
Epoch [221/500] | Sampled: 271.97 | Baseline: 267.28 | Improvement: -4.69 | Win Rate: 34.38% | Actor Loss: -0.1767 | Entropy: 1.9214 | Invalid S/B: 0.00/0.00 | Max Load: 7.0 | Load Gap: 1.0
Epoch [222/500] | Sampled: 247.03 | Baseline: 267.16 | Improvement: 20.12 | Win Rate: 90.62% | Actor Loss: -1.1826 | Entropy: 0.6983 | Invalid S/B: 0.00/0.00 | Max Load: 7.1 | Load Gap: 1.1
Epoch [223/500] | Sampled: 251.25 | Baseline: 269.31 | Improvement: 18.06 | Win Rate: 96.88% | Actor Loss: -1.3267 | Entropy: 0.7832 | Invalid S/B: 0.00/0.00 | Max Load: 7.0 | Load Gap: 1.0
Epoch [224/500] | Sampled: 248.66 | Baseline: 266.12 | Improvement: 17.47 | Win Rate: 96.88% | Actor Loss: -1.2751 | Entropy: 1.0208 | Invalid S/B: 0.00/0.00 | Max Load: 7.1 | Load Gap: 1.1
Epoch [225/500] | Sampled: 248.69 | Baseline: 265.25 | Improvement: 16.56 | Win Rate: 90.62% | Actor Loss: -0.5024 | Entropy: 0.7504 | Invalid S/B: 0.00/0.00 | Max Load: 7.1 | Load Gap: 1.2
Epoch [226/500] | Sampled: 248.38 | Baseline: 268.66 | Improvement: 20.28 | Win Rate: 96.88% | Actor Loss: -0.2533 | Entropy: 0.6789 | Invalid S/B: 0.00/0.00 | Max Load: 7.0 | Load Gap: 1.0
Epoch [227/500] | Sampled: 248.75 | Baseline: 264.72 | Improvement: 15.97 | Win Rate: 96.88% | Actor Loss: -1.9864 | Entropy: 0.9392 | Invalid S/B: 0.00/0.00 | Max Load: 7.1 | Load Gap: 1.2
Epoch [228/500] | Sampled: 246.62 | Baseline: 264.94 | Improvement: 18.31 | Win Rate: 93.75% | Actor Loss: -0.4624 | Entropy: 0.8055 | Invalid S/B: 0.00/0.00 | Max Load: 7.1 | Load Gap: 1.1
Epoch [229/500] | Sampled: 249.88 | Baseline: 265.31 | Improvement: 15.44 | Win Rate: 96.88% | Actor Loss: -2.0237 | Entropy: 0.8348 | Invalid S/B: 0.00/0.00 | Max Load: 7.1 | Load Gap: 1.1
Epoch [230/500] | Sampled: 250.03 | Baseline: 265.69 | Improvement: 15.66 | Win Rate: 90.62% | Actor Loss: -0.6634 | Entropy: 0.6441 | Invalid S/B: 0.00/0.00 | Max Load: 7.1 | Load Gap: 1.1
Epoch [231/500] | Sampled: 249.56 | Baseline: 268.34 | Improvement: 18.78 | Win Rate: 96.88% | Actor Loss: 1.3560 | Entropy: 0.5491 | Invalid S/B: 0.00/0.00 | Max Load: 7.1 | Load Gap: 1.1
Epoch [232/500] | Sampled: 249.66 | Baseline: 267.00 | Improvement: 17.34 | Win Rate: 96.88% | Actor Loss: -0.1673 | Entropy: 0.5705 | Invalid S/B: 0.00/0.00 | Max Load: 7.0 | Load Gap: 1.0
Epoch [233/500] | Sampled: 247.66 | Baseline: 266.91 | Improvement: 19.25 | Win Rate: 96.88% | Actor Loss: -0.7595 | Entropy: 0.5743 | Invalid S/B: 0.00/0.00 | Max Load: 7.0 | Load Gap: 1.0
Epoch [234/500] | Sampled: 247.78 | Baseline: 267.44 | Improvement: 19.66 | Win Rate: 100.00% | Actor Loss: -1.2662 | Entropy: 0.6066 | Invalid S/B: 0.00/0.00 | Max Load: 7.0 | Load Gap: 1.0
Epoch [235/500] | Sampled: 246.88 | Baseline: 265.53 | Improvement: 18.66 | Win Rate: 100.00% | Actor Loss: -0.7176 | Entropy: 0.5759 | Invalid S/B: 0.00/0.00 | Max Load: 7.1 | Load Gap: 1.1
Epoch [236/500] | Sampled: 247.66 | Baseline: 265.84 | Improvement: 18.19 | Win Rate: 96.88% | Actor Loss: -0.4770 | Entropy: 0.5260 | Invalid S/B: 0.00/0.00 | Max Load: 7.1 | Load Gap: 1.1
Epoch [237/500] | Sampled: 246.97 | Baseline: 265.38 | Improvement: 18.41 | Win Rate: 96.88% | Actor Loss: -1.0779 | Entropy: 0.5055 | Invalid S/B: 0.00/0.00 | Max Load: 7.1 | Load Gap: 1.1
Epoch [238/500] | Sampled: 244.88 | Baseline: 265.72 | Improvement: 20.84 | Win Rate: 93.75% | Actor Loss: -0.7128 | Entropy: 0.4847 | Invalid S/B: 0.00/0.00 | Max Load: 7.2 | Load Gap: 1.2
Epoch [239/500] | Sampled: 249.44 | Baseline: 267.72 | Improvement: 18.28 | Win Rate: 96.88% | Actor Loss: 0.0614 | Entropy: 0.4197 | Invalid S/B: 0.00/0.00 | Max Load: 7.2 | Load Gap: 1.2
Epoch [240/500] | Sampled: 247.12 | Baseline: 268.12 | Improvement: 21.00 | Win Rate: 100.00% | Actor Loss: -0.3332 | Entropy: 0.4442 | Invalid S/B: 0.00/0.00 | Max Load: 7.1 | Load Gap: 1.1
Epoch [241/500] | Sampled: 249.62 | Baseline: 269.69 | Improvement: 20.06 | Win Rate: 100.00% | Actor Loss: 0.2876 | Entropy: 0.4245 | Invalid S/B: 0.00/0.00 | Max Load: 7.1 | Load Gap: 1.1
Epoch [242/500] | Sampled: 250.12 | Baseline: 267.00 | Improvement: 16.88 | Win Rate: 93.75% | Actor Loss: -0.1706 | Entropy: 0.4732 | Invalid S/B: 0.00/0.00 | Max Load: 7.0 | Load Gap: 1.0
Epoch [243/500] | Sampled: 244.72 | Baseline: 267.78 | Improvement: 23.06 | Win Rate: 96.88% | Actor Loss: 0.2818 | Entropy: 0.6067 | Invalid S/B: 0.00/0.00 | Max Load: 7.0 | Load Gap: 1.0
Epoch [244/500] | Sampled: 245.81 | Baseline: 264.31 | Improvement: 18.50 | Win Rate: 100.00% | Actor Loss: -1.8092 | Entropy: 0.8449 | Invalid S/B: 0.00/0.00 | Max Load: 7.1 | Load Gap: 1.1
Epoch [245/500] | Sampled: 249.66 | Baseline: 267.06 | Improvement: 17.41 | Win Rate: 96.88% | Actor Loss: -0.5939 | Entropy: 1.0004 | Invalid S/B: 0.00/0.00 | Max Load: 7.0 | Load Gap: 1.0
Epoch [246/500] | Sampled: 251.75 | Baseline: 267.00 | Improvement: 15.25 | Win Rate: 87.50% | Actor Loss: -0.7359 | Entropy: 1.5981 | Invalid S/B: 0.00/0.00 | Max Load: 7.0 | Load Gap: 1.0
Epoch [247/500] | Sampled: 253.56 | Baseline: 264.75 | Improvement: 11.19 | Win Rate: 78.12% | Actor Loss: -1.6878 | Entropy: 1.7085 | Invalid S/B: 0.00/0.00 | Max Load: 7.0 | Load Gap: 1.0
Epoch [248/500] | Sampled: 246.62 | Baseline: 264.19 | Improvement: 17.56 | Win Rate: 96.88% | Actor Loss: -1.4708 | Entropy: 1.2619 | Invalid S/B: 0.00/0.00 | Max Load: 7.0 | Load Gap: 1.0
Epoch [249/500] | Sampled: 248.25 | Baseline: 266.75 | Improvement: 18.50 | Win Rate: 93.75% | Actor Loss: -0.8876 | Entropy: 0.8648 | Invalid S/B: 0.00/0.00 | Max Load: 7.1 | Load Gap: 1.1
Epoch [250/500] | Sampled: 248.25 | Baseline: 266.81 | Improvement: 18.56 | Win Rate: 100.00% | Actor Loss: -0.7813 | Entropy: 0.8076 | Invalid S/B: 0.00/0.00 | Max Load: 7.1 | Load Gap: 1.1
   -> Validation | Samples: 50 | Makespan: 246.58 | Invalid Jobs: 0.00
Epoch [251/500] | Sampled: 247.56 | Baseline: 263.78 | Improvement: 16.22 | Win Rate: 96.88% | Actor Loss: -0.6274 | Entropy: 0.8064 | Invalid S/B: 0.00/0.00 | Max Load: 7.0 | Load Gap: 1.1
Epoch [252/500] | Sampled: 246.03 | Baseline: 262.72 | Improvement: 16.69 | Win Rate: 100.00% | Actor Loss: -0.3952 | Entropy: 0.4120 | Invalid S/B: 0.00/0.00 | Max Load: 7.1 | Load Gap: 1.1
Epoch [253/500] | Sampled: 248.06 | Baseline: 267.62 | Improvement: 19.56 | Win Rate: 93.75% | Actor Loss: -0.8130 | Entropy: 0.7166 | Invalid S/B: 0.00/0.00 | Max Load: 7.0 | Load Gap: 1.0
Epoch [254/500] | Sampled: 251.09 | Baseline: 266.53 | Improvement: 15.44 | Win Rate: 100.00% | Actor Loss: -1.9212 | Entropy: 0.7748 | Invalid S/B: 0.00/0.00 | Max Load: 7.1 | Load Gap: 1.1
Epoch [255/500] | Sampled: 248.88 | Baseline: 265.44 | Improvement: 16.56 | Win Rate: 100.00% | Actor Loss: -0.0571 | Entropy: 0.7145 | Invalid S/B: 0.00/0.00 | Max Load: 7.1 | Load Gap: 1.2
Epoch [256/500] | Sampled: 247.16 | Baseline: 267.44 | Improvement: 20.28 | Win Rate: 93.75% | Actor Loss: 0.0659 | Entropy: 0.6401 | Invalid S/B: 0.00/0.00 | Max Load: 7.1 | Load Gap: 1.1
Epoch [257/500] | Sampled: 249.25 | Baseline: 264.84 | Improvement: 15.59 | Win Rate: 100.00% | Actor Loss: -0.0715 | Entropy: 0.6760 | Invalid S/B: 0.00/0.00 | Max Load: 7.2 | Load Gap: 1.2
Epoch [258/500] | Sampled: 250.94 | Baseline: 269.59 | Improvement: 18.66 | Win Rate: 96.88% | Actor Loss: -0.8464 | Entropy: 0.7054 | Invalid S/B: 0.00/0.00 | Max Load: 7.2 | Load Gap: 1.2
Epoch [259/500] | Sampled: 248.62 | Baseline: 267.50 | Improvement: 18.88 | Win Rate: 96.88% | Actor Loss: 0.5550 | Entropy: 0.8147 | Invalid S/B: 0.00/0.00 | Max Load: 7.0 | Load Gap: 1.0
Epoch [260/500] | Sampled: 245.81 | Baseline: 267.19 | Improvement: 21.38 | Win Rate: 100.00% | Actor Loss: -2.1550 | Entropy: 0.9406 | Invalid S/B: 0.00/0.00 | Max Load: 7.0 | Load Gap: 1.0
Epoch [261/500] | Sampled: 251.44 | Baseline: 266.38 | Improvement: 14.94 | Win Rate: 93.75% | Actor Loss: -0.3746 | Entropy: 1.2661 | Invalid S/B: 0.00/0.00 | Max Load: 7.1 | Load Gap: 1.1
Epoch [262/500] | Sampled: 260.53 | Baseline: 267.28 | Improvement: 6.75 | Win Rate: 68.75% | Actor Loss: -1.5512 | Entropy: 1.9494 | Invalid S/B: 0.00/0.00 | Max Load: 7.0 | Load Gap: 1.0
Epoch [263/500] | Sampled: 255.94 | Baseline: 265.94 | Improvement: 10.00 | Win Rate: 87.50% | Actor Loss: -0.8685 | Entropy: 1.8430 | Invalid S/B: 0.03/0.00 | Max Load: 7.1 | Load Gap: 1.1
Epoch [264/500] | Sampled: 252.03 | Baseline: 265.47 | Improvement: 13.44 | Win Rate: 84.38% | Actor Loss: -1.0453 | Entropy: 1.7607 | Invalid S/B: 0.00/0.00 | Max Load: 7.0 | Load Gap: 1.0
Epoch [265/500] | Sampled: 245.47 | Baseline: 264.81 | Improvement: 19.34 | Win Rate: 96.88% | Actor Loss: -1.0174 | Entropy: 1.3827 | Invalid S/B: 0.00/0.00 | Max Load: 7.0 | Load Gap: 1.0
Epoch [266/500] | Sampled: 249.03 | Baseline: 265.75 | Improvement: 16.72 | Win Rate: 93.75% | Actor Loss: -3.3921 | Entropy: 1.1721 | Invalid S/B: 0.00/0.00 | Max Load: 7.2 | Load Gap: 1.2
Epoch [267/500] | Sampled: 251.50 | Baseline: 266.12 | Improvement: 14.62 | Win Rate: 87.50% | Actor Loss: -1.6097 | Entropy: 1.1195 | Invalid S/B: 0.00/0.00 | Max Load: 7.1 | Load Gap: 1.1
Epoch [268/500] | Sampled: 247.38 | Baseline: 266.75 | Improvement: 19.38 | Win Rate: 100.00% | Actor Loss: -1.2157 | Entropy: 1.1138 | Invalid S/B: 0.00/0.00 | Max Load: 7.1 | Load Gap: 1.1
Epoch [269/500] | Sampled: 251.97 | Baseline: 268.34 | Improvement: 16.38 | Win Rate: 93.75% | Actor Loss: -2.3569 | Entropy: 1.1712 | Invalid S/B: 0.00/0.00 | Max Load: 7.1 | Load Gap: 1.1
Epoch [270/500] | Sampled: 248.75 | Baseline: 267.09 | Improvement: 18.34 | Win Rate: 90.62% | Actor Loss: -0.9333 | Entropy: 1.1279 | Invalid S/B: 0.00/0.00 | Max Load: 7.0 | Load Gap: 1.0
Epoch [271/500] | Sampled: 248.19 | Baseline: 266.78 | Improvement: 18.59 | Win Rate: 87.50% | Actor Loss: -2.0521 | Entropy: 1.1582 | Invalid S/B: 0.00/0.00 | Max Load: 7.1 | Load Gap: 1.1
Epoch [272/500] | Sampled: 250.94 | Baseline: 269.00 | Improvement: 18.06 | Win Rate: 90.62% | Actor Loss: -1.2354 | Entropy: 1.1394 | Invalid S/B: 0.00/0.00 | Max Load: 7.0 | Load Gap: 1.0
Epoch [273/500] | Sampled: 247.00 | Baseline: 268.78 | Improvement: 21.78 | Win Rate: 100.00% | Actor Loss: -2.6316 | Entropy: 1.1189 | Invalid S/B: 0.00/0.00 | Max Load: 7.1 | Load Gap: 1.1
Epoch [274/500] | Sampled: 251.06 | Baseline: 266.62 | Improvement: 15.56 | Win Rate: 87.50% | Actor Loss: -2.2619 | Entropy: 1.0194 | Invalid S/B: 0.00/0.00 | Max Load: 7.1 | Load Gap: 1.1
Epoch [275/500] | Sampled: 248.03 | Baseline: 264.19 | Improvement: 16.16 | Win Rate: 96.88% | Actor Loss: -0.8444 | Entropy: 0.8939 | Invalid S/B: 0.00/0.00 | Max Load: 7.0 | Load Gap: 1.0
Epoch [276/500] | Sampled: 248.66 | Baseline: 268.41 | Improvement: 19.75 | Win Rate: 100.00% | Actor Loss: -0.9446 | Entropy: 0.8118 | Invalid S/B: 0.00/0.00 | Max Load: 7.0 | Load Gap: 1.0
Epoch [277/500] | Sampled: 244.84 | Baseline: 265.78 | Improvement: 20.94 | Win Rate: 96.88% | Actor Loss: 1.2057 | Entropy: 0.7676 | Invalid S/B: 0.00/0.00 | Max Load: 7.1 | Load Gap: 1.1
Epoch [278/500] | Sampled: 249.09 | Baseline: 266.16 | Improvement: 17.06 | Win Rate: 96.88% | Actor Loss: -1.6918 | Entropy: 0.7955 | Invalid S/B: 0.00/0.00 | Max Load: 7.1 | Load Gap: 1.1
Epoch [279/500] | Sampled: 252.50 | Baseline: 266.66 | Improvement: 14.16 | Win Rate: 84.38% | Actor Loss: -1.3022 | Entropy: 0.8882 | Invalid S/B: 0.00/0.00 | Max Load: 7.1 | Load Gap: 1.1
Epoch [280/500] | Sampled: 249.53 | Baseline: 266.03 | Improvement: 16.50 | Win Rate: 93.75% | Actor Loss: -0.6137 | Entropy: 0.9600 | Invalid S/B: 0.00/0.00 | Max Load: 7.1 | Load Gap: 1.1
Epoch [281/500] | Sampled: 249.34 | Baseline: 265.75 | Improvement: 16.41 | Win Rate: 90.62% | Actor Loss: -1.6037 | Entropy: 1.0004 | Invalid S/B: 0.00/0.00 | Max Load: 7.0 | Load Gap: 1.0
Epoch [282/500] | Sampled: 249.88 | Baseline: 264.09 | Improvement: 14.22 | Win Rate: 96.88% | Actor Loss: 0.7769 | Entropy: 1.1030 | Invalid S/B: 0.00/0.00 | Max Load: 7.2 | Load Gap: 1.2
Epoch [283/500] | Sampled: 252.94 | Baseline: 266.09 | Improvement: 13.16 | Win Rate: 84.38% | Actor Loss: -2.3567 | Entropy: 1.2794 | Invalid S/B: 0.00/0.00 | Max Load: 7.0 | Load Gap: 1.0
Epoch [284/500] | Sampled: 250.72 | Baseline: 267.84 | Improvement: 17.12 | Win Rate: 96.88% | Actor Loss: -2.6459 | Entropy: 1.3114 | Invalid S/B: 0.00/0.00 | Max Load: 7.0 | Load Gap: 1.0
Epoch [285/500] | Sampled: 250.81 | Baseline: 265.00 | Improvement: 14.19 | Win Rate: 87.50% | Actor Loss: -2.4109 | Entropy: 1.2717 | Invalid S/B: 0.00/0.00 | Max Load: 7.1 | Load Gap: 1.1
Epoch [286/500] | Sampled: 247.50 | Baseline: 265.25 | Improvement: 17.75 | Win Rate: 90.62% | Actor Loss: -1.6842 | Entropy: 1.2395 | Invalid S/B: 0.00/0.00 | Max Load: 7.0 | Load Gap: 1.0
Epoch [287/500] | Sampled: 250.09 | Baseline: 264.66 | Improvement: 14.56 | Win Rate: 90.62% | Actor Loss: -1.9954 | Entropy: 1.1256 | Invalid S/B: 0.00/0.00 | Max Load: 7.1 | Load Gap: 1.1
Epoch [288/500] | Sampled: 247.59 | Baseline: 263.53 | Improvement: 15.94 | Win Rate: 90.62% | Actor Loss: -1.5118 | Entropy: 0.9901 | Invalid S/B: 0.00/0.00 | Max Load: 7.1 | Load Gap: 1.2
Epoch [289/500] | Sampled: 247.88 | Baseline: 269.19 | Improvement: 21.31 | Win Rate: 96.88% | Actor Loss: -1.5654 | Entropy: 0.8832 | Invalid S/B: 0.00/0.00 | Max Load: 7.1 | Load Gap: 1.1
Epoch [290/500] | Sampled: 248.38 | Baseline: 264.16 | Improvement: 15.78 | Win Rate: 96.88% | Actor Loss: -1.0688 | Entropy: 0.7834 | Invalid S/B: 0.00/0.00 | Max Load: 7.1 | Load Gap: 1.1
Epoch [291/500] | Sampled: 245.00 | Baseline: 266.44 | Improvement: 21.44 | Win Rate: 96.88% | Actor Loss: -0.7686 | Entropy: 0.7233 | Invalid S/B: 0.00/0.00 | Max Load: 7.2 | Load Gap: 1.2
Epoch [292/500] | Sampled: 245.66 | Baseline: 267.22 | Improvement: 21.56 | Win Rate: 93.75% | Actor Loss: -1.3163 | Entropy: 0.6575 | Invalid S/B: 0.00/0.00 | Max Load: 7.1 | Load Gap: 1.1
Epoch [293/500] | Sampled: 250.88 | Baseline: 266.41 | Improvement: 15.53 | Win Rate: 93.75% | Actor Loss: 0.2714 | Entropy: 0.6390 | Invalid S/B: 0.00/0.00 | Max Load: 7.1 | Load Gap: 1.1
Epoch [294/500] | Sampled: 243.28 | Baseline: 264.12 | Improvement: 20.84 | Win Rate: 100.00% | Actor Loss: -0.2590 | Entropy: 0.5848 | Invalid S/B: 0.00/0.00 | Max Load: 7.1 | Load Gap: 1.2
Epoch [295/500] | Sampled: 250.91 | Baseline: 268.41 | Improvement: 17.50 | Win Rate: 87.50% | Actor Loss: -0.7381 | Entropy: 0.5961 | Invalid S/B: 0.00/0.00 | Max Load: 7.2 | Load Gap: 1.2
Epoch [296/500] | Sampled: 250.00 | Baseline: 269.25 | Improvement: 19.25 | Win Rate: 96.88% | Actor Loss: -1.3008 | Entropy: 0.6023 | Invalid S/B: 0.00/0.00 | Max Load: 7.1 | Load Gap: 1.1
Epoch [297/500] | Sampled: 245.94 | Baseline: 270.84 | Improvement: 24.91 | Win Rate: 100.00% | Actor Loss: -0.5308 | Entropy: 0.5521 | Invalid S/B: 0.00/0.00 | Max Load: 7.1 | Load Gap: 1.1
Epoch [298/500] | Sampled: 246.84 | Baseline: 268.56 | Improvement: 21.72 | Win Rate: 100.00% | Actor Loss: -1.3794 | Entropy: 0.5309 | Invalid S/B: 0.00/0.00 | Max Load: 7.0 | Load Gap: 1.0
Epoch [299/500] | Sampled: 246.88 | Baseline: 266.16 | Improvement: 19.28 | Win Rate: 100.00% | Actor Loss: -0.4199 | Entropy: 0.5069 | Invalid S/B: 0.00/0.00 | Max Load: 7.1 | Load Gap: 1.1
Epoch [300/500] | Sampled: 249.53 | Baseline: 266.97 | Improvement: 17.44 | Win Rate: 93.75% | Actor Loss: -1.3968 | Entropy: 0.5526 | Invalid S/B: 0.00/0.00 | Max Load: 7.1 | Load Gap: 1.1
   -> Validation | Samples: 50 | Makespan: 246.04 | Invalid Jobs: 0.00
   -> Saved new best model (Val Makespan: 246.04)
   -> Saved updated training chart to /home/wei/AMR-DFJSP/Static_alogorithm/Attention/attention_precise_training_metrics.png
Epoch [301/500] | Sampled: 249.09 | Baseline: 268.78 | Improvement: 19.69 | Win Rate: 93.75% | Actor Loss: -0.1150 | Entropy: 0.5068 | Invalid S/B: 0.00/0.00 | Max Load: 7.1 | Load Gap: 1.1
Epoch [302/500] | Sampled: 247.50 | Baseline: 267.38 | Improvement: 19.88 | Win Rate: 96.88% | Actor Loss: -0.1974 | Entropy: 0.5168 | Invalid S/B: 0.00/0.00 | Max Load: 7.1 | Load Gap: 1.2
Epoch [303/500] | Sampled: 248.62 | Baseline: 267.91 | Improvement: 19.28 | Win Rate: 93.75% | Actor Loss: -0.1144 | Entropy: 0.5499 | Invalid S/B: 0.00/0.00 | Max Load: 7.1 | Load Gap: 1.1
Epoch [304/500] | Sampled: 249.38 | Baseline: 265.56 | Improvement: 16.19 | Win Rate: 96.88% | Actor Loss: -1.6429 | Entropy: 0.5536 | Invalid S/B: 0.00/0.00 | Max Load: 7.0 | Load Gap: 1.0
Epoch [305/500] | Sampled: 248.53 | Baseline: 266.19 | Improvement: 17.66 | Win Rate: 100.00% | Actor Loss: -0.8128 | Entropy: 0.5987 | Invalid S/B: 0.00/0.00 | Max Load: 7.2 | Load Gap: 1.2
Epoch [306/500] | Sampled: 246.16 | Baseline: 267.75 | Improvement: 21.59 | Win Rate: 96.88% | Actor Loss: -1.6800 | Entropy: 0.5814 | Invalid S/B: 0.00/0.00 | Max Load: 7.1 | Load Gap: 1.1
Epoch [307/500] | Sampled: 246.62 | Baseline: 266.69 | Improvement: 20.06 | Win Rate: 100.00% | Actor Loss: -1.0044 | Entropy: 0.6534 | Invalid S/B: 0.00/0.00 | Max Load: 7.1 | Load Gap: 1.1
Epoch [308/500] | Sampled: 246.69 | Baseline: 266.28 | Improvement: 19.59 | Win Rate: 100.00% | Actor Loss: -1.5291 | Entropy: 0.5976 | Invalid S/B: 0.00/0.00 | Max Load: 7.1 | Load Gap: 1.2
Epoch [309/500] | Sampled: 249.56 | Baseline: 267.34 | Improvement: 17.78 | Win Rate: 93.75% | Actor Loss: -0.8259 | Entropy: 0.6335 | Invalid S/B: 0.00/0.00 | Max Load: 7.2 | Load Gap: 1.2
Epoch [310/500] | Sampled: 248.06 | Baseline: 265.66 | Improvement: 17.59 | Win Rate: 90.62% | Actor Loss: -1.0269 | Entropy: 0.7003 | Invalid S/B: 0.00/0.00 | Max Load: 7.2 | Load Gap: 1.2
Epoch [311/500] | Sampled: 250.03 | Baseline: 268.50 | Improvement: 18.47 | Win Rate: 100.00% | Actor Loss: -0.2712 | Entropy: 0.7326 | Invalid S/B: 0.00/0.00 | Max Load: 7.0 | Load Gap: 1.0
Epoch [312/500] | Sampled: 247.53 | Baseline: 265.25 | Improvement: 17.72 | Win Rate: 96.88% | Actor Loss: -2.2561 | Entropy: 0.7468 | Invalid S/B: 0.00/0.00 | Max Load: 7.1 | Load Gap: 1.1
Epoch [313/500] | Sampled: 245.62 | Baseline: 266.34 | Improvement: 20.72 | Win Rate: 93.75% | Actor Loss: -2.8796 | Entropy: 0.7216 | Invalid S/B: 0.00/0.00 | Max Load: 7.1 | Load Gap: 1.1
Epoch [314/500] | Sampled: 247.00 | Baseline: 268.09 | Improvement: 21.09 | Win Rate: 93.75% | Actor Loss: -0.5279 | Entropy: 0.7209 | Invalid S/B: 0.00/0.00 | Max Load: 7.1 | Load Gap: 1.1
Epoch [315/500] | Sampled: 249.50 | Baseline: 267.97 | Improvement: 18.47 | Win Rate: 96.88% | Actor Loss: -1.3936 | Entropy: 0.7511 | Invalid S/B: 0.00/0.00 | Max Load: 7.0 | Load Gap: 1.0
Epoch [316/500] | Sampled: 245.44 | Baseline: 268.59 | Improvement: 23.16 | Win Rate: 96.88% | Actor Loss: -0.0098 | Entropy: 0.7538 | Invalid S/B: 0.00/0.00 | Max Load: 7.1 | Load Gap: 1.1
Epoch [317/500] | Sampled: 245.12 | Baseline: 267.12 | Improvement: 22.00 | Win Rate: 100.00% | Actor Loss: -1.1826 | Entropy: 0.7169 | Invalid S/B: 0.00/0.00 | Max Load: 7.1 | Load Gap: 1.1
Epoch [318/500] | Sampled: 250.44 | Baseline: 271.53 | Improvement: 21.09 | Win Rate: 93.75% | Actor Loss: -0.1802 | Entropy: 0.7604 | Invalid S/B: 0.00/0.00 | Max Load: 7.1 | Load Gap: 1.1
Epoch [319/500] | Sampled: 248.62 | Baseline: 269.12 | Improvement: 20.50 | Win Rate: 93.75% | Actor Loss: -1.2280 | Entropy: 0.7729 | Invalid S/B: 0.00/0.00 | Max Load: 7.1 | Load Gap: 1.2
Epoch [320/500] | Sampled: 247.88 | Baseline: 265.59 | Improvement: 17.72 | Win Rate: 93.75% | Actor Loss: -1.2180 | Entropy: 0.8229 | Invalid S/B: 0.00/0.00 | Max Load: 7.1 | Load Gap: 1.1
Epoch [321/500] | Sampled: 245.09 | Baseline: 266.44 | Improvement: 21.34 | Win Rate: 96.88% | Actor Loss: -1.3836 | Entropy: 0.7904 | Invalid S/B: 0.00/0.00 | Max Load: 7.1 | Load Gap: 1.1
Epoch [322/500] | Sampled: 250.16 | Baseline: 267.62 | Improvement: 17.47 | Win Rate: 100.00% | Actor Loss: 0.0408 | Entropy: 0.7977 | Invalid S/B: 0.00/0.00 | Max Load: 7.1 | Load Gap: 1.1
Epoch [323/500] | Sampled: 244.62 | Baseline: 263.25 | Improvement: 18.62 | Win Rate: 96.88% | Actor Loss: -1.7894 | Entropy: 0.7854 | Invalid S/B: 0.00/0.00 | Max Load: 7.0 | Load Gap: 1.0
Epoch [324/500] | Sampled: 245.81 | Baseline: 263.47 | Improvement: 17.66 | Win Rate: 96.88% | Actor Loss: -0.3227 | Entropy: 0.7954 | Invalid S/B: 0.00/0.00 | Max Load: 7.2 | Load Gap: 1.2
Epoch [325/500] | Sampled: 247.66 | Baseline: 264.50 | Improvement: 16.84 | Win Rate: 90.62% | Actor Loss: -0.6423 | Entropy: 0.7920 | Invalid S/B: 0.00/0.00 | Max Load: 7.1 | Load Gap: 1.1
Epoch [326/500] | Sampled: 242.38 | Baseline: 265.69 | Improvement: 23.31 | Win Rate: 96.88% | Actor Loss: -2.0258 | Entropy: 0.7997 | Invalid S/B: 0.00/0.00 | Max Load: 7.1 | Load Gap: 1.1
Epoch [327/500] | Sampled: 247.00 | Baseline: 265.12 | Improvement: 18.12 | Win Rate: 96.88% | Actor Loss: -0.3520 | Entropy: 0.8291 | Invalid S/B: 0.00/0.00 | Max Load: 7.0 | Load Gap: 1.0
Epoch [328/500] | Sampled: 243.97 | Baseline: 263.91 | Improvement: 19.94 | Win Rate: 96.88% | Actor Loss: -0.2185 | Entropy: 0.8205 | Invalid S/B: 0.00/0.00 | Max Load: 7.2 | Load Gap: 1.2
Epoch [329/500] | Sampled: 249.75 | Baseline: 267.56 | Improvement: 17.81 | Win Rate: 87.50% | Actor Loss: -0.9433 | Entropy: 0.8928 | Invalid S/B: 0.00/0.00 | Max Load: 7.0 | Load Gap: 1.0
Epoch [330/500] | Sampled: 248.97 | Baseline: 267.97 | Improvement: 19.00 | Win Rate: 93.75% | Actor Loss: -0.7372 | Entropy: 0.9298 | Invalid S/B: 0.00/0.00 | Max Load: 7.0 | Load Gap: 1.0
Epoch [331/500] | Sampled: 251.12 | Baseline: 267.31 | Improvement: 16.19 | Win Rate: 96.88% | Actor Loss: -1.7533 | Entropy: 1.0597 | Invalid S/B: 0.00/0.00 | Max Load: 7.0 | Load Gap: 1.0
Epoch [332/500] | Sampled: 247.62 | Baseline: 264.88 | Improvement: 17.25 | Win Rate: 96.88% | Actor Loss: 0.4863 | Entropy: 1.0050 | Invalid S/B: 0.00/0.00 | Max Load: 7.0 | Load Gap: 1.0
Epoch [333/500] | Sampled: 246.28 | Baseline: 264.44 | Improvement: 18.16 | Win Rate: 93.75% | Actor Loss: -1.3427 | Entropy: 1.0482 | Invalid S/B: 0.00/0.00 | Max Load: 7.1 | Load Gap: 1.1
Epoch [334/500] | Sampled: 246.84 | Baseline: 267.41 | Improvement: 20.56 | Win Rate: 96.88% | Actor Loss: -0.6617 | Entropy: 1.0521 | Invalid S/B: 0.00/0.00 | Max Load: 7.1 | Load Gap: 1.1
Epoch [335/500] | Sampled: 250.44 | Baseline: 267.44 | Improvement: 17.00 | Win Rate: 93.75% | Actor Loss: -2.7760 | Entropy: 1.0906 | Invalid S/B: 0.00/0.00 | Max Load: 7.0 | Load Gap: 1.0
Epoch [336/500] | Sampled: 246.94 | Baseline: 268.19 | Improvement: 21.25 | Win Rate: 100.00% | Actor Loss: -0.7528 | Entropy: 1.0480 | Invalid S/B: 0.00/0.00 | Max Load: 7.1 | Load Gap: 1.1
Epoch [337/500] | Sampled: 247.06 | Baseline: 263.66 | Improvement: 16.59 | Win Rate: 96.88% | Actor Loss: -1.7988 | Entropy: 1.0628 | Invalid S/B: 0.00/0.00 | Max Load: 7.0 | Load Gap: 1.0
Epoch [338/500] | Sampled: 250.44 | Baseline: 268.06 | Improvement: 17.62 | Win Rate: 90.62% | Actor Loss: -2.1263 | Entropy: 1.0534 | Invalid S/B: 0.00/0.00 | Max Load: 7.0 | Load Gap: 1.0
Epoch [339/500] | Sampled: 246.59 | Baseline: 267.88 | Improvement: 21.28 | Win Rate: 100.00% | Actor Loss: -1.3915 | Entropy: 0.9787 | Invalid S/B: 0.00/0.00 | Max Load: 7.0 | Load Gap: 1.0
Epoch [340/500] | Sampled: 244.59 | Baseline: 266.38 | Improvement: 21.78 | Win Rate: 100.00% | Actor Loss: -1.0193 | Entropy: 0.9139 | Invalid S/B: 0.00/0.00 | Max Load: 7.1 | Load Gap: 1.1
Epoch [341/500] | Sampled: 248.19 | Baseline: 265.94 | Improvement: 17.75 | Win Rate: 93.75% | Actor Loss: -1.9693 | Entropy: 0.8591 | Invalid S/B: 0.00/0.00 | Max Load: 7.0 | Load Gap: 1.0
Epoch [342/500] | Sampled: 247.72 | Baseline: 264.00 | Improvement: 16.28 | Win Rate: 93.75% | Actor Loss: -1.8883 | Entropy: 0.7730 | Invalid S/B: 0.00/0.00 | Max Load: 7.1 | Load Gap: 1.1
Epoch [343/500] | Sampled: 250.25 | Baseline: 265.22 | Improvement: 14.97 | Win Rate: 87.50% | Actor Loss: -1.1221 | Entropy: 0.7240 | Invalid S/B: 0.00/0.00 | Max Load: 7.1 | Load Gap: 1.1
Epoch [344/500] | Sampled: 245.31 | Baseline: 264.84 | Improvement: 19.53 | Win Rate: 100.00% | Actor Loss: -0.9038 | Entropy: 0.6499 | Invalid S/B: 0.00/0.00 | Max Load: 7.2 | Load Gap: 1.2
Epoch [345/500] | Sampled: 245.06 | Baseline: 266.09 | Improvement: 21.03 | Win Rate: 100.00% | Actor Loss: -1.1722 | Entropy: 0.6105 | Invalid S/B: 0.00/0.00 | Max Load: 7.1 | Load Gap: 1.1
Epoch [346/500] | Sampled: 243.91 | Baseline: 263.75 | Improvement: 19.84 | Win Rate: 100.00% | Actor Loss: -0.9338 | Entropy: 0.5801 | Invalid S/B: 0.00/0.00 | Max Load: 7.2 | Load Gap: 1.2
Epoch [347/500] | Sampled: 245.41 | Baseline: 265.56 | Improvement: 20.16 | Win Rate: 96.88% | Actor Loss: -0.9087 | Entropy: 0.5854 | Invalid S/B: 0.00/0.00 | Max Load: 7.1 | Load Gap: 1.1
Epoch [348/500] | Sampled: 244.88 | Baseline: 265.97 | Improvement: 21.09 | Win Rate: 96.88% | Actor Loss: -0.0928 | Entropy: 0.5525 | Invalid S/B: 0.00/0.00 | Max Load: 7.1 | Load Gap: 1.1
Epoch [349/500] | Sampled: 246.19 | Baseline: 263.34 | Improvement: 17.16 | Win Rate: 93.75% | Actor Loss: -0.5132 | Entropy: 0.5333 | Invalid S/B: 0.00/0.00 | Max Load: 7.1 | Load Gap: 1.1
Epoch [350/500] | Sampled: 242.53 | Baseline: 263.47 | Improvement: 20.94 | Win Rate: 96.88% | Actor Loss: -1.6043 | Entropy: 0.4953 | Invalid S/B: 0.00/0.00 | Max Load: 7.1 | Load Gap: 1.2
   -> Validation | Samples: 50 | Makespan: 244.88 | Invalid Jobs: 0.00
   -> Saved new best model (Val Makespan: 244.88)
Epoch [351/500] | Sampled: 244.03 | Baseline: 266.94 | Improvement: 22.91 | Win Rate: 100.00% | Actor Loss: -0.4340 | Entropy: 0.4842 | Invalid S/B: 0.00/0.00 | Max Load: 7.2 | Load Gap: 1.2
Epoch [352/500] | Sampled: 247.69 | Baseline: 268.28 | Improvement: 20.59 | Win Rate: 100.00% | Actor Loss: -0.8564 | Entropy: 0.4738 | Invalid S/B: 0.00/0.00 | Max Load: 7.1 | Load Gap: 1.2
Epoch [353/500] | Sampled: 245.09 | Baseline: 264.91 | Improvement: 19.81 | Win Rate: 93.75% | Actor Loss: -1.6132 | Entropy: 0.4624 | Invalid S/B: 0.00/0.00 | Max Load: 7.1 | Load Gap: 1.2
Epoch [354/500] | Sampled: 244.78 | Baseline: 266.72 | Improvement: 21.94 | Win Rate: 96.88% | Actor Loss: -0.7739 | Entropy: 0.4309 | Invalid S/B: 0.00/0.00 | Max Load: 7.2 | Load Gap: 1.2
Epoch [355/500] | Sampled: 249.88 | Baseline: 269.81 | Improvement: 19.94 | Win Rate: 100.00% | Actor Loss: 0.0221 | Entropy: 0.4307 | Invalid S/B: 0.00/0.00 | Max Load: 7.0 | Load Gap: 1.0
Epoch [356/500] | Sampled: 244.66 | Baseline: 263.53 | Improvement: 18.88 | Win Rate: 93.75% | Actor Loss: 0.7727 | Entropy: 0.4209 | Invalid S/B: 0.00/0.00 | Max Load: 7.2 | Load Gap: 1.2
Epoch [357/500] | Sampled: 244.69 | Baseline: 262.34 | Improvement: 17.66 | Win Rate: 90.62% | Actor Loss: 0.5455 | Entropy: 0.3800 | Invalid S/B: 0.00/0.00 | Max Load: 7.1 | Load Gap: 1.1
Epoch [358/500] | Sampled: 243.84 | Baseline: 265.50 | Improvement: 21.66 | Win Rate: 96.88% | Actor Loss: 0.0288 | Entropy: 0.4005 | Invalid S/B: 0.00/0.00 | Max Load: 7.1 | Load Gap: 1.1
Epoch [359/500] | Sampled: 248.50 | Baseline: 267.62 | Improvement: 19.12 | Win Rate: 96.88% | Actor Loss: -0.4117 | Entropy: 0.4064 | Invalid S/B: 0.00/0.00 | Max Load: 7.1 | Load Gap: 1.1
Epoch [360/500] | Sampled: 245.91 | Baseline: 268.81 | Improvement: 22.91 | Win Rate: 96.88% | Actor Loss: -0.8218 | Entropy: 0.3990 | Invalid S/B: 0.00/0.00 | Max Load: 7.1 | Load Gap: 1.1
Epoch [361/500] | Sampled: 246.25 | Baseline: 268.19 | Improvement: 21.94 | Win Rate: 100.00% | Actor Loss: -1.0661 | Entropy: 0.3822 | Invalid S/B: 0.00/0.00 | Max Load: 7.2 | Load Gap: 1.2
Epoch [362/500] | Sampled: 246.72 | Baseline: 266.81 | Improvement: 20.09 | Win Rate: 100.00% | Actor Loss: -0.2111 | Entropy: 0.3496 | Invalid S/B: 0.00/0.00 | Max Load: 7.1 | Load Gap: 1.1
Epoch [363/500] | Sampled: 245.25 | Baseline: 265.72 | Improvement: 20.47 | Win Rate: 96.88% | Actor Loss: -0.2085 | Entropy: 0.3314 | Invalid S/B: 0.00/0.00 | Max Load: 7.1 | Load Gap: 1.1
Epoch [364/500] | Sampled: 247.28 | Baseline: 266.62 | Improvement: 19.34 | Win Rate: 93.75% | Actor Loss: 0.2390 | Entropy: 0.3505 | Invalid S/B: 0.00/0.00 | Max Load: 7.1 | Load Gap: 1.2
Epoch [365/500] | Sampled: 246.62 | Baseline: 266.19 | Improvement: 19.56 | Win Rate: 96.88% | Actor Loss: -0.4890 | Entropy: 0.3235 | Invalid S/B: 0.00/0.00 | Max Load: 7.1 | Load Gap: 1.1
Epoch [366/500] | Sampled: 247.22 | Baseline: 264.75 | Improvement: 17.53 | Win Rate: 96.88% | Actor Loss: -0.2369 | Entropy: 0.3319 | Invalid S/B: 0.00/0.00 | Max Load: 7.0 | Load Gap: 1.0
Epoch [367/500] | Sampled: 245.91 | Baseline: 267.78 | Improvement: 21.88 | Win Rate: 96.88% | Actor Loss: 0.9383 | Entropy: 0.3230 | Invalid S/B: 0.00/0.00 | Max Load: 7.1 | Load Gap: 1.2
Epoch [368/500] | Sampled: 247.81 | Baseline: 268.00 | Improvement: 20.19 | Win Rate: 96.88% | Actor Loss: -0.2016 | Entropy: 0.3039 | Invalid S/B: 0.00/0.00 | Max Load: 7.0 | Load Gap: 1.0
Epoch [369/500] | Sampled: 245.56 | Baseline: 264.59 | Improvement: 19.03 | Win Rate: 90.62% | Actor Loss: -0.2847 | Entropy: 0.3034 | Invalid S/B: 0.00/0.00 | Max Load: 7.0 | Load Gap: 1.0
Epoch [370/500] | Sampled: 246.59 | Baseline: 263.12 | Improvement: 16.53 | Win Rate: 93.75% | Actor Loss: 0.4410 | Entropy: 0.2938 | Invalid S/B: 0.00/0.00 | Max Load: 7.1 | Load Gap: 1.1
Epoch [371/500] | Sampled: 247.19 | Baseline: 264.16 | Improvement: 16.97 | Win Rate: 93.75% | Actor Loss: -0.0008 | Entropy: 0.2861 | Invalid S/B: 0.00/0.00 | Max Load: 7.2 | Load Gap: 1.2
Epoch [372/500] | Sampled: 249.78 | Baseline: 266.34 | Improvement: 16.56 | Win Rate: 93.75% | Actor Loss: -0.5632 | Entropy: 0.2900 | Invalid S/B: 0.00/0.00 | Max Load: 7.0 | Load Gap: 1.0
Epoch [373/500] | Sampled: 245.59 | Baseline: 266.12 | Improvement: 20.53 | Win Rate: 100.00% | Actor Loss: -0.0777 | Entropy: 0.3201 | Invalid S/B: 0.00/0.00 | Max Load: 7.1 | Load Gap: 1.1
Epoch [374/500] | Sampled: 244.19 | Baseline: 264.56 | Improvement: 20.38 | Win Rate: 93.75% | Actor Loss: -0.6976 | Entropy: 0.3281 | Invalid S/B: 0.00/0.00 | Max Load: 7.0 | Load Gap: 1.0
Epoch [375/500] | Sampled: 248.28 | Baseline: 267.12 | Improvement: 18.84 | Win Rate: 96.88% | Actor Loss: -0.1429 | Entropy: 0.3253 | Invalid S/B: 0.00/0.00 | Max Load: 7.1 | Load Gap: 1.1
Epoch [376/500] | Sampled: 246.09 | Baseline: 269.59 | Improvement: 23.50 | Win Rate: 100.00% | Actor Loss: 0.0220 | Entropy: 0.3580 | Invalid S/B: 0.00/0.00 | Max Load: 7.1 | Load Gap: 1.1
Epoch [377/500] | Sampled: 247.75 | Baseline: 267.09 | Improvement: 19.34 | Win Rate: 90.62% | Actor Loss: -0.2380 | Entropy: 0.3650 | Invalid S/B: 0.00/0.00 | Max Load: 7.1 | Load Gap: 1.1
Epoch [378/500] | Sampled: 245.28 | Baseline: 265.19 | Improvement: 19.91 | Win Rate: 96.88% | Actor Loss: 0.0886 | Entropy: 0.3701 | Invalid S/B: 0.00/0.00 | Max Load: 7.1 | Load Gap: 1.2
Epoch [379/500] | Sampled: 249.78 | Baseline: 267.59 | Improvement: 17.81 | Win Rate: 100.00% | Actor Loss: 0.3576 | Entropy: 0.3759 | Invalid S/B: 0.00/0.00 | Max Load: 7.2 | Load Gap: 1.2
Epoch [380/500] | Sampled: 248.62 | Baseline: 268.59 | Improvement: 19.97 | Win Rate: 100.00% | Actor Loss: -0.3450 | Entropy: 0.3555 | Invalid S/B: 0.00/0.00 | Max Load: 7.1 | Load Gap: 1.1
Epoch [381/500] | Sampled: 249.50 | Baseline: 266.62 | Improvement: 17.12 | Win Rate: 96.88% | Actor Loss: 0.3206 | Entropy: 0.3905 | Invalid S/B: 0.00/0.00 | Max Load: 7.2 | Load Gap: 1.2
Epoch [382/500] | Sampled: 248.06 | Baseline: 267.19 | Improvement: 19.12 | Win Rate: 93.75% | Actor Loss: -0.7236 | Entropy: 0.3996 | Invalid S/B: 0.00/0.00 | Max Load: 7.2 | Load Gap: 1.2
Epoch [383/500] | Sampled: 249.69 | Baseline: 266.06 | Improvement: 16.38 | Win Rate: 100.00% | Actor Loss: -0.6472 | Entropy: 0.3807 | Invalid S/B: 0.00/0.00 | Max Load: 7.1 | Load Gap: 1.2
Epoch [384/500] | Sampled: 245.34 | Baseline: 263.97 | Improvement: 18.62 | Win Rate: 93.75% | Actor Loss: -0.9587 | Entropy: 0.3993 | Invalid S/B: 0.00/0.00 | Max Load: 7.1 | Load Gap: 1.1
Epoch [385/500] | Sampled: 247.75 | Baseline: 263.66 | Improvement: 15.91 | Win Rate: 93.75% | Actor Loss: -0.4257 | Entropy: 0.3659 | Invalid S/B: 0.00/0.00 | Max Load: 7.1 | Load Gap: 1.1
Epoch [386/500] | Sampled: 247.50 | Baseline: 268.66 | Improvement: 21.16 | Win Rate: 100.00% | Actor Loss: -0.2451 | Entropy: 0.3778 | Invalid S/B: 0.00/0.00 | Max Load: 7.1 | Load Gap: 1.1
Epoch [387/500] | Sampled: 246.34 | Baseline: 268.56 | Improvement: 22.22 | Win Rate: 100.00% | Actor Loss: -0.3646 | Entropy: 0.3271 | Invalid S/B: 0.00/0.00 | Max Load: 7.1 | Load Gap: 1.1
Epoch [388/500] | Sampled: 247.62 | Baseline: 268.47 | Improvement: 20.84 | Win Rate: 96.88% | Actor Loss: -0.2347 | Entropy: 0.3648 | Invalid S/B: 0.00/0.00 | Max Load: 7.1 | Load Gap: 1.1
Epoch [389/500] | Sampled: 248.75 | Baseline: 265.31 | Improvement: 16.56 | Win Rate: 96.88% | Actor Loss: -0.0846 | Entropy: 0.3333 | Invalid S/B: 0.00/0.00 | Max Load: 7.1 | Load Gap: 1.2
Epoch [390/500] | Sampled: 249.00 | Baseline: 265.19 | Improvement: 16.19 | Win Rate: 93.75% | Actor Loss: -0.4958 | Entropy: 0.3465 | Invalid S/B: 0.00/0.00 | Max Load: 7.1 | Load Gap: 1.1
Epoch [391/500] | Sampled: 250.25 | Baseline: 269.31 | Improvement: 19.06 | Win Rate: 96.88% | Actor Loss: -1.4487 | Entropy: 0.3297 | Invalid S/B: 0.00/0.00 | Max Load: 7.1 | Load Gap: 1.1
Epoch [392/500] | Sampled: 249.66 | Baseline: 264.94 | Improvement: 15.28 | Win Rate: 90.62% | Actor Loss: 0.0246 | Entropy: 0.3270 | Invalid S/B: 0.00/0.00 | Max Load: 7.1 | Load Gap: 1.1
Epoch [393/500] | Sampled: 250.75 | Baseline: 266.62 | Improvement: 15.88 | Win Rate: 93.75% | Actor Loss: -0.5017 | Entropy: 0.3683 | Invalid S/B: 0.00/0.00 | Max Load: 7.1 | Load Gap: 1.1
Epoch [394/500] | Sampled: 251.72 | Baseline: 265.16 | Improvement: 13.44 | Win Rate: 93.75% | Actor Loss: -0.6803 | Entropy: 0.3925 | Invalid S/B: 0.00/0.00 | Max Load: 7.1 | Load Gap: 1.1
Epoch [395/500] | Sampled: 249.78 | Baseline: 267.06 | Improvement: 17.28 | Win Rate: 90.62% | Actor Loss: -0.1342 | Entropy: 0.3658 | Invalid S/B: 0.00/0.00 | Max Load: 7.1 | Load Gap: 1.1
Epoch [396/500] | Sampled: 250.19 | Baseline: 269.19 | Improvement: 19.00 | Win Rate: 93.75% | Actor Loss: -0.4367 | Entropy: 0.3893 | Invalid S/B: 0.00/0.00 | Max Load: 7.1 | Load Gap: 1.1
Epoch [397/500] | Sampled: 249.03 | Baseline: 263.34 | Improvement: 14.31 | Win Rate: 93.75% | Actor Loss: 0.1734 | Entropy: 0.3915 | Invalid S/B: 0.00/0.00 | Max Load: 7.0 | Load Gap: 1.0
Epoch [398/500] | Sampled: 249.47 | Baseline: 265.28 | Improvement: 15.81 | Win Rate: 90.62% | Actor Loss: -0.2957 | Entropy: 0.4065 | Invalid S/B: 0.00/0.00 | Max Load: 7.0 | Load Gap: 1.0
Epoch [399/500] | Sampled: 249.38 | Baseline: 266.19 | Improvement: 16.81 | Win Rate: 90.62% | Actor Loss: -1.3433 | Entropy: 0.3860 | Invalid S/B: 0.00/0.00 | Max Load: 7.0 | Load Gap: 1.0
Epoch [400/500] | Sampled: 248.66 | Baseline: 266.00 | Improvement: 17.34 | Win Rate: 87.50% | Actor Loss: -0.3438 | Entropy: 0.4043 | Invalid S/B: 0.00/0.00 | Max Load: 7.1 | Load Gap: 1.1
   -> Validation | Samples: 50 | Makespan: 248.96 | Invalid Jobs: 0.00
   -> Saved updated training chart to /home/wei/AMR-DFJSP/Static_alogorithm/Attention/attention_precise_training_metrics.png
Epoch [401/500] | Sampled: 249.50 | Baseline: 267.91 | Improvement: 18.41 | Win Rate: 93.75% | Actor Loss: -1.0989 | Entropy: 0.4098 | Invalid S/B: 0.00/0.00 | Max Load: 7.0 | Load Gap: 1.0
Epoch [402/500] | Sampled: 251.94 | Baseline: 264.72 | Improvement: 12.78 | Win Rate: 87.50% | Actor Loss: -0.6941 | Entropy: 0.4283 | Invalid S/B: 0.00/0.00 | Max Load: 7.1 | Load Gap: 1.1
Epoch [403/500] | Sampled: 249.78 | Baseline: 269.09 | Improvement: 19.31 | Win Rate: 93.75% | Actor Loss: -1.2117 | Entropy: 0.4742 | Invalid S/B: 0.00/0.00 | Max Load: 7.1 | Load Gap: 1.1
Epoch [404/500] | Sampled: 246.09 | Baseline: 266.12 | Improvement: 20.03 | Win Rate: 93.75% | Actor Loss: -0.9002 | Entropy: 0.4862 | Invalid S/B: 0.00/0.00 | Max Load: 7.0 | Load Gap: 1.0
Epoch [405/500] | Sampled: 245.03 | Baseline: 266.72 | Improvement: 21.69 | Win Rate: 90.62% | Actor Loss: -0.1000 | Entropy: 0.4765 | Invalid S/B: 0.00/0.00 | Max Load: 7.1 | Load Gap: 1.1
Epoch [406/500] | Sampled: 247.81 | Baseline: 269.19 | Improvement: 21.38 | Win Rate: 100.00% | Actor Loss: -1.1650 | Entropy: 0.5168 | Invalid S/B: 0.00/0.00 | Max Load: 7.1 | Load Gap: 1.1
Epoch [407/500] | Sampled: 248.81 | Baseline: 265.72 | Improvement: 16.91 | Win Rate: 87.50% | Actor Loss: 0.5275 | Entropy: 0.5122 | Invalid S/B: 0.00/0.00 | Max Load: 7.1 | Load Gap: 1.2
Epoch [408/500] | Sampled: 248.81 | Baseline: 266.84 | Improvement: 18.03 | Win Rate: 93.75% | Actor Loss: -1.6714 | Entropy: 0.5328 | Invalid S/B: 0.00/0.00 | Max Load: 7.0 | Load Gap: 1.0
Epoch [409/500] | Sampled: 248.59 | Baseline: 267.31 | Improvement: 18.72 | Win Rate: 100.00% | Actor Loss: -0.0946 | Entropy: 0.5933 | Invalid S/B: 0.00/0.00 | Max Load: 7.1 | Load Gap: 1.1
Epoch [410/500] | Sampled: 245.03 | Baseline: 264.69 | Improvement: 19.66 | Win Rate: 93.75% | Actor Loss: -0.3397 | Entropy: 0.5479 | Invalid S/B: 0.00/0.00 | Max Load: 7.1 | Load Gap: 1.1
Epoch [411/500] | Sampled: 248.38 | Baseline: 268.09 | Improvement: 19.72 | Win Rate: 93.75% | Actor Loss: 0.1165 | Entropy: 0.5903 | Invalid S/B: 0.00/0.00 | Max Load: 7.0 | Load Gap: 1.0
Epoch [412/500] | Sampled: 249.97 | Baseline: 267.09 | Improvement: 17.12 | Win Rate: 87.50% | Actor Loss: -1.6866 | Entropy: 0.6136 | Invalid S/B: 0.00/0.00 | Max Load: 7.1 | Load Gap: 1.2
Epoch [413/500] | Sampled: 243.88 | Baseline: 263.22 | Improvement: 19.34 | Win Rate: 96.88% | Actor Loss: -1.1133 | Entropy: 0.6020 | Invalid S/B: 0.00/0.00 | Max Load: 7.2 | Load Gap: 1.2
Epoch [414/500] | Sampled: 247.81 | Baseline: 266.81 | Improvement: 19.00 | Win Rate: 96.88% | Actor Loss: -0.2780 | Entropy: 0.6171 | Invalid S/B: 0.00/0.00 | Max Load: 7.1 | Load Gap: 1.1
Epoch [415/500] | Sampled: 246.25 | Baseline: 267.22 | Improvement: 20.97 | Win Rate: 100.00% | Actor Loss: -0.5241 | Entropy: 0.6155 | Invalid S/B: 0.00/0.00 | Max Load: 7.0 | Load Gap: 1.0
Epoch [416/500] | Sampled: 250.56 | Baseline: 270.09 | Improvement: 19.53 | Win Rate: 96.88% | Actor Loss: -1.6019 | Entropy: 0.6626 | Invalid S/B: 0.00/0.00 | Max Load: 7.1 | Load Gap: 1.1
Epoch [417/500] | Sampled: 246.59 | Baseline: 264.66 | Improvement: 18.06 | Win Rate: 100.00% | Actor Loss: -0.8847 | Entropy: 0.6412 | Invalid S/B: 0.00/0.00 | Max Load: 7.1 | Load Gap: 1.1
Epoch [418/500] | Sampled: 245.84 | Baseline: 261.44 | Improvement: 15.59 | Win Rate: 100.00% | Actor Loss: -0.5315 | Entropy: 0.6418 | Invalid S/B: 0.00/0.00 | Max Load: 7.0 | Load Gap: 1.0
Epoch [419/500] | Sampled: 249.56 | Baseline: 266.62 | Improvement: 17.06 | Win Rate: 93.75% | Actor Loss: -1.1703 | Entropy: 0.7255 | Invalid S/B: 0.00/0.00 | Max Load: 7.1 | Load Gap: 1.1
Epoch [420/500] | Sampled: 244.72 | Baseline: 267.22 | Improvement: 22.50 | Win Rate: 93.75% | Actor Loss: -0.8365 | Entropy: 0.6524 | Invalid S/B: 0.00/0.00 | Max Load: 7.0 | Load Gap: 1.0
Epoch [421/500] | Sampled: 248.50 | Baseline: 266.31 | Improvement: 17.81 | Win Rate: 93.75% | Actor Loss: -1.5264 | Entropy: 0.7081 | Invalid S/B: 0.00/0.00 | Max Load: 7.0 | Load Gap: 1.0
Epoch [422/500] | Sampled: 248.22 | Baseline: 268.81 | Improvement: 20.59 | Win Rate: 100.00% | Actor Loss: -2.1130 | Entropy: 0.7046 | Invalid S/B: 0.00/0.00 | Max Load: 7.1 | Load Gap: 1.2
Epoch [423/500] | Sampled: 246.81 | Baseline: 267.16 | Improvement: 20.34 | Win Rate: 100.00% | Actor Loss: 0.7155 | Entropy: 0.7082 | Invalid S/B: 0.00/0.00 | Max Load: 7.1 | Load Gap: 1.1
Epoch [424/500] | Sampled: 247.25 | Baseline: 266.91 | Improvement: 19.66 | Win Rate: 90.62% | Actor Loss: -0.3072 | Entropy: 0.7085 | Invalid S/B: 0.00/0.00 | Max Load: 7.0 | Load Gap: 1.0
Epoch [425/500] | Sampled: 249.34 | Baseline: 268.75 | Improvement: 19.41 | Win Rate: 96.88% | Actor Loss: -0.1042 | Entropy: 0.7953 | Invalid S/B: 0.00/0.00 | Max Load: 7.1 | Load Gap: 1.1
Epoch [426/500] | Sampled: 251.22 | Baseline: 269.03 | Improvement: 17.81 | Win Rate: 96.88% | Actor Loss: -1.9080 | Entropy: 0.8338 | Invalid S/B: 0.00/0.00 | Max Load: 7.1 | Load Gap: 1.1
Epoch [427/500] | Sampled: 242.72 | Baseline: 267.00 | Improvement: 24.28 | Win Rate: 96.88% | Actor Loss: -0.5028 | Entropy: 0.8540 | Invalid S/B: 0.00/0.00 | Max Load: 7.1 | Load Gap: 1.1
Epoch [428/500] | Sampled: 246.34 | Baseline: 267.16 | Improvement: 20.81 | Win Rate: 96.88% | Actor Loss: -0.7240 | Entropy: 0.9066 | Invalid S/B: 0.00/0.00 | Max Load: 7.1 | Load Gap: 1.2
Epoch [429/500] | Sampled: 247.66 | Baseline: 267.75 | Improvement: 20.09 | Win Rate: 93.75% | Actor Loss: -2.2823 | Entropy: 0.9250 | Invalid S/B: 0.00/0.00 | Max Load: 7.0 | Load Gap: 1.1
Epoch [430/500] | Sampled: 247.09 | Baseline: 269.12 | Improvement: 22.03 | Win Rate: 100.00% | Actor Loss: -0.4931 | Entropy: 0.8706 | Invalid S/B: 0.00/0.00 | Max Load: 7.0 | Load Gap: 1.0
Epoch [431/500] | Sampled: 246.03 | Baseline: 266.06 | Improvement: 20.03 | Win Rate: 96.88% | Actor Loss: -0.6855 | Entropy: 0.7907 | Invalid S/B: 0.00/0.00 | Max Load: 7.1 | Load Gap: 1.2
Epoch [432/500] | Sampled: 246.06 | Baseline: 265.59 | Improvement: 19.53 | Win Rate: 84.38% | Actor Loss: -2.0658 | Entropy: 0.7836 | Invalid S/B: 0.00/0.00 | Max Load: 7.0 | Load Gap: 1.1
Epoch [433/500] | Sampled: 247.72 | Baseline: 267.03 | Improvement: 19.31 | Win Rate: 96.88% | Actor Loss: -2.6750 | Entropy: 0.7731 | Invalid S/B: 0.00/0.00 | Max Load: 7.1 | Load Gap: 1.1
Epoch [434/500] | Sampled: 247.88 | Baseline: 265.34 | Improvement: 17.47 | Win Rate: 93.75% | Actor Loss: -1.4639 | Entropy: 0.7453 | Invalid S/B: 0.00/0.00 | Max Load: 7.1 | Load Gap: 1.2
Epoch [435/500] | Sampled: 250.53 | Baseline: 266.16 | Improvement: 15.62 | Win Rate: 90.62% | Actor Loss: -0.8305 | Entropy: 0.6901 | Invalid S/B: 0.00/0.00 | Max Load: 7.1 | Load Gap: 1.1
Epoch [436/500] | Sampled: 247.75 | Baseline: 269.28 | Improvement: 21.53 | Win Rate: 96.88% | Actor Loss: -1.0458 | Entropy: 0.6767 | Invalid S/B: 0.00/0.00 | Max Load: 7.0 | Load Gap: 1.0
Epoch [437/500] | Sampled: 247.31 | Baseline: 263.66 | Improvement: 16.34 | Win Rate: 93.75% | Actor Loss: -0.6536 | Entropy: 0.6306 | Invalid S/B: 0.00/0.00 | Max Load: 7.0 | Load Gap: 1.0
Epoch [438/500] | Sampled: 252.62 | Baseline: 268.72 | Improvement: 16.09 | Win Rate: 96.88% | Actor Loss: -0.8720 | Entropy: 0.6668 | Invalid S/B: 0.00/0.00 | Max Load: 7.0 | Load Gap: 1.0
Epoch [439/500] | Sampled: 251.81 | Baseline: 265.22 | Improvement: 13.41 | Win Rate: 78.12% | Actor Loss: -1.0845 | Entropy: 0.6111 | Invalid S/B: 0.00/0.00 | Max Load: 7.2 | Load Gap: 1.2
Epoch [440/500] | Sampled: 247.75 | Baseline: 264.31 | Improvement: 16.56 | Win Rate: 96.88% | Actor Loss: -1.6746 | Entropy: 0.5940 | Invalid S/B: 0.00/0.00 | Max Load: 7.1 | Load Gap: 1.1
Epoch [441/500] | Sampled: 248.56 | Baseline: 265.06 | Improvement: 16.50 | Win Rate: 96.88% | Actor Loss: -0.5199 | Entropy: 0.5905 | Invalid S/B: 0.00/0.00 | Max Load: 7.1 | Load Gap: 1.1
Epoch [442/500] | Sampled: 248.19 | Baseline: 266.19 | Improvement: 18.00 | Win Rate: 93.75% | Actor Loss: -2.0504 | Entropy: 0.6250 | Invalid S/B: 0.00/0.00 | Max Load: 7.1 | Load Gap: 1.1
Epoch [443/500] | Sampled: 248.28 | Baseline: 263.81 | Improvement: 15.53 | Win Rate: 90.62% | Actor Loss: 0.2612 | Entropy: 0.5926 | Invalid S/B: 0.00/0.00 | Max Load: 7.1 | Load Gap: 1.1
Epoch [444/500] | Sampled: 247.38 | Baseline: 265.53 | Improvement: 18.16 | Win Rate: 84.38% | Actor Loss: -0.3301 | Entropy: 0.5602 | Invalid S/B: 0.00/0.00 | Max Load: 7.1 | Load Gap: 1.1
Epoch [445/500] | Sampled: 250.47 | Baseline: 267.62 | Improvement: 17.16 | Win Rate: 93.75% | Actor Loss: -0.5678 | Entropy: 0.5730 | Invalid S/B: 0.00/0.00 | Max Load: 7.1 | Load Gap: 1.2
Epoch [446/500] | Sampled: 249.19 | Baseline: 266.38 | Improvement: 17.19 | Win Rate: 90.62% | Actor Loss: -1.7973 | Entropy: 0.5230 | Invalid S/B: 0.00/0.00 | Max Load: 7.1 | Load Gap: 1.1
Epoch [447/500] | Sampled: 249.53 | Baseline: 266.41 | Improvement: 16.88 | Win Rate: 93.75% | Actor Loss: -0.1797 | Entropy: 0.5079 | Invalid S/B: 0.00/0.00 | Max Load: 7.1 | Load Gap: 1.1
Epoch [448/500] | Sampled: 248.66 | Baseline: 264.12 | Improvement: 15.47 | Win Rate: 90.62% | Actor Loss: 0.1866 | Entropy: 0.4828 | Invalid S/B: 0.00/0.00 | Max Load: 7.1 | Load Gap: 1.1
Epoch [449/500] | Sampled: 251.22 | Baseline: 267.94 | Improvement: 16.72 | Win Rate: 87.50% | Actor Loss: 0.1418 | Entropy: 0.4866 | Invalid S/B: 0.00/0.00 | Max Load: 7.0 | Load Gap: 1.0
Epoch [450/500] | Sampled: 249.97 | Baseline: 266.97 | Improvement: 17.00 | Win Rate: 93.75% | Actor Loss: -0.5726 | Entropy: 0.4573 | Invalid S/B: 0.00/0.00 | Max Load: 7.1 | Load Gap: 1.1
   -> Validation | Samples: 50 | Makespan: 248.10 | Invalid Jobs: 0.00
Epoch [451/500] | Sampled: 249.72 | Baseline: 266.00 | Improvement: 16.28 | Win Rate: 96.88% | Actor Loss: 0.0500 | Entropy: 0.4143 | Invalid S/B: 0.00/0.00 | Max Load: 7.1 | Load Gap: 1.1
Epoch [452/500] | Sampled: 248.72 | Baseline: 270.72 | Improvement: 22.00 | Win Rate: 100.00% | Actor Loss: -1.3995 | Entropy: 0.4454 | Invalid S/B: 0.00/0.00 | Max Load: 7.1 | Load Gap: 1.1
Epoch [453/500] | Sampled: 247.75 | Baseline: 266.75 | Improvement: 19.00 | Win Rate: 100.00% | Actor Loss: -1.4433 | Entropy: 0.4091 | Invalid S/B: 0.00/0.00 | Max Load: 7.0 | Load Gap: 1.0
Epoch [454/500] | Sampled: 249.00 | Baseline: 265.75 | Improvement: 16.75 | Win Rate: 90.62% | Actor Loss: 0.3506 | Entropy: 0.3727 | Invalid S/B: 0.00/0.00 | Max Load: 7.1 | Load Gap: 1.2
Epoch [455/500] | Sampled: 247.06 | Baseline: 264.97 | Improvement: 17.91 | Win Rate: 100.00% | Actor Loss: 0.1861 | Entropy: 0.3452 | Invalid S/B: 0.00/0.00 | Max Load: 7.1 | Load Gap: 1.1
Epoch [456/500] | Sampled: 248.72 | Baseline: 263.88 | Improvement: 15.16 | Win Rate: 96.88% | Actor Loss: 0.6730 | Entropy: 0.3425 | Invalid S/B: 0.00/0.00 | Max Load: 7.1 | Load Gap: 1.2
Epoch [457/500] | Sampled: 249.59 | Baseline: 266.31 | Improvement: 16.72 | Win Rate: 96.88% | Actor Loss: -0.4638 | Entropy: 0.3068 | Invalid S/B: 0.00/0.00 | Max Load: 7.1 | Load Gap: 1.1
Epoch [458/500] | Sampled: 247.38 | Baseline: 268.03 | Improvement: 20.66 | Win Rate: 100.00% | Actor Loss: 0.3240 | Entropy: 0.2953 | Invalid S/B: 0.00/0.00 | Max Load: 7.1 | Load Gap: 1.1
Epoch [459/500] | Sampled: 248.06 | Baseline: 265.22 | Improvement: 17.16 | Win Rate: 96.88% | Actor Loss: 0.3909 | Entropy: 0.3065 | Invalid S/B: 0.00/0.00 | Max Load: 7.1 | Load Gap: 1.1
Epoch [460/500] | Sampled: 249.31 | Baseline: 269.28 | Improvement: 19.97 | Win Rate: 100.00% | Actor Loss: 0.1602 | Entropy: 0.3044 | Invalid S/B: 0.00/0.00 | Max Load: 7.0 | Load Gap: 1.1
Epoch [461/500] | Sampled: 249.28 | Baseline: 265.41 | Improvement: 16.12 | Win Rate: 93.75% | Actor Loss: -0.3054 | Entropy: 0.2849 | Invalid S/B: 0.00/0.00 | Max Load: 7.1 | Load Gap: 1.2
Epoch [462/500] | Sampled: 248.44 | Baseline: 264.06 | Improvement: 15.62 | Win Rate: 90.62% | Actor Loss: -0.9611 | Entropy: 0.2760 | Invalid S/B: 0.00/0.00 | Max Load: 7.0 | Load Gap: 1.0
Epoch [463/500] | Sampled: 250.06 | Baseline: 262.31 | Improvement: 12.25 | Win Rate: 90.62% | Actor Loss: -0.0588 | Entropy: 0.2886 | Invalid S/B: 0.00/0.00 | Max Load: 7.1 | Load Gap: 1.1
Epoch [464/500] | Sampled: 248.34 | Baseline: 265.78 | Improvement: 17.44 | Win Rate: 93.75% | Actor Loss: -0.3236 | Entropy: 0.2709 | Invalid S/B: 0.00/0.00 | Max Load: 7.1 | Load Gap: 1.1
Epoch [465/500] | Sampled: 249.06 | Baseline: 266.19 | Improvement: 17.12 | Win Rate: 93.75% | Actor Loss: -0.1170 | Entropy: 0.2916 | Invalid S/B: 0.00/0.00 | Max Load: 7.0 | Load Gap: 1.0
Epoch [466/500] | Sampled: 252.25 | Baseline: 268.16 | Improvement: 15.91 | Win Rate: 87.50% | Actor Loss: -0.4898 | Entropy: 0.2840 | Invalid S/B: 0.00/0.00 | Max Load: 7.0 | Load Gap: 1.0
Epoch [467/500] | Sampled: 252.94 | Baseline: 268.88 | Improvement: 15.94 | Win Rate: 84.38% | Actor Loss: 0.2497 | Entropy: 0.3000 | Invalid S/B: 0.00/0.00 | Max Load: 7.0 | Load Gap: 1.0
Epoch [468/500] | Sampled: 250.44 | Baseline: 261.94 | Improvement: 11.50 | Win Rate: 81.25% | Actor Loss: -0.4414 | Entropy: 0.2934 | Invalid S/B: 0.00/0.00 | Max Load: 7.1 | Load Gap: 1.1
Epoch [469/500] | Sampled: 252.28 | Baseline: 267.03 | Improvement: 14.75 | Win Rate: 90.62% | Actor Loss: 0.1063 | Entropy: 0.3198 | Invalid S/B: 0.00/0.00 | Max Load: 7.1 | Load Gap: 1.1
Epoch [470/500] | Sampled: 252.84 | Baseline: 268.44 | Improvement: 15.59 | Win Rate: 96.88% | Actor Loss: -0.2406 | Entropy: 0.2980 | Invalid S/B: 0.00/0.00 | Max Load: 7.1 | Load Gap: 1.1
Epoch [471/500] | Sampled: 253.22 | Baseline: 265.97 | Improvement: 12.75 | Win Rate: 93.75% | Actor Loss: -0.2557 | Entropy: 0.2985 | Invalid S/B: 0.00/0.00 | Max Load: 7.0 | Load Gap: 1.0
Epoch [472/500] | Sampled: 252.88 | Baseline: 267.06 | Improvement: 14.19 | Win Rate: 87.50% | Actor Loss: -0.5222 | Entropy: 0.3031 | Invalid S/B: 0.00/0.00 | Max Load: 7.0 | Load Gap: 1.0
Epoch [473/500] | Sampled: 252.03 | Baseline: 266.12 | Improvement: 14.09 | Win Rate: 90.62% | Actor Loss: -1.5024 | Entropy: 0.3257 | Invalid S/B: 0.00/0.00 | Max Load: 7.0 | Load Gap: 1.0
Epoch [474/500] | Sampled: 251.22 | Baseline: 264.31 | Improvement: 13.09 | Win Rate: 90.62% | Actor Loss: -0.5297 | Entropy: 0.3358 | Invalid S/B: 0.00/0.00 | Max Load: 7.0 | Load Gap: 1.0
Epoch [475/500] | Sampled: 254.34 | Baseline: 266.59 | Improvement: 12.25 | Win Rate: 78.12% | Actor Loss: 0.0272 | Entropy: 0.3200 | Invalid S/B: 0.00/0.00 | Max Load: 7.0 | Load Gap: 1.0
Epoch [476/500] | Sampled: 255.09 | Baseline: 265.22 | Improvement: 10.12 | Win Rate: 81.25% | Actor Loss: -0.8910 | Entropy: 0.3451 | Invalid S/B: 0.00/0.00 | Max Load: 7.0 | Load Gap: 1.0
Epoch [477/500] | Sampled: 250.94 | Baseline: 265.75 | Improvement: 14.81 | Win Rate: 87.50% | Actor Loss: -0.4527 | Entropy: 0.3236 | Invalid S/B: 0.00/0.00 | Max Load: 7.0 | Load Gap: 1.0
Epoch [478/500] | Sampled: 251.62 | Baseline: 266.03 | Improvement: 14.41 | Win Rate: 87.50% | Actor Loss: -0.7965 | Entropy: 0.3453 | Invalid S/B: 0.00/0.00 | Max Load: 7.0 | Load Gap: 1.0
Epoch [479/500] | Sampled: 252.44 | Baseline: 264.38 | Improvement: 11.94 | Win Rate: 87.50% | Actor Loss: -0.2674 | Entropy: 0.3077 | Invalid S/B: 0.00/0.00 | Max Load: 7.0 | Load Gap: 1.0
Epoch [480/500] | Sampled: 250.94 | Baseline: 267.91 | Improvement: 16.97 | Win Rate: 90.62% | Actor Loss: 0.0052 | Entropy: 0.3354 | Invalid S/B: 0.00/0.00 | Max Load: 7.0 | Load Gap: 1.0
Epoch [481/500] | Sampled: 252.25 | Baseline: 263.72 | Improvement: 11.47 | Win Rate: 81.25% | Actor Loss: 0.0596 | Entropy: 0.3186 | Invalid S/B: 0.00/0.00 | Max Load: 7.1 | Load Gap: 1.1
Epoch [482/500] | Sampled: 249.00 | Baseline: 263.28 | Improvement: 14.28 | Win Rate: 87.50% | Actor Loss: 0.7815 | Entropy: 0.2841 | Invalid S/B: 0.00/0.00 | Max Load: 7.0 | Load Gap: 1.0
Epoch [483/500] | Sampled: 250.84 | Baseline: 264.91 | Improvement: 14.06 | Win Rate: 81.25% | Actor Loss: -0.2923 | Entropy: 0.3268 | Invalid S/B: 0.00/0.00 | Max Load: 7.0 | Load Gap: 1.0
Epoch [484/500] | Sampled: 250.50 | Baseline: 264.97 | Improvement: 14.47 | Win Rate: 93.75% | Actor Loss: -1.0530 | Entropy: 0.3143 | Invalid S/B: 0.00/0.00 | Max Load: 7.0 | Load Gap: 1.0
Epoch [485/500] | Sampled: 251.28 | Baseline: 265.59 | Improvement: 14.31 | Win Rate: 87.50% | Actor Loss: 0.0347 | Entropy: 0.3294 | Invalid S/B: 0.00/0.00 | Max Load: 7.0 | Load Gap: 1.0
Epoch [486/500] | Sampled: 253.97 | Baseline: 269.44 | Improvement: 15.47 | Win Rate: 93.75% | Actor Loss: -0.1118 | Entropy: 0.3225 | Invalid S/B: 0.00/0.00 | Max Load: 7.0 | Load Gap: 1.0
Epoch [487/500] | Sampled: 252.47 | Baseline: 267.62 | Improvement: 15.16 | Win Rate: 96.88% | Actor Loss: 0.0851 | Entropy: 0.3243 | Invalid S/B: 0.00/0.00 | Max Load: 7.0 | Load Gap: 1.0
Epoch [488/500] | Sampled: 249.22 | Baseline: 266.59 | Improvement: 17.38 | Win Rate: 96.88% | Actor Loss: -0.4376 | Entropy: 0.3019 | Invalid S/B: 0.00/0.00 | Max Load: 7.0 | Load Gap: 1.0
Epoch [489/500] | Sampled: 250.88 | Baseline: 266.62 | Improvement: 15.75 | Win Rate: 93.75% | Actor Loss: 0.5554 | Entropy: 0.3204 | Invalid S/B: 0.00/0.00 | Max Load: 7.0 | Load Gap: 1.0
Epoch [490/500] | Sampled: 247.75 | Baseline: 264.75 | Improvement: 17.00 | Win Rate: 100.00% | Actor Loss: -0.2488 | Entropy: 0.3090 | Invalid S/B: 0.00/0.00 | Max Load: 7.0 | Load Gap: 1.0
Epoch [491/500] | Sampled: 251.25 | Baseline: 267.66 | Improvement: 16.41 | Win Rate: 100.00% | Actor Loss: -0.9539 | Entropy: 0.3322 | Invalid S/B: 0.00/0.00 | Max Load: 7.0 | Load Gap: 1.1
Epoch [492/500] | Sampled: 251.22 | Baseline: 267.84 | Improvement: 16.62 | Win Rate: 96.88% | Actor Loss: 0.2629 | Entropy: 0.3154 | Invalid S/B: 0.00/0.00 | Max Load: 7.0 | Load Gap: 1.0
Epoch [493/500] | Sampled: 251.25 | Baseline: 266.16 | Improvement: 14.91 | Win Rate: 93.75% | Actor Loss: -0.7196 | Entropy: 0.3755 | Invalid S/B: 0.00/0.00 | Max Load: 7.0 | Load Gap: 1.0
Epoch [494/500] | Sampled: 247.44 | Baseline: 264.25 | Improvement: 16.81 | Win Rate: 100.00% | Actor Loss: -0.1963 | Entropy: 0.3568 | Invalid S/B: 0.00/0.00 | Max Load: 7.0 | Load Gap: 1.0
Epoch [495/500] | Sampled: 251.00 | Baseline: 266.19 | Improvement: 15.19 | Win Rate: 96.88% | Actor Loss: -0.2085 | Entropy: 0.3582 | Invalid S/B: 0.00/0.00 | Max Load: 7.1 | Load Gap: 1.1
Epoch [496/500] | Sampled: 249.41 | Baseline: 267.16 | Improvement: 17.75 | Win Rate: 96.88% | Actor Loss: -0.4000 | Entropy: 0.3406 | Invalid S/B: 0.00/0.00 | Max Load: 7.2 | Load Gap: 1.2
Epoch [497/500] | Sampled: 251.56 | Baseline: 269.03 | Improvement: 17.47 | Win Rate: 96.88% | Actor Loss: 0.1332 | Entropy: 0.3265 | Invalid S/B: 0.00/0.00 | Max Load: 7.0 | Load Gap: 1.0
Epoch [498/500] | Sampled: 248.41 | Baseline: 265.91 | Improvement: 17.50 | Win Rate: 90.62% | Actor Loss: 0.0638 | Entropy: 0.3198 | Invalid S/B: 0.00/0.00 | Max Load: 7.1 | Load Gap: 1.1
Epoch [499/500] | Sampled: 250.81 | Baseline: 264.41 | Improvement: 13.59 | Win Rate: 93.75% | Actor Loss: 0.0625 | Entropy: 0.3218 | Invalid S/B: 0.00/0.00 | Max Load: 7.0 | Load Gap: 1.0
Epoch [500/500] | Sampled: 248.19 | Baseline: 268.19 | Improvement: 20.00 | Win Rate: 100.00% | Actor Loss: -0.1081 | Entropy: 0.3217 | Invalid S/B: 0.00/0.00 | Max Load: 7.0 | Load Gap: 1.1
   -> Validation | Samples: 50 | Makespan: 250.64 | Invalid Jobs: 0.00
   -> Saved updated training chart to /home/wei/AMR-DFJSP/Static_alogorithm/Attention/attention_precise_training_metrics.png
