Training on: cuda
Loaded 100 dispatch events from /home/wei/AMR-DFJSP/test_case/static/dispatch_inbox_20.jsonl
Loaded 50 dispatch events from /home/wei/AMR-DFJSP/test_case/static/dispatch_validation_20.jsonl
Loaded 50 validation event(s).
Loaded training checkpoint from /home/wei/AMR-DFJSP/training_logs/curriculum_20260615_175146/checkpoints/phase_01/attention_latest.pth (optimizers: optimizer)
Starting Attention REINFORCE training with dispatch baseline 'fifo+least_loaded' (stepwise).
Epoch [1/500] | Sampled: 247.56 | Baseline: 264.94 | Improvement: 17.38 | Win Rate: 96.88% | Actor Loss: 0.1975 | Entropy: 0.1542 | Invalid S/B: 0.00/0.00 | Max Load: 7.1 | Load Gap: 1.1
   -> Validation | Samples: 50 | Makespan: 249.50 | Invalid Jobs: 0.00
   -> Saved new best model (Val Makespan: 249.50)
   -> Saved updated training chart to /home/wei/AMR-DFJSP/Static_alogorithm/Attention/attention_training_metrics.png
Epoch [2/500] | Sampled: 248.56 | Baseline: 266.16 | Improvement: 17.59 | Win Rate: 93.75% | Actor Loss: -0.1762 | Entropy: 0.2008 | Invalid S/B: 0.00/0.00 | Max Load: 7.1 | Load Gap: 1.1
Epoch [3/500] | Sampled: 251.12 | Baseline: 263.91 | Improvement: 12.78 | Win Rate: 93.75% | Actor Loss: -0.1389 | Entropy: 0.1799 | Invalid S/B: 0.00/0.00 | Max Load: 7.2 | Load Gap: 1.2
Epoch [4/500] | Sampled: 247.62 | Baseline: 263.66 | Improvement: 16.03 | Win Rate: 96.88% | Actor Loss: -0.0070 | Entropy: 0.1750 | Invalid S/B: 0.00/0.00 | Max Load: 7.0 | Load Gap: 1.0
Epoch [5/500] | Sampled: 252.22 | Baseline: 263.72 | Improvement: 11.50 | Win Rate: 87.50% | Actor Loss: -0.5325 | Entropy: 0.1719 | Invalid S/B: 0.00/0.00 | Max Load: 7.1 | Load Gap: 1.1
Epoch [6/500] | Sampled: 250.38 | Baseline: 269.53 | Improvement: 19.16 | Win Rate: 93.75% | Actor Loss: -0.0901 | Entropy: 0.1519 | Invalid S/B: 0.00/0.00 | Max Load: 7.0 | Load Gap: 1.0
Epoch [7/500] | Sampled: 251.59 | Baseline: 268.59 | Improvement: 17.00 | Win Rate: 93.75% | Actor Loss: 0.0472 | Entropy: 0.1622 | Invalid S/B: 0.00/0.00 | Max Load: 7.1 | Load Gap: 1.1
Epoch [8/500] | Sampled: 253.25 | Baseline: 265.47 | Improvement: 12.22 | Win Rate: 93.75% | Actor Loss: -0.1174 | Entropy: 0.1769 | Invalid S/B: 0.03/0.00 | Max Load: 7.1 | Load Gap: 1.1
Epoch [9/500] | Sampled: 249.69 | Baseline: 265.38 | Improvement: 15.69 | Win Rate: 90.62% | Actor Loss: 0.0116 | Entropy: 0.1594 | Invalid S/B: 0.00/0.00 | Max Load: 7.0 | Load Gap: 1.0
Epoch [10/500] | Sampled: 250.66 | Baseline: 265.00 | Improvement: 14.34 | Win Rate: 90.62% | Actor Loss: 0.0350 | Entropy: 0.1639 | Invalid S/B: 0.00/0.00 | Max Load: 7.2 | Load Gap: 1.2
Epoch [11/500] | Sampled: 253.31 | Baseline: 267.25 | Improvement: 13.94 | Win Rate: 90.62% | Actor Loss: -1.0123 | Entropy: 0.1938 | Invalid S/B: 0.00/0.00 | Max Load: 7.1 | Load Gap: 1.1
Epoch [12/500] | Sampled: 251.38 | Baseline: 265.28 | Improvement: 13.91 | Win Rate: 96.88% | Actor Loss: -0.4537 | Entropy: 0.1498 | Invalid S/B: 0.00/0.00 | Max Load: 7.0 | Load Gap: 1.0
Epoch [13/500] | Sampled: 250.25 | Baseline: 264.97 | Improvement: 14.72 | Win Rate: 87.50% | Actor Loss: 0.2240 | Entropy: 0.1885 | Invalid S/B: 0.00/0.00 | Max Load: 7.1 | Load Gap: 1.1
Epoch [14/500] | Sampled: 250.72 | Baseline: 266.12 | Improvement: 15.41 | Win Rate: 87.50% | Actor Loss: -0.0069 | Entropy: 0.1509 | Invalid S/B: 0.00/0.00 | Max Load: 7.0 | Load Gap: 1.0
Epoch [15/500] | Sampled: 250.94 | Baseline: 267.47 | Improvement: 16.53 | Win Rate: 93.75% | Actor Loss: -0.0110 | Entropy: 0.1483 | Invalid S/B: 0.00/0.00 | Max Load: 7.0 | Load Gap: 1.0
Epoch [16/500] | Sampled: 248.88 | Baseline: 264.97 | Improvement: 16.09 | Win Rate: 96.88% | Actor Loss: -0.4752 | Entropy: 0.1596 | Invalid S/B: 0.00/0.00 | Max Load: 7.1 | Load Gap: 1.1
Epoch [17/500] | Sampled: 250.94 | Baseline: 268.56 | Improvement: 17.62 | Win Rate: 93.75% | Actor Loss: -0.2042 | Entropy: 0.1589 | Invalid S/B: 0.00/0.00 | Max Load: 7.0 | Load Gap: 1.0
Epoch [18/500] | Sampled: 251.41 | Baseline: 266.59 | Improvement: 15.19 | Win Rate: 87.50% | Actor Loss: -0.0782 | Entropy: 0.1802 | Invalid S/B: 0.00/0.00 | Max Load: 7.1 | Load Gap: 1.1
Epoch [19/500] | Sampled: 248.91 | Baseline: 262.12 | Improvement: 13.22 | Win Rate: 96.88% | Actor Loss: -0.5186 | Entropy: 0.1612 | Invalid S/B: 0.00/0.00 | Max Load: 7.1 | Load Gap: 1.1
Epoch [20/500] | Sampled: 249.47 | Baseline: 268.47 | Improvement: 19.00 | Win Rate: 100.00% | Actor Loss: 0.0145 | Entropy: 0.1648 | Invalid S/B: 0.00/0.00 | Max Load: 7.1 | Load Gap: 1.1
Epoch [21/500] | Sampled: 249.53 | Baseline: 264.19 | Improvement: 14.66 | Win Rate: 93.75% | Actor Loss: -0.1321 | Entropy: 0.1575 | Invalid S/B: 0.00/0.00 | Max Load: 7.1 | Load Gap: 1.1
Epoch [22/500] | Sampled: 246.56 | Baseline: 263.97 | Improvement: 17.41 | Win Rate: 96.88% | Actor Loss: 0.3501 | Entropy: 0.1576 | Invalid S/B: 0.00/0.00 | Max Load: 7.0 | Load Gap: 1.0
Epoch [23/500] | Sampled: 246.28 | Baseline: 263.94 | Improvement: 17.66 | Win Rate: 93.75% | Actor Loss: 0.0898 | Entropy: 0.1827 | Invalid S/B: 0.00/0.00 | Max Load: 7.0 | Load Gap: 1.0
Epoch [24/500] | Sampled: 246.72 | Baseline: 266.22 | Improvement: 19.50 | Win Rate: 100.00% | Actor Loss: -0.0240 | Entropy: 0.1707 | Invalid S/B: 0.00/0.00 | Max Load: 7.1 | Load Gap: 1.1
Epoch [25/500] | Sampled: 250.03 | Baseline: 267.03 | Improvement: 17.00 | Win Rate: 90.62% | Actor Loss: -0.0077 | Entropy: 0.1661 | Invalid S/B: 0.00/0.00 | Max Load: 7.0 | Load Gap: 1.0
Epoch [26/500] | Sampled: 251.12 | Baseline: 266.81 | Improvement: 15.69 | Win Rate: 87.50% | Actor Loss: 0.0826 | Entropy: 0.1837 | Invalid S/B: 0.00/0.00 | Max Load: 7.1 | Load Gap: 1.1
Epoch [27/500] | Sampled: 253.41 | Baseline: 265.09 | Improvement: 11.69 | Win Rate: 71.88% | Actor Loss: -0.3080 | Entropy: 0.1657 | Invalid S/B: 0.00/0.00 | Max Load: 7.1 | Load Gap: 1.1
Epoch [28/500] | Sampled: 253.91 | Baseline: 265.69 | Improvement: 11.78 | Win Rate: 81.25% | Actor Loss: 0.0665 | Entropy: 0.1578 | Invalid S/B: 0.00/0.00 | Max Load: 7.1 | Load Gap: 1.1
Epoch [29/500] | Sampled: 250.88 | Baseline: 266.81 | Improvement: 15.94 | Win Rate: 87.50% | Actor Loss: 0.6703 | Entropy: 0.1600 | Invalid S/B: 0.00/0.00 | Max Load: 7.1 | Load Gap: 1.1
Epoch [30/500] | Sampled: 254.09 | Baseline: 267.88 | Improvement: 13.78 | Win Rate: 87.50% | Actor Loss: 0.4148 | Entropy: 0.1647 | Invalid S/B: 0.00/0.00 | Max Load: 7.1 | Load Gap: 1.1
Epoch [31/500] | Sampled: 248.72 | Baseline: 266.22 | Improvement: 17.50 | Win Rate: 87.50% | Actor Loss: -0.3105 | Entropy: 0.1451 | Invalid S/B: 0.00/0.00 | Max Load: 7.1 | Load Gap: 1.1
Epoch [32/500] | Sampled: 249.25 | Baseline: 265.00 | Improvement: 15.75 | Win Rate: 90.62% | Actor Loss: 0.1863 | Entropy: 0.1364 | Invalid S/B: 0.00/0.00 | Max Load: 7.0 | Load Gap: 1.0
Epoch [33/500] | Sampled: 253.56 | Baseline: 269.19 | Improvement: 15.62 | Win Rate: 84.38% | Actor Loss: -0.0605 | Entropy: 0.1622 | Invalid S/B: 0.00/0.00 | Max Load: 7.1 | Load Gap: 1.1
Epoch [34/500] | Sampled: 247.97 | Baseline: 262.88 | Improvement: 14.91 | Win Rate: 93.75% | Actor Loss: 0.0423 | Entropy: 0.1342 | Invalid S/B: 0.00/0.00 | Max Load: 7.1 | Load Gap: 1.1
Epoch [35/500] | Sampled: 250.09 | Baseline: 262.16 | Improvement: 12.06 | Win Rate: 90.62% | Actor Loss: 0.4401 | Entropy: 0.1383 | Invalid S/B: 0.00/0.00 | Max Load: 7.0 | Load Gap: 1.0
Epoch [36/500] | Sampled: 250.19 | Baseline: 267.88 | Improvement: 17.69 | Win Rate: 96.88% | Actor Loss: -0.1167 | Entropy: 0.1422 | Invalid S/B: 0.00/0.00 | Max Load: 7.0 | Load Gap: 1.0
Epoch [37/500] | Sampled: 252.59 | Baseline: 266.22 | Improvement: 13.62 | Win Rate: 84.38% | Actor Loss: -0.1715 | Entropy: 0.1457 | Invalid S/B: 0.00/0.00 | Max Load: 7.1 | Load Gap: 1.1
Epoch [38/500] | Sampled: 252.66 | Baseline: 268.00 | Improvement: 15.34 | Win Rate: 90.62% | Actor Loss: -0.5076 | Entropy: 0.1327 | Invalid S/B: 0.00/0.00 | Max Load: 7.1 | Load Gap: 1.1
Epoch [39/500] | Sampled: 251.97 | Baseline: 268.16 | Improvement: 16.19 | Win Rate: 90.62% | Actor Loss: 0.0117 | Entropy: 0.1334 | Invalid S/B: 0.00/0.00 | Max Load: 7.1 | Load Gap: 1.1
Epoch [40/500] | Sampled: 249.00 | Baseline: 266.16 | Improvement: 17.16 | Win Rate: 90.62% | Actor Loss: -0.0872 | Entropy: 0.1678 | Invalid S/B: 0.00/0.00 | Max Load: 7.0 | Load Gap: 1.0
Epoch [41/500] | Sampled: 248.69 | Baseline: 265.22 | Improvement: 16.53 | Win Rate: 78.12% | Actor Loss: 0.2259 | Entropy: 0.1449 | Invalid S/B: 0.00/0.00 | Max Load: 7.0 | Load Gap: 1.0
Epoch [42/500] | Sampled: 253.84 | Baseline: 265.75 | Improvement: 11.91 | Win Rate: 78.12% | Actor Loss: -0.1862 | Entropy: 0.1590 | Invalid S/B: 0.00/0.00 | Max Load: 7.0 | Load Gap: 1.0
Epoch [43/500] | Sampled: 253.03 | Baseline: 266.81 | Improvement: 13.78 | Win Rate: 78.12% | Actor Loss: -0.2593 | Entropy: 0.1566 | Invalid S/B: 0.00/0.00 | Max Load: 7.2 | Load Gap: 1.2
Epoch [44/500] | Sampled: 250.66 | Baseline: 265.03 | Improvement: 14.38 | Win Rate: 78.12% | Actor Loss: 0.0339 | Entropy: 0.1473 | Invalid S/B: 0.00/0.00 | Max Load: 7.0 | Load Gap: 1.0
Epoch [45/500] | Sampled: 250.03 | Baseline: 265.41 | Improvement: 15.38 | Win Rate: 78.12% | Actor Loss: 0.4836 | Entropy: 0.1625 | Invalid S/B: 0.00/0.00 | Max Load: 7.1 | Load Gap: 1.1
Epoch [46/500] | Sampled: 250.19 | Baseline: 265.38 | Improvement: 15.19 | Win Rate: 93.75% | Actor Loss: -0.2694 | Entropy: 0.1490 | Invalid S/B: 0.00/0.00 | Max Load: 7.1 | Load Gap: 1.1
Epoch [47/500] | Sampled: 253.59 | Baseline: 266.31 | Improvement: 12.72 | Win Rate: 84.38% | Actor Loss: -0.2014 | Entropy: 0.1649 | Invalid S/B: 0.00/0.00 | Max Load: 7.0 | Load Gap: 1.0
Epoch [48/500] | Sampled: 250.84 | Baseline: 263.72 | Improvement: 12.88 | Win Rate: 84.38% | Actor Loss: 0.2019 | Entropy: 0.1676 | Invalid S/B: 0.00/0.00 | Max Load: 7.0 | Load Gap: 1.0
Epoch [49/500] | Sampled: 250.44 | Baseline: 267.09 | Improvement: 16.66 | Win Rate: 87.50% | Actor Loss: 0.1093 | Entropy: 0.1839 | Invalid S/B: 0.00/0.00 | Max Load: 7.1 | Load Gap: 1.1
Epoch [50/500] | Sampled: 249.28 | Baseline: 265.81 | Improvement: 16.53 | Win Rate: 96.88% | Actor Loss: 0.0979 | Entropy: 0.1686 | Invalid S/B: 0.00/0.00 | Max Load: 7.1 | Load Gap: 1.1
   -> Validation | Samples: 50 | Makespan: 247.10 | Invalid Jobs: 0.00
   -> Saved new best model (Val Makespan: 247.10)
Epoch [51/500] | Sampled: 247.16 | Baseline: 266.62 | Improvement: 19.47 | Win Rate: 93.75% | Actor Loss: -0.1202 | Entropy: 0.1752 | Invalid S/B: 0.00/0.00 | Max Load: 7.1 | Load Gap: 1.1
Epoch [52/500] | Sampled: 251.41 | Baseline: 265.25 | Improvement: 13.84 | Win Rate: 87.50% | Actor Loss: -0.1855 | Entropy: 0.1760 | Invalid S/B: 0.00/0.00 | Max Load: 7.2 | Load Gap: 1.2
Epoch [53/500] | Sampled: 250.00 | Baseline: 266.03 | Improvement: 16.03 | Win Rate: 87.50% | Actor Loss: 0.5595 | Entropy: 0.1771 | Invalid S/B: 0.00/0.00 | Max Load: 7.0 | Load Gap: 1.0
Epoch [54/500] | Sampled: 247.69 | Baseline: 259.75 | Improvement: 12.06 | Win Rate: 90.62% | Actor Loss: 0.3260 | Entropy: 0.1512 | Invalid S/B: 0.00/0.00 | Max Load: 7.0 | Load Gap: 1.0
Epoch [55/500] | Sampled: 250.75 | Baseline: 267.09 | Improvement: 16.34 | Win Rate: 96.88% | Actor Loss: -0.1072 | Entropy: 0.1778 | Invalid S/B: 0.00/0.00 | Max Load: 7.1 | Load Gap: 1.1
Epoch [56/500] | Sampled: 249.22 | Baseline: 270.22 | Improvement: 21.00 | Win Rate: 100.00% | Actor Loss: 0.6270 | Entropy: 0.1589 | Invalid S/B: 0.00/0.00 | Max Load: 7.0 | Load Gap: 1.0
Epoch [57/500] | Sampled: 246.72 | Baseline: 265.47 | Improvement: 18.75 | Win Rate: 96.88% | Actor Loss: -0.3145 | Entropy: 0.1734 | Invalid S/B: 0.00/0.00 | Max Load: 7.1 | Load Gap: 1.1
Epoch [58/500] | Sampled: 250.78 | Baseline: 266.72 | Improvement: 15.94 | Win Rate: 96.88% | Actor Loss: 0.4536 | Entropy: 0.1783 | Invalid S/B: 0.00/0.00 | Max Load: 7.0 | Load Gap: 1.0
Epoch [59/500] | Sampled: 250.66 | Baseline: 264.94 | Improvement: 14.28 | Win Rate: 90.62% | Actor Loss: 0.7282 | Entropy: 0.1750 | Invalid S/B: 0.00/0.00 | Max Load: 7.1 | Load Gap: 1.1
Epoch [60/500] | Sampled: 251.22 | Baseline: 268.44 | Improvement: 17.22 | Win Rate: 96.88% | Actor Loss: -0.0653 | Entropy: 0.1937 | Invalid S/B: 0.00/0.00 | Max Load: 7.1 | Load Gap: 1.1
Epoch [61/500] | Sampled: 248.22 | Baseline: 267.81 | Improvement: 19.59 | Win Rate: 100.00% | Actor Loss: -0.1163 | Entropy: 0.1711 | Invalid S/B: 0.00/0.00 | Max Load: 7.1 | Load Gap: 1.1
Epoch [62/500] | Sampled: 249.56 | Baseline: 265.06 | Improvement: 15.50 | Win Rate: 96.88% | Actor Loss: 0.0501 | Entropy: 0.1820 | Invalid S/B: 0.00/0.00 | Max Load: 7.0 | Load Gap: 1.0
Epoch [63/500] | Sampled: 247.78 | Baseline: 263.62 | Improvement: 15.84 | Win Rate: 93.75% | Actor Loss: -0.3392 | Entropy: 0.1798 | Invalid S/B: 0.00/0.00 | Max Load: 7.0 | Load Gap: 1.0
Epoch [64/500] | Sampled: 248.78 | Baseline: 265.31 | Improvement: 16.53 | Win Rate: 96.88% | Actor Loss: 0.4606 | Entropy: 0.1643 | Invalid S/B: 0.00/0.00 | Max Load: 7.1 | Load Gap: 1.1
Epoch [65/500] | Sampled: 251.09 | Baseline: 268.62 | Improvement: 17.53 | Win Rate: 100.00% | Actor Loss: -0.0206 | Entropy: 0.1963 | Invalid S/B: 0.00/0.00 | Max Load: 7.0 | Load Gap: 1.0
Epoch [66/500] | Sampled: 248.12 | Baseline: 262.88 | Improvement: 14.75 | Win Rate: 84.38% | Actor Loss: 0.6196 | Entropy: 0.1661 | Invalid S/B: 0.00/0.00 | Max Load: 7.1 | Load Gap: 1.1
Epoch [67/500] | Sampled: 254.09 | Baseline: 268.44 | Improvement: 14.34 | Win Rate: 90.62% | Actor Loss: -0.0147 | Entropy: 0.1772 | Invalid S/B: 0.00/0.00 | Max Load: 7.1 | Load Gap: 1.1
Epoch [68/500] | Sampled: 255.91 | Baseline: 269.56 | Improvement: 13.66 | Win Rate: 78.12% | Actor Loss: -0.1386 | Entropy: 0.1564 | Invalid S/B: 0.00/0.00 | Max Load: 7.1 | Load Gap: 1.1
Epoch [69/500] | Sampled: 252.06 | Baseline: 265.88 | Improvement: 13.81 | Win Rate: 84.38% | Actor Loss: -0.3367 | Entropy: 0.1472 | Invalid S/B: 0.00/0.00 | Max Load: 7.2 | Load Gap: 1.2
Epoch [70/500] | Sampled: 254.56 | Baseline: 268.28 | Improvement: 13.72 | Win Rate: 93.75% | Actor Loss: -0.3140 | Entropy: 0.1712 | Invalid S/B: 0.00/0.00 | Max Load: 7.2 | Load Gap: 1.2
Epoch [71/500] | Sampled: 253.62 | Baseline: 265.62 | Improvement: 12.00 | Win Rate: 87.50% | Actor Loss: -0.7155 | Entropy: 0.1521 | Invalid S/B: 0.00/0.00 | Max Load: 7.1 | Load Gap: 1.1
Epoch [72/500] | Sampled: 252.84 | Baseline: 267.00 | Improvement: 14.16 | Win Rate: 87.50% | Actor Loss: 0.4237 | Entropy: 0.1631 | Invalid S/B: 0.00/0.00 | Max Load: 7.1 | Load Gap: 1.1
Epoch [73/500] | Sampled: 254.97 | Baseline: 268.06 | Improvement: 13.09 | Win Rate: 87.50% | Actor Loss: -0.4258 | Entropy: 0.1701 | Invalid S/B: 0.00/0.00 | Max Load: 7.2 | Load Gap: 1.2
Epoch [74/500] | Sampled: 251.81 | Baseline: 266.25 | Improvement: 14.44 | Win Rate: 96.88% | Actor Loss: -0.4646 | Entropy: 0.1617 | Invalid S/B: 0.00/0.00 | Max Load: 7.0 | Load Gap: 1.0
Epoch [75/500] | Sampled: 252.66 | Baseline: 269.12 | Improvement: 16.47 | Win Rate: 90.62% | Actor Loss: 0.5531 | Entropy: 0.1467 | Invalid S/B: 0.00/0.00 | Max Load: 7.0 | Load Gap: 1.0
Epoch [76/500] | Sampled: 251.47 | Baseline: 264.44 | Improvement: 12.97 | Win Rate: 87.50% | Actor Loss: -0.1143 | Entropy: 0.1356 | Invalid S/B: 0.00/0.00 | Max Load: 7.1 | Load Gap: 1.1
Epoch [77/500] | Sampled: 252.50 | Baseline: 267.75 | Improvement: 15.25 | Win Rate: 81.25% | Actor Loss: 0.0369 | Entropy: 0.1495 | Invalid S/B: 0.00/0.00 | Max Load: 7.2 | Load Gap: 1.2
Epoch [78/500] | Sampled: 251.53 | Baseline: 267.22 | Improvement: 15.69 | Win Rate: 81.25% | Actor Loss: 0.0788 | Entropy: 0.1568 | Invalid S/B: 0.00/0.00 | Max Load: 7.1 | Load Gap: 1.1
Epoch [79/500] | Sampled: 254.31 | Baseline: 268.25 | Improvement: 13.94 | Win Rate: 90.62% | Actor Loss: 0.3972 | Entropy: 0.1550 | Invalid S/B: 0.00/0.00 | Max Load: 7.1 | Load Gap: 1.1
Epoch [80/500] | Sampled: 251.38 | Baseline: 266.00 | Improvement: 14.62 | Win Rate: 87.50% | Actor Loss: -0.1178 | Entropy: 0.1508 | Invalid S/B: 0.00/0.00 | Max Load: 7.0 | Load Gap: 1.0
Epoch [81/500] | Sampled: 253.19 | Baseline: 263.97 | Improvement: 10.78 | Win Rate: 75.00% | Actor Loss: -0.1107 | Entropy: 0.1588 | Invalid S/B: 0.00/0.00 | Max Load: 7.1 | Load Gap: 1.1
Epoch [82/500] | Sampled: 250.34 | Baseline: 266.44 | Improvement: 16.09 | Win Rate: 93.75% | Actor Loss: -0.6773 | Entropy: 0.1658 | Invalid S/B: 0.00/0.00 | Max Load: 7.0 | Load Gap: 1.0
Epoch [83/500] | Sampled: 248.84 | Baseline: 269.47 | Improvement: 20.62 | Win Rate: 96.88% | Actor Loss: -0.8929 | Entropy: 0.1892 | Invalid S/B: 0.00/0.00 | Max Load: 7.0 | Load Gap: 1.0
Epoch [84/500] | Sampled: 250.47 | Baseline: 267.69 | Improvement: 17.22 | Win Rate: 96.88% | Actor Loss: 0.1392 | Entropy: 0.1643 | Invalid S/B: 0.00/0.00 | Max Load: 7.0 | Load Gap: 1.0
Epoch [85/500] | Sampled: 250.22 | Baseline: 266.59 | Improvement: 16.38 | Win Rate: 93.75% | Actor Loss: 0.0092 | Entropy: 0.1800 | Invalid S/B: 0.00/0.00 | Max Load: 7.1 | Load Gap: 1.1
Epoch [86/500] | Sampled: 249.66 | Baseline: 264.81 | Improvement: 15.16 | Win Rate: 96.88% | Actor Loss: -0.0090 | Entropy: 0.1774 | Invalid S/B: 0.00/0.00 | Max Load: 7.1 | Load Gap: 1.1
Epoch [87/500] | Sampled: 249.78 | Baseline: 265.69 | Improvement: 15.91 | Win Rate: 96.88% | Actor Loss: -0.1741 | Entropy: 0.1715 | Invalid S/B: 0.00/0.00 | Max Load: 7.1 | Load Gap: 1.1
Epoch [88/500] | Sampled: 249.38 | Baseline: 265.78 | Improvement: 16.41 | Win Rate: 96.88% | Actor Loss: 0.6416 | Entropy: 0.1804 | Invalid S/B: 0.00/0.00 | Max Load: 7.0 | Load Gap: 1.0
Epoch [89/500] | Sampled: 246.28 | Baseline: 263.91 | Improvement: 17.62 | Win Rate: 100.00% | Actor Loss: -0.0558 | Entropy: 0.1538 | Invalid S/B: 0.00/0.00 | Max Load: 7.0 | Load Gap: 1.0
Epoch [90/500] | Sampled: 248.84 | Baseline: 268.62 | Improvement: 19.78 | Win Rate: 93.75% | Actor Loss: -0.4175 | Entropy: 0.1594 | Invalid S/B: 0.00/0.00 | Max Load: 7.1 | Load Gap: 1.1
Epoch [91/500] | Sampled: 248.78 | Baseline: 266.09 | Improvement: 17.31 | Win Rate: 100.00% | Actor Loss: 0.0915 | Entropy: 0.1777 | Invalid S/B: 0.00/0.00 | Max Load: 7.0 | Load Gap: 1.0
Epoch [92/500] | Sampled: 243.94 | Baseline: 266.56 | Improvement: 22.62 | Win Rate: 100.00% | Actor Loss: -0.3473 | Entropy: 0.1546 | Invalid S/B: 0.00/0.00 | Max Load: 7.0 | Load Gap: 1.0
Epoch [93/500] | Sampled: 245.31 | Baseline: 265.72 | Improvement: 20.41 | Win Rate: 100.00% | Actor Loss: -0.4320 | Entropy: 0.1580 | Invalid S/B: 0.00/0.00 | Max Load: 7.1 | Load Gap: 1.1
Epoch [94/500] | Sampled: 248.72 | Baseline: 264.53 | Improvement: 15.81 | Win Rate: 96.88% | Actor Loss: -0.6375 | Entropy: 0.1709 | Invalid S/B: 0.00/0.00 | Max Load: 7.1 | Load Gap: 1.1
Epoch [95/500] | Sampled: 250.22 | Baseline: 267.09 | Improvement: 16.88 | Win Rate: 96.88% | Actor Loss: 0.0968 | Entropy: 0.1534 | Invalid S/B: 0.00/0.00 | Max Load: 7.0 | Load Gap: 1.0
Epoch [96/500] | Sampled: 252.38 | Baseline: 269.09 | Improvement: 16.72 | Win Rate: 100.00% | Actor Loss: -0.6144 | Entropy: 0.1430 | Invalid S/B: 0.00/0.00 | Max Load: 7.0 | Load Gap: 1.0
Epoch [97/500] | Sampled: 249.09 | Baseline: 262.62 | Improvement: 13.53 | Win Rate: 100.00% | Actor Loss: 0.4709 | Entropy: 0.1711 | Invalid S/B: 0.00/0.00 | Max Load: 7.1 | Load Gap: 1.1
Epoch [98/500] | Sampled: 250.81 | Baseline: 266.78 | Improvement: 15.97 | Win Rate: 90.62% | Actor Loss: -0.3182 | Entropy: 0.1540 | Invalid S/B: 0.00/0.00 | Max Load: 7.1 | Load Gap: 1.1
Epoch [99/500] | Sampled: 250.53 | Baseline: 266.72 | Improvement: 16.19 | Win Rate: 93.75% | Actor Loss: -0.1878 | Entropy: 0.1697 | Invalid S/B: 0.00/0.00 | Max Load: 7.0 | Load Gap: 1.0
Epoch [100/500] | Sampled: 249.44 | Baseline: 267.97 | Improvement: 18.53 | Win Rate: 90.62% | Actor Loss: -0.6670 | Entropy: 0.1639 | Invalid S/B: 0.00/0.00 | Max Load: 7.1 | Load Gap: 1.1
   -> Validation | Samples: 50 | Makespan: 247.42 | Invalid Jobs: 0.00
   -> Saved updated training chart to /home/wei/AMR-DFJSP/Static_alogorithm/Attention/attention_training_metrics.png
Epoch [101/500] | Sampled: 249.72 | Baseline: 266.72 | Improvement: 17.00 | Win Rate: 100.00% | Actor Loss: -0.4904 | Entropy: 0.1487 | Invalid S/B: 0.00/0.00 | Max Load: 7.1 | Load Gap: 1.1
Epoch [102/500] | Sampled: 251.56 | Baseline: 267.94 | Improvement: 16.38 | Win Rate: 100.00% | Actor Loss: -0.4733 | Entropy: 0.1737 | Invalid S/B: 0.00/0.00 | Max Load: 7.1 | Load Gap: 1.1
Epoch [103/500] | Sampled: 248.28 | Baseline: 269.28 | Improvement: 21.00 | Win Rate: 100.00% | Actor Loss: -0.5291 | Entropy: 0.1545 | Invalid S/B: 0.00/0.00 | Max Load: 7.1 | Load Gap: 1.1
Epoch [104/500] | Sampled: 250.12 | Baseline: 268.78 | Improvement: 18.66 | Win Rate: 96.88% | Actor Loss: -0.1290 | Entropy: 0.1341 | Invalid S/B: 0.00/0.00 | Max Load: 7.1 | Load Gap: 1.1
Epoch [105/500] | Sampled: 247.84 | Baseline: 266.25 | Improvement: 18.41 | Win Rate: 96.88% | Actor Loss: 0.0902 | Entropy: 0.1563 | Invalid S/B: 0.00/0.00 | Max Load: 7.0 | Load Gap: 1.0
Epoch [106/500] | Sampled: 249.88 | Baseline: 265.19 | Improvement: 15.31 | Win Rate: 93.75% | Actor Loss: -0.2447 | Entropy: 0.1446 | Invalid S/B: 0.00/0.00 | Max Load: 7.0 | Load Gap: 1.0
Epoch [107/500] | Sampled: 252.44 | Baseline: 265.78 | Improvement: 13.34 | Win Rate: 96.88% | Actor Loss: -0.4938 | Entropy: 0.1484 | Invalid S/B: 0.00/0.00 | Max Load: 7.1 | Load Gap: 1.1
Epoch [108/500] | Sampled: 248.22 | Baseline: 265.69 | Improvement: 17.47 | Win Rate: 100.00% | Actor Loss: -0.4292 | Entropy: 0.1581 | Invalid S/B: 0.00/0.00 | Max Load: 7.2 | Load Gap: 1.2
Epoch [109/500] | Sampled: 250.84 | Baseline: 268.28 | Improvement: 17.44 | Win Rate: 100.00% | Actor Loss: -0.3867 | Entropy: 0.1763 | Invalid S/B: 0.00/0.00 | Max Load: 7.0 | Load Gap: 1.0
Epoch [110/500] | Sampled: 250.16 | Baseline: 268.78 | Improvement: 18.62 | Win Rate: 96.88% | Actor Loss: -0.4352 | Entropy: 0.1815 | Invalid S/B: 0.00/0.00 | Max Load: 7.1 | Load Gap: 1.1
Epoch [111/500] | Sampled: 251.59 | Baseline: 265.28 | Improvement: 13.69 | Win Rate: 90.62% | Actor Loss: -0.3697 | Entropy: 0.1637 | Invalid S/B: 0.00/0.00 | Max Load: 7.2 | Load Gap: 1.2
Epoch [112/500] | Sampled: 250.06 | Baseline: 268.19 | Improvement: 18.12 | Win Rate: 96.88% | Actor Loss: -0.1306 | Entropy: 0.1610 | Invalid S/B: 0.00/0.00 | Max Load: 7.2 | Load Gap: 1.2
Epoch [113/500] | Sampled: 248.84 | Baseline: 267.72 | Improvement: 18.88 | Win Rate: 100.00% | Actor Loss: 0.6375 | Entropy: 0.1925 | Invalid S/B: 0.00/0.00 | Max Load: 7.2 | Load Gap: 1.2
Epoch [114/500] | Sampled: 245.44 | Baseline: 265.09 | Improvement: 19.66 | Win Rate: 100.00% | Actor Loss: -0.0896 | Entropy: 0.1661 | Invalid S/B: 0.00/0.00 | Max Load: 7.1 | Load Gap: 1.1
Epoch [115/500] | Sampled: 247.81 | Baseline: 266.47 | Improvement: 18.66 | Win Rate: 100.00% | Actor Loss: -0.2512 | Entropy: 0.1689 | Invalid S/B: 0.00/0.00 | Max Load: 7.2 | Load Gap: 1.2
Epoch [116/500] | Sampled: 249.12 | Baseline: 266.66 | Improvement: 17.53 | Win Rate: 90.62% | Actor Loss: 0.3362 | Entropy: 0.1535 | Invalid S/B: 0.00/0.00 | Max Load: 7.1 | Load Gap: 1.1
Epoch [117/500] | Sampled: 250.06 | Baseline: 268.69 | Improvement: 18.62 | Win Rate: 96.88% | Actor Loss: 0.1697 | Entropy: 0.1607 | Invalid S/B: 0.00/0.00 | Max Load: 7.0 | Load Gap: 1.0
Epoch [118/500] | Sampled: 251.78 | Baseline: 267.81 | Improvement: 16.03 | Win Rate: 87.50% | Actor Loss: -0.0608 | Entropy: 0.1664 | Invalid S/B: 0.00/0.00 | Max Load: 7.0 | Load Gap: 1.0
Epoch [119/500] | Sampled: 248.38 | Baseline: 268.38 | Improvement: 20.00 | Win Rate: 100.00% | Actor Loss: -0.3238 | Entropy: 0.1637 | Invalid S/B: 0.00/0.00 | Max Load: 7.1 | Load Gap: 1.1
Epoch [120/500] | Sampled: 248.66 | Baseline: 267.03 | Improvement: 18.38 | Win Rate: 100.00% | Actor Loss: -0.1861 | Entropy: 0.1679 | Invalid S/B: 0.00/0.00 | Max Load: 7.1 | Load Gap: 1.1
Epoch [121/500] | Sampled: 250.22 | Baseline: 264.31 | Improvement: 14.09 | Win Rate: 90.62% | Actor Loss: 0.2247 | Entropy: 0.1770 | Invalid S/B: 0.00/0.00 | Max Load: 7.0 | Load Gap: 1.0
Epoch [122/500] | Sampled: 250.31 | Baseline: 265.28 | Improvement: 14.97 | Win Rate: 90.62% | Actor Loss: -0.2431 | Entropy: 0.1714 | Invalid S/B: 0.00/0.00 | Max Load: 7.0 | Load Gap: 1.0
Epoch [123/500] | Sampled: 253.59 | Baseline: 269.88 | Improvement: 16.28 | Win Rate: 93.75% | Actor Loss: 0.1383 | Entropy: 0.1840 | Invalid S/B: 0.00/0.00 | Max Load: 7.0 | Load Gap: 1.0
Epoch [124/500] | Sampled: 251.22 | Baseline: 266.47 | Improvement: 15.25 | Win Rate: 84.38% | Actor Loss: -0.4710 | Entropy: 0.1844 | Invalid S/B: 0.00/0.00 | Max Load: 7.1 | Load Gap: 1.1
Epoch [125/500] | Sampled: 252.88 | Baseline: 266.94 | Improvement: 14.06 | Win Rate: 90.62% | Actor Loss: -0.5383 | Entropy: 0.1549 | Invalid S/B: 0.00/0.00 | Max Load: 7.1 | Load Gap: 1.1
Epoch [126/500] | Sampled: 251.75 | Baseline: 263.97 | Improvement: 12.22 | Win Rate: 90.62% | Actor Loss: 0.1569 | Entropy: 0.1875 | Invalid S/B: 0.00/0.00 | Max Load: 7.0 | Load Gap: 1.0
Epoch [127/500] | Sampled: 255.88 | Baseline: 269.78 | Improvement: 13.91 | Win Rate: 93.75% | Actor Loss: -0.0411 | Entropy: 0.1722 | Invalid S/B: 0.00/0.00 | Max Load: 7.1 | Load Gap: 1.1
Epoch [128/500] | Sampled: 247.62 | Baseline: 264.25 | Improvement: 16.62 | Win Rate: 93.75% | Actor Loss: -0.0250 | Entropy: 0.1545 | Invalid S/B: 0.00/0.00 | Max Load: 7.0 | Load Gap: 1.0
Epoch [129/500] | Sampled: 253.97 | Baseline: 267.16 | Improvement: 13.19 | Win Rate: 90.62% | Actor Loss: -0.1478 | Entropy: 0.1559 | Invalid S/B: 0.00/0.00 | Max Load: 7.1 | Load Gap: 1.1
Epoch [130/500] | Sampled: 253.56 | Baseline: 263.94 | Improvement: 10.38 | Win Rate: 78.12% | Actor Loss: 0.2805 | Entropy: 0.1816 | Invalid S/B: 0.00/0.00 | Max Load: 7.0 | Load Gap: 1.0
Epoch [131/500] | Sampled: 250.81 | Baseline: 264.88 | Improvement: 14.06 | Win Rate: 93.75% | Actor Loss: 0.0727 | Entropy: 0.1922 | Invalid S/B: 0.00/0.00 | Max Load: 7.0 | Load Gap: 1.0
Epoch [132/500] | Sampled: 248.84 | Baseline: 267.78 | Improvement: 18.94 | Win Rate: 93.75% | Actor Loss: 0.3046 | Entropy: 0.1683 | Invalid S/B: 0.00/0.00 | Max Load: 7.1 | Load Gap: 1.1
Epoch [133/500] | Sampled: 250.81 | Baseline: 264.38 | Improvement: 13.56 | Win Rate: 81.25% | Actor Loss: 0.0590 | Entropy: 0.1705 | Invalid S/B: 0.00/0.00 | Max Load: 7.1 | Load Gap: 1.1
Epoch [134/500] | Sampled: 251.25 | Baseline: 263.53 | Improvement: 12.28 | Win Rate: 84.38% | Actor Loss: 0.0321 | Entropy: 0.1594 | Invalid S/B: 0.00/0.00 | Max Load: 7.1 | Load Gap: 1.1
Epoch [135/500] | Sampled: 255.34 | Baseline: 266.25 | Improvement: 10.91 | Win Rate: 78.12% | Actor Loss: -0.0820 | Entropy: 0.1642 | Invalid S/B: 0.00/0.00 | Max Load: 7.1 | Load Gap: 1.1
Epoch [136/500] | Sampled: 253.88 | Baseline: 266.16 | Improvement: 12.28 | Win Rate: 84.38% | Actor Loss: 0.3287 | Entropy: 0.1644 | Invalid S/B: 0.00/0.00 | Max Load: 7.1 | Load Gap: 1.1
Epoch [137/500] | Sampled: 250.03 | Baseline: 266.19 | Improvement: 16.16 | Win Rate: 90.62% | Actor Loss: -0.0525 | Entropy: 0.1621 | Invalid S/B: 0.00/0.00 | Max Load: 7.0 | Load Gap: 1.0
Epoch [138/500] | Sampled: 252.69 | Baseline: 264.06 | Improvement: 11.38 | Win Rate: 87.50% | Actor Loss: -0.1752 | Entropy: 0.1507 | Invalid S/B: 0.00/0.00 | Max Load: 7.1 | Load Gap: 1.1
Epoch [139/500] | Sampled: 252.88 | Baseline: 265.78 | Improvement: 12.91 | Win Rate: 93.75% | Actor Loss: -0.0661 | Entropy: 0.1355 | Invalid S/B: 0.00/0.00 | Max Load: 7.1 | Load Gap: 1.1
Epoch [140/500] | Sampled: 253.66 | Baseline: 265.41 | Improvement: 11.75 | Win Rate: 81.25% | Actor Loss: 0.3766 | Entropy: 0.1321 | Invalid S/B: 0.00/0.00 | Max Load: 7.2 | Load Gap: 1.2
Epoch [141/500] | Sampled: 251.97 | Baseline: 266.91 | Improvement: 14.94 | Win Rate: 84.38% | Actor Loss: 0.4396 | Entropy: 0.1321 | Invalid S/B: 0.00/0.00 | Max Load: 7.2 | Load Gap: 1.2
Epoch [142/500] | Sampled: 253.59 | Baseline: 264.19 | Improvement: 10.59 | Win Rate: 81.25% | Actor Loss: 0.3160 | Entropy: 0.1235 | Invalid S/B: 0.00/0.00 | Max Load: 7.1 | Load Gap: 1.1
Epoch [143/500] | Sampled: 252.19 | Baseline: 263.62 | Improvement: 11.44 | Win Rate: 78.12% | Actor Loss: 0.2455 | Entropy: 0.1290 | Invalid S/B: 0.00/0.00 | Max Load: 7.2 | Load Gap: 1.2
Epoch [144/500] | Sampled: 251.44 | Baseline: 265.06 | Improvement: 13.62 | Win Rate: 87.50% | Actor Loss: -0.2355 | Entropy: 0.1504 | Invalid S/B: 0.00/0.00 | Max Load: 7.1 | Load Gap: 1.1
Epoch [145/500] | Sampled: 253.66 | Baseline: 263.81 | Improvement: 10.16 | Win Rate: 81.25% | Actor Loss: -0.4114 | Entropy: 0.1486 | Invalid S/B: 0.00/0.00 | Max Load: 7.2 | Load Gap: 1.2
Epoch [146/500] | Sampled: 253.25 | Baseline: 265.66 | Improvement: 12.41 | Win Rate: 87.50% | Actor Loss: 0.0684 | Entropy: 0.1257 | Invalid S/B: 0.00/0.00 | Max Load: 7.1 | Load Gap: 1.1
Epoch [147/500] | Sampled: 254.94 | Baseline: 268.19 | Improvement: 13.25 | Win Rate: 84.38% | Actor Loss: 0.5149 | Entropy: 0.1544 | Invalid S/B: 0.00/0.00 | Max Load: 7.2 | Load Gap: 1.2
Epoch [148/500] | Sampled: 253.66 | Baseline: 269.19 | Improvement: 15.53 | Win Rate: 81.25% | Actor Loss: 0.2830 | Entropy: 0.1301 | Invalid S/B: 0.00/0.00 | Max Load: 7.0 | Load Gap: 1.0
Epoch [149/500] | Sampled: 250.44 | Baseline: 265.09 | Improvement: 14.66 | Win Rate: 93.75% | Actor Loss: 0.5303 | Entropy: 0.1283 | Invalid S/B: 0.00/0.00 | Max Load: 7.2 | Load Gap: 1.2
Epoch [150/500] | Sampled: 252.00 | Baseline: 265.31 | Improvement: 13.31 | Win Rate: 81.25% | Actor Loss: -0.1063 | Entropy: 0.1314 | Invalid S/B: 0.00/0.00 | Max Load: 7.1 | Load Gap: 1.1
   -> Validation | Samples: 50 | Makespan: 251.50 | Invalid Jobs: 0.00
Epoch [151/500] | Sampled: 254.09 | Baseline: 268.22 | Improvement: 14.12 | Win Rate: 87.50% | Actor Loss: 0.3037 | Entropy: 0.1304 | Invalid S/B: 0.00/0.00 | Max Load: 7.1 | Load Gap: 1.1
Epoch [152/500] | Sampled: 254.16 | Baseline: 267.00 | Improvement: 12.84 | Win Rate: 90.62% | Actor Loss: 0.4843 | Entropy: 0.1369 | Invalid S/B: 0.00/0.00 | Max Load: 7.2 | Load Gap: 1.2
Epoch [153/500] | Sampled: 254.94 | Baseline: 267.34 | Improvement: 12.41 | Win Rate: 87.50% | Actor Loss: -0.2940 | Entropy: 0.1434 | Invalid S/B: 0.00/0.00 | Max Load: 7.2 | Load Gap: 1.2
Epoch [154/500] | Sampled: 254.50 | Baseline: 265.16 | Improvement: 10.66 | Win Rate: 75.00% | Actor Loss: 0.1634 | Entropy: 0.1370 | Invalid S/B: 0.00/0.00 | Max Load: 7.1 | Load Gap: 1.1
Epoch [155/500] | Sampled: 249.56 | Baseline: 268.94 | Improvement: 19.38 | Win Rate: 96.88% | Actor Loss: 0.3238 | Entropy: 0.1249 | Invalid S/B: 0.00/0.00 | Max Load: 7.1 | Load Gap: 1.1
Epoch [156/500] | Sampled: 255.66 | Baseline: 268.84 | Improvement: 13.19 | Win Rate: 84.38% | Actor Loss: 0.1807 | Entropy: 0.1357 | Invalid S/B: 0.00/0.00 | Max Load: 7.1 | Load Gap: 1.1
Epoch [157/500] | Sampled: 253.66 | Baseline: 264.59 | Improvement: 10.94 | Win Rate: 78.12% | Actor Loss: 0.1832 | Entropy: 0.1237 | Invalid S/B: 0.00/0.00 | Max Load: 7.1 | Load Gap: 1.1
Epoch [158/500] | Sampled: 252.16 | Baseline: 269.50 | Improvement: 17.34 | Win Rate: 100.00% | Actor Loss: 0.2180 | Entropy: 0.1260 | Invalid S/B: 0.00/0.00 | Max Load: 7.0 | Load Gap: 1.0
Epoch [159/500] | Sampled: 254.19 | Baseline: 268.06 | Improvement: 13.88 | Win Rate: 90.62% | Actor Loss: 0.1200 | Entropy: 0.1339 | Invalid S/B: 0.00/0.00 | Max Load: 7.1 | Load Gap: 1.1
Epoch [160/500] | Sampled: 250.50 | Baseline: 267.00 | Improvement: 16.50 | Win Rate: 81.25% | Actor Loss: -0.2139 | Entropy: 0.1364 | Invalid S/B: 0.00/0.00 | Max Load: 7.1 | Load Gap: 1.1
Epoch [161/500] | Sampled: 252.59 | Baseline: 266.19 | Improvement: 13.59 | Win Rate: 81.25% | Actor Loss: 0.1334 | Entropy: 0.1482 | Invalid S/B: 0.00/0.00 | Max Load: 7.2 | Load Gap: 1.2
Epoch [162/500] | Sampled: 251.41 | Baseline: 262.25 | Improvement: 10.84 | Win Rate: 78.12% | Actor Loss: 0.2972 | Entropy: 0.1246 | Invalid S/B: 0.00/0.00 | Max Load: 7.1 | Load Gap: 1.1
Epoch [163/500] | Sampled: 252.25 | Baseline: 266.06 | Improvement: 13.81 | Win Rate: 78.12% | Actor Loss: 0.3525 | Entropy: 0.1247 | Invalid S/B: 0.00/0.00 | Max Load: 7.2 | Load Gap: 1.2
Epoch [164/500] | Sampled: 251.31 | Baseline: 266.03 | Improvement: 14.72 | Win Rate: 90.62% | Actor Loss: 0.1413 | Entropy: 0.1411 | Invalid S/B: 0.00/0.00 | Max Load: 7.1 | Load Gap: 1.1
Epoch [165/500] | Sampled: 251.78 | Baseline: 266.12 | Improvement: 14.34 | Win Rate: 87.50% | Actor Loss: 0.2686 | Entropy: 0.1268 | Invalid S/B: 0.00/0.00 | Max Load: 7.2 | Load Gap: 1.2
Epoch [166/500] | Sampled: 248.50 | Baseline: 266.34 | Improvement: 17.84 | Win Rate: 96.88% | Actor Loss: -0.0577 | Entropy: 0.1294 | Invalid S/B: 0.00/0.00 | Max Load: 7.1 | Load Gap: 1.1
Epoch [167/500] | Sampled: 251.72 | Baseline: 265.66 | Improvement: 13.94 | Win Rate: 90.62% | Actor Loss: 0.3124 | Entropy: 0.1466 | Invalid S/B: 0.00/0.00 | Max Load: 7.2 | Load Gap: 1.2
Epoch [168/500] | Sampled: 253.34 | Baseline: 270.00 | Improvement: 16.66 | Win Rate: 96.88% | Actor Loss: 0.1878 | Entropy: 0.1375 | Invalid S/B: 0.00/0.00 | Max Load: 7.1 | Load Gap: 1.1
Epoch [169/500] | Sampled: 252.50 | Baseline: 265.69 | Improvement: 13.19 | Win Rate: 84.38% | Actor Loss: -0.3060 | Entropy: 0.1310 | Invalid S/B: 0.00/0.00 | Max Load: 7.1 | Load Gap: 1.1
Epoch [170/500] | Sampled: 248.81 | Baseline: 264.44 | Improvement: 15.62 | Win Rate: 87.50% | Actor Loss: -0.0753 | Entropy: 0.1365 | Invalid S/B: 0.00/0.00 | Max Load: 7.0 | Load Gap: 1.0
Epoch [171/500] | Sampled: 254.34 | Baseline: 266.03 | Improvement: 11.69 | Win Rate: 90.62% | Actor Loss: 0.0762 | Entropy: 0.1239 | Invalid S/B: 0.00/0.00 | Max Load: 7.2 | Load Gap: 1.2
Epoch [172/500] | Sampled: 253.25 | Baseline: 263.56 | Improvement: 10.31 | Win Rate: 81.25% | Actor Loss: 0.2515 | Entropy: 0.1309 | Invalid S/B: 0.00/0.00 | Max Load: 7.1 | Load Gap: 1.1
Epoch [173/500] | Sampled: 253.50 | Baseline: 262.97 | Improvement: 9.47 | Win Rate: 81.25% | Actor Loss: 0.0834 | Entropy: 0.1262 | Invalid S/B: 0.00/0.00 | Max Load: 7.1 | Load Gap: 1.1
Epoch [174/500] | Sampled: 253.28 | Baseline: 266.03 | Improvement: 12.75 | Win Rate: 100.00% | Actor Loss: 0.3186 | Entropy: 0.1274 | Invalid S/B: 0.00/0.00 | Max Load: 7.1 | Load Gap: 1.1
Epoch [175/500] | Sampled: 252.47 | Baseline: 268.41 | Improvement: 15.94 | Win Rate: 96.88% | Actor Loss: -0.3391 | Entropy: 0.1494 | Invalid S/B: 0.00/0.00 | Max Load: 7.2 | Load Gap: 1.2
Epoch [176/500] | Sampled: 253.34 | Baseline: 266.06 | Improvement: 12.72 | Win Rate: 93.75% | Actor Loss: -0.1782 | Entropy: 0.1389 | Invalid S/B: 0.00/0.00 | Max Load: 7.2 | Load Gap: 1.2
Epoch [177/500] | Sampled: 253.56 | Baseline: 265.59 | Improvement: 12.03 | Win Rate: 84.38% | Actor Loss: -0.3348 | Entropy: 0.1345 | Invalid S/B: 0.00/0.00 | Max Load: 7.1 | Load Gap: 1.1
Epoch [178/500] | Sampled: 254.31 | Baseline: 267.75 | Improvement: 13.44 | Win Rate: 93.75% | Actor Loss: 0.5663 | Entropy: 0.1311 | Invalid S/B: 0.00/0.00 | Max Load: 7.2 | Load Gap: 1.2
Epoch [179/500] | Sampled: 249.72 | Baseline: 263.88 | Improvement: 14.16 | Win Rate: 90.62% | Actor Loss: 0.5147 | Entropy: 0.1255 | Invalid S/B: 0.00/0.00 | Max Load: 7.1 | Load Gap: 1.1
Epoch [180/500] | Sampled: 252.78 | Baseline: 267.06 | Improvement: 14.28 | Win Rate: 96.88% | Actor Loss: 0.2186 | Entropy: 0.1289 | Invalid S/B: 0.00/0.00 | Max Load: 7.2 | Load Gap: 1.2
Epoch [181/500] | Sampled: 253.28 | Baseline: 264.66 | Improvement: 11.38 | Win Rate: 87.50% | Actor Loss: 0.3716 | Entropy: 0.1577 | Invalid S/B: 0.00/0.00 | Max Load: 7.2 | Load Gap: 1.2
Epoch [182/500] | Sampled: 255.72 | Baseline: 267.41 | Improvement: 11.69 | Win Rate: 87.50% | Actor Loss: 0.2880 | Entropy: 0.1271 | Invalid S/B: 0.00/0.00 | Max Load: 7.0 | Load Gap: 1.0
Epoch [183/500] | Sampled: 253.59 | Baseline: 265.19 | Improvement: 11.59 | Win Rate: 84.38% | Actor Loss: -0.3416 | Entropy: 0.1483 | Invalid S/B: 0.00/0.00 | Max Load: 7.1 | Load Gap: 1.2
Epoch [184/500] | Sampled: 249.50 | Baseline: 263.56 | Improvement: 14.06 | Win Rate: 96.88% | Actor Loss: 0.3824 | Entropy: 0.1247 | Invalid S/B: 0.00/0.00 | Max Load: 7.1 | Load Gap: 1.1
Epoch [185/500] | Sampled: 253.22 | Baseline: 265.44 | Improvement: 12.22 | Win Rate: 87.50% | Actor Loss: 0.1648 | Entropy: 0.1293 | Invalid S/B: 0.00/0.00 | Max Load: 7.1 | Load Gap: 1.1
Epoch [186/500] | Sampled: 251.19 | Baseline: 265.56 | Improvement: 14.38 | Win Rate: 96.88% | Actor Loss: -0.0204 | Entropy: 0.1394 | Invalid S/B: 0.00/0.00 | Max Load: 7.2 | Load Gap: 1.2
Epoch [187/500] | Sampled: 255.16 | Baseline: 269.22 | Improvement: 14.06 | Win Rate: 87.50% | Actor Loss: 0.2813 | Entropy: 0.1411 | Invalid S/B: 0.00/0.00 | Max Load: 7.1 | Load Gap: 1.1
Epoch [188/500] | Sampled: 250.69 | Baseline: 266.53 | Improvement: 15.84 | Win Rate: 93.75% | Actor Loss: -0.1053 | Entropy: 0.1343 | Invalid S/B: 0.00/0.00 | Max Load: 7.0 | Load Gap: 1.0
Epoch [189/500] | Sampled: 253.41 | Baseline: 267.66 | Improvement: 14.25 | Win Rate: 96.88% | Actor Loss: -0.3484 | Entropy: 0.1492 | Invalid S/B: 0.00/0.00 | Max Load: 7.2 | Load Gap: 1.2
Epoch [190/500] | Sampled: 251.31 | Baseline: 266.09 | Improvement: 14.78 | Win Rate: 96.88% | Actor Loss: 0.3152 | Entropy: 0.1143 | Invalid S/B: 0.00/0.00 | Max Load: 7.1 | Load Gap: 1.1
Epoch [191/500] | Sampled: 250.03 | Baseline: 266.03 | Improvement: 16.00 | Win Rate: 93.75% | Actor Loss: 0.1758 | Entropy: 0.1394 | Invalid S/B: 0.00/0.00 | Max Load: 7.0 | Load Gap: 1.0
Epoch [192/500] | Sampled: 254.25 | Baseline: 269.16 | Improvement: 14.91 | Win Rate: 90.62% | Actor Loss: 0.0790 | Entropy: 0.1390 | Invalid S/B: 0.00/0.00 | Max Load: 7.0 | Load Gap: 1.0
Epoch [193/500] | Sampled: 255.28 | Baseline: 264.69 | Improvement: 9.41 | Win Rate: 87.50% | Actor Loss: 0.5077 | Entropy: 0.1455 | Invalid S/B: 0.00/0.00 | Max Load: 7.2 | Load Gap: 1.2
Epoch [194/500] | Sampled: 253.69 | Baseline: 266.50 | Improvement: 12.81 | Win Rate: 84.38% | Actor Loss: 0.6373 | Entropy: 0.1504 | Invalid S/B: 0.00/0.00 | Max Load: 7.1 | Load Gap: 1.1
Epoch [195/500] | Sampled: 250.50 | Baseline: 265.81 | Improvement: 15.31 | Win Rate: 96.88% | Actor Loss: 0.1075 | Entropy: 0.1304 | Invalid S/B: 0.00/0.00 | Max Load: 7.0 | Load Gap: 1.0
Epoch [196/500] | Sampled: 250.94 | Baseline: 262.84 | Improvement: 11.91 | Win Rate: 87.50% | Actor Loss: 0.1732 | Entropy: 0.1223 | Invalid S/B: 0.00/0.00 | Max Load: 7.0 | Load Gap: 1.0
Epoch [197/500] | Sampled: 250.44 | Baseline: 263.25 | Improvement: 12.81 | Win Rate: 90.62% | Actor Loss: -0.0367 | Entropy: 0.1364 | Invalid S/B: 0.00/0.00 | Max Load: 7.1 | Load Gap: 1.1
Epoch [198/500] | Sampled: 257.91 | Baseline: 267.12 | Improvement: 9.22 | Win Rate: 78.12% | Actor Loss: 0.2733 | Entropy: 0.1385 | Invalid S/B: 0.00/0.00 | Max Load: 7.1 | Load Gap: 1.1
Epoch [199/500] | Sampled: 253.88 | Baseline: 265.12 | Improvement: 11.25 | Win Rate: 78.12% | Actor Loss: -0.0999 | Entropy: 0.1432 | Invalid S/B: 0.00/0.00 | Max Load: 7.1 | Load Gap: 1.1
Epoch [200/500] | Sampled: 250.97 | Baseline: 263.44 | Improvement: 12.47 | Win Rate: 81.25% | Actor Loss: 0.4578 | Entropy: 0.1271 | Invalid S/B: 0.00/0.00 | Max Load: 7.1 | Load Gap: 1.1
   -> Validation | Samples: 50 | Makespan: 252.84 | Invalid Jobs: 0.00
   -> Saved updated training chart to /home/wei/AMR-DFJSP/Static_alogorithm/Attention/attention_training_metrics.png
Epoch [201/500] | Sampled: 251.91 | Baseline: 265.12 | Improvement: 13.22 | Win Rate: 93.75% | Actor Loss: 0.5000 | Entropy: 0.1514 | Invalid S/B: 0.00/0.00 | Max Load: 7.1 | Load Gap: 1.1
Epoch [202/500] | Sampled: 252.22 | Baseline: 266.25 | Improvement: 14.03 | Win Rate: 84.38% | Actor Loss: 0.1184 | Entropy: 0.1275 | Invalid S/B: 0.00/0.00 | Max Load: 7.0 | Load Gap: 1.0
Epoch [203/500] | Sampled: 253.53 | Baseline: 267.69 | Improvement: 14.16 | Win Rate: 81.25% | Actor Loss: 0.3632 | Entropy: 0.1866 | Invalid S/B: 0.00/0.00 | Max Load: 7.1 | Load Gap: 1.1
Epoch [204/500] | Sampled: 256.56 | Baseline: 266.22 | Improvement: 9.66 | Win Rate: 75.00% | Actor Loss: -0.0026 | Entropy: 0.1378 | Invalid S/B: 0.00/0.00 | Max Load: 7.2 | Load Gap: 1.2
Epoch [205/500] | Sampled: 256.81 | Baseline: 269.72 | Improvement: 12.91 | Win Rate: 93.75% | Actor Loss: 0.3287 | Entropy: 0.1318 | Invalid S/B: 0.00/0.00 | Max Load: 7.1 | Load Gap: 1.1
Epoch [206/500] | Sampled: 251.53 | Baseline: 265.09 | Improvement: 13.56 | Win Rate: 81.25% | Actor Loss: 0.4898 | Entropy: 0.1417 | Invalid S/B: 0.00/0.00 | Max Load: 7.1 | Load Gap: 1.1
Epoch [207/500] | Sampled: 258.25 | Baseline: 267.53 | Improvement: 9.28 | Win Rate: 71.88% | Actor Loss: -0.1103 | Entropy: 0.1552 | Invalid S/B: 0.00/0.00 | Max Load: 7.1 | Load Gap: 1.1
Epoch [208/500] | Sampled: 255.81 | Baseline: 268.22 | Improvement: 12.41 | Win Rate: 90.62% | Actor Loss: 0.1981 | Entropy: 0.1499 | Invalid S/B: 0.00/0.00 | Max Load: 7.1 | Load Gap: 1.1
Epoch [209/500] | Sampled: 255.56 | Baseline: 267.75 | Improvement: 12.19 | Win Rate: 84.38% | Actor Loss: -0.3034 | Entropy: 0.1758 | Invalid S/B: 0.00/0.00 | Max Load: 7.2 | Load Gap: 1.2
Epoch [210/500] | Sampled: 258.62 | Baseline: 268.53 | Improvement: 9.91 | Win Rate: 75.00% | Actor Loss: -0.3718 | Entropy: 0.1936 | Invalid S/B: 0.00/0.00 | Max Load: 7.2 | Load Gap: 1.2
Epoch [211/500] | Sampled: 257.12 | Baseline: 269.25 | Improvement: 12.12 | Win Rate: 81.25% | Actor Loss: -0.3390 | Entropy: 0.1988 | Invalid S/B: 0.00/0.00 | Max Load: 7.1 | Load Gap: 1.1
Epoch [212/500] | Sampled: 253.97 | Baseline: 262.94 | Improvement: 8.97 | Win Rate: 75.00% | Actor Loss: 0.0167 | Entropy: 0.1708 | Invalid S/B: 0.00/0.00 | Max Load: 7.1 | Load Gap: 1.1
Epoch [213/500] | Sampled: 253.25 | Baseline: 268.38 | Improvement: 15.12 | Win Rate: 93.75% | Actor Loss: -0.1543 | Entropy: 0.1913 | Invalid S/B: 0.00/0.00 | Max Load: 7.0 | Load Gap: 1.0
Epoch [214/500] | Sampled: 255.53 | Baseline: 269.44 | Improvement: 13.91 | Win Rate: 87.50% | Actor Loss: -0.1609 | Entropy: 0.1801 | Invalid S/B: 0.00/0.00 | Max Load: 7.1 | Load Gap: 1.1
Epoch [215/500] | Sampled: 257.00 | Baseline: 265.31 | Improvement: 8.31 | Win Rate: 68.75% | Actor Loss: -1.1295 | Entropy: 0.1899 | Invalid S/B: 0.00/0.00 | Max Load: 7.1 | Load Gap: 1.1
Epoch [216/500] | Sampled: 257.84 | Baseline: 268.12 | Improvement: 10.28 | Win Rate: 75.00% | Actor Loss: -0.3189 | Entropy: 0.1896 | Invalid S/B: 0.00/0.00 | Max Load: 7.0 | Load Gap: 1.0
Epoch [217/500] | Sampled: 257.38 | Baseline: 264.50 | Improvement: 7.12 | Win Rate: 75.00% | Actor Loss: 0.0435 | Entropy: 0.2065 | Invalid S/B: 0.00/0.00 | Max Load: 7.1 | Load Gap: 1.1
Epoch [218/500] | Sampled: 260.03 | Baseline: 266.72 | Improvement: 6.69 | Win Rate: 75.00% | Actor Loss: -0.2567 | Entropy: 0.1833 | Invalid S/B: 0.00/0.00 | Max Load: 7.1 | Load Gap: 1.1
Epoch [219/500] | Sampled: 257.34 | Baseline: 266.53 | Improvement: 9.19 | Win Rate: 71.88% | Actor Loss: -0.3348 | Entropy: 0.1741 | Invalid S/B: 0.00/0.00 | Max Load: 7.1 | Load Gap: 1.1
Epoch [220/500] | Sampled: 256.00 | Baseline: 269.19 | Improvement: 13.19 | Win Rate: 90.62% | Actor Loss: 0.1039 | Entropy: 0.1602 | Invalid S/B: 0.00/0.00 | Max Load: 7.0 | Load Gap: 1.0
Epoch [221/500] | Sampled: 259.16 | Baseline: 267.28 | Improvement: 8.12 | Win Rate: 71.88% | Actor Loss: -0.4772 | Entropy: 0.1996 | Invalid S/B: 0.00/0.00 | Max Load: 7.2 | Load Gap: 1.2
Epoch [222/500] | Sampled: 257.75 | Baseline: 267.16 | Improvement: 9.41 | Win Rate: 65.62% | Actor Loss: -1.0571 | Entropy: 0.1782 | Invalid S/B: 0.00/0.00 | Max Load: 7.0 | Load Gap: 1.0
Epoch [223/500] | Sampled: 259.53 | Baseline: 269.31 | Improvement: 9.78 | Win Rate: 84.38% | Actor Loss: -0.4866 | Entropy: 0.1837 | Invalid S/B: 0.00/0.00 | Max Load: 7.2 | Load Gap: 1.2
Epoch [224/500] | Sampled: 257.47 | Baseline: 266.12 | Improvement: 8.66 | Win Rate: 62.50% | Actor Loss: -0.2125 | Entropy: 0.1778 | Invalid S/B: 0.00/0.00 | Max Load: 7.0 | Load Gap: 1.0
Epoch [225/500] | Sampled: 260.28 | Baseline: 265.25 | Improvement: 4.97 | Win Rate: 62.50% | Actor Loss: -0.7787 | Entropy: 0.1874 | Invalid S/B: 0.00/0.00 | Max Load: 7.2 | Load Gap: 1.2
Epoch [226/500] | Sampled: 259.75 | Baseline: 268.66 | Improvement: 8.91 | Win Rate: 68.75% | Actor Loss: -0.0816 | Entropy: 0.1781 | Invalid S/B: 0.00/0.00 | Max Load: 7.1 | Load Gap: 1.1
Epoch [227/500] | Sampled: 255.34 | Baseline: 264.72 | Improvement: 9.38 | Win Rate: 78.12% | Actor Loss: -0.1841 | Entropy: 0.2294 | Invalid S/B: 0.00/0.00 | Max Load: 7.1 | Load Gap: 1.1
Epoch [228/500] | Sampled: 255.91 | Baseline: 264.94 | Improvement: 9.03 | Win Rate: 75.00% | Actor Loss: -0.0292 | Entropy: 0.1852 | Invalid S/B: 0.00/0.00 | Max Load: 7.1 | Load Gap: 1.2
Epoch [229/500] | Sampled: 259.91 | Baseline: 265.31 | Improvement: 5.41 | Win Rate: 68.75% | Actor Loss: -0.0933 | Entropy: 0.1652 | Invalid S/B: 0.00/0.00 | Max Load: 7.1 | Load Gap: 1.1
Epoch [230/500] | Sampled: 258.66 | Baseline: 265.69 | Improvement: 7.03 | Win Rate: 75.00% | Actor Loss: -0.4966 | Entropy: 0.1841 | Invalid S/B: 0.00/0.00 | Max Load: 7.1 | Load Gap: 1.1
Epoch [231/500] | Sampled: 260.72 | Baseline: 268.34 | Improvement: 7.62 | Win Rate: 75.00% | Actor Loss: -0.2161 | Entropy: 0.1875 | Invalid S/B: 0.00/0.00 | Max Load: 7.0 | Load Gap: 1.1
Epoch [232/500] | Sampled: 260.91 | Baseline: 267.00 | Improvement: 6.09 | Win Rate: 68.75% | Actor Loss: -0.5437 | Entropy: 0.2077 | Invalid S/B: 0.00/0.00 | Max Load: 7.1 | Load Gap: 1.1
Epoch [233/500] | Sampled: 258.50 | Baseline: 266.91 | Improvement: 8.41 | Win Rate: 84.38% | Actor Loss: 0.2214 | Entropy: 0.1646 | Invalid S/B: 0.00/0.00 | Max Load: 7.0 | Load Gap: 1.0
Epoch [234/500] | Sampled: 257.78 | Baseline: 267.44 | Improvement: 9.66 | Win Rate: 81.25% | Actor Loss: 0.2022 | Entropy: 0.1903 | Invalid S/B: 0.00/0.00 | Max Load: 7.2 | Load Gap: 1.2
Epoch [235/500] | Sampled: 255.03 | Baseline: 265.53 | Improvement: 10.50 | Win Rate: 65.62% | Actor Loss: -0.2730 | Entropy: 0.1857 | Invalid S/B: 0.00/0.00 | Max Load: 7.1 | Load Gap: 1.1
Epoch [236/500] | Sampled: 261.78 | Baseline: 265.84 | Improvement: 4.06 | Win Rate: 43.75% | Actor Loss: 0.2004 | Entropy: 0.1917 | Invalid S/B: 0.00/0.00 | Max Load: 7.1 | Load Gap: 1.2
Epoch [237/500] | Sampled: 256.97 | Baseline: 265.38 | Improvement: 8.41 | Win Rate: 65.62% | Actor Loss: -0.5831 | Entropy: 0.1889 | Invalid S/B: 0.00/0.00 | Max Load: 7.1 | Load Gap: 1.1
Epoch [238/500] | Sampled: 259.69 | Baseline: 265.72 | Improvement: 6.03 | Win Rate: 75.00% | Actor Loss: -0.3465 | Entropy: 0.1922 | Invalid S/B: 0.00/0.00 | Max Load: 7.1 | Load Gap: 1.2
Epoch [239/500] | Sampled: 259.97 | Baseline: 267.72 | Improvement: 7.75 | Win Rate: 78.12% | Actor Loss: -0.2804 | Entropy: 0.1950 | Invalid S/B: 0.00/0.00 | Max Load: 7.1 | Load Gap: 1.2
Epoch [240/500] | Sampled: 257.38 | Baseline: 268.12 | Improvement: 10.75 | Win Rate: 78.12% | Actor Loss: -0.3710 | Entropy: 0.1855 | Invalid S/B: 0.00/0.00 | Max Load: 7.0 | Load Gap: 1.0
Epoch [241/500] | Sampled: 261.69 | Baseline: 269.69 | Improvement: 8.00 | Win Rate: 68.75% | Actor Loss: -0.0524 | Entropy: 0.1559 | Invalid S/B: 0.00/0.00 | Max Load: 7.1 | Load Gap: 1.1
Epoch [242/500] | Sampled: 258.91 | Baseline: 267.00 | Improvement: 8.09 | Win Rate: 78.12% | Actor Loss: -0.0806 | Entropy: 0.1517 | Invalid S/B: 0.00/0.00 | Max Load: 7.1 | Load Gap: 1.1
Epoch [243/500] | Sampled: 257.88 | Baseline: 267.78 | Improvement: 9.91 | Win Rate: 75.00% | Actor Loss: -0.3636 | Entropy: 0.1849 | Invalid S/B: 0.00/0.00 | Max Load: 7.0 | Load Gap: 1.0
Epoch [244/500] | Sampled: 260.97 | Baseline: 264.31 | Improvement: 3.34 | Win Rate: 62.50% | Actor Loss: -0.1090 | Entropy: 0.1659 | Invalid S/B: 0.00/0.00 | Max Load: 7.1 | Load Gap: 1.1
Epoch [245/500] | Sampled: 259.47 | Baseline: 267.06 | Improvement: 7.59 | Win Rate: 78.12% | Actor Loss: 0.0173 | Entropy: 0.1642 | Invalid S/B: 0.00/0.00 | Max Load: 7.1 | Load Gap: 1.1
Epoch [246/500] | Sampled: 260.56 | Baseline: 267.00 | Improvement: 6.44 | Win Rate: 75.00% | Actor Loss: -0.0123 | Entropy: 0.1764 | Invalid S/B: 0.00/0.00 | Max Load: 7.1 | Load Gap: 1.1
Epoch [247/500] | Sampled: 260.41 | Baseline: 264.75 | Improvement: 4.34 | Win Rate: 59.38% | Actor Loss: 0.1637 | Entropy: 0.1558 | Invalid S/B: 0.00/0.00 | Max Load: 7.0 | Load Gap: 1.0
Epoch [248/500] | Sampled: 256.66 | Baseline: 264.19 | Improvement: 7.53 | Win Rate: 75.00% | Actor Loss: -0.4310 | Entropy: 0.1545 | Invalid S/B: 0.00/0.00 | Max Load: 7.1 | Load Gap: 1.2
Epoch [249/500] | Sampled: 256.28 | Baseline: 266.75 | Improvement: 10.47 | Win Rate: 81.25% | Actor Loss: -0.3230 | Entropy: 0.1486 | Invalid S/B: 0.00/0.00 | Max Load: 7.1 | Load Gap: 1.1
Epoch [250/500] | Sampled: 259.34 | Baseline: 266.81 | Improvement: 7.47 | Win Rate: 75.00% | Actor Loss: 0.0791 | Entropy: 0.1893 | Invalid S/B: 0.00/0.00 | Max Load: 7.0 | Load Gap: 1.0
   -> Validation | Samples: 50 | Makespan: 260.06 | Invalid Jobs: 0.00
Epoch [251/500] | Sampled: 256.81 | Baseline: 263.78 | Improvement: 6.97 | Win Rate: 75.00% | Actor Loss: 0.0698 | Entropy: 0.1691 | Invalid S/B: 0.00/0.00 | Max Load: 7.0 | Load Gap: 1.0
Epoch [252/500] | Sampled: 258.38 | Baseline: 262.72 | Improvement: 4.34 | Win Rate: 68.75% | Actor Loss: -0.0048 | Entropy: 0.1798 | Invalid S/B: 0.00/0.00 | Max Load: 7.1 | Load Gap: 1.1
Epoch [253/500] | Sampled: 263.25 | Baseline: 267.62 | Improvement: 4.38 | Win Rate: 59.38% | Actor Loss: 0.2253 | Entropy: 0.1655 | Invalid S/B: 0.00/0.00 | Max Load: 7.2 | Load Gap: 1.2
Epoch [254/500] | Sampled: 263.25 | Baseline: 266.53 | Improvement: 3.28 | Win Rate: 59.38% | Actor Loss: -0.3746 | Entropy: 0.1792 | Invalid S/B: 0.00/0.00 | Max Load: 7.1 | Load Gap: 1.2
Epoch [255/500] | Sampled: 259.19 | Baseline: 265.44 | Improvement: 6.25 | Win Rate: 65.62% | Actor Loss: 0.1209 | Entropy: 0.1638 | Invalid S/B: 0.00/0.00 | Max Load: 7.1 | Load Gap: 1.1
Epoch [256/500] | Sampled: 259.69 | Baseline: 267.44 | Improvement: 7.75 | Win Rate: 68.75% | Actor Loss: -0.3409 | Entropy: 0.1851 | Invalid S/B: 0.00/0.00 | Max Load: 7.0 | Load Gap: 1.1
Epoch [257/500] | Sampled: 265.38 | Baseline: 264.84 | Improvement: -0.53 | Win Rate: 50.00% | Actor Loss: -0.2784 | Entropy: 0.1933 | Invalid S/B: 0.00/0.00 | Max Load: 7.2 | Load Gap: 1.2
Epoch [258/500] | Sampled: 263.06 | Baseline: 269.59 | Improvement: 6.53 | Win Rate: 68.75% | Actor Loss: 0.3149 | Entropy: 0.1688 | Invalid S/B: 0.00/0.00 | Max Load: 7.1 | Load Gap: 1.1
Epoch [259/500] | Sampled: 262.50 | Baseline: 267.50 | Improvement: 5.00 | Win Rate: 65.62% | Actor Loss: 0.0444 | Entropy: 0.1642 | Invalid S/B: 0.00/0.00 | Max Load: 7.2 | Load Gap: 1.3
Epoch [260/500] | Sampled: 260.00 | Baseline: 267.19 | Improvement: 7.19 | Win Rate: 68.75% | Actor Loss: -0.2013 | Entropy: 0.1528 | Invalid S/B: 0.00/0.00 | Max Load: 7.2 | Load Gap: 1.3
Epoch [261/500] | Sampled: 263.66 | Baseline: 266.38 | Improvement: 2.72 | Win Rate: 59.38% | Actor Loss: 0.3153 | Entropy: 0.1855 | Invalid S/B: 0.00/0.00 | Max Load: 7.2 | Load Gap: 1.2
Epoch [262/500] | Sampled: 265.56 | Baseline: 267.28 | Improvement: 1.72 | Win Rate: 56.25% | Actor Loss: -0.4065 | Entropy: 0.1788 | Invalid S/B: 0.00/0.00 | Max Load: 7.2 | Load Gap: 1.2
Epoch [263/500] | Sampled: 261.84 | Baseline: 265.94 | Improvement: 4.09 | Win Rate: 62.50% | Actor Loss: 0.1491 | Entropy: 0.1917 | Invalid S/B: 0.00/0.00 | Max Load: 7.2 | Load Gap: 1.2
Epoch [264/500] | Sampled: 261.84 | Baseline: 265.47 | Improvement: 3.62 | Win Rate: 59.38% | Actor Loss: 0.1527 | Entropy: 0.1988 | Invalid S/B: 0.00/0.00 | Max Load: 7.3 | Load Gap: 1.4
Epoch [265/500] | Sampled: 257.38 | Baseline: 264.81 | Improvement: 7.44 | Win Rate: 75.00% | Actor Loss: 0.1924 | Entropy: 0.1882 | Invalid S/B: 0.00/0.00 | Max Load: 7.1 | Load Gap: 1.1
Epoch [266/500] | Sampled: 267.25 | Baseline: 265.75 | Improvement: -1.50 | Win Rate: 50.00% | Actor Loss: -0.2128 | Entropy: 0.1976 | Invalid S/B: 0.00/0.00 | Max Load: 7.3 | Load Gap: 1.4
Epoch [267/500] | Sampled: 267.69 | Baseline: 266.12 | Improvement: -1.56 | Win Rate: 34.38% | Actor Loss: 0.4915 | Entropy: 0.2020 | Invalid S/B: 0.00/0.00 | Max Load: 7.2 | Load Gap: 1.3
Epoch [268/500] | Sampled: 264.09 | Baseline: 266.75 | Improvement: 2.66 | Win Rate: 65.62% | Actor Loss: 0.4160 | Entropy: 0.1995 | Invalid S/B: 0.00/0.00 | Max Load: 7.2 | Load Gap: 1.3
Epoch [269/500] | Sampled: 271.12 | Baseline: 268.34 | Improvement: -2.78 | Win Rate: 46.88% | Actor Loss: -0.1684 | Entropy: 0.2143 | Invalid S/B: 0.00/0.00 | Max Load: 7.2 | Load Gap: 1.3
Epoch [270/500] | Sampled: 267.84 | Baseline: 267.09 | Improvement: -0.75 | Win Rate: 50.00% | Actor Loss: 0.1240 | Entropy: 0.2401 | Invalid S/B: 0.00/0.00 | Max Load: 7.2 | Load Gap: 1.3
Epoch [271/500] | Sampled: 268.78 | Baseline: 266.78 | Improvement: -2.00 | Win Rate: 50.00% | Actor Loss: -0.4999 | Entropy: 0.2039 | Invalid S/B: 0.00/0.00 | Max Load: 7.2 | Load Gap: 1.4
Epoch [272/500] | Sampled: 272.97 | Baseline: 269.00 | Improvement: -3.97 | Win Rate: 46.88% | Actor Loss: 0.2199 | Entropy: 0.1890 | Invalid S/B: 0.00/0.00 | Max Load: 7.5 | Load Gap: 1.6
Epoch [273/500] | Sampled: 274.72 | Baseline: 268.78 | Improvement: -5.94 | Win Rate: 31.25% | Actor Loss: -0.1780 | Entropy: 0.1768 | Invalid S/B: 0.00/0.00 | Max Load: 7.4 | Load Gap: 1.6
Epoch [274/500] | Sampled: 273.06 | Baseline: 266.62 | Improvement: -6.44 | Win Rate: 25.00% | Actor Loss: 0.3838 | Entropy: 0.1714 | Invalid S/B: 0.00/0.00 | Max Load: 7.5 | Load Gap: 1.7
Epoch [275/500] | Sampled: 270.06 | Baseline: 264.19 | Improvement: -5.88 | Win Rate: 34.38% | Actor Loss: -0.0744 | Entropy: 0.1775 | Invalid S/B: 0.00/0.00 | Max Load: 7.4 | Load Gap: 1.6
Epoch [276/500] | Sampled: 273.31 | Baseline: 268.41 | Improvement: -4.91 | Win Rate: 21.88% | Actor Loss: -0.2240 | Entropy: 0.1886 | Invalid S/B: 0.00/0.00 | Max Load: 7.3 | Load Gap: 1.4
Epoch [277/500] | Sampled: 269.00 | Baseline: 265.78 | Improvement: -3.22 | Win Rate: 46.88% | Actor Loss: 0.3325 | Entropy: 0.1623 | Invalid S/B: 0.00/0.00 | Max Load: 7.4 | Load Gap: 1.6
Epoch [278/500] | Sampled: 271.28 | Baseline: 266.16 | Improvement: -5.12 | Win Rate: 31.25% | Actor Loss: -0.1314 | Entropy: 0.1796 | Invalid S/B: 0.00/0.00 | Max Load: 7.5 | Load Gap: 1.6
Epoch [279/500] | Sampled: 273.50 | Baseline: 266.66 | Improvement: -6.84 | Win Rate: 25.00% | Actor Loss: 0.4333 | Entropy: 0.1829 | Invalid S/B: 0.00/0.00 | Max Load: 7.5 | Load Gap: 1.8
Epoch [280/500] | Sampled: 278.34 | Baseline: 266.03 | Improvement: -12.31 | Win Rate: 9.38% | Actor Loss: -0.1875 | Entropy: 0.1913 | Invalid S/B: 0.00/0.00 | Max Load: 7.7 | Load Gap: 2.2
Epoch [281/500] | Sampled: 275.50 | Baseline: 265.75 | Improvement: -9.75 | Win Rate: 18.75% | Actor Loss: 0.0342 | Entropy: 0.1633 | Invalid S/B: 0.00/0.00 | Max Load: 7.6 | Load Gap: 1.9
Epoch [282/500] | Sampled: 272.06 | Baseline: 264.09 | Improvement: -7.97 | Win Rate: 28.12% | Actor Loss: 0.0894 | Entropy: 0.1615 | Invalid S/B: 0.00/0.00 | Max Load: 7.6 | Load Gap: 1.9
Epoch [283/500] | Sampled: 270.62 | Baseline: 266.09 | Improvement: -4.53 | Win Rate: 37.50% | Actor Loss: 0.0452 | Entropy: 0.1895 | Invalid S/B: 0.00/0.00 | Max Load: 7.4 | Load Gap: 1.6
Epoch [284/500] | Sampled: 276.66 | Baseline: 267.84 | Improvement: -8.81 | Win Rate: 25.00% | Actor Loss: 0.2557 | Entropy: 0.1622 | Invalid S/B: 0.00/0.00 | Max Load: 7.6 | Load Gap: 1.8
Epoch [285/500] | Sampled: 274.62 | Baseline: 265.00 | Improvement: -9.62 | Win Rate: 28.12% | Actor Loss: 0.1142 | Entropy: 0.1739 | Invalid S/B: 0.00/0.00 | Max Load: 7.6 | Load Gap: 1.9
Epoch [286/500] | Sampled: 269.38 | Baseline: 265.25 | Improvement: -4.12 | Win Rate: 18.75% | Actor Loss: -0.0305 | Entropy: 0.1540 | Invalid S/B: 0.00/0.00 | Max Load: 7.6 | Load Gap: 1.8
Epoch [287/500] | Sampled: 269.81 | Baseline: 264.66 | Improvement: -5.16 | Win Rate: 28.12% | Actor Loss: 0.1245 | Entropy: 0.1637 | Invalid S/B: 0.00/0.00 | Max Load: 7.5 | Load Gap: 1.7
Epoch [288/500] | Sampled: 267.25 | Baseline: 263.53 | Improvement: -3.72 | Win Rate: 46.88% | Actor Loss: -0.3007 | Entropy: 0.1773 | Invalid S/B: 0.00/0.00 | Max Load: 7.4 | Load Gap: 1.6
Epoch [289/500] | Sampled: 273.44 | Baseline: 269.19 | Improvement: -4.25 | Win Rate: 40.62% | Actor Loss: 0.1176 | Entropy: 0.1911 | Invalid S/B: 0.00/0.00 | Max Load: 7.5 | Load Gap: 1.8
Epoch [290/500] | Sampled: 273.50 | Baseline: 264.16 | Improvement: -9.34 | Win Rate: 25.00% | Actor Loss: 0.0563 | Entropy: 0.1661 | Invalid S/B: 0.00/0.00 | Max Load: 7.5 | Load Gap: 1.7
Epoch [291/500] | Sampled: 270.03 | Baseline: 266.44 | Improvement: -3.59 | Win Rate: 37.50% | Actor Loss: 0.3594 | Entropy: 0.1657 | Invalid S/B: 0.00/0.00 | Max Load: 7.5 | Load Gap: 1.7
Epoch [292/500] | Sampled: 273.72 | Baseline: 267.22 | Improvement: -6.50 | Win Rate: 28.12% | Actor Loss: 0.4440 | Entropy: 0.1753 | Invalid S/B: 0.00/0.00 | Max Load: 7.5 | Load Gap: 1.6
Epoch [293/500] | Sampled: 273.41 | Baseline: 266.41 | Improvement: -7.00 | Win Rate: 34.38% | Actor Loss: 0.0359 | Entropy: 0.1955 | Invalid S/B: 0.00/0.00 | Max Load: 7.4 | Load Gap: 1.7
Epoch [294/500] | Sampled: 266.84 | Baseline: 264.12 | Improvement: -2.72 | Win Rate: 37.50% | Actor Loss: 0.1726 | Entropy: 0.1712 | Invalid S/B: 0.00/0.00 | Max Load: 7.4 | Load Gap: 1.6
Epoch [295/500] | Sampled: 273.00 | Baseline: 268.41 | Improvement: -4.59 | Win Rate: 46.88% | Actor Loss: 0.0637 | Entropy: 0.1939 | Invalid S/B: 0.00/0.00 | Max Load: 7.4 | Load Gap: 1.6
Epoch [296/500] | Sampled: 281.22 | Baseline: 269.25 | Improvement: -11.97 | Win Rate: 25.00% | Actor Loss: 0.1539 | Entropy: 0.1850 | Invalid S/B: 0.00/0.00 | Max Load: 7.8 | Load Gap: 2.3
Epoch [297/500] | Sampled: 275.19 | Baseline: 270.84 | Improvement: -4.34 | Win Rate: 40.62% | Actor Loss: -0.0980 | Entropy: 0.2095 | Invalid S/B: 0.00/0.00 | Max Load: 7.6 | Load Gap: 1.8
Epoch [298/500] | Sampled: 272.41 | Baseline: 268.56 | Improvement: -3.84 | Win Rate: 40.62% | Actor Loss: -0.1105 | Entropy: 0.1844 | Invalid S/B: 0.00/0.00 | Max Load: 7.5 | Load Gap: 1.7
Epoch [299/500] | Sampled: 277.88 | Baseline: 266.16 | Improvement: -11.72 | Win Rate: 25.00% | Actor Loss: 0.1987 | Entropy: 0.1918 | Invalid S/B: 0.00/0.00 | Max Load: 7.6 | Load Gap: 2.1
Epoch [300/500] | Sampled: 269.41 | Baseline: 266.97 | Improvement: -2.44 | Win Rate: 37.50% | Actor Loss: -0.1117 | Entropy: 0.1838 | Invalid S/B: 0.00/0.00 | Max Load: 7.5 | Load Gap: 1.8
   -> Validation | Samples: 50 | Makespan: 275.94 | Invalid Jobs: 0.00
   -> Saved updated training chart to /home/wei/AMR-DFJSP/Static_alogorithm/Attention/attention_training_metrics.png
Epoch [301/500] | Sampled: 272.78 | Baseline: 268.78 | Improvement: -4.00 | Win Rate: 40.62% | Actor Loss: -0.0390 | Entropy: 0.1766 | Invalid S/B: 0.00/0.00 | Max Load: 7.4 | Load Gap: 1.7
Epoch [302/500] | Sampled: 278.41 | Baseline: 267.38 | Improvement: -11.03 | Win Rate: 18.75% | Actor Loss: 0.0869 | Entropy: 0.2197 | Invalid S/B: 0.00/0.00 | Max Load: 7.6 | Load Gap: 1.8
Epoch [303/500] | Sampled: 274.06 | Baseline: 267.91 | Improvement: -6.16 | Win Rate: 37.50% | Actor Loss: -0.1278 | Entropy: 0.2182 | Invalid S/B: 0.00/0.00 | Max Load: 7.6 | Load Gap: 1.9
Epoch [304/500] | Sampled: 272.69 | Baseline: 265.56 | Improvement: -7.12 | Win Rate: 31.25% | Actor Loss: -0.1523 | Entropy: 0.1864 | Invalid S/B: 0.00/0.00 | Max Load: 7.6 | Load Gap: 1.7
Epoch [305/500] | Sampled: 274.50 | Baseline: 266.19 | Improvement: -8.31 | Win Rate: 31.25% | Actor Loss: -0.1927 | Entropy: 0.1963 | Invalid S/B: 0.00/0.00 | Max Load: 7.6 | Load Gap: 1.9
Epoch [306/500] | Sampled: 278.09 | Baseline: 267.75 | Improvement: -10.34 | Win Rate: 21.88% | Actor Loss: 0.2993 | Entropy: 0.1952 | Invalid S/B: 0.00/0.00 | Max Load: 7.8 | Load Gap: 2.0
Epoch [307/500] | Sampled: 271.66 | Baseline: 266.69 | Improvement: -4.97 | Win Rate: 37.50% | Actor Loss: 0.2279 | Entropy: 0.1957 | Invalid S/B: 0.00/0.00 | Max Load: 7.5 | Load Gap: 1.7
Epoch [308/500] | Sampled: 272.91 | Baseline: 266.28 | Improvement: -6.62 | Win Rate: 28.12% | Actor Loss: -0.1592 | Entropy: 0.2013 | Invalid S/B: 0.00/0.00 | Max Load: 7.5 | Load Gap: 1.7
Epoch [309/500] | Sampled: 273.06 | Baseline: 267.34 | Improvement: -5.72 | Win Rate: 43.75% | Actor Loss: 0.2772 | Entropy: 0.2180 | Invalid S/B: 0.00/0.00 | Max Load: 7.4 | Load Gap: 1.6
Epoch [310/500] | Sampled: 270.84 | Baseline: 265.66 | Improvement: -5.19 | Win Rate: 21.88% | Actor Loss: -0.0020 | Entropy: 0.2270 | Invalid S/B: 0.00/0.00 | Max Load: 7.2 | Load Gap: 1.3
Epoch [311/500] | Sampled: 272.38 | Baseline: 268.50 | Improvement: -3.88 | Win Rate: 31.25% | Actor Loss: 0.0759 | Entropy: 0.2096 | Invalid S/B: 0.00/0.00 | Max Load: 7.3 | Load Gap: 1.4
Epoch [312/500] | Sampled: 272.91 | Baseline: 265.25 | Improvement: -7.66 | Win Rate: 28.12% | Actor Loss: 0.0167 | Entropy: 0.2115 | Invalid S/B: 0.00/0.00 | Max Load: 7.4 | Load Gap: 1.5
Epoch [313/500] | Sampled: 273.53 | Baseline: 266.34 | Improvement: -7.19 | Win Rate: 15.62% | Actor Loss: 0.5286 | Entropy: 0.1941 | Invalid S/B: 0.00/0.00 | Max Load: 7.6 | Load Gap: 1.8
Epoch [314/500] | Sampled: 275.72 | Baseline: 268.09 | Improvement: -7.62 | Win Rate: 34.38% | Actor Loss: -0.4920 | Entropy: 0.1995 | Invalid S/B: 0.00/0.00 | Max Load: 7.5 | Load Gap: 1.8
Epoch [315/500] | Sampled: 274.56 | Baseline: 267.97 | Improvement: -6.59 | Win Rate: 37.50% | Actor Loss: -0.0740 | Entropy: 0.1711 | Invalid S/B: 0.00/0.00 | Max Load: 7.4 | Load Gap: 1.7
Epoch [316/500] | Sampled: 269.59 | Baseline: 268.59 | Improvement: -1.00 | Win Rate: 50.00% | Actor Loss: 0.3529 | Entropy: 0.1932 | Invalid S/B: 0.00/0.00 | Max Load: 7.3 | Load Gap: 1.4
Epoch [317/500] | Sampled: 270.91 | Baseline: 267.12 | Improvement: -3.78 | Win Rate: 34.38% | Actor Loss: 0.0016 | Entropy: 0.1576 | Invalid S/B: 0.00/0.00 | Max Load: 7.4 | Load Gap: 1.6
Epoch [318/500] | Sampled: 273.41 | Baseline: 271.53 | Improvement: -1.88 | Win Rate: 40.62% | Actor Loss: -0.2388 | Entropy: 0.1920 | Invalid S/B: 0.00/0.00 | Max Load: 7.3 | Load Gap: 1.6
Epoch [319/500] | Sampled: 274.78 | Baseline: 269.12 | Improvement: -5.66 | Win Rate: 34.38% | Actor Loss: -0.0823 | Entropy: 0.1959 | Invalid S/B: 0.00/0.00 | Max Load: 7.4 | Load Gap: 1.7
Epoch [320/500] | Sampled: 269.88 | Baseline: 265.59 | Improvement: -4.28 | Win Rate: 43.75% | Actor Loss: -0.3300 | Entropy: 0.1914 | Invalid S/B: 0.00/0.00 | Max Load: 7.3 | Load Gap: 1.4
Epoch [321/500] | Sampled: 268.75 | Baseline: 266.44 | Improvement: -2.31 | Win Rate: 40.62% | Actor Loss: -0.5289 | Entropy: 0.1749 | Invalid S/B: 0.00/0.00 | Max Load: 7.3 | Load Gap: 1.4
Epoch [322/500] | Sampled: 270.59 | Baseline: 267.62 | Improvement: -2.97 | Win Rate: 46.88% | Actor Loss: 0.0667 | Entropy: 0.1689 | Invalid S/B: 0.00/0.00 | Max Load: 7.3 | Load Gap: 1.5
Epoch [323/500] | Sampled: 264.94 | Baseline: 263.25 | Improvement: -1.69 | Win Rate: 34.38% | Actor Loss: -0.4910 | Entropy: 0.2042 | Invalid S/B: 0.00/0.00 | Max Load: 7.2 | Load Gap: 1.2
Epoch [324/500] | Sampled: 258.72 | Baseline: 263.47 | Improvement: 4.75 | Win Rate: 62.50% | Actor Loss: -0.0792 | Entropy: 0.1799 | Invalid S/B: 0.00/0.00 | Max Load: 7.2 | Load Gap: 1.3
Epoch [325/500] | Sampled: 265.75 | Baseline: 264.50 | Improvement: -1.25 | Win Rate: 46.88% | Actor Loss: -0.2666 | Entropy: 0.1641 | Invalid S/B: 0.00/0.00 | Max Load: 7.2 | Load Gap: 1.3
Epoch [326/500] | Sampled: 261.75 | Baseline: 265.69 | Improvement: 3.94 | Win Rate: 56.25% | Actor Loss: 0.0932 | Entropy: 0.1546 | Invalid S/B: 0.00/0.00 | Max Load: 7.2 | Load Gap: 1.2
Epoch [327/500] | Sampled: 267.75 | Baseline: 265.12 | Improvement: -2.62 | Win Rate: 43.75% | Actor Loss: 0.1720 | Entropy: 0.1754 | Invalid S/B: 0.00/0.00 | Max Load: 7.2 | Load Gap: 1.3
Epoch [328/500] | Sampled: 260.91 | Baseline: 263.91 | Improvement: 3.00 | Win Rate: 56.25% | Actor Loss: -0.3341 | Entropy: 0.1693 | Invalid S/B: 0.00/0.00 | Max Load: 7.2 | Load Gap: 1.3
Epoch [329/500] | Sampled: 267.00 | Baseline: 267.56 | Improvement: 0.56 | Win Rate: 46.88% | Actor Loss: -0.1638 | Entropy: 0.1881 | Invalid S/B: 0.00/0.00 | Max Load: 7.2 | Load Gap: 1.3
Epoch [330/500] | Sampled: 266.41 | Baseline: 267.97 | Improvement: 1.56 | Win Rate: 43.75% | Actor Loss: -0.0355 | Entropy: 0.1841 | Invalid S/B: 0.00/0.00 | Max Load: 7.3 | Load Gap: 1.5
Epoch [331/500] | Sampled: 272.06 | Baseline: 267.31 | Improvement: -4.75 | Win Rate: 50.00% | Actor Loss: 0.4354 | Entropy: 0.1753 | Invalid S/B: 0.00/0.00 | Max Load: 7.3 | Load Gap: 1.5
Epoch [332/500] | Sampled: 266.88 | Baseline: 264.88 | Improvement: -2.00 | Win Rate: 37.50% | Actor Loss: 0.0710 | Entropy: 0.1779 | Invalid S/B: 0.00/0.00 | Max Load: 7.2 | Load Gap: 1.2
Epoch [333/500] | Sampled: 262.38 | Baseline: 264.44 | Improvement: 2.06 | Win Rate: 50.00% | Actor Loss: -0.0206 | Entropy: 0.1574 | Invalid S/B: 0.00/0.00 | Max Load: 7.1 | Load Gap: 1.2
Epoch [334/500] | Sampled: 265.28 | Baseline: 267.41 | Improvement: 2.12 | Win Rate: 59.38% | Actor Loss: -0.1134 | Entropy: 0.1643 | Invalid S/B: 0.00/0.00 | Max Load: 7.2 | Load Gap: 1.2
Epoch [335/500] | Sampled: 267.41 | Baseline: 267.44 | Improvement: 0.03 | Win Rate: 56.25% | Actor Loss: 0.0042 | Entropy: 0.1560 | Invalid S/B: 0.00/0.00 | Max Load: 7.3 | Load Gap: 1.4
Epoch [336/500] | Sampled: 268.09 | Baseline: 268.19 | Improvement: 0.09 | Win Rate: 53.12% | Actor Loss: -0.2220 | Entropy: 0.1708 | Invalid S/B: 0.00/0.00 | Max Load: 7.2 | Load Gap: 1.3
Epoch [337/500] | Sampled: 264.34 | Baseline: 263.66 | Improvement: -0.69 | Win Rate: 56.25% | Actor Loss: 0.0922 | Entropy: 0.1957 | Invalid S/B: 0.00/0.00 | Max Load: 7.2 | Load Gap: 1.2
Epoch [338/500] | Sampled: 270.31 | Baseline: 268.06 | Improvement: -2.25 | Win Rate: 50.00% | Actor Loss: -0.2099 | Entropy: 0.1653 | Invalid S/B: 0.00/0.00 | Max Load: 7.2 | Load Gap: 1.4
Epoch [339/500] | Sampled: 267.62 | Baseline: 267.88 | Improvement: 0.25 | Win Rate: 43.75% | Actor Loss: 0.2307 | Entropy: 0.1861 | Invalid S/B: 0.00/0.00 | Max Load: 7.2 | Load Gap: 1.3
Epoch [340/500] | Sampled: 262.56 | Baseline: 266.38 | Improvement: 3.81 | Win Rate: 59.38% | Actor Loss: -0.4406 | Entropy: 0.1936 | Invalid S/B: 0.00/0.00 | Max Load: 7.2 | Load Gap: 1.3
Epoch [341/500] | Sampled: 259.72 | Baseline: 265.94 | Improvement: 6.22 | Win Rate: 68.75% | Actor Loss: -0.5368 | Entropy: 0.1656 | Invalid S/B: 0.00/0.00 | Max Load: 7.2 | Load Gap: 1.3
Epoch [342/500] | Sampled: 262.41 | Baseline: 264.00 | Improvement: 1.59 | Win Rate: 59.38% | Actor Loss: 0.0889 | Entropy: 0.1650 | Invalid S/B: 0.00/0.00 | Max Load: 7.2 | Load Gap: 1.4
Epoch [343/500] | Sampled: 262.69 | Baseline: 265.22 | Improvement: 2.53 | Win Rate: 56.25% | Actor Loss: 0.1366 | Entropy: 0.1811 | Invalid S/B: 0.00/0.00 | Max Load: 7.3 | Load Gap: 1.4
Epoch [344/500] | Sampled: 263.06 | Baseline: 264.84 | Improvement: 1.78 | Win Rate: 50.00% | Actor Loss: -0.9877 | Entropy: 0.1654 | Invalid S/B: 0.00/0.00 | Max Load: 7.2 | Load Gap: 1.3
Epoch [345/500] | Sampled: 262.88 | Baseline: 266.09 | Improvement: 3.22 | Win Rate: 56.25% | Actor Loss: 0.2640 | Entropy: 0.1589 | Invalid S/B: 0.00/0.00 | Max Load: 7.2 | Load Gap: 1.4
Epoch [346/500] | Sampled: 266.34 | Baseline: 263.75 | Improvement: -2.59 | Win Rate: 37.50% | Actor Loss: 0.2713 | Entropy: 0.1772 | Invalid S/B: 0.00/0.00 | Max Load: 7.3 | Load Gap: 1.5
Epoch [347/500] | Sampled: 264.94 | Baseline: 265.56 | Improvement: 0.62 | Win Rate: 50.00% | Actor Loss: 0.0428 | Entropy: 0.1882 | Invalid S/B: 0.00/0.00 | Max Load: 7.2 | Load Gap: 1.4
Epoch [348/500] | Sampled: 263.28 | Baseline: 265.97 | Improvement: 2.69 | Win Rate: 46.88% | Actor Loss: 0.1760 | Entropy: 0.1828 | Invalid S/B: 0.00/0.00 | Max Load: 7.3 | Load Gap: 1.4
Epoch [349/500] | Sampled: 264.12 | Baseline: 263.34 | Improvement: -0.78 | Win Rate: 40.62% | Actor Loss: -0.5341 | Entropy: 0.1702 | Invalid S/B: 0.00/0.00 | Max Load: 7.4 | Load Gap: 1.5
Epoch [350/500] | Sampled: 262.47 | Baseline: 263.47 | Improvement: 1.00 | Win Rate: 50.00% | Actor Loss: 0.0994 | Entropy: 0.1698 | Invalid S/B: 0.00/0.00 | Max Load: 7.3 | Load Gap: 1.4
   -> Validation | Samples: 50 | Makespan: 263.64 | Invalid Jobs: 0.00
Epoch [351/500] | Sampled: 261.94 | Baseline: 266.94 | Improvement: 5.00 | Win Rate: 65.62% | Actor Loss: -0.1378 | Entropy: 0.1966 | Invalid S/B: 0.00/0.00 | Max Load: 7.2 | Load Gap: 1.2
Epoch [352/500] | Sampled: 267.00 | Baseline: 268.28 | Improvement: 1.28 | Win Rate: 46.88% | Actor Loss: -0.6013 | Entropy: 0.1763 | Invalid S/B: 0.00/0.00 | Max Load: 7.2 | Load Gap: 1.2
Epoch [353/500] | Sampled: 260.19 | Baseline: 264.91 | Improvement: 4.72 | Win Rate: 50.00% | Actor Loss: -0.0035 | Entropy: 0.1658 | Invalid S/B: 0.00/0.00 | Max Load: 7.3 | Load Gap: 1.5
Epoch [354/500] | Sampled: 262.16 | Baseline: 266.72 | Improvement: 4.56 | Win Rate: 65.62% | Actor Loss: -0.1958 | Entropy: 0.1721 | Invalid S/B: 0.00/0.00 | Max Load: 7.2 | Load Gap: 1.3
Epoch [355/500] | Sampled: 267.06 | Baseline: 269.81 | Improvement: 2.75 | Win Rate: 65.62% | Actor Loss: -0.2576 | Entropy: 0.1783 | Invalid S/B: 0.00/0.00 | Max Load: 7.1 | Load Gap: 1.2
Epoch [356/500] | Sampled: 260.66 | Baseline: 263.53 | Improvement: 2.88 | Win Rate: 56.25% | Actor Loss: -0.2996 | Entropy: 0.1741 | Invalid S/B: 0.00/0.00 | Max Load: 7.2 | Load Gap: 1.4
Epoch [357/500] | Sampled: 263.09 | Baseline: 262.34 | Improvement: -0.75 | Win Rate: 59.38% | Actor Loss: -0.0670 | Entropy: 0.1572 | Invalid S/B: 0.00/0.00 | Max Load: 7.2 | Load Gap: 1.3
Epoch [358/500] | Sampled: 267.12 | Baseline: 265.50 | Improvement: -1.62 | Win Rate: 37.50% | Actor Loss: -0.2377 | Entropy: 0.1540 | Invalid S/B: 0.00/0.00 | Max Load: 7.4 | Load Gap: 1.6
Epoch [359/500] | Sampled: 269.19 | Baseline: 267.62 | Improvement: -1.56 | Win Rate: 50.00% | Actor Loss: 0.1201 | Entropy: 0.1665 | Invalid S/B: 0.00/0.00 | Max Load: 7.4 | Load Gap: 1.5
Epoch [360/500] | Sampled: 263.62 | Baseline: 268.81 | Improvement: 5.19 | Win Rate: 62.50% | Actor Loss: -0.4755 | Entropy: 0.1811 | Invalid S/B: 0.00/0.00 | Max Load: 7.2 | Load Gap: 1.2
Epoch [361/500] | Sampled: 265.38 | Baseline: 268.19 | Improvement: 2.81 | Win Rate: 65.62% | Actor Loss: -0.0248 | Entropy: 0.1787 | Invalid S/B: 0.00/0.00 | Max Load: 7.3 | Load Gap: 1.4
Epoch [362/500] | Sampled: 265.50 | Baseline: 266.81 | Improvement: 1.31 | Win Rate: 40.62% | Actor Loss: -0.1093 | Entropy: 0.1669 | Invalid S/B: 0.00/0.00 | Max Load: 7.2 | Load Gap: 1.3
Epoch [363/500] | Sampled: 270.28 | Baseline: 265.72 | Improvement: -4.56 | Win Rate: 53.12% | Actor Loss: -0.2369 | Entropy: 0.1696 | Invalid S/B: 0.00/0.00 | Max Load: 7.4 | Load Gap: 1.6
Epoch [364/500] | Sampled: 267.94 | Baseline: 266.62 | Improvement: -1.31 | Win Rate: 53.12% | Actor Loss: 0.3282 | Entropy: 0.1706 | Invalid S/B: 0.00/0.00 | Max Load: 7.3 | Load Gap: 1.5
Epoch [365/500] | Sampled: 265.75 | Baseline: 266.19 | Improvement: 0.44 | Win Rate: 50.00% | Actor Loss: -0.2722 | Entropy: 0.1646 | Invalid S/B: 0.00/0.00 | Max Load: 7.3 | Load Gap: 1.4
Epoch [366/500] | Sampled: 263.34 | Baseline: 264.75 | Improvement: 1.41 | Win Rate: 59.38% | Actor Loss: -0.1510 | Entropy: 0.1762 | Invalid S/B: 0.00/0.00 | Max Load: 7.3 | Load Gap: 1.3
Epoch [367/500] | Sampled: 264.78 | Baseline: 267.78 | Improvement: 3.00 | Win Rate: 59.38% | Actor Loss: -0.2152 | Entropy: 0.1781 | Invalid S/B: 0.00/0.00 | Max Load: 7.3 | Load Gap: 1.5
Epoch [368/500] | Sampled: 268.72 | Baseline: 268.00 | Improvement: -0.72 | Win Rate: 56.25% | Actor Loss: 0.1043 | Entropy: 0.1613 | Invalid S/B: 0.00/0.00 | Max Load: 7.3 | Load Gap: 1.4
Epoch [369/500] | Sampled: 265.16 | Baseline: 264.59 | Improvement: -0.56 | Win Rate: 59.38% | Actor Loss: 0.3116 | Entropy: 0.1741 | Invalid S/B: 0.00/0.00 | Max Load: 7.3 | Load Gap: 1.5
Epoch [370/500] | Sampled: 266.34 | Baseline: 263.12 | Improvement: -3.22 | Win Rate: 43.75% | Actor Loss: 0.1431 | Entropy: 0.1663 | Invalid S/B: 0.00/0.00 | Max Load: 7.4 | Load Gap: 1.5
Epoch [371/500] | Sampled: 267.22 | Baseline: 264.16 | Improvement: -3.06 | Win Rate: 50.00% | Actor Loss: -0.3253 | Entropy: 0.1586 | Invalid S/B: 0.00/0.00 | Max Load: 7.3 | Load Gap: 1.4
Epoch [372/500] | Sampled: 270.34 | Baseline: 266.34 | Improvement: -4.00 | Win Rate: 50.00% | Actor Loss: 0.3789 | Entropy: 0.1710 | Invalid S/B: 0.00/0.00 | Max Load: 7.2 | Load Gap: 1.4
Epoch [373/500] | Sampled: 264.31 | Baseline: 266.12 | Improvement: 1.81 | Win Rate: 59.38% | Actor Loss: 0.2735 | Entropy: 0.1736 | Invalid S/B: 0.00/0.00 | Max Load: 7.3 | Load Gap: 1.3
Epoch [374/500] | Sampled: 270.53 | Baseline: 264.56 | Improvement: -5.97 | Win Rate: 46.88% | Actor Loss: 0.3553 | Entropy: 0.1609 | Invalid S/B: 0.00/0.00 | Max Load: 7.4 | Load Gap: 1.7
Epoch [375/500] | Sampled: 265.47 | Baseline: 267.12 | Improvement: 1.66 | Win Rate: 65.62% | Actor Loss: -0.2615 | Entropy: 0.1619 | Invalid S/B: 0.00/0.00 | Max Load: 7.1 | Load Gap: 1.2
Epoch [376/500] | Sampled: 260.69 | Baseline: 269.59 | Improvement: 8.91 | Win Rate: 75.00% | Actor Loss: -0.5263 | Entropy: 0.1675 | Invalid S/B: 0.00/0.00 | Max Load: 7.2 | Load Gap: 1.3
Epoch [377/500] | Sampled: 263.53 | Baseline: 267.09 | Improvement: 3.56 | Win Rate: 56.25% | Actor Loss: -0.0072 | Entropy: 0.1835 | Invalid S/B: 0.00/0.00 | Max Load: 7.2 | Load Gap: 1.2
Epoch [378/500] | Sampled: 259.22 | Baseline: 265.19 | Improvement: 5.97 | Win Rate: 71.88% | Actor Loss: -0.0769 | Entropy: 0.1625 | Invalid S/B: 0.00/0.00 | Max Load: 7.2 | Load Gap: 1.3
Epoch [379/500] | Sampled: 262.56 | Baseline: 267.59 | Improvement: 5.03 | Win Rate: 65.62% | Actor Loss: -0.0233 | Entropy: 0.1851 | Invalid S/B: 0.00/0.00 | Max Load: 7.2 | Load Gap: 1.3
Epoch [380/500] | Sampled: 257.44 | Baseline: 268.59 | Improvement: 11.16 | Win Rate: 81.25% | Actor Loss: -0.1875 | Entropy: 0.1577 | Invalid S/B: 0.00/0.00 | Max Load: 7.2 | Load Gap: 1.2
Epoch [381/500] | Sampled: 262.59 | Baseline: 266.62 | Improvement: 4.03 | Win Rate: 71.88% | Actor Loss: -0.3638 | Entropy: 0.1785 | Invalid S/B: 0.00/0.00 | Max Load: 7.2 | Load Gap: 1.2
Epoch [382/500] | Sampled: 266.59 | Baseline: 267.19 | Improvement: 0.59 | Win Rate: 59.38% | Actor Loss: -0.1396 | Entropy: 0.1538 | Invalid S/B: 0.00/0.00 | Max Load: 7.4 | Load Gap: 1.6
Epoch [383/500] | Sampled: 259.31 | Baseline: 266.06 | Improvement: 6.75 | Win Rate: 71.88% | Actor Loss: 0.1444 | Entropy: 0.1759 | Invalid S/B: 0.00/0.00 | Max Load: 7.1 | Load Gap: 1.2
Epoch [384/500] | Sampled: 263.44 | Baseline: 263.97 | Improvement: 0.53 | Win Rate: 65.62% | Actor Loss: 0.3391 | Entropy: 0.1662 | Invalid S/B: 0.00/0.00 | Max Load: 7.4 | Load Gap: 1.6
Epoch [385/500] | Sampled: 259.41 | Baseline: 263.66 | Improvement: 4.25 | Win Rate: 65.62% | Actor Loss: -0.2159 | Entropy: 0.1484 | Invalid S/B: 0.00/0.00 | Max Load: 7.2 | Load Gap: 1.2
Epoch [386/500] | Sampled: 260.66 | Baseline: 268.66 | Improvement: 8.00 | Win Rate: 71.88% | Actor Loss: -0.4715 | Entropy: 0.1675 | Invalid S/B: 0.00/0.00 | Max Load: 7.2 | Load Gap: 1.3
Epoch [387/500] | Sampled: 257.97 | Baseline: 268.56 | Improvement: 10.59 | Win Rate: 75.00% | Actor Loss: 0.1252 | Entropy: 0.1559 | Invalid S/B: 0.00/0.00 | Max Load: 7.2 | Load Gap: 1.3
Epoch [388/500] | Sampled: 257.16 | Baseline: 268.47 | Improvement: 11.31 | Win Rate: 71.88% | Actor Loss: -0.1411 | Entropy: 0.1565 | Invalid S/B: 0.00/0.00 | Max Load: 7.1 | Load Gap: 1.2
Epoch [389/500] | Sampled: 261.69 | Baseline: 265.31 | Improvement: 3.62 | Win Rate: 62.50% | Actor Loss: 0.1247 | Entropy: 0.1486 | Invalid S/B: 0.00/0.00 | Max Load: 7.3 | Load Gap: 1.3
Epoch [390/500] | Sampled: 261.59 | Baseline: 265.19 | Improvement: 3.59 | Win Rate: 56.25% | Actor Loss: -0.1397 | Entropy: 0.1497 | Invalid S/B: 0.00/0.00 | Max Load: 7.2 | Load Gap: 1.3
Epoch [391/500] | Sampled: 259.47 | Baseline: 269.31 | Improvement: 9.84 | Win Rate: 71.88% | Actor Loss: -0.0010 | Entropy: 0.1392 | Invalid S/B: 0.00/0.00 | Max Load: 7.2 | Load Gap: 1.2
Epoch [392/500] | Sampled: 259.53 | Baseline: 264.94 | Improvement: 5.41 | Win Rate: 71.88% | Actor Loss: -0.0027 | Entropy: 0.1445 | Invalid S/B: 0.00/0.00 | Max Load: 7.2 | Load Gap: 1.2
Epoch [393/500] | Sampled: 261.12 | Baseline: 266.62 | Improvement: 5.50 | Win Rate: 78.12% | Actor Loss: -0.2441 | Entropy: 0.1635 | Invalid S/B: 0.00/0.00 | Max Load: 7.3 | Load Gap: 1.4
Epoch [394/500] | Sampled: 255.69 | Baseline: 265.16 | Improvement: 9.47 | Win Rate: 68.75% | Actor Loss: -0.1504 | Entropy: 0.1615 | Invalid S/B: 0.00/0.00 | Max Load: 7.2 | Load Gap: 1.2
Epoch [395/500] | Sampled: 257.06 | Baseline: 267.06 | Improvement: 10.00 | Win Rate: 81.25% | Actor Loss: 0.0482 | Entropy: 0.1420 | Invalid S/B: 0.00/0.00 | Max Load: 7.1 | Load Gap: 1.1
Epoch [396/500] | Sampled: 259.16 | Baseline: 269.19 | Improvement: 10.03 | Win Rate: 84.38% | Actor Loss: -0.4784 | Entropy: 0.1764 | Invalid S/B: 0.00/0.00 | Max Load: 7.2 | Load Gap: 1.2
Epoch [397/500] | Sampled: 259.44 | Baseline: 263.34 | Improvement: 3.91 | Win Rate: 53.12% | Actor Loss: -0.5556 | Entropy: 0.1583 | Invalid S/B: 0.00/0.00 | Max Load: 7.1 | Load Gap: 1.1
Epoch [398/500] | Sampled: 264.44 | Baseline: 265.28 | Improvement: 0.84 | Win Rate: 59.38% | Actor Loss: 0.1888 | Entropy: 0.1646 | Invalid S/B: 0.00/0.00 | Max Load: 7.2 | Load Gap: 1.2
Epoch [399/500] | Sampled: 258.38 | Baseline: 266.19 | Improvement: 7.81 | Win Rate: 65.62% | Actor Loss: -0.0090 | Entropy: 0.1602 | Invalid S/B: 0.00/0.00 | Max Load: 7.3 | Load Gap: 1.3
Epoch [400/500] | Sampled: 255.88 | Baseline: 266.00 | Improvement: 10.12 | Win Rate: 78.12% | Actor Loss: -0.0234 | Entropy: 0.1451 | Invalid S/B: 0.00/0.00 | Max Load: 7.1 | Load Gap: 1.1
   -> Validation | Samples: 50 | Makespan: 253.98 | Invalid Jobs: 0.00
   -> Saved updated training chart to /home/wei/AMR-DFJSP/Static_alogorithm/Attention/attention_training_metrics.png
Epoch [401/500] | Sampled: 257.44 | Baseline: 267.91 | Improvement: 10.47 | Win Rate: 65.62% | Actor Loss: 0.3140 | Entropy: 0.1411 | Invalid S/B: 0.00/0.00 | Max Load: 7.1 | Load Gap: 1.1
Epoch [402/500] | Sampled: 262.03 | Baseline: 264.72 | Improvement: 2.69 | Win Rate: 56.25% | Actor Loss: -0.1391 | Entropy: 0.1540 | Invalid S/B: 0.00/0.00 | Max Load: 7.3 | Load Gap: 1.4
Epoch [403/500] | Sampled: 256.31 | Baseline: 269.09 | Improvement: 12.78 | Win Rate: 90.62% | Actor Loss: -0.2854 | Entropy: 0.1536 | Invalid S/B: 0.00/0.00 | Max Load: 7.2 | Load Gap: 1.2
Epoch [404/500] | Sampled: 258.16 | Baseline: 266.12 | Improvement: 7.97 | Win Rate: 75.00% | Actor Loss: -0.1599 | Entropy: 0.1564 | Invalid S/B: 0.00/0.00 | Max Load: 7.3 | Load Gap: 1.3
Epoch [405/500] | Sampled: 253.88 | Baseline: 266.72 | Improvement: 12.84 | Win Rate: 84.38% | Actor Loss: 0.1399 | Entropy: 0.1521 | Invalid S/B: 0.00/0.00 | Max Load: 7.2 | Load Gap: 1.2
Epoch [406/500] | Sampled: 257.44 | Baseline: 269.19 | Improvement: 11.75 | Win Rate: 84.38% | Actor Loss: -0.3281 | Entropy: 0.1527 | Invalid S/B: 0.00/0.00 | Max Load: 7.2 | Load Gap: 1.2
Epoch [407/500] | Sampled: 259.28 | Baseline: 265.72 | Improvement: 6.44 | Win Rate: 53.12% | Actor Loss: -0.0741 | Entropy: 0.1642 | Invalid S/B: 0.00/0.00 | Max Load: 7.2 | Load Gap: 1.2
Epoch [408/500] | Sampled: 257.25 | Baseline: 266.84 | Improvement: 9.59 | Win Rate: 75.00% | Actor Loss: 0.0353 | Entropy: 0.1613 | Invalid S/B: 0.00/0.00 | Max Load: 7.1 | Load Gap: 1.1
Epoch [409/500] | Sampled: 253.09 | Baseline: 267.31 | Improvement: 14.22 | Win Rate: 81.25% | Actor Loss: 0.0237 | Entropy: 0.1809 | Invalid S/B: 0.00/0.00 | Max Load: 7.3 | Load Gap: 1.3
Epoch [410/500] | Sampled: 253.03 | Baseline: 264.69 | Improvement: 11.66 | Win Rate: 84.38% | Actor Loss: -0.0694 | Entropy: 0.1541 | Invalid S/B: 0.00/0.00 | Max Load: 7.2 | Load Gap: 1.2
Epoch [411/500] | Sampled: 259.84 | Baseline: 268.09 | Improvement: 8.25 | Win Rate: 75.00% | Actor Loss: -0.2829 | Entropy: 0.1750 | Invalid S/B: 0.00/0.00 | Max Load: 7.2 | Load Gap: 1.2
Epoch [412/500] | Sampled: 259.72 | Baseline: 267.09 | Improvement: 7.38 | Win Rate: 62.50% | Actor Loss: -0.5246 | Entropy: 0.1757 | Invalid S/B: 0.00/0.00 | Max Load: 7.2 | Load Gap: 1.2
Epoch [413/500] | Sampled: 255.38 | Baseline: 263.22 | Improvement: 7.84 | Win Rate: 59.38% | Actor Loss: -0.1003 | Entropy: 0.1682 | Invalid S/B: 0.00/0.00 | Max Load: 7.2 | Load Gap: 1.2
Epoch [414/500] | Sampled: 256.09 | Baseline: 266.81 | Improvement: 10.72 | Win Rate: 81.25% | Actor Loss: -0.0109 | Entropy: 0.1619 | Invalid S/B: 0.00/0.00 | Max Load: 7.2 | Load Gap: 1.2
Epoch [415/500] | Sampled: 254.97 | Baseline: 267.22 | Improvement: 12.25 | Win Rate: 84.38% | Actor Loss: -0.4755 | Entropy: 0.1488 | Invalid S/B: 0.00/0.00 | Max Load: 7.0 | Load Gap: 1.0
Epoch [416/500] | Sampled: 255.59 | Baseline: 270.09 | Improvement: 14.50 | Win Rate: 90.62% | Actor Loss: -0.1957 | Entropy: 0.1781 | Invalid S/B: 0.00/0.00 | Max Load: 7.2 | Load Gap: 1.2
Epoch [417/500] | Sampled: 255.50 | Baseline: 264.66 | Improvement: 9.16 | Win Rate: 68.75% | Actor Loss: -0.3372 | Entropy: 0.1692 | Invalid S/B: 0.00/0.00 | Max Load: 7.2 | Load Gap: 1.2
Epoch [418/500] | Sampled: 256.53 | Baseline: 261.44 | Improvement: 4.91 | Win Rate: 62.50% | Actor Loss: -0.0807 | Entropy: 0.1384 | Invalid S/B: 0.00/0.00 | Max Load: 7.1 | Load Gap: 1.1
Epoch [419/500] | Sampled: 257.09 | Baseline: 266.62 | Improvement: 9.53 | Win Rate: 78.12% | Actor Loss: -0.5000 | Entropy: 0.1841 | Invalid S/B: 0.00/0.00 | Max Load: 7.2 | Load Gap: 1.2
Epoch [420/500] | Sampled: 247.66 | Baseline: 267.22 | Improvement: 19.56 | Win Rate: 87.50% | Actor Loss: -0.1531 | Entropy: 0.1446 | Invalid S/B: 0.00/0.00 | Max Load: 7.1 | Load Gap: 1.1
Epoch [421/500] | Sampled: 256.62 | Baseline: 266.31 | Improvement: 9.69 | Win Rate: 75.00% | Actor Loss: -0.0373 | Entropy: 0.1435 | Invalid S/B: 0.00/0.00 | Max Load: 7.1 | Load Gap: 1.1
Epoch [422/500] | Sampled: 256.38 | Baseline: 268.81 | Improvement: 12.44 | Win Rate: 75.00% | Actor Loss: 0.1543 | Entropy: 0.1419 | Invalid S/B: 0.00/0.00 | Max Load: 7.1 | Load Gap: 1.1
Epoch [423/500] | Sampled: 255.31 | Baseline: 267.16 | Improvement: 11.84 | Win Rate: 84.38% | Actor Loss: 0.0208 | Entropy: 0.1685 | Invalid S/B: 0.00/0.00 | Max Load: 7.2 | Load Gap: 1.2
Epoch [424/500] | Sampled: 258.19 | Baseline: 266.91 | Improvement: 8.72 | Win Rate: 62.50% | Actor Loss: -0.4963 | Entropy: 0.1529 | Invalid S/B: 0.00/0.00 | Max Load: 7.2 | Load Gap: 1.2
Epoch [425/500] | Sampled: 256.25 | Baseline: 268.75 | Improvement: 12.50 | Win Rate: 81.25% | Actor Loss: -0.4467 | Entropy: 0.1737 | Invalid S/B: 0.00/0.00 | Max Load: 7.2 | Load Gap: 1.2
Epoch [426/500] | Sampled: 257.72 | Baseline: 269.03 | Improvement: 11.31 | Win Rate: 71.88% | Actor Loss: 0.1489 | Entropy: 0.1311 | Invalid S/B: 0.00/0.00 | Max Load: 7.1 | Load Gap: 1.1
Epoch [427/500] | Sampled: 247.56 | Baseline: 267.00 | Improvement: 19.44 | Win Rate: 90.62% | Actor Loss: 0.2229 | Entropy: 0.1307 | Invalid S/B: 0.00/0.00 | Max Load: 7.1 | Load Gap: 1.1
Epoch [428/500] | Sampled: 254.97 | Baseline: 267.16 | Improvement: 12.19 | Win Rate: 84.38% | Actor Loss: 0.2276 | Entropy: 0.1561 | Invalid S/B: 0.00/0.00 | Max Load: 7.2 | Load Gap: 1.3
Epoch [429/500] | Sampled: 259.78 | Baseline: 267.75 | Improvement: 7.97 | Win Rate: 68.75% | Actor Loss: -0.0034 | Entropy: 0.1575 | Invalid S/B: 0.00/0.00 | Max Load: 7.2 | Load Gap: 1.3
Epoch [430/500] | Sampled: 256.78 | Baseline: 269.12 | Improvement: 12.34 | Win Rate: 84.38% | Actor Loss: 0.0424 | Entropy: 0.1384 | Invalid S/B: 0.00/0.00 | Max Load: 7.2 | Load Gap: 1.2
Epoch [431/500] | Sampled: 255.38 | Baseline: 266.06 | Improvement: 10.69 | Win Rate: 78.12% | Actor Loss: -0.1162 | Entropy: 0.1491 | Invalid S/B: 0.00/0.00 | Max Load: 7.2 | Load Gap: 1.2
Epoch [432/500] | Sampled: 253.16 | Baseline: 265.59 | Improvement: 12.44 | Win Rate: 87.50% | Actor Loss: -0.3431 | Entropy: 0.1259 | Invalid S/B: 0.00/0.00 | Max Load: 7.2 | Load Gap: 1.2
Epoch [433/500] | Sampled: 259.09 | Baseline: 267.03 | Improvement: 7.94 | Win Rate: 75.00% | Actor Loss: -0.1686 | Entropy: 0.1555 | Invalid S/B: 0.00/0.00 | Max Load: 7.1 | Load Gap: 1.1
Epoch [434/500] | Sampled: 260.66 | Baseline: 265.34 | Improvement: 4.69 | Win Rate: 53.12% | Actor Loss: -0.0911 | Entropy: 0.1388 | Invalid S/B: 0.00/0.00 | Max Load: 7.1 | Load Gap: 1.1
Epoch [435/500] | Sampled: 261.50 | Baseline: 266.16 | Improvement: 4.66 | Win Rate: 62.50% | Actor Loss: -0.2308 | Entropy: 0.1267 | Invalid S/B: 0.00/0.00 | Max Load: 7.1 | Load Gap: 1.1
Epoch [436/500] | Sampled: 257.19 | Baseline: 269.28 | Improvement: 12.09 | Win Rate: 81.25% | Actor Loss: 0.0751 | Entropy: 0.1349 | Invalid S/B: 0.00/0.00 | Max Load: 7.2 | Load Gap: 1.2
Epoch [437/500] | Sampled: 254.41 | Baseline: 263.66 | Improvement: 9.25 | Win Rate: 71.88% | Actor Loss: -0.2340 | Entropy: 0.1461 | Invalid S/B: 0.00/0.00 | Max Load: 7.1 | Load Gap: 1.2
Epoch [438/500] | Sampled: 259.47 | Baseline: 268.72 | Improvement: 9.25 | Win Rate: 87.50% | Actor Loss: -0.1214 | Entropy: 0.1533 | Invalid S/B: 0.00/0.00 | Max Load: 7.2 | Load Gap: 1.2
Epoch [439/500] | Sampled: 259.28 | Baseline: 265.22 | Improvement: 5.94 | Win Rate: 56.25% | Actor Loss: -0.4985 | Entropy: 0.1431 | Invalid S/B: 0.00/0.00 | Max Load: 7.2 | Load Gap: 1.2
Epoch [440/500] | Sampled: 257.78 | Baseline: 264.31 | Improvement: 6.53 | Win Rate: 75.00% | Actor Loss: -0.3548 | Entropy: 0.1410 | Invalid S/B: 0.00/0.00 | Max Load: 7.2 | Load Gap: 1.2
Epoch [441/500] | Sampled: 259.81 | Baseline: 265.06 | Improvement: 5.25 | Win Rate: 65.62% | Actor Loss: 0.0149 | Entropy: 0.1497 | Invalid S/B: 0.00/0.00 | Max Load: 7.3 | Load Gap: 1.4
Epoch [442/500] | Sampled: 258.25 | Baseline: 266.19 | Improvement: 7.94 | Win Rate: 68.75% | Actor Loss: -0.1147 | Entropy: 0.1736 | Invalid S/B: 0.00/0.00 | Max Load: 7.2 | Load Gap: 1.2
Epoch [443/500] | Sampled: 260.03 | Baseline: 263.81 | Improvement: 3.78 | Win Rate: 71.88% | Actor Loss: 0.2283 | Entropy: 0.1445 | Invalid S/B: 0.00/0.00 | Max Load: 7.2 | Load Gap: 1.2
Epoch [444/500] | Sampled: 260.16 | Baseline: 265.53 | Improvement: 5.38 | Win Rate: 59.38% | Actor Loss: -0.3284 | Entropy: 0.1587 | Invalid S/B: 0.00/0.00 | Max Load: 7.1 | Load Gap: 1.1
Epoch [445/500] | Sampled: 260.75 | Baseline: 267.62 | Improvement: 6.88 | Win Rate: 68.75% | Actor Loss: -0.1626 | Entropy: 0.1795 | Invalid S/B: 0.00/0.00 | Max Load: 7.3 | Load Gap: 1.3
Epoch [446/500] | Sampled: 259.72 | Baseline: 266.38 | Improvement: 6.66 | Win Rate: 68.75% | Actor Loss: 0.2055 | Entropy: 0.1483 | Invalid S/B: 0.00/0.00 | Max Load: 7.2 | Load Gap: 1.2
Epoch [447/500] | Sampled: 256.25 | Baseline: 266.41 | Improvement: 10.16 | Win Rate: 84.38% | Actor Loss: -0.1738 | Entropy: 0.1466 | Invalid S/B: 0.00/0.00 | Max Load: 7.2 | Load Gap: 1.2
Epoch [448/500] | Sampled: 262.81 | Baseline: 264.12 | Improvement: 1.31 | Win Rate: 59.38% | Actor Loss: -0.1402 | Entropy: 0.1334 | Invalid S/B: 0.00/0.00 | Max Load: 7.2 | Load Gap: 1.3
Epoch [449/500] | Sampled: 263.62 | Baseline: 267.94 | Improvement: 4.31 | Win Rate: 68.75% | Actor Loss: -0.4398 | Entropy: 0.1439 | Invalid S/B: 0.00/0.00 | Max Load: 7.2 | Load Gap: 1.3
Epoch [450/500] | Sampled: 256.16 | Baseline: 266.97 | Improvement: 10.81 | Win Rate: 78.12% | Actor Loss: -0.4909 | Entropy: 0.1467 | Invalid S/B: 0.00/0.00 | Max Load: 7.2 | Load Gap: 1.2
   -> Validation | Samples: 50 | Makespan: 261.84 | Invalid Jobs: 0.00
Epoch [451/500] | Sampled: 259.47 | Baseline: 266.00 | Improvement: 6.53 | Win Rate: 62.50% | Actor Loss: -0.1965 | Entropy: 0.1375 | Invalid S/B: 0.00/0.00 | Max Load: 7.2 | Load Gap: 1.2
Epoch [452/500] | Sampled: 257.03 | Baseline: 270.72 | Improvement: 13.69 | Win Rate: 87.50% | Actor Loss: -0.4633 | Entropy: 0.1566 | Invalid S/B: 0.00/0.00 | Max Load: 7.2 | Load Gap: 1.2
Epoch [453/500] | Sampled: 260.25 | Baseline: 266.75 | Improvement: 6.50 | Win Rate: 62.50% | Actor Loss: -0.6930 | Entropy: 0.1517 | Invalid S/B: 0.00/0.00 | Max Load: 7.2 | Load Gap: 1.4
Epoch [454/500] | Sampled: 257.03 | Baseline: 265.75 | Improvement: 8.72 | Win Rate: 75.00% | Actor Loss: 0.4203 | Entropy: 0.1555 | Invalid S/B: 0.00/0.00 | Max Load: 7.2 | Load Gap: 1.2
Epoch [455/500] | Sampled: 257.50 | Baseline: 264.97 | Improvement: 7.47 | Win Rate: 71.88% | Actor Loss: -0.3746 | Entropy: 0.1491 | Invalid S/B: 0.00/0.00 | Max Load: 7.1 | Load Gap: 1.2
Epoch [456/500] | Sampled: 257.59 | Baseline: 263.88 | Improvement: 6.28 | Win Rate: 62.50% | Actor Loss: -0.1447 | Entropy: 0.1572 | Invalid S/B: 0.00/0.00 | Max Load: 7.2 | Load Gap: 1.2
Epoch [457/500] | Sampled: 257.97 | Baseline: 266.31 | Improvement: 8.34 | Win Rate: 71.88% | Actor Loss: -0.3096 | Entropy: 0.1380 | Invalid S/B: 0.00/0.00 | Max Load: 7.2 | Load Gap: 1.2
Epoch [458/500] | Sampled: 255.72 | Baseline: 268.03 | Improvement: 12.31 | Win Rate: 87.50% | Actor Loss: -0.0819 | Entropy: 0.1511 | Invalid S/B: 0.00/0.00 | Max Load: 7.1 | Load Gap: 1.1
Epoch [459/500] | Sampled: 260.72 | Baseline: 265.22 | Improvement: 4.50 | Win Rate: 59.38% | Actor Loss: 0.1845 | Entropy: 0.1594 | Invalid S/B: 0.00/0.00 | Max Load: 7.1 | Load Gap: 1.1
Epoch [460/500] | Sampled: 261.00 | Baseline: 269.28 | Improvement: 8.28 | Win Rate: 71.88% | Actor Loss: 0.3844 | Entropy: 0.1589 | Invalid S/B: 0.00/0.00 | Max Load: 7.2 | Load Gap: 1.2
Epoch [461/500] | Sampled: 257.12 | Baseline: 265.41 | Improvement: 8.28 | Win Rate: 71.88% | Actor Loss: -0.3884 | Entropy: 0.1503 | Invalid S/B: 0.00/0.00 | Max Load: 7.1 | Load Gap: 1.1
Epoch [462/500] | Sampled: 255.72 | Baseline: 264.06 | Improvement: 8.34 | Win Rate: 62.50% | Actor Loss: -0.2459 | Entropy: 0.1506 | Invalid S/B: 0.00/0.00 | Max Load: 7.1 | Load Gap: 1.1
Epoch [463/500] | Sampled: 258.44 | Baseline: 262.31 | Improvement: 3.88 | Win Rate: 59.38% | Actor Loss: -0.8013 | Entropy: 0.1593 | Invalid S/B: 0.00/0.00 | Max Load: 7.1 | Load Gap: 1.2
Epoch [464/500] | Sampled: 257.34 | Baseline: 265.78 | Improvement: 8.44 | Win Rate: 75.00% | Actor Loss: 0.0314 | Entropy: 0.1422 | Invalid S/B: 0.00/0.00 | Max Load: 7.2 | Load Gap: 1.3
Epoch [465/500] | Sampled: 256.31 | Baseline: 266.19 | Improvement: 9.88 | Win Rate: 81.25% | Actor Loss: 0.3948 | Entropy: 0.1574 | Invalid S/B: 0.00/0.00 | Max Load: 7.1 | Load Gap: 1.2
Epoch [466/500] | Sampled: 256.16 | Baseline: 268.16 | Improvement: 12.00 | Win Rate: 78.12% | Actor Loss: -0.1784 | Entropy: 0.1486 | Invalid S/B: 0.00/0.00 | Max Load: 7.2 | Load Gap: 1.2
Epoch [467/500] | Sampled: 258.44 | Baseline: 268.88 | Improvement: 10.44 | Win Rate: 84.38% | Actor Loss: 0.1003 | Entropy: 0.1649 | Invalid S/B: 0.00/0.00 | Max Load: 7.1 | Load Gap: 1.2
Epoch [468/500] | Sampled: 258.88 | Baseline: 261.94 | Improvement: 3.06 | Win Rate: 62.50% | Actor Loss: -0.0617 | Entropy: 0.1552 | Invalid S/B: 0.00/0.00 | Max Load: 7.1 | Load Gap: 1.2
Epoch [469/500] | Sampled: 259.03 | Baseline: 267.03 | Improvement: 8.00 | Win Rate: 84.38% | Actor Loss: -0.1291 | Entropy: 0.1592 | Invalid S/B: 0.00/0.00 | Max Load: 7.2 | Load Gap: 1.2
Epoch [470/500] | Sampled: 254.88 | Baseline: 268.44 | Improvement: 13.56 | Win Rate: 84.38% | Actor Loss: 0.1274 | Entropy: 0.1503 | Invalid S/B: 0.00/0.00 | Max Load: 7.2 | Load Gap: 1.2
Epoch [471/500] | Sampled: 258.25 | Baseline: 265.97 | Improvement: 7.72 | Win Rate: 75.00% | Actor Loss: -0.2214 | Entropy: 0.1408 | Invalid S/B: 0.00/0.00 | Max Load: 7.2 | Load Gap: 1.3
Epoch [472/500] | Sampled: 252.06 | Baseline: 267.06 | Improvement: 15.00 | Win Rate: 84.38% | Actor Loss: 0.8519 | Entropy: 0.1274 | Invalid S/B: 0.00/0.00 | Max Load: 7.0 | Load Gap: 1.0
Epoch [473/500] | Sampled: 256.03 | Baseline: 266.12 | Improvement: 10.09 | Win Rate: 81.25% | Actor Loss: 0.6688 | Entropy: 0.1628 | Invalid S/B: 0.00/0.00 | Max Load: 7.1 | Load Gap: 1.1
Epoch [474/500] | Sampled: 250.22 | Baseline: 264.31 | Improvement: 14.09 | Win Rate: 87.50% | Actor Loss: -0.2361 | Entropy: 0.1379 | Invalid S/B: 0.00/0.00 | Max Load: 7.1 | Load Gap: 1.1
Epoch [475/500] | Sampled: 253.59 | Baseline: 266.59 | Improvement: 13.00 | Win Rate: 84.38% | Actor Loss: 0.1576 | Entropy: 0.1563 | Invalid S/B: 0.00/0.00 | Max Load: 7.1 | Load Gap: 1.1
Epoch [476/500] | Sampled: 254.38 | Baseline: 265.22 | Improvement: 10.84 | Win Rate: 81.25% | Actor Loss: 0.0213 | Entropy: 0.1574 | Invalid S/B: 0.00/0.00 | Max Load: 7.2 | Load Gap: 1.2
Epoch [477/500] | Sampled: 249.53 | Baseline: 265.75 | Improvement: 16.22 | Win Rate: 90.62% | Actor Loss: 0.1097 | Entropy: 0.1663 | Invalid S/B: 0.00/0.00 | Max Load: 7.2 | Load Gap: 1.2
Epoch [478/500] | Sampled: 252.84 | Baseline: 266.03 | Improvement: 13.19 | Win Rate: 90.62% | Actor Loss: 0.2755 | Entropy: 0.1767 | Invalid S/B: 0.00/0.00 | Max Load: 7.2 | Load Gap: 1.2
Epoch [479/500] | Sampled: 254.12 | Baseline: 264.38 | Improvement: 10.25 | Win Rate: 75.00% | Actor Loss: 0.2816 | Entropy: 0.1500 | Invalid S/B: 0.00/0.00 | Max Load: 7.2 | Load Gap: 1.2
Epoch [480/500] | Sampled: 252.75 | Baseline: 267.91 | Improvement: 15.16 | Win Rate: 90.62% | Actor Loss: 0.2139 | Entropy: 0.1756 | Invalid S/B: 0.00/0.00 | Max Load: 7.1 | Load Gap: 1.1
Epoch [481/500] | Sampled: 252.44 | Baseline: 263.72 | Improvement: 11.28 | Win Rate: 78.12% | Actor Loss: -0.1129 | Entropy: 0.1805 | Invalid S/B: 0.00/0.00 | Max Load: 7.1 | Load Gap: 1.1
Epoch [482/500] | Sampled: 251.50 | Baseline: 263.28 | Improvement: 11.78 | Win Rate: 78.12% | Actor Loss: 0.3603 | Entropy: 0.1495 | Invalid S/B: 0.00/0.00 | Max Load: 7.2 | Load Gap: 1.2
Epoch [483/500] | Sampled: 255.41 | Baseline: 264.91 | Improvement: 9.50 | Win Rate: 71.88% | Actor Loss: -0.4890 | Entropy: 0.1710 | Invalid S/B: 0.00/0.00 | Max Load: 7.2 | Load Gap: 1.2
Epoch [484/500] | Sampled: 257.41 | Baseline: 264.97 | Improvement: 7.56 | Win Rate: 78.12% | Actor Loss: -0.1012 | Entropy: 0.1659 | Invalid S/B: 0.00/0.00 | Max Load: 7.2 | Load Gap: 1.2
Epoch [485/500] | Sampled: 252.97 | Baseline: 265.59 | Improvement: 12.62 | Win Rate: 78.12% | Actor Loss: 0.2547 | Entropy: 0.1753 | Invalid S/B: 0.00/0.00 | Max Load: 7.2 | Load Gap: 1.2
Epoch [486/500] | Sampled: 258.66 | Baseline: 269.44 | Improvement: 10.78 | Win Rate: 75.00% | Actor Loss: 0.1893 | Entropy: 0.1794 | Invalid S/B: 0.00/0.00 | Max Load: 7.2 | Load Gap: 1.2
Epoch [487/500] | Sampled: 260.53 | Baseline: 267.62 | Improvement: 7.09 | Win Rate: 68.75% | Actor Loss: 0.0826 | Entropy: 0.1844 | Invalid S/B: 0.00/0.00 | Max Load: 7.2 | Load Gap: 1.2
Epoch [488/500] | Sampled: 255.53 | Baseline: 266.59 | Improvement: 11.06 | Win Rate: 84.38% | Actor Loss: -0.5889 | Entropy: 0.1812 | Invalid S/B: 0.00/0.00 | Max Load: 7.1 | Load Gap: 1.1
Epoch [489/500] | Sampled: 256.59 | Baseline: 266.62 | Improvement: 10.03 | Win Rate: 71.88% | Actor Loss: -0.1165 | Entropy: 0.1639 | Invalid S/B: 0.00/0.00 | Max Load: 7.1 | Load Gap: 1.1
Epoch [490/500] | Sampled: 254.72 | Baseline: 264.75 | Improvement: 10.03 | Win Rate: 81.25% | Actor Loss: -0.2642 | Entropy: 0.1496 | Invalid S/B: 0.00/0.00 | Max Load: 7.2 | Load Gap: 1.2
Epoch [491/500] | Sampled: 253.53 | Baseline: 267.66 | Improvement: 14.12 | Win Rate: 84.38% | Actor Loss: -0.2925 | Entropy: 0.1587 | Invalid S/B: 0.00/0.00 | Max Load: 7.2 | Load Gap: 1.2
Epoch [492/500] | Sampled: 260.53 | Baseline: 267.84 | Improvement: 7.31 | Win Rate: 68.75% | Actor Loss: -0.4462 | Entropy: 0.1546 | Invalid S/B: 0.00/0.00 | Max Load: 7.1 | Load Gap: 1.2
Epoch [493/500] | Sampled: 255.66 | Baseline: 266.16 | Improvement: 10.50 | Win Rate: 75.00% | Actor Loss: 0.2538 | Entropy: 0.1717 | Invalid S/B: 0.00/0.00 | Max Load: 7.1 | Load Gap: 1.1
Epoch [494/500] | Sampled: 254.66 | Baseline: 264.25 | Improvement: 9.59 | Win Rate: 81.25% | Actor Loss: 0.1619 | Entropy: 0.1540 | Invalid S/B: 0.00/0.00 | Max Load: 7.1 | Load Gap: 1.1
Epoch [495/500] | Sampled: 258.50 | Baseline: 266.19 | Improvement: 7.69 | Win Rate: 81.25% | Actor Loss: -0.4509 | Entropy: 0.1594 | Invalid S/B: 0.00/0.00 | Max Load: 7.2 | Load Gap: 1.2
Epoch [496/500] | Sampled: 256.16 | Baseline: 267.16 | Improvement: 11.00 | Win Rate: 81.25% | Actor Loss: -0.1484 | Entropy: 0.1755 | Invalid S/B: 0.00/0.00 | Max Load: 7.2 | Load Gap: 1.2
Epoch [497/500] | Sampled: 260.25 | Baseline: 269.03 | Improvement: 8.78 | Win Rate: 71.88% | Actor Loss: -0.2538 | Entropy: 0.1673 | Invalid S/B: 0.00/0.00 | Max Load: 7.1 | Load Gap: 1.1
Epoch [498/500] | Sampled: 256.28 | Baseline: 265.91 | Improvement: 9.62 | Win Rate: 81.25% | Actor Loss: 0.0658 | Entropy: 0.1669 | Invalid S/B: 0.00/0.00 | Max Load: 7.2 | Load Gap: 1.2
Epoch [499/500] | Sampled: 255.31 | Baseline: 264.41 | Improvement: 9.09 | Win Rate: 78.12% | Actor Loss: 0.3174 | Entropy: 0.1507 | Invalid S/B: 0.00/0.00 | Max Load: 7.2 | Load Gap: 1.2
Epoch [500/500] | Sampled: 256.84 | Baseline: 268.19 | Improvement: 11.34 | Win Rate: 87.50% | Actor Loss: 0.0905 | Entropy: 0.1726 | Invalid S/B: 0.00/0.00 | Max Load: 7.1 | Load Gap: 1.2
   -> Validation | Samples: 50 | Makespan: 249.88 | Invalid Jobs: 0.00
   -> Saved updated training chart to /home/wei/AMR-DFJSP/Static_alogorithm/Attention/attention_training_metrics.png
