Training on: cuda
Loaded 100 dispatch events from /home/wei/AMR-DFJSP/test_case/static/dispatch_inbox_20.jsonl
Loaded 50 dispatch events from /home/wei/AMR-DFJSP/test_case/static/dispatch_validation_20.jsonl
Loaded 50 validation event(s).
Starting Attention Precise REINFORCE training with dispatch baseline 'fifo+earliest_available' (stepwise).
Epoch [1/500] | Sampled: 382.94 | Baseline: 264.84 | Improvement: -118.09 | Win Rate: 0.00% | Actor Loss: 3.0669 | Entropy: 3.2135 | Invalid S/B: 0.00/0.00 | Max Load: 9.0 | Load Gap: 4.4
   -> Validation | Samples: 50 | Makespan: 268.16 | Invalid Jobs: 0.00
   -> Saved new best model (Val Makespan: 268.16)
   -> Saved updated training chart to /home/wei/AMR-DFJSP/Static_alogorithm/Attention/attention_precise_training_metrics.png
Epoch [2/500] | Sampled: 337.28 | Baseline: 266.44 | Improvement: -70.84 | Win Rate: 0.00% | Actor Loss: 1.3757 | Entropy: 3.2052 | Invalid S/B: 0.00/0.00 | Max Load: 8.2 | Load Gap: 3.1
Epoch [3/500] | Sampled: 328.28 | Baseline: 264.66 | Improvement: -63.62 | Win Rate: 3.12% | Actor Loss: 0.6306 | Entropy: 3.1811 | Invalid S/B: 0.00/0.00 | Max Load: 8.0 | Load Gap: 2.7
Epoch [4/500] | Sampled: 326.69 | Baseline: 262.31 | Improvement: -64.38 | Win Rate: 0.00% | Actor Loss: 0.5084 | Entropy: 3.1411 | Invalid S/B: 0.00/0.00 | Max Load: 8.0 | Load Gap: 2.4
Epoch [5/500] | Sampled: 310.47 | Baseline: 263.25 | Improvement: -47.22 | Win Rate: 3.12% | Actor Loss: -1.3648 | Entropy: 3.0889 | Invalid S/B: 0.00/0.00 | Max Load: 7.8 | Load Gap: 2.3
Epoch [6/500] | Sampled: 293.91 | Baseline: 268.47 | Improvement: -25.44 | Win Rate: 15.62% | Actor Loss: -1.4007 | Entropy: 3.0188 | Invalid S/B: 0.00/0.00 | Max Load: 7.2 | Load Gap: 1.4
Epoch [7/500] | Sampled: 276.12 | Baseline: 269.00 | Improvement: -7.12 | Win Rate: 34.38% | Actor Loss: -1.7750 | Entropy: 2.9221 | Invalid S/B: 0.00/0.00 | Max Load: 7.2 | Load Gap: 1.3
Epoch [8/500] | Sampled: 280.59 | Baseline: 264.09 | Improvement: -16.50 | Win Rate: 18.75% | Actor Loss: -1.1892 | Entropy: 2.7807 | Invalid S/B: 0.00/0.00 | Max Load: 7.1 | Load Gap: 1.2
Epoch [9/500] | Sampled: 276.47 | Baseline: 264.66 | Improvement: -11.81 | Win Rate: 18.75% | Actor Loss: -2.5323 | Entropy: 2.5870 | Invalid S/B: 0.00/0.00 | Max Load: 7.1 | Load Gap: 1.2
Epoch [10/500] | Sampled: 270.16 | Baseline: 264.19 | Improvement: -5.97 | Win Rate: 34.38% | Actor Loss: -2.3227 | Entropy: 2.3978 | Invalid S/B: 0.00/0.00 | Max Load: 7.1 | Load Gap: 1.1
Epoch [11/500] | Sampled: 268.94 | Baseline: 266.59 | Improvement: -2.34 | Win Rate: 43.75% | Actor Loss: -0.5980 | Entropy: 2.2614 | Invalid S/B: 0.00/0.00 | Max Load: 7.0 | Load Gap: 1.0
Epoch [12/500] | Sampled: 268.59 | Baseline: 263.88 | Improvement: -4.72 | Win Rate: 31.25% | Actor Loss: -0.7324 | Entropy: 2.2237 | Invalid S/B: 0.00/0.00 | Max Load: 7.1 | Load Gap: 1.1
Epoch [13/500] | Sampled: 264.34 | Baseline: 264.25 | Improvement: -0.09 | Win Rate: 40.62% | Actor Loss: -0.8647 | Entropy: 2.2009 | Invalid S/B: 0.00/0.00 | Max Load: 7.1 | Load Gap: 1.1
Epoch [14/500] | Sampled: 270.41 | Baseline: 265.94 | Improvement: -4.47 | Win Rate: 34.38% | Actor Loss: -0.4931 | Entropy: 2.1781 | Invalid S/B: 0.00/0.00 | Max Load: 7.1 | Load Gap: 1.1
Epoch [15/500] | Sampled: 267.94 | Baseline: 266.25 | Improvement: -1.69 | Win Rate: 43.75% | Actor Loss: -0.5503 | Entropy: 2.1642 | Invalid S/B: 0.00/0.00 | Max Load: 7.1 | Load Gap: 1.1
Epoch [16/500] | Sampled: 266.38 | Baseline: 264.78 | Improvement: -1.59 | Win Rate: 43.75% | Actor Loss: 0.2718 | Entropy: 2.1573 | Invalid S/B: 0.00/0.00 | Max Load: 7.0 | Load Gap: 1.0
Epoch [17/500] | Sampled: 269.19 | Baseline: 266.62 | Improvement: -2.56 | Win Rate: 43.75% | Actor Loss: 0.5745 | Entropy: 2.1419 | Invalid S/B: 0.00/0.00 | Max Load: 7.0 | Load Gap: 1.0
Epoch [18/500] | Sampled: 268.62 | Baseline: 266.47 | Improvement: -2.16 | Win Rate: 50.00% | Actor Loss: 0.0859 | Entropy: 2.1331 | Invalid S/B: 0.00/0.00 | Max Load: 7.0 | Load Gap: 1.0
Epoch [19/500] | Sampled: 265.34 | Baseline: 262.53 | Improvement: -2.81 | Win Rate: 37.50% | Actor Loss: -0.1948 | Entropy: 2.1438 | Invalid S/B: 0.00/0.00 | Max Load: 7.0 | Load Gap: 1.0
Epoch [20/500] | Sampled: 267.28 | Baseline: 268.94 | Improvement: 1.66 | Win Rate: 56.25% | Actor Loss: -0.1395 | Entropy: 2.1386 | Invalid S/B: 0.00/0.00 | Max Load: 7.0 | Load Gap: 1.0
Epoch [21/500] | Sampled: 263.81 | Baseline: 263.69 | Improvement: -0.12 | Win Rate: 46.88% | Actor Loss: -0.3296 | Entropy: 2.1572 | Invalid S/B: 0.00/0.00 | Max Load: 7.0 | Load Gap: 1.0
Epoch [22/500] | Sampled: 265.94 | Baseline: 264.06 | Improvement: -1.88 | Win Rate: 37.50% | Actor Loss: -0.6530 | Entropy: 2.1490 | Invalid S/B: 0.00/0.00 | Max Load: 7.0 | Load Gap: 1.0
Epoch [23/500] | Sampled: 264.78 | Baseline: 264.00 | Improvement: -0.78 | Win Rate: 43.75% | Actor Loss: -0.2552 | Entropy: 2.1413 | Invalid S/B: 0.00/0.00 | Max Load: 7.0 | Load Gap: 1.0
Epoch [24/500] | Sampled: 263.69 | Baseline: 266.44 | Improvement: 2.75 | Win Rate: 62.50% | Actor Loss: -0.1517 | Entropy: 2.1447 | Invalid S/B: 0.00/0.00 | Max Load: 7.2 | Load Gap: 1.2
Epoch [25/500] | Sampled: 268.47 | Baseline: 266.06 | Improvement: -2.41 | Win Rate: 40.62% | Actor Loss: 0.1157 | Entropy: 2.1453 | Invalid S/B: 0.00/0.00 | Max Load: 7.1 | Load Gap: 1.1
Epoch [26/500] | Sampled: 270.12 | Baseline: 265.91 | Improvement: -4.22 | Win Rate: 37.50% | Actor Loss: 0.0620 | Entropy: 2.1763 | Invalid S/B: 0.00/0.00 | Max Load: 7.1 | Load Gap: 1.1
Epoch [27/500] | Sampled: 268.97 | Baseline: 264.72 | Improvement: -4.25 | Win Rate: 25.00% | Actor Loss: -0.7854 | Entropy: 2.2066 | Invalid S/B: 0.00/0.00 | Max Load: 7.0 | Load Gap: 1.0
Epoch [28/500] | Sampled: 269.12 | Baseline: 265.47 | Improvement: -3.66 | Win Rate: 31.25% | Actor Loss: -0.8630 | Entropy: 2.2127 | Invalid S/B: 0.00/0.00 | Max Load: 7.1 | Load Gap: 1.1
Epoch [29/500] | Sampled: 267.41 | Baseline: 266.53 | Improvement: -0.88 | Win Rate: 53.12% | Actor Loss: -0.4792 | Entropy: 2.2171 | Invalid S/B: 0.00/0.00 | Max Load: 7.0 | Load Gap: 1.0
Epoch [30/500] | Sampled: 265.31 | Baseline: 266.56 | Improvement: 1.25 | Win Rate: 53.12% | Actor Loss: -0.1685 | Entropy: 2.2145 | Invalid S/B: 0.00/0.00 | Max Load: 7.1 | Load Gap: 1.1
Epoch [31/500] | Sampled: 269.12 | Baseline: 265.22 | Improvement: -3.91 | Win Rate: 40.62% | Actor Loss: -0.4613 | Entropy: 2.2161 | Invalid S/B: 0.03/0.00 | Max Load: 7.2 | Load Gap: 1.2
Epoch [32/500] | Sampled: 264.22 | Baseline: 264.91 | Improvement: 0.69 | Win Rate: 62.50% | Actor Loss: 0.2002 | Entropy: 2.2095 | Invalid S/B: 0.00/0.00 | Max Load: 7.0 | Load Gap: 1.0
Epoch [33/500] | Sampled: 268.62 | Baseline: 268.06 | Improvement: -0.56 | Win Rate: 40.62% | Actor Loss: -0.4791 | Entropy: 2.2101 | Invalid S/B: 0.00/0.00 | Max Load: 7.1 | Load Gap: 1.1
Epoch [34/500] | Sampled: 264.41 | Baseline: 261.53 | Improvement: -2.88 | Win Rate: 37.50% | Actor Loss: -0.6121 | Entropy: 2.2112 | Invalid S/B: 0.00/0.00 | Max Load: 7.0 | Load Gap: 1.0
Epoch [35/500] | Sampled: 264.41 | Baseline: 261.84 | Improvement: -2.56 | Win Rate: 37.50% | Actor Loss: -0.9669 | Entropy: 2.2035 | Invalid S/B: 0.00/0.00 | Max Load: 7.1 | Load Gap: 1.1
Epoch [36/500] | Sampled: 266.91 | Baseline: 267.47 | Improvement: 0.56 | Win Rate: 56.25% | Actor Loss: 0.0354 | Entropy: 2.2025 | Invalid S/B: 0.00/0.00 | Max Load: 7.0 | Load Gap: 1.0
Epoch [37/500] | Sampled: 268.31 | Baseline: 265.69 | Improvement: -2.62 | Win Rate: 34.38% | Actor Loss: -0.6440 | Entropy: 2.1957 | Invalid S/B: 0.00/0.00 | Max Load: 7.0 | Load Gap: 1.0
Epoch [38/500] | Sampled: 269.56 | Baseline: 266.78 | Improvement: -2.78 | Win Rate: 31.25% | Actor Loss: -0.7647 | Entropy: 2.1945 | Invalid S/B: 0.00/0.00 | Max Load: 7.0 | Load Gap: 1.0
Epoch [39/500] | Sampled: 266.38 | Baseline: 266.25 | Improvement: -0.12 | Win Rate: 40.62% | Actor Loss: -0.9464 | Entropy: 2.1874 | Invalid S/B: 0.00/0.00 | Max Load: 7.1 | Load Gap: 1.1
Epoch [40/500] | Sampled: 264.31 | Baseline: 266.22 | Improvement: 1.91 | Win Rate: 59.38% | Actor Loss: 0.1781 | Entropy: 2.1826 | Invalid S/B: 0.00/0.00 | Max Load: 7.1 | Load Gap: 1.1
Epoch [41/500] | Sampled: 264.78 | Baseline: 264.59 | Improvement: -0.19 | Win Rate: 53.12% | Actor Loss: -0.5890 | Entropy: 2.1650 | Invalid S/B: 0.00/0.00 | Max Load: 7.0 | Load Gap: 1.0
Epoch [42/500] | Sampled: 265.84 | Baseline: 265.97 | Improvement: 0.12 | Win Rate: 43.75% | Actor Loss: -0.0978 | Entropy: 2.1637 | Invalid S/B: 0.00/0.00 | Max Load: 7.0 | Load Gap: 1.0
Epoch [43/500] | Sampled: 262.38 | Baseline: 266.75 | Improvement: 4.38 | Win Rate: 62.50% | Actor Loss: -0.3472 | Entropy: 2.1689 | Invalid S/B: 0.00/0.00 | Max Load: 7.1 | Load Gap: 1.1
Epoch [44/500] | Sampled: 263.16 | Baseline: 264.72 | Improvement: 1.56 | Win Rate: 59.38% | Actor Loss: -0.0684 | Entropy: 2.1659 | Invalid S/B: 0.00/0.00 | Max Load: 7.0 | Load Gap: 1.0
Epoch [45/500] | Sampled: 266.19 | Baseline: 265.62 | Improvement: -0.56 | Win Rate: 40.62% | Actor Loss: -0.4157 | Entropy: 2.1616 | Invalid S/B: 0.00/0.00 | Max Load: 7.0 | Load Gap: 1.0
Epoch [46/500] | Sampled: 264.47 | Baseline: 263.16 | Improvement: -1.31 | Win Rate: 46.88% | Actor Loss: 0.0249 | Entropy: 2.1548 | Invalid S/B: 0.00/0.00 | Max Load: 7.0 | Load Gap: 1.0
Epoch [47/500] | Sampled: 267.31 | Baseline: 266.28 | Improvement: -1.03 | Win Rate: 46.88% | Actor Loss: -1.2131 | Entropy: 2.1557 | Invalid S/B: 0.00/0.00 | Max Load: 7.1 | Load Gap: 1.1
Epoch [48/500] | Sampled: 266.94 | Baseline: 262.84 | Improvement: -4.09 | Win Rate: 21.88% | Actor Loss: -0.8721 | Entropy: 2.1505 | Invalid S/B: 0.00/0.00 | Max Load: 7.2 | Load Gap: 1.2
Epoch [49/500] | Sampled: 266.69 | Baseline: 266.34 | Improvement: -0.34 | Win Rate: 53.12% | Actor Loss: -0.6359 | Entropy: 2.1311 | Invalid S/B: 0.00/0.00 | Max Load: 7.0 | Load Gap: 1.0
Epoch [50/500] | Sampled: 264.94 | Baseline: 266.16 | Improvement: 1.22 | Win Rate: 50.00% | Actor Loss: -0.4242 | Entropy: 2.1305 | Invalid S/B: 0.00/0.00 | Max Load: 7.1 | Load Gap: 1.1
   -> Validation | Samples: 50 | Makespan: 265.94 | Invalid Jobs: 0.00
   -> Saved new best model (Val Makespan: 265.94)
Epoch [51/500] | Sampled: 263.66 | Baseline: 266.41 | Improvement: 2.75 | Win Rate: 62.50% | Actor Loss: -1.0919 | Entropy: 2.1185 | Invalid S/B: 0.00/0.00 | Max Load: 7.1 | Load Gap: 1.1
Epoch [52/500] | Sampled: 263.88 | Baseline: 264.31 | Improvement: 0.44 | Win Rate: 53.12% | Actor Loss: -1.1729 | Entropy: 2.0928 | Invalid S/B: 0.00/0.00 | Max Load: 7.1 | Load Gap: 1.1
Epoch [53/500] | Sampled: 266.25 | Baseline: 265.66 | Improvement: -0.59 | Win Rate: 50.00% | Actor Loss: -1.1312 | Entropy: 2.0634 | Invalid S/B: 0.00/0.00 | Max Load: 7.0 | Load Gap: 1.0
Epoch [54/500] | Sampled: 263.72 | Baseline: 259.47 | Improvement: -4.25 | Win Rate: 40.62% | Actor Loss: -2.0294 | Entropy: 2.0248 | Invalid S/B: 0.00/0.00 | Max Load: 7.0 | Load Gap: 1.0
Epoch [55/500] | Sampled: 265.25 | Baseline: 265.91 | Improvement: 0.66 | Win Rate: 59.38% | Actor Loss: 0.3656 | Entropy: 1.9772 | Invalid S/B: 0.00/0.00 | Max Load: 7.0 | Load Gap: 1.0
Epoch [56/500] | Sampled: 266.22 | Baseline: 269.47 | Improvement: 3.25 | Win Rate: 65.62% | Actor Loss: -0.2475 | Entropy: 1.9211 | Invalid S/B: 0.00/0.00 | Max Load: 7.0 | Load Gap: 1.0
Epoch [57/500] | Sampled: 263.47 | Baseline: 264.19 | Improvement: 0.72 | Win Rate: 50.00% | Actor Loss: -1.6779 | Entropy: 1.9043 | Invalid S/B: 0.00/0.00 | Max Load: 7.0 | Load Gap: 1.0
Epoch [58/500] | Sampled: 265.91 | Baseline: 266.50 | Improvement: 0.59 | Win Rate: 40.62% | Actor Loss: -0.2568 | Entropy: 1.8626 | Invalid S/B: 0.00/0.00 | Max Load: 7.1 | Load Gap: 1.1
Epoch [59/500] | Sampled: 264.75 | Baseline: 264.78 | Improvement: 0.03 | Win Rate: 53.12% | Actor Loss: -0.6446 | Entropy: 1.8416 | Invalid S/B: 0.00/0.00 | Max Load: 7.0 | Load Gap: 1.0
Epoch [60/500] | Sampled: 268.09 | Baseline: 267.09 | Improvement: -1.00 | Win Rate: 37.50% | Actor Loss: -0.6811 | Entropy: 1.8683 | Invalid S/B: 0.00/0.00 | Max Load: 7.0 | Load Gap: 1.0
Epoch [61/500] | Sampled: 264.81 | Baseline: 267.31 | Improvement: 2.50 | Win Rate: 46.88% | Actor Loss: 0.8900 | Entropy: 1.8421 | Invalid S/B: 0.00/0.00 | Max Load: 7.0 | Load Gap: 1.0
Epoch [62/500] | Sampled: 263.69 | Baseline: 264.81 | Improvement: 1.12 | Win Rate: 50.00% | Actor Loss: -1.8622 | Entropy: 1.8781 | Invalid S/B: 0.00/0.00 | Max Load: 7.1 | Load Gap: 1.1
Epoch [63/500] | Sampled: 263.81 | Baseline: 262.97 | Improvement: -0.84 | Win Rate: 40.62% | Actor Loss: -1.1924 | Entropy: 1.8676 | Invalid S/B: 0.00/0.00 | Max Load: 7.0 | Load Gap: 1.0
Epoch [64/500] | Sampled: 263.34 | Baseline: 264.41 | Improvement: 1.06 | Win Rate: 50.00% | Actor Loss: -1.9245 | Entropy: 1.8673 | Invalid S/B: 0.00/0.00 | Max Load: 7.1 | Load Gap: 1.1
Epoch [65/500] | Sampled: 265.75 | Baseline: 267.56 | Improvement: 1.81 | Win Rate: 65.62% | Actor Loss: 0.3654 | Entropy: 1.8271 | Invalid S/B: 0.00/0.00 | Max Load: 7.0 | Load Gap: 1.0
Epoch [66/500] | Sampled: 261.81 | Baseline: 262.69 | Improvement: 0.88 | Win Rate: 46.88% | Actor Loss: -2.0177 | Entropy: 1.8373 | Invalid S/B: 0.00/0.00 | Max Load: 7.0 | Load Gap: 1.0
Epoch [67/500] | Sampled: 262.00 | Baseline: 266.53 | Improvement: 4.53 | Win Rate: 65.62% | Actor Loss: 0.2691 | Entropy: 1.7761 | Invalid S/B: 0.00/0.00 | Max Load: 7.0 | Load Gap: 1.0
Epoch [68/500] | Sampled: 266.25 | Baseline: 266.62 | Improvement: 0.38 | Win Rate: 56.25% | Actor Loss: -1.0478 | Entropy: 1.8028 | Invalid S/B: 0.00/0.00 | Max Load: 7.1 | Load Gap: 1.1
Epoch [69/500] | Sampled: 265.38 | Baseline: 265.44 | Improvement: 0.06 | Win Rate: 43.75% | Actor Loss: -0.1624 | Entropy: 1.7804 | Invalid S/B: 0.03/0.00 | Max Load: 7.0 | Load Gap: 1.1
Epoch [70/500] | Sampled: 261.38 | Baseline: 266.81 | Improvement: 5.44 | Win Rate: 71.88% | Actor Loss: -1.2597 | Entropy: 1.8002 | Invalid S/B: 0.00/0.00 | Max Load: 7.0 | Load Gap: 1.0
Epoch [71/500] | Sampled: 263.31 | Baseline: 264.91 | Improvement: 1.59 | Win Rate: 56.25% | Actor Loss: -1.1045 | Entropy: 1.7794 | Invalid S/B: 0.00/0.00 | Max Load: 7.1 | Load Gap: 1.1
Epoch [72/500] | Sampled: 262.75 | Baseline: 266.38 | Improvement: 3.62 | Win Rate: 68.75% | Actor Loss: 0.3928 | Entropy: 1.7855 | Invalid S/B: 0.00/0.00 | Max Load: 7.0 | Load Gap: 1.0
Epoch [73/500] | Sampled: 262.94 | Baseline: 267.72 | Improvement: 4.78 | Win Rate: 68.75% | Actor Loss: 0.7646 | Entropy: 1.8040 | Invalid S/B: 0.00/0.00 | Max Load: 7.0 | Load Gap: 1.0
Epoch [74/500] | Sampled: 263.12 | Baseline: 266.44 | Improvement: 3.31 | Win Rate: 56.25% | Actor Loss: -1.5150 | Entropy: 1.8587 | Invalid S/B: 0.00/0.00 | Max Load: 7.1 | Load Gap: 1.1
Epoch [75/500] | Sampled: 264.66 | Baseline: 268.03 | Improvement: 3.38 | Win Rate: 53.12% | Actor Loss: -0.7581 | Entropy: 1.8696 | Invalid S/B: 0.00/0.00 | Max Load: 7.1 | Load Gap: 1.1
Epoch [76/500] | Sampled: 261.94 | Baseline: 263.12 | Improvement: 1.19 | Win Rate: 46.88% | Actor Loss: -1.6243 | Entropy: 1.8587 | Invalid S/B: 0.00/0.00 | Max Load: 7.1 | Load Gap: 1.1
Epoch [77/500] | Sampled: 261.81 | Baseline: 267.81 | Improvement: 6.00 | Win Rate: 68.75% | Actor Loss: -0.5658 | Entropy: 1.8054 | Invalid S/B: 0.00/0.00 | Max Load: 7.0 | Load Gap: 1.0
Epoch [78/500] | Sampled: 261.06 | Baseline: 266.09 | Improvement: 5.03 | Win Rate: 59.38% | Actor Loss: -2.1000 | Entropy: 1.7576 | Invalid S/B: 0.00/0.00 | Max Load: 7.1 | Load Gap: 1.1
Epoch [79/500] | Sampled: 262.03 | Baseline: 266.81 | Improvement: 4.78 | Win Rate: 59.38% | Actor Loss: -1.2191 | Entropy: 1.7366 | Invalid S/B: 0.00/0.00 | Max Load: 7.0 | Load Gap: 1.0
Epoch [80/500] | Sampled: 260.19 | Baseline: 265.91 | Improvement: 5.72 | Win Rate: 62.50% | Actor Loss: -1.1487 | Entropy: 1.6709 | Invalid S/B: 0.00/0.00 | Max Load: 7.1 | Load Gap: 1.1
Epoch [81/500] | Sampled: 261.22 | Baseline: 262.91 | Improvement: 1.69 | Win Rate: 50.00% | Actor Loss: -0.7177 | Entropy: 1.6705 | Invalid S/B: 0.00/0.00 | Max Load: 7.1 | Load Gap: 1.1
Epoch [82/500] | Sampled: 256.41 | Baseline: 264.97 | Improvement: 8.56 | Win Rate: 59.38% | Actor Loss: -0.7347 | Entropy: 1.7124 | Invalid S/B: 0.00/0.00 | Max Load: 7.1 | Load Gap: 1.1
Epoch [83/500] | Sampled: 259.12 | Baseline: 268.94 | Improvement: 9.81 | Win Rate: 81.25% | Actor Loss: 0.7545 | Entropy: 1.6841 | Invalid S/B: 0.00/0.00 | Max Load: 7.0 | Load Gap: 1.0
Epoch [84/500] | Sampled: 258.62 | Baseline: 267.31 | Improvement: 8.69 | Win Rate: 75.00% | Actor Loss: -1.3449 | Entropy: 1.6998 | Invalid S/B: 0.00/0.00 | Max Load: 7.0 | Load Gap: 1.0
Epoch [85/500] | Sampled: 257.22 | Baseline: 266.97 | Improvement: 9.75 | Win Rate: 81.25% | Actor Loss: -0.9108 | Entropy: 1.6659 | Invalid S/B: 0.00/0.00 | Max Load: 7.1 | Load Gap: 1.1
Epoch [86/500] | Sampled: 256.06 | Baseline: 264.91 | Improvement: 8.84 | Win Rate: 68.75% | Actor Loss: -4.1434 | Entropy: 1.6043 | Invalid S/B: 0.00/0.00 | Max Load: 7.2 | Load Gap: 1.2
Epoch [87/500] | Sampled: 258.34 | Baseline: 264.97 | Improvement: 6.62 | Win Rate: 75.00% | Actor Loss: -1.3361 | Entropy: 1.5801 | Invalid S/B: 0.00/0.00 | Max Load: 7.1 | Load Gap: 1.1
Epoch [88/500] | Sampled: 260.09 | Baseline: 265.88 | Improvement: 5.78 | Win Rate: 71.88% | Actor Loss: -3.5568 | Entropy: 1.5312 | Invalid S/B: 0.03/0.00 | Max Load: 7.1 | Load Gap: 1.1
Epoch [89/500] | Sampled: 257.94 | Baseline: 265.34 | Improvement: 7.41 | Win Rate: 78.12% | Actor Loss: -0.3222 | Entropy: 1.4301 | Invalid S/B: 0.00/0.00 | Max Load: 7.0 | Load Gap: 1.0
Epoch [90/500] | Sampled: 258.09 | Baseline: 267.53 | Improvement: 9.44 | Win Rate: 81.25% | Actor Loss: -2.8367 | Entropy: 1.3430 | Invalid S/B: 0.00/0.00 | Max Load: 7.1 | Load Gap: 1.1
Epoch [91/500] | Sampled: 260.31 | Baseline: 266.16 | Improvement: 5.84 | Win Rate: 75.00% | Actor Loss: -1.6649 | Entropy: 1.2675 | Invalid S/B: 0.00/0.00 | Max Load: 7.1 | Load Gap: 1.1
Epoch [92/500] | Sampled: 254.31 | Baseline: 267.09 | Improvement: 12.78 | Win Rate: 87.50% | Actor Loss: 0.3289 | Entropy: 1.1922 | Invalid S/B: 0.00/0.00 | Max Load: 7.1 | Load Gap: 1.1
Epoch [93/500] | Sampled: 253.06 | Baseline: 265.66 | Improvement: 12.59 | Win Rate: 90.62% | Actor Loss: -0.3165 | Entropy: 1.1631 | Invalid S/B: 0.00/0.00 | Max Load: 7.1 | Load Gap: 1.1
Epoch [94/500] | Sampled: 259.59 | Baseline: 264.16 | Improvement: 4.56 | Win Rate: 68.75% | Actor Loss: -0.6577 | Entropy: 1.1667 | Invalid S/B: 0.03/0.00 | Max Load: 7.1 | Load Gap: 1.1
Epoch [95/500] | Sampled: 259.84 | Baseline: 266.28 | Improvement: 6.44 | Win Rate: 68.75% | Actor Loss: -1.7430 | Entropy: 1.1214 | Invalid S/B: 0.00/0.00 | Max Load: 7.1 | Load Gap: 1.1
Epoch [96/500] | Sampled: 261.59 | Baseline: 269.25 | Improvement: 7.66 | Win Rate: 75.00% | Actor Loss: -1.1536 | Entropy: 1.1188 | Invalid S/B: 0.00/0.00 | Max Load: 7.0 | Load Gap: 1.0
Epoch [97/500] | Sampled: 258.53 | Baseline: 262.41 | Improvement: 3.88 | Win Rate: 56.25% | Actor Loss: -3.3519 | Entropy: 1.1211 | Invalid S/B: 0.00/0.00 | Max Load: 7.1 | Load Gap: 1.1
Epoch [98/500] | Sampled: 257.00 | Baseline: 266.44 | Improvement: 9.44 | Win Rate: 71.88% | Actor Loss: -2.6194 | Entropy: 1.1775 | Invalid S/B: 0.00/0.00 | Max Load: 7.0 | Load Gap: 1.0
Epoch [99/500] | Sampled: 258.66 | Baseline: 266.38 | Improvement: 7.72 | Win Rate: 68.75% | Actor Loss: -0.9066 | Entropy: 1.2641 | Invalid S/B: 0.00/0.00 | Max Load: 7.2 | Load Gap: 1.2
Epoch [100/500] | Sampled: 254.19 | Baseline: 267.25 | Improvement: 13.06 | Win Rate: 87.50% | Actor Loss: -0.1686 | Entropy: 1.2992 | Invalid S/B: 0.00/0.00 | Max Load: 7.1 | Load Gap: 1.1
   -> Validation | Samples: 50 | Makespan: 262.66 | Invalid Jobs: 0.02
   -> Saved new best model (Val Makespan: 262.66)
   -> Saved updated training chart to /home/wei/AMR-DFJSP/Static_alogorithm/Attention/attention_precise_training_metrics.png
Epoch [101/500] | Sampled: 254.72 | Baseline: 267.22 | Improvement: 12.50 | Win Rate: 81.25% | Actor Loss: -1.0726 | Entropy: 1.3628 | Invalid S/B: 0.00/0.00 | Max Load: 7.1 | Load Gap: 1.1
Epoch [102/500] | Sampled: 256.91 | Baseline: 266.72 | Improvement: 9.81 | Win Rate: 81.25% | Actor Loss: -0.3602 | Entropy: 1.4395 | Invalid S/B: 0.00/0.00 | Max Load: 7.1 | Load Gap: 1.1
Epoch [103/500] | Sampled: 256.00 | Baseline: 267.88 | Improvement: 11.88 | Win Rate: 78.12% | Actor Loss: -0.7027 | Entropy: 1.5035 | Invalid S/B: 0.00/0.00 | Max Load: 7.1 | Load Gap: 1.1
Epoch [104/500] | Sampled: 257.88 | Baseline: 267.72 | Improvement: 9.84 | Win Rate: 84.38% | Actor Loss: -1.3900 | Entropy: 1.5716 | Invalid S/B: 0.00/0.00 | Max Load: 7.1 | Load Gap: 1.1
Epoch [105/500] | Sampled: 255.09 | Baseline: 265.84 | Improvement: 10.75 | Win Rate: 81.25% | Actor Loss: -1.5333 | Entropy: 1.5959 | Invalid S/B: 0.00/0.00 | Max Load: 7.0 | Load Gap: 1.0
Epoch [106/500] | Sampled: 254.88 | Baseline: 265.28 | Improvement: 10.41 | Win Rate: 81.25% | Actor Loss: -0.6708 | Entropy: 1.5767 | Invalid S/B: 0.00/0.00 | Max Load: 7.1 | Load Gap: 1.1
Epoch [107/500] | Sampled: 256.16 | Baseline: 264.03 | Improvement: 7.88 | Win Rate: 78.12% | Actor Loss: -2.9902 | Entropy: 1.4941 | Invalid S/B: 0.00/0.00 | Max Load: 7.1 | Load Gap: 1.1
Epoch [108/500] | Sampled: 255.97 | Baseline: 265.97 | Improvement: 10.00 | Win Rate: 87.50% | Actor Loss: -1.4497 | Entropy: 1.3734 | Invalid S/B: 0.00/0.00 | Max Load: 7.0 | Load Gap: 1.0
Epoch [109/500] | Sampled: 257.00 | Baseline: 267.16 | Improvement: 10.16 | Win Rate: 81.25% | Actor Loss: -0.6387 | Entropy: 1.2685 | Invalid S/B: 0.03/0.00 | Max Load: 7.1 | Load Gap: 1.1
Epoch [110/500] | Sampled: 256.34 | Baseline: 267.97 | Improvement: 11.62 | Win Rate: 81.25% | Actor Loss: -0.8451 | Entropy: 1.1944 | Invalid S/B: 0.00/0.00 | Max Load: 7.1 | Load Gap: 1.1
Epoch [111/500] | Sampled: 256.59 | Baseline: 265.94 | Improvement: 9.34 | Win Rate: 75.00% | Actor Loss: -1.4862 | Entropy: 1.1385 | Invalid S/B: 0.00/0.00 | Max Load: 7.1 | Load Gap: 1.1
Epoch [112/500] | Sampled: 257.41 | Baseline: 267.94 | Improvement: 10.53 | Win Rate: 81.25% | Actor Loss: 0.5753 | Entropy: 1.0411 | Invalid S/B: 0.00/0.00 | Max Load: 7.1 | Load Gap: 1.1
Epoch [113/500] | Sampled: 256.06 | Baseline: 266.91 | Improvement: 10.84 | Win Rate: 84.38% | Actor Loss: -0.4486 | Entropy: 0.9843 | Invalid S/B: 0.00/0.00 | Max Load: 7.1 | Load Gap: 1.1
Epoch [114/500] | Sampled: 255.03 | Baseline: 264.84 | Improvement: 9.81 | Win Rate: 78.12% | Actor Loss: -1.4844 | Entropy: 1.0323 | Invalid S/B: 0.00/0.00 | Max Load: 7.1 | Load Gap: 1.1
Epoch [115/500] | Sampled: 258.09 | Baseline: 265.84 | Improvement: 7.75 | Win Rate: 71.88% | Actor Loss: -2.4832 | Entropy: 1.0951 | Invalid S/B: 0.00/0.00 | Max Load: 7.0 | Load Gap: 1.0
Epoch [116/500] | Sampled: 254.72 | Baseline: 265.78 | Improvement: 11.06 | Win Rate: 75.00% | Actor Loss: -1.5182 | Entropy: 1.1491 | Invalid S/B: 0.00/0.00 | Max Load: 7.0 | Load Gap: 1.0
Epoch [117/500] | Sampled: 259.03 | Baseline: 269.03 | Improvement: 10.00 | Win Rate: 75.00% | Actor Loss: -1.0597 | Entropy: 1.2576 | Invalid S/B: 0.00/0.00 | Max Load: 7.1 | Load Gap: 1.1
Epoch [118/500] | Sampled: 257.81 | Baseline: 267.53 | Improvement: 9.72 | Win Rate: 84.38% | Actor Loss: -0.3640 | Entropy: 1.3071 | Invalid S/B: 0.00/0.00 | Max Load: 7.0 | Load Gap: 1.0
Epoch [119/500] | Sampled: 254.09 | Baseline: 267.09 | Improvement: 13.00 | Win Rate: 100.00% | Actor Loss: -0.8511 | Entropy: 1.4003 | Invalid S/B: 0.00/0.00 | Max Load: 7.1 | Load Gap: 1.1
Epoch [120/500] | Sampled: 257.66 | Baseline: 266.62 | Improvement: 8.97 | Win Rate: 78.12% | Actor Loss: 0.2168 | Entropy: 1.4639 | Invalid S/B: 0.00/0.00 | Max Load: 7.0 | Load Gap: 1.0
Epoch [121/500] | Sampled: 259.22 | Baseline: 264.81 | Improvement: 5.59 | Win Rate: 65.62% | Actor Loss: -1.4371 | Entropy: 1.4937 | Invalid S/B: 0.00/0.00 | Max Load: 7.0 | Load Gap: 1.0
Epoch [122/500] | Sampled: 258.03 | Baseline: 264.81 | Improvement: 6.78 | Win Rate: 71.88% | Actor Loss: -1.7602 | Entropy: 1.5974 | Invalid S/B: 0.00/0.00 | Max Load: 7.0 | Load Gap: 1.0
Epoch [123/500] | Sampled: 262.41 | Baseline: 268.25 | Improvement: 5.84 | Win Rate: 62.50% | Actor Loss: -1.8857 | Entropy: 1.7436 | Invalid S/B: 0.00/0.00 | Max Load: 7.0 | Load Gap: 1.0
Epoch [124/500] | Sampled: 261.69 | Baseline: 266.34 | Improvement: 4.66 | Win Rate: 75.00% | Actor Loss: -0.6510 | Entropy: 1.7793 | Invalid S/B: 0.00/0.00 | Max Load: 7.0 | Load Gap: 1.0
Epoch [125/500] | Sampled: 258.47 | Baseline: 266.94 | Improvement: 8.47 | Win Rate: 75.00% | Actor Loss: -1.1339 | Entropy: 1.8172 | Invalid S/B: 0.00/0.00 | Max Load: 7.0 | Load Gap: 1.0
Epoch [126/500] | Sampled: 257.44 | Baseline: 263.72 | Improvement: 6.28 | Win Rate: 71.88% | Actor Loss: -1.8370 | Entropy: 1.7854 | Invalid S/B: 0.00/0.00 | Max Load: 7.0 | Load Gap: 1.0
Epoch [127/500] | Sampled: 261.66 | Baseline: 269.53 | Improvement: 7.88 | Win Rate: 78.12% | Actor Loss: -1.0246 | Entropy: 1.7965 | Invalid S/B: 0.00/0.00 | Max Load: 7.1 | Load Gap: 1.1
Epoch [128/500] | Sampled: 252.53 | Baseline: 263.69 | Improvement: 11.16 | Win Rate: 87.50% | Actor Loss: -0.7182 | Entropy: 1.6514 | Invalid S/B: 0.00/0.00 | Max Load: 7.0 | Load Gap: 1.0
Epoch [129/500] | Sampled: 254.81 | Baseline: 267.22 | Improvement: 12.41 | Win Rate: 87.50% | Actor Loss: -0.4406 | Entropy: 1.6316 | Invalid S/B: 0.00/0.00 | Max Load: 7.0 | Load Gap: 1.0
Epoch [130/500] | Sampled: 260.12 | Baseline: 263.31 | Improvement: 3.19 | Win Rate: 68.75% | Actor Loss: -1.7719 | Entropy: 1.5847 | Invalid S/B: 0.00/0.00 | Max Load: 7.1 | Load Gap: 1.1
Epoch [131/500] | Sampled: 256.66 | Baseline: 265.06 | Improvement: 8.41 | Win Rate: 75.00% | Actor Loss: -1.6649 | Entropy: 1.5484 | Invalid S/B: 0.00/0.00 | Max Load: 7.1 | Load Gap: 1.1
Epoch [132/500] | Sampled: 252.69 | Baseline: 267.41 | Improvement: 14.72 | Win Rate: 93.75% | Actor Loss: 1.5268 | Entropy: 1.5347 | Invalid S/B: 0.00/0.00 | Max Load: 7.1 | Load Gap: 1.1
Epoch [133/500] | Sampled: 252.25 | Baseline: 263.84 | Improvement: 11.59 | Win Rate: 87.50% | Actor Loss: -1.1839 | Entropy: 1.5630 | Invalid S/B: 0.00/0.00 | Max Load: 7.1 | Load Gap: 1.2
Epoch [134/500] | Sampled: 254.66 | Baseline: 263.41 | Improvement: 8.75 | Win Rate: 78.12% | Actor Loss: -1.7627 | Entropy: 1.6344 | Invalid S/B: 0.00/0.00 | Max Load: 7.2 | Load Gap: 1.2
Epoch [135/500] | Sampled: 254.78 | Baseline: 266.59 | Improvement: 11.81 | Win Rate: 78.12% | Actor Loss: -1.3117 | Entropy: 1.6619 | Invalid S/B: 0.00/0.00 | Max Load: 7.1 | Load Gap: 1.1
Epoch [136/500] | Sampled: 253.97 | Baseline: 264.62 | Improvement: 10.66 | Win Rate: 78.12% | Actor Loss: -3.6490 | Entropy: 1.7065 | Invalid S/B: 0.00/0.00 | Max Load: 7.0 | Load Gap: 1.0
Epoch [137/500] | Sampled: 255.78 | Baseline: 265.78 | Improvement: 10.00 | Win Rate: 78.12% | Actor Loss: -3.4548 | Entropy: 1.7202 | Invalid S/B: 0.00/0.00 | Max Load: 7.1 | Load Gap: 1.1
Epoch [138/500] | Sampled: 253.59 | Baseline: 263.88 | Improvement: 10.28 | Win Rate: 81.25% | Actor Loss: -1.3002 | Entropy: 1.6953 | Invalid S/B: 0.00/0.00 | Max Load: 7.1 | Load Gap: 1.1
Epoch [139/500] | Sampled: 255.12 | Baseline: 265.31 | Improvement: 10.19 | Win Rate: 71.88% | Actor Loss: -4.5539 | Entropy: 1.6774 | Invalid S/B: 0.00/0.00 | Max Load: 7.0 | Load Gap: 1.0
Epoch [140/500] | Sampled: 254.06 | Baseline: 263.50 | Improvement: 9.44 | Win Rate: 81.25% | Actor Loss: -1.9528 | Entropy: 1.5969 | Invalid S/B: 0.00/0.00 | Max Load: 7.0 | Load Gap: 1.0
Epoch [141/500] | Sampled: 254.94 | Baseline: 266.53 | Improvement: 11.59 | Win Rate: 87.50% | Actor Loss: -3.0953 | Entropy: 1.5095 | Invalid S/B: 0.00/0.00 | Max Load: 7.0 | Load Gap: 1.0
Epoch [142/500] | Sampled: 257.59 | Baseline: 263.66 | Improvement: 6.06 | Win Rate: 65.62% | Actor Loss: -3.2249 | Entropy: 1.4159 | Invalid S/B: 0.00/0.00 | Max Load: 7.1 | Load Gap: 1.1
Epoch [143/500] | Sampled: 255.69 | Baseline: 263.72 | Improvement: 8.03 | Win Rate: 78.12% | Actor Loss: -1.4667 | Entropy: 1.2881 | Invalid S/B: 0.00/0.00 | Max Load: 7.1 | Load Gap: 1.1
Epoch [144/500] | Sampled: 253.91 | Baseline: 264.75 | Improvement: 10.84 | Win Rate: 84.38% | Actor Loss: -0.7669 | Entropy: 1.2080 | Invalid S/B: 0.00/0.00 | Max Load: 7.0 | Load Gap: 1.0
Epoch [145/500] | Sampled: 255.59 | Baseline: 263.47 | Improvement: 7.88 | Win Rate: 84.38% | Actor Loss: -2.2114 | Entropy: 1.1103 | Invalid S/B: 0.00/0.00 | Max Load: 7.1 | Load Gap: 1.1
Epoch [146/500] | Sampled: 257.91 | Baseline: 265.28 | Improvement: 7.38 | Win Rate: 75.00% | Actor Loss: -0.5182 | Entropy: 1.0271 | Invalid S/B: 0.00/0.00 | Max Load: 7.0 | Load Gap: 1.0
Epoch [147/500] | Sampled: 255.78 | Baseline: 267.44 | Improvement: 11.66 | Win Rate: 78.12% | Actor Loss: -1.4837 | Entropy: 0.9875 | Invalid S/B: 0.00/0.00 | Max Load: 7.1 | Load Gap: 1.1
Epoch [148/500] | Sampled: 254.88 | Baseline: 269.47 | Improvement: 14.59 | Win Rate: 81.25% | Actor Loss: 0.1097 | Entropy: 0.9407 | Invalid S/B: 0.00/0.00 | Max Load: 7.1 | Load Gap: 1.1
Epoch [149/500] | Sampled: 254.59 | Baseline: 265.69 | Improvement: 11.09 | Win Rate: 78.12% | Actor Loss: -0.0773 | Entropy: 0.9229 | Invalid S/B: 0.00/0.00 | Max Load: 7.0 | Load Gap: 1.0
Epoch [150/500] | Sampled: 256.88 | Baseline: 265.06 | Improvement: 8.19 | Win Rate: 75.00% | Actor Loss: -0.7620 | Entropy: 0.8817 | Invalid S/B: 0.00/0.00 | Max Load: 7.0 | Load Gap: 1.0
   -> Validation | Samples: 50 | Makespan: 252.18 | Invalid Jobs: 0.00
   -> Saved new best model (Val Makespan: 252.18)
Epoch [151/500] | Sampled: 254.12 | Baseline: 267.06 | Improvement: 12.94 | Win Rate: 87.50% | Actor Loss: -2.4222 | Entropy: 0.8571 | Invalid S/B: 0.00/0.00 | Max Load: 7.2 | Load Gap: 1.2
Epoch [152/500] | Sampled: 256.62 | Baseline: 265.16 | Improvement: 8.53 | Win Rate: 65.62% | Actor Loss: -1.7902 | Entropy: 0.8360 | Invalid S/B: 0.00/0.00 | Max Load: 7.0 | Load Gap: 1.0
Epoch [153/500] | Sampled: 257.59 | Baseline: 267.28 | Improvement: 9.69 | Win Rate: 71.88% | Actor Loss: -1.3720 | Entropy: 0.8380 | Invalid S/B: 0.00/0.00 | Max Load: 7.2 | Load Gap: 1.2
Epoch [154/500] | Sampled: 255.16 | Baseline: 265.59 | Improvement: 10.44 | Win Rate: 81.25% | Actor Loss: -2.9191 | Entropy: 0.7989 | Invalid S/B: 0.00/0.00 | Max Load: 7.0 | Load Gap: 1.0
Epoch [155/500] | Sampled: 254.69 | Baseline: 267.34 | Improvement: 12.66 | Win Rate: 81.25% | Actor Loss: 0.6073 | Entropy: 0.7642 | Invalid S/B: 0.00/0.00 | Max Load: 7.1 | Load Gap: 1.1
Epoch [156/500] | Sampled: 258.34 | Baseline: 268.25 | Improvement: 9.91 | Win Rate: 75.00% | Actor Loss: -0.1894 | Entropy: 0.8225 | Invalid S/B: 0.00/0.00 | Max Load: 7.2 | Load Gap: 1.2
Epoch [157/500] | Sampled: 255.56 | Baseline: 263.19 | Improvement: 7.62 | Win Rate: 75.00% | Actor Loss: -2.5108 | Entropy: 0.7770 | Invalid S/B: 0.00/0.00 | Max Load: 7.1 | Load Gap: 1.1
Epoch [158/500] | Sampled: 251.62 | Baseline: 268.53 | Improvement: 16.91 | Win Rate: 93.75% | Actor Loss: 0.2050 | Entropy: 0.7861 | Invalid S/B: 0.00/0.00 | Max Load: 7.1 | Load Gap: 1.1
Epoch [159/500] | Sampled: 256.97 | Baseline: 266.16 | Improvement: 9.19 | Win Rate: 68.75% | Actor Loss: 0.4229 | Entropy: 0.8057 | Invalid S/B: 0.00/0.00 | Max Load: 7.2 | Load Gap: 1.2
Epoch [160/500] | Sampled: 254.53 | Baseline: 266.53 | Improvement: 12.00 | Win Rate: 81.25% | Actor Loss: -2.5007 | Entropy: 0.8181 | Invalid S/B: 0.00/0.00 | Max Load: 7.1 | Load Gap: 1.1
Epoch [161/500] | Sampled: 255.75 | Baseline: 266.47 | Improvement: 10.72 | Win Rate: 81.25% | Actor Loss: -0.4528 | Entropy: 0.8537 | Invalid S/B: 0.00/0.00 | Max Load: 7.2 | Load Gap: 1.2
Epoch [162/500] | Sampled: 253.19 | Baseline: 262.38 | Improvement: 9.19 | Win Rate: 78.12% | Actor Loss: -0.6449 | Entropy: 0.8531 | Invalid S/B: 0.00/0.00 | Max Load: 7.1 | Load Gap: 1.1
Epoch [163/500] | Sampled: 256.97 | Baseline: 265.50 | Improvement: 8.53 | Win Rate: 65.62% | Actor Loss: -2.0788 | Entropy: 0.8949 | Invalid S/B: 0.00/0.00 | Max Load: 7.1 | Load Gap: 1.1
Epoch [164/500] | Sampled: 255.09 | Baseline: 266.25 | Improvement: 11.16 | Win Rate: 81.25% | Actor Loss: -2.5936 | Entropy: 0.9394 | Invalid S/B: 0.00/0.00 | Max Load: 7.1 | Load Gap: 1.1
Epoch [165/500] | Sampled: 256.03 | Baseline: 266.88 | Improvement: 10.84 | Win Rate: 78.12% | Actor Loss: -3.0731 | Entropy: 0.9447 | Invalid S/B: 0.00/0.00 | Max Load: 7.1 | Load Gap: 1.1
Epoch [166/500] | Sampled: 251.12 | Baseline: 265.62 | Improvement: 14.50 | Win Rate: 87.50% | Actor Loss: 2.2195 | Entropy: 0.9722 | Invalid S/B: 0.00/0.00 | Max Load: 7.1 | Load Gap: 1.1
Epoch [167/500] | Sampled: 256.62 | Baseline: 265.56 | Improvement: 8.94 | Win Rate: 71.88% | Actor Loss: -1.2990 | Entropy: 1.0272 | Invalid S/B: 0.00/0.00 | Max Load: 7.2 | Load Gap: 1.2
Epoch [168/500] | Sampled: 256.66 | Baseline: 268.62 | Improvement: 11.97 | Win Rate: 84.38% | Actor Loss: -0.6542 | Entropy: 1.0754 | Invalid S/B: 0.00/0.00 | Max Load: 7.2 | Load Gap: 1.2
Epoch [169/500] | Sampled: 254.78 | Baseline: 265.66 | Improvement: 10.88 | Win Rate: 87.50% | Actor Loss: -0.0121 | Entropy: 1.1235 | Invalid S/B: 0.00/0.00 | Max Load: 7.1 | Load Gap: 1.1
Epoch [170/500] | Sampled: 252.59 | Baseline: 264.47 | Improvement: 11.88 | Win Rate: 87.50% | Actor Loss: -1.0046 | Entropy: 1.1671 | Invalid S/B: 0.00/0.00 | Max Load: 7.0 | Load Gap: 1.0
Epoch [171/500] | Sampled: 252.69 | Baseline: 266.53 | Improvement: 13.84 | Win Rate: 90.62% | Actor Loss: 0.0129 | Entropy: 1.2438 | Invalid S/B: 0.00/0.00 | Max Load: 7.0 | Load Gap: 1.0
Epoch [172/500] | Sampled: 255.25 | Baseline: 262.78 | Improvement: 7.53 | Win Rate: 71.88% | Actor Loss: -3.5597 | Entropy: 1.3045 | Invalid S/B: 0.00/0.00 | Max Load: 7.0 | Load Gap: 1.0
Epoch [173/500] | Sampled: 253.22 | Baseline: 263.91 | Improvement: 10.69 | Win Rate: 87.50% | Actor Loss: -2.6062 | Entropy: 1.3376 | Invalid S/B: 0.00/0.00 | Max Load: 7.1 | Load Gap: 1.1
Epoch [174/500] | Sampled: 255.09 | Baseline: 265.34 | Improvement: 10.25 | Win Rate: 84.38% | Actor Loss: -3.8392 | Entropy: 1.3913 | Invalid S/B: 0.00/0.00 | Max Load: 7.0 | Load Gap: 1.0
Epoch [175/500] | Sampled: 257.72 | Baseline: 267.97 | Improvement: 10.25 | Win Rate: 84.38% | Actor Loss: -0.7958 | Entropy: 1.3988 | Invalid S/B: 0.00/0.00 | Max Load: 7.0 | Load Gap: 1.0
Epoch [176/500] | Sampled: 255.53 | Baseline: 265.66 | Improvement: 10.12 | Win Rate: 75.00% | Actor Loss: -0.1964 | Entropy: 1.4146 | Invalid S/B: 0.00/0.00 | Max Load: 7.0 | Load Gap: 1.0
Epoch [177/500] | Sampled: 254.91 | Baseline: 265.28 | Improvement: 10.38 | Win Rate: 71.88% | Actor Loss: -2.3275 | Entropy: 1.4230 | Invalid S/B: 0.00/0.00 | Max Load: 7.0 | Load Gap: 1.0
Epoch [178/500] | Sampled: 258.41 | Baseline: 266.47 | Improvement: 8.06 | Win Rate: 65.62% | Actor Loss: -2.0511 | Entropy: 1.4358 | Invalid S/B: 0.00/0.00 | Max Load: 7.1 | Load Gap: 1.1
Epoch [179/500] | Sampled: 250.62 | Baseline: 263.34 | Improvement: 12.72 | Win Rate: 81.25% | Actor Loss: -1.0931 | Entropy: 1.4327 | Invalid S/B: 0.00/0.00 | Max Load: 7.0 | Load Gap: 1.0
Epoch [180/500] | Sampled: 253.50 | Baseline: 266.38 | Improvement: 12.88 | Win Rate: 87.50% | Actor Loss: -1.1168 | Entropy: 1.4597 | Invalid S/B: 0.00/0.00 | Max Load: 7.0 | Load Gap: 1.0
Epoch [181/500] | Sampled: 251.19 | Baseline: 264.31 | Improvement: 13.12 | Win Rate: 87.50% | Actor Loss: -1.6990 | Entropy: 1.5138 | Invalid S/B: 0.00/0.00 | Max Load: 7.0 | Load Gap: 1.0
Epoch [182/500] | Sampled: 259.88 | Baseline: 265.00 | Improvement: 5.12 | Win Rate: 75.00% | Actor Loss: -2.0281 | Entropy: 1.5250 | Invalid S/B: 0.00/0.00 | Max Load: 7.1 | Load Gap: 1.1
Epoch [183/500] | Sampled: 254.41 | Baseline: 264.56 | Improvement: 10.16 | Win Rate: 78.12% | Actor Loss: -2.2874 | Entropy: 1.5518 | Invalid S/B: 0.00/0.00 | Max Load: 7.2 | Load Gap: 1.2
Epoch [184/500] | Sampled: 252.22 | Baseline: 263.03 | Improvement: 10.81 | Win Rate: 84.38% | Actor Loss: -2.2587 | Entropy: 1.5940 | Invalid S/B: 0.00/0.00 | Max Load: 7.0 | Load Gap: 1.0
Epoch [185/500] | Sampled: 256.19 | Baseline: 265.03 | Improvement: 8.84 | Win Rate: 78.12% | Actor Loss: -1.6226 | Entropy: 1.6256 | Invalid S/B: 0.00/0.00 | Max Load: 7.1 | Load Gap: 1.1
Epoch [186/500] | Sampled: 253.22 | Baseline: 265.34 | Improvement: 12.12 | Win Rate: 84.38% | Actor Loss: -3.2110 | Entropy: 1.6039 | Invalid S/B: 0.00/0.00 | Max Load: 7.1 | Load Gap: 1.1
Epoch [187/500] | Sampled: 258.06 | Baseline: 269.34 | Improvement: 11.28 | Win Rate: 81.25% | Actor Loss: -0.9380 | Entropy: 1.6072 | Invalid S/B: 0.00/0.00 | Max Load: 7.1 | Load Gap: 1.1
Epoch [188/500] | Sampled: 252.69 | Baseline: 266.16 | Improvement: 13.47 | Win Rate: 90.62% | Actor Loss: -1.5842 | Entropy: 1.5594 | Invalid S/B: 0.00/0.00 | Max Load: 7.0 | Load Gap: 1.0
Epoch [189/500] | Sampled: 255.12 | Baseline: 267.91 | Improvement: 12.78 | Win Rate: 81.25% | Actor Loss: -2.0235 | Entropy: 1.5599 | Invalid S/B: 0.00/0.00 | Max Load: 7.0 | Load Gap: 1.0
Epoch [190/500] | Sampled: 256.16 | Baseline: 266.41 | Improvement: 10.25 | Win Rate: 81.25% | Actor Loss: -0.4656 | Entropy: 1.5078 | Invalid S/B: 0.00/0.00 | Max Load: 7.0 | Load Gap: 1.0
Epoch [191/500] | Sampled: 251.97 | Baseline: 265.06 | Improvement: 13.09 | Win Rate: 84.38% | Actor Loss: -0.4913 | Entropy: 1.4215 | Invalid S/B: 0.00/0.00 | Max Load: 7.0 | Load Gap: 1.0
Epoch [192/500] | Sampled: 256.84 | Baseline: 268.56 | Improvement: 11.72 | Win Rate: 87.50% | Actor Loss: -2.4299 | Entropy: 1.3889 | Invalid S/B: 0.00/0.00 | Max Load: 7.0 | Load Gap: 1.0
Epoch [193/500] | Sampled: 256.41 | Baseline: 264.06 | Improvement: 7.66 | Win Rate: 78.12% | Actor Loss: -3.4635 | Entropy: 1.3174 | Invalid S/B: 0.00/0.00 | Max Load: 7.1 | Load Gap: 1.1
Epoch [194/500] | Sampled: 254.97 | Baseline: 266.50 | Improvement: 11.53 | Win Rate: 81.25% | Actor Loss: -0.6165 | Entropy: 1.2271 | Invalid S/B: 0.00/0.00 | Max Load: 7.1 | Load Gap: 1.1
Epoch [195/500] | Sampled: 255.53 | Baseline: 266.12 | Improvement: 10.59 | Win Rate: 87.50% | Actor Loss: -2.0451 | Entropy: 1.1508 | Invalid S/B: 0.00/0.00 | Max Load: 7.0 | Load Gap: 1.0
Epoch [196/500] | Sampled: 254.06 | Baseline: 261.81 | Improvement: 7.75 | Win Rate: 71.88% | Actor Loss: -0.0747 | Entropy: 1.0511 | Invalid S/B: 0.00/0.00 | Max Load: 7.1 | Load Gap: 1.1
Epoch [197/500] | Sampled: 256.81 | Baseline: 263.44 | Improvement: 6.62 | Win Rate: 68.75% | Actor Loss: 0.6587 | Entropy: 0.9941 | Invalid S/B: 0.00/0.00 | Max Load: 7.1 | Load Gap: 1.1
Epoch [198/500] | Sampled: 257.06 | Baseline: 267.09 | Improvement: 10.03 | Win Rate: 78.12% | Actor Loss: -1.4943 | Entropy: 0.9749 | Invalid S/B: 0.00/0.00 | Max Load: 7.0 | Load Gap: 1.0
Epoch [199/500] | Sampled: 256.84 | Baseline: 264.75 | Improvement: 7.91 | Win Rate: 75.00% | Actor Loss: -2.4266 | Entropy: 0.9445 | Invalid S/B: 0.00/0.00 | Max Load: 7.2 | Load Gap: 1.2
Epoch [200/500] | Sampled: 252.75 | Baseline: 262.62 | Improvement: 9.88 | Win Rate: 78.12% | Actor Loss: -0.6155 | Entropy: 0.8701 | Invalid S/B: 0.00/0.00 | Max Load: 7.1 | Load Gap: 1.1
   -> Validation | Samples: 50 | Makespan: 259.40 | Invalid Jobs: 0.00
   -> Saved updated training chart to /home/wei/AMR-DFJSP/Static_alogorithm/Attention/attention_precise_training_metrics.png
Epoch [201/500] | Sampled: 253.53 | Baseline: 266.66 | Improvement: 13.12 | Win Rate: 84.38% | Actor Loss: 0.6764 | Entropy: 0.8712 | Invalid S/B: 0.00/0.00 | Max Load: 7.0 | Load Gap: 1.0
Epoch [202/500] | Sampled: 255.69 | Baseline: 266.16 | Improvement: 10.47 | Win Rate: 78.12% | Actor Loss: -1.1950 | Entropy: 0.8234 | Invalid S/B: 0.00/0.00 | Max Load: 7.1 | Load Gap: 1.1
Epoch [203/500] | Sampled: 253.72 | Baseline: 266.53 | Improvement: 12.81 | Win Rate: 84.38% | Actor Loss: 0.4533 | Entropy: 0.8505 | Invalid S/B: 0.00/0.00 | Max Load: 7.1 | Load Gap: 1.1
Epoch [204/500] | Sampled: 256.84 | Baseline: 265.78 | Improvement: 8.94 | Win Rate: 65.62% | Actor Loss: -3.8621 | Entropy: 0.7969 | Invalid S/B: 0.00/0.00 | Max Load: 7.1 | Load Gap: 1.1
Epoch [205/500] | Sampled: 258.91 | Baseline: 268.22 | Improvement: 9.31 | Win Rate: 81.25% | Actor Loss: -0.8275 | Entropy: 0.7784 | Invalid S/B: 0.00/0.00 | Max Load: 7.0 | Load Gap: 1.0
Epoch [206/500] | Sampled: 252.91 | Baseline: 263.78 | Improvement: 10.88 | Win Rate: 87.50% | Actor Loss: -2.1107 | Entropy: 0.7324 | Invalid S/B: 0.00/0.00 | Max Load: 7.1 | Load Gap: 1.1
Epoch [207/500] | Sampled: 255.22 | Baseline: 267.19 | Improvement: 11.97 | Win Rate: 87.50% | Actor Loss: -1.5026 | Entropy: 0.7247 | Invalid S/B: 0.00/0.00 | Max Load: 7.1 | Load Gap: 1.1
Epoch [208/500] | Sampled: 255.75 | Baseline: 266.31 | Improvement: 10.56 | Win Rate: 84.38% | Actor Loss: -1.1189 | Entropy: 0.7093 | Invalid S/B: 0.00/0.00 | Max Load: 7.0 | Load Gap: 1.1
Epoch [209/500] | Sampled: 253.84 | Baseline: 266.75 | Improvement: 12.91 | Win Rate: 84.38% | Actor Loss: -0.9399 | Entropy: 0.6811 | Invalid S/B: 0.00/0.00 | Max Load: 7.1 | Load Gap: 1.1
Epoch [210/500] | Sampled: 253.19 | Baseline: 266.41 | Improvement: 13.22 | Win Rate: 90.62% | Actor Loss: -1.5535 | Entropy: 0.6864 | Invalid S/B: 0.00/0.00 | Max Load: 7.0 | Load Gap: 1.0
Epoch [211/500] | Sampled: 256.56 | Baseline: 268.59 | Improvement: 12.03 | Win Rate: 87.50% | Actor Loss: -2.2148 | Entropy: 0.6934 | Invalid S/B: 0.00/0.00 | Max Load: 7.1 | Load Gap: 1.2
Epoch [212/500] | Sampled: 252.41 | Baseline: 262.59 | Improvement: 10.19 | Win Rate: 78.12% | Actor Loss: -1.6493 | Entropy: 0.6544 | Invalid S/B: 0.00/0.00 | Max Load: 7.1 | Load Gap: 1.1
Epoch [213/500] | Sampled: 251.66 | Baseline: 267.97 | Improvement: 16.31 | Win Rate: 93.75% | Actor Loss: 0.3816 | Entropy: 0.6371 | Invalid S/B: 0.00/0.00 | Max Load: 7.1 | Load Gap: 1.1
Epoch [214/500] | Sampled: 254.22 | Baseline: 269.09 | Improvement: 14.88 | Win Rate: 93.75% | Actor Loss: 0.1393 | Entropy: 0.6255 | Invalid S/B: 0.00/0.00 | Max Load: 7.0 | Load Gap: 1.0
Epoch [215/500] | Sampled: 255.75 | Baseline: 265.34 | Improvement: 9.59 | Win Rate: 87.50% | Actor Loss: -1.4038 | Entropy: 0.5954 | Invalid S/B: 0.00/0.00 | Max Load: 7.1 | Load Gap: 1.1
Epoch [216/500] | Sampled: 253.44 | Baseline: 267.34 | Improvement: 13.91 | Win Rate: 87.50% | Actor Loss: -0.5921 | Entropy: 0.6047 | Invalid S/B: 0.00/0.00 | Max Load: 7.1 | Load Gap: 1.1
Epoch [217/500] | Sampled: 254.81 | Baseline: 264.97 | Improvement: 10.16 | Win Rate: 84.38% | Actor Loss: -1.2726 | Entropy: 0.5763 | Invalid S/B: 0.00/0.00 | Max Load: 7.1 | Load Gap: 1.1
Epoch [218/500] | Sampled: 252.66 | Baseline: 266.16 | Improvement: 13.50 | Win Rate: 93.75% | Actor Loss: -1.3968 | Entropy: 0.5825 | Invalid S/B: 0.00/0.00 | Max Load: 7.2 | Load Gap: 1.2
Epoch [219/500] | Sampled: 254.69 | Baseline: 266.16 | Improvement: 11.47 | Win Rate: 87.50% | Actor Loss: -0.1003 | Entropy: 0.5970 | Invalid S/B: 0.00/0.00 | Max Load: 7.1 | Load Gap: 1.1
Epoch [220/500] | Sampled: 250.72 | Baseline: 267.69 | Improvement: 16.97 | Win Rate: 93.75% | Actor Loss: 0.8638 | Entropy: 0.5828 | Invalid S/B: 0.00/0.00 | Max Load: 7.1 | Load Gap: 1.2
Epoch [221/500] | Sampled: 253.28 | Baseline: 267.28 | Improvement: 14.00 | Win Rate: 90.62% | Actor Loss: -0.5382 | Entropy: 0.6174 | Invalid S/B: 0.00/0.00 | Max Load: 7.1 | Load Gap: 1.1
Epoch [222/500] | Sampled: 253.41 | Baseline: 266.03 | Improvement: 12.62 | Win Rate: 90.62% | Actor Loss: -1.9531 | Entropy: 0.6045 | Invalid S/B: 0.00/0.00 | Max Load: 7.0 | Load Gap: 1.0
Epoch [223/500] | Sampled: 254.78 | Baseline: 268.16 | Improvement: 13.38 | Win Rate: 90.62% | Actor Loss: -1.7230 | Entropy: 0.6165 | Invalid S/B: 0.00/0.00 | Max Load: 7.2 | Load Gap: 1.2
Epoch [224/500] | Sampled: 254.56 | Baseline: 265.72 | Improvement: 11.16 | Win Rate: 84.38% | Actor Loss: -1.3718 | Entropy: 0.6082 | Invalid S/B: 0.00/0.00 | Max Load: 7.1 | Load Gap: 1.1
Epoch [225/500] | Sampled: 253.91 | Baseline: 264.75 | Improvement: 10.84 | Win Rate: 93.75% | Actor Loss: -1.0581 | Entropy: 0.6264 | Invalid S/B: 0.00/0.00 | Max Load: 7.1 | Load Gap: 1.2
Epoch [226/500] | Sampled: 255.56 | Baseline: 268.16 | Improvement: 12.59 | Win Rate: 81.25% | Actor Loss: -2.2496 | Entropy: 0.6012 | Invalid S/B: 0.00/0.00 | Max Load: 7.1 | Load Gap: 1.1
Epoch [227/500] | Sampled: 251.78 | Baseline: 264.38 | Improvement: 12.59 | Win Rate: 93.75% | Actor Loss: -0.6680 | Entropy: 0.6116 | Invalid S/B: 0.00/0.00 | Max Load: 7.2 | Load Gap: 1.2
Epoch [228/500] | Sampled: 250.19 | Baseline: 264.44 | Improvement: 14.25 | Win Rate: 93.75% | Actor Loss: -0.2395 | Entropy: 0.6029 | Invalid S/B: 0.00/0.00 | Max Load: 7.1 | Load Gap: 1.1
Epoch [229/500] | Sampled: 254.03 | Baseline: 264.50 | Improvement: 10.47 | Win Rate: 87.50% | Actor Loss: -1.0360 | Entropy: 0.5965 | Invalid S/B: 0.00/0.00 | Max Load: 7.1 | Load Gap: 1.1
Epoch [230/500] | Sampled: 257.47 | Baseline: 265.75 | Improvement: 8.28 | Win Rate: 75.00% | Actor Loss: -0.8576 | Entropy: 0.6060 | Invalid S/B: 0.00/0.00 | Max Load: 7.1 | Load Gap: 1.1
Epoch [231/500] | Sampled: 255.34 | Baseline: 267.34 | Improvement: 12.00 | Win Rate: 84.38% | Actor Loss: -0.9598 | Entropy: 0.6074 | Invalid S/B: 0.00/0.00 | Max Load: 7.0 | Load Gap: 1.0
Epoch [232/500] | Sampled: 252.97 | Baseline: 267.16 | Improvement: 14.19 | Win Rate: 93.75% | Actor Loss: 0.3849 | Entropy: 0.6093 | Invalid S/B: 0.00/0.00 | Max Load: 7.1 | Load Gap: 1.1
Epoch [233/500] | Sampled: 254.12 | Baseline: 266.50 | Improvement: 12.38 | Win Rate: 78.12% | Actor Loss: -0.2670 | Entropy: 0.5986 | Invalid S/B: 0.00/0.00 | Max Load: 7.0 | Load Gap: 1.0
Epoch [234/500] | Sampled: 254.16 | Baseline: 267.28 | Improvement: 13.12 | Win Rate: 87.50% | Actor Loss: 0.5775 | Entropy: 0.6201 | Invalid S/B: 0.00/0.00 | Max Load: 7.2 | Load Gap: 1.2
Epoch [235/500] | Sampled: 249.06 | Baseline: 265.28 | Improvement: 16.22 | Win Rate: 87.50% | Actor Loss: 0.0458 | Entropy: 0.6539 | Invalid S/B: 0.00/0.00 | Max Load: 7.1 | Load Gap: 1.1
Epoch [236/500] | Sampled: 255.12 | Baseline: 265.34 | Improvement: 10.22 | Win Rate: 84.38% | Actor Loss: -1.2489 | Entropy: 0.6677 | Invalid S/B: 0.00/0.00 | Max Load: 7.1 | Load Gap: 1.1
Epoch [237/500] | Sampled: 251.00 | Baseline: 263.91 | Improvement: 12.91 | Win Rate: 81.25% | Actor Loss: -1.8689 | Entropy: 0.6525 | Invalid S/B: 0.00/0.00 | Max Load: 7.0 | Load Gap: 1.0
Epoch [238/500] | Sampled: 251.00 | Baseline: 265.09 | Improvement: 14.09 | Win Rate: 90.62% | Actor Loss: -1.1342 | Entropy: 0.7037 | Invalid S/B: 0.00/0.00 | Max Load: 7.2 | Load Gap: 1.2
Epoch [239/500] | Sampled: 254.41 | Baseline: 266.72 | Improvement: 12.31 | Win Rate: 84.38% | Actor Loss: -0.5665 | Entropy: 0.6823 | Invalid S/B: 0.00/0.00 | Max Load: 7.1 | Load Gap: 1.2
Epoch [240/500] | Sampled: 251.88 | Baseline: 266.28 | Improvement: 14.41 | Win Rate: 90.62% | Actor Loss: -2.3331 | Entropy: 0.6984 | Invalid S/B: 0.00/0.00 | Max Load: 7.1 | Load Gap: 1.1
Epoch [241/500] | Sampled: 252.47 | Baseline: 268.47 | Improvement: 16.00 | Win Rate: 87.50% | Actor Loss: -0.1462 | Entropy: 0.6554 | Invalid S/B: 0.00/0.00 | Max Load: 7.1 | Load Gap: 1.1
Epoch [242/500] | Sampled: 253.72 | Baseline: 266.75 | Improvement: 13.03 | Win Rate: 87.50% | Actor Loss: -1.4731 | Entropy: 0.6740 | Invalid S/B: 0.00/0.00 | Max Load: 7.0 | Load Gap: 1.1
Epoch [243/500] | Sampled: 251.59 | Baseline: 266.47 | Improvement: 14.88 | Win Rate: 90.62% | Actor Loss: 0.0104 | Entropy: 0.6388 | Invalid S/B: 0.00/0.00 | Max Load: 7.2 | Load Gap: 1.2
Epoch [244/500] | Sampled: 252.56 | Baseline: 263.75 | Improvement: 11.19 | Win Rate: 84.38% | Actor Loss: -1.8651 | Entropy: 0.6367 | Invalid S/B: 0.00/0.00 | Max Load: 7.2 | Load Gap: 1.2
Epoch [245/500] | Sampled: 254.34 | Baseline: 265.41 | Improvement: 11.06 | Win Rate: 81.25% | Actor Loss: -0.0923 | Entropy: 0.7018 | Invalid S/B: 0.00/0.00 | Max Load: 7.0 | Load Gap: 1.0
Epoch [246/500] | Sampled: 253.06 | Baseline: 266.44 | Improvement: 13.38 | Win Rate: 84.38% | Actor Loss: -1.4135 | Entropy: 0.6981 | Invalid S/B: 0.00/0.00 | Max Load: 7.1 | Load Gap: 1.1
Epoch [247/500] | Sampled: 254.47 | Baseline: 263.78 | Improvement: 9.31 | Win Rate: 75.00% | Actor Loss: -1.3341 | Entropy: 0.6894 | Invalid S/B: 0.00/0.00 | Max Load: 7.1 | Load Gap: 1.1
Epoch [248/500] | Sampled: 250.62 | Baseline: 264.00 | Improvement: 13.38 | Win Rate: 87.50% | Actor Loss: -1.2863 | Entropy: 0.7031 | Invalid S/B: 0.00/0.00 | Max Load: 7.1 | Load Gap: 1.1
Epoch [249/500] | Sampled: 254.09 | Baseline: 266.16 | Improvement: 12.06 | Win Rate: 93.75% | Actor Loss: -0.6404 | Entropy: 0.7124 | Invalid S/B: 0.00/0.00 | Max Load: 7.0 | Load Gap: 1.0
Epoch [250/500] | Sampled: 254.84 | Baseline: 265.62 | Improvement: 10.78 | Win Rate: 75.00% | Actor Loss: 0.2620 | Entropy: 0.7168 | Invalid S/B: 0.00/0.00 | Max Load: 7.1 | Load Gap: 1.1
   -> Validation | Samples: 50 | Makespan: 248.08 | Invalid Jobs: 0.00
   -> Saved new best model (Val Makespan: 248.08)
Epoch [251/500] | Sampled: 250.56 | Baseline: 264.00 | Improvement: 13.44 | Win Rate: 87.50% | Actor Loss: -1.4467 | Entropy: 0.7537 | Invalid S/B: 0.00/0.00 | Max Load: 7.1 | Load Gap: 1.1
Epoch [252/500] | Sampled: 251.88 | Baseline: 263.00 | Improvement: 11.12 | Win Rate: 78.12% | Actor Loss: -0.3635 | Entropy: 0.7588 | Invalid S/B: 0.00/0.00 | Max Load: 7.0 | Load Gap: 1.0
Epoch [253/500] | Sampled: 252.59 | Baseline: 266.94 | Improvement: 14.34 | Win Rate: 93.75% | Actor Loss: -0.9760 | Entropy: 0.7940 | Invalid S/B: 0.00/0.00 | Max Load: 7.1 | Load Gap: 1.1
Epoch [254/500] | Sampled: 255.56 | Baseline: 266.56 | Improvement: 11.00 | Win Rate: 87.50% | Actor Loss: -2.2027 | Entropy: 0.7923 | Invalid S/B: 0.00/0.00 | Max Load: 7.1 | Load Gap: 1.1
Epoch [255/500] | Sampled: 253.75 | Baseline: 264.69 | Improvement: 10.94 | Win Rate: 84.38% | Actor Loss: -0.0124 | Entropy: 0.7550 | Invalid S/B: 0.00/0.00 | Max Load: 7.1 | Load Gap: 1.2
Epoch [256/500] | Sampled: 253.22 | Baseline: 266.22 | Improvement: 13.00 | Win Rate: 78.12% | Actor Loss: 0.0079 | Entropy: 0.7709 | Invalid S/B: 0.00/0.00 | Max Load: 7.1 | Load Gap: 1.1
Epoch [257/500] | Sampled: 255.66 | Baseline: 264.66 | Improvement: 9.00 | Win Rate: 78.12% | Actor Loss: -1.4773 | Entropy: 0.7948 | Invalid S/B: 0.00/0.00 | Max Load: 7.0 | Load Gap: 1.0
Epoch [258/500] | Sampled: 256.28 | Baseline: 268.62 | Improvement: 12.34 | Win Rate: 87.50% | Actor Loss: -0.0260 | Entropy: 0.7679 | Invalid S/B: 0.00/0.00 | Max Load: 7.0 | Load Gap: 1.0
Epoch [259/500] | Sampled: 254.22 | Baseline: 267.25 | Improvement: 13.03 | Win Rate: 90.62% | Actor Loss: 0.0710 | Entropy: 0.7587 | Invalid S/B: 0.00/0.00 | Max Load: 7.1 | Load Gap: 1.1
Epoch [260/500] | Sampled: 249.09 | Baseline: 266.25 | Improvement: 17.16 | Win Rate: 96.88% | Actor Loss: 0.0047 | Entropy: 0.7696 | Invalid S/B: 0.00/0.00 | Max Load: 7.0 | Load Gap: 1.0
Epoch [261/500] | Sampled: 252.53 | Baseline: 265.53 | Improvement: 13.00 | Win Rate: 84.38% | Actor Loss: -1.8749 | Entropy: 0.8326 | Invalid S/B: 0.00/0.00 | Max Load: 7.1 | Load Gap: 1.1
Epoch [262/500] | Sampled: 254.91 | Baseline: 266.72 | Improvement: 11.81 | Win Rate: 81.25% | Actor Loss: -0.5110 | Entropy: 0.7705 | Invalid S/B: 0.00/0.00 | Max Load: 7.1 | Load Gap: 1.1
Epoch [263/500] | Sampled: 249.78 | Baseline: 266.12 | Improvement: 16.34 | Win Rate: 96.88% | Actor Loss: 0.0784 | Entropy: 0.7675 | Invalid S/B: 0.00/0.00 | Max Load: 7.1 | Load Gap: 1.1
Epoch [264/500] | Sampled: 251.44 | Baseline: 265.53 | Improvement: 14.09 | Win Rate: 84.38% | Actor Loss: -0.7098 | Entropy: 0.7443 | Invalid S/B: 0.00/0.00 | Max Load: 7.0 | Load Gap: 1.0
Epoch [265/500] | Sampled: 249.34 | Baseline: 264.03 | Improvement: 14.69 | Win Rate: 96.88% | Actor Loss: -0.0172 | Entropy: 0.7390 | Invalid S/B: 0.00/0.00 | Max Load: 7.2 | Load Gap: 1.2
Epoch [266/500] | Sampled: 249.41 | Baseline: 265.44 | Improvement: 16.03 | Win Rate: 93.75% | Actor Loss: 0.0282 | Entropy: 0.7105 | Invalid S/B: 0.00/0.00 | Max Load: 7.1 | Load Gap: 1.1
Epoch [267/500] | Sampled: 253.03 | Baseline: 266.25 | Improvement: 13.22 | Win Rate: 90.62% | Actor Loss: 1.3179 | Entropy: 0.7227 | Invalid S/B: 0.00/0.00 | Max Load: 7.1 | Load Gap: 1.1
Epoch [268/500] | Sampled: 250.41 | Baseline: 266.31 | Improvement: 15.91 | Win Rate: 87.50% | Actor Loss: -1.1214 | Entropy: 0.7215 | Invalid S/B: 0.00/0.00 | Max Load: 7.0 | Load Gap: 1.0
Epoch [269/500] | Sampled: 257.22 | Baseline: 267.72 | Improvement: 10.50 | Win Rate: 87.50% | Actor Loss: 0.0496 | Entropy: 0.7725 | Invalid S/B: 0.00/0.00 | Max Load: 7.1 | Load Gap: 1.2
Epoch [270/500] | Sampled: 251.69 | Baseline: 265.56 | Improvement: 13.88 | Win Rate: 87.50% | Actor Loss: -0.9136 | Entropy: 0.7104 | Invalid S/B: 0.00/0.00 | Max Load: 7.0 | Load Gap: 1.0
Epoch [271/500] | Sampled: 250.38 | Baseline: 267.22 | Improvement: 16.84 | Win Rate: 96.88% | Actor Loss: -0.2035 | Entropy: 0.7854 | Invalid S/B: 0.00/0.00 | Max Load: 7.0 | Load Gap: 1.0
Epoch [272/500] | Sampled: 254.16 | Baseline: 268.75 | Improvement: 14.59 | Win Rate: 87.50% | Actor Loss: 1.3652 | Entropy: 0.7966 | Invalid S/B: 0.00/0.00 | Max Load: 7.0 | Load Gap: 1.0
Epoch [273/500] | Sampled: 253.28 | Baseline: 268.66 | Improvement: 15.38 | Win Rate: 93.75% | Actor Loss: -0.8331 | Entropy: 0.8345 | Invalid S/B: 0.00/0.00 | Max Load: 7.1 | Load Gap: 1.1
Epoch [274/500] | Sampled: 250.03 | Baseline: 265.78 | Improvement: 15.75 | Win Rate: 87.50% | Actor Loss: -1.4797 | Entropy: 0.8811 | Invalid S/B: 0.00/0.00 | Max Load: 7.0 | Load Gap: 1.0
Epoch [275/500] | Sampled: 251.44 | Baseline: 264.56 | Improvement: 13.12 | Win Rate: 93.75% | Actor Loss: -2.1246 | Entropy: 0.9367 | Invalid S/B: 0.00/0.00 | Max Load: 7.1 | Load Gap: 1.1
Epoch [276/500] | Sampled: 254.22 | Baseline: 267.16 | Improvement: 12.94 | Win Rate: 87.50% | Actor Loss: -0.2338 | Entropy: 0.9442 | Invalid S/B: 0.00/0.00 | Max Load: 7.1 | Load Gap: 1.1
Epoch [277/500] | Sampled: 247.88 | Baseline: 265.78 | Improvement: 17.91 | Win Rate: 93.75% | Actor Loss: -3.4566 | Entropy: 0.9729 | Invalid S/B: 0.00/0.00 | Max Load: 7.1 | Load Gap: 1.1
Epoch [278/500] | Sampled: 252.34 | Baseline: 265.81 | Improvement: 13.47 | Win Rate: 87.50% | Actor Loss: -3.1757 | Entropy: 1.0070 | Invalid S/B: 0.00/0.00 | Max Load: 7.1 | Load Gap: 1.1
Epoch [279/500] | Sampled: 251.88 | Baseline: 266.03 | Improvement: 14.16 | Win Rate: 87.50% | Actor Loss: -2.2394 | Entropy: 1.0437 | Invalid S/B: 0.00/0.00 | Max Load: 7.0 | Load Gap: 1.0
Epoch [280/500] | Sampled: 251.59 | Baseline: 264.81 | Improvement: 13.22 | Win Rate: 93.75% | Actor Loss: -0.2468 | Entropy: 0.9280 | Invalid S/B: 0.00/0.00 | Max Load: 7.1 | Load Gap: 1.1
Epoch [281/500] | Sampled: 253.03 | Baseline: 264.91 | Improvement: 11.88 | Win Rate: 90.62% | Actor Loss: -0.1756 | Entropy: 0.9670 | Invalid S/B: 0.00/0.00 | Max Load: 7.1 | Load Gap: 1.2
Epoch [282/500] | Sampled: 252.56 | Baseline: 264.62 | Improvement: 12.06 | Win Rate: 90.62% | Actor Loss: -1.7437 | Entropy: 1.0145 | Invalid S/B: 0.00/0.00 | Max Load: 7.1 | Load Gap: 1.1
Epoch [283/500] | Sampled: 254.09 | Baseline: 265.75 | Improvement: 11.66 | Win Rate: 81.25% | Actor Loss: -2.3243 | Entropy: 0.9842 | Invalid S/B: 0.00/0.00 | Max Load: 7.1 | Load Gap: 1.1
Epoch [284/500] | Sampled: 256.72 | Baseline: 267.41 | Improvement: 10.69 | Win Rate: 81.25% | Actor Loss: -1.2372 | Entropy: 0.9664 | Invalid S/B: 0.00/0.00 | Max Load: 7.1 | Load Gap: 1.1
Epoch [285/500] | Sampled: 253.41 | Baseline: 265.38 | Improvement: 11.97 | Win Rate: 84.38% | Actor Loss: -1.8738 | Entropy: 0.9792 | Invalid S/B: 0.00/0.00 | Max Load: 7.1 | Load Gap: 1.1
Epoch [286/500] | Sampled: 250.91 | Baseline: 264.38 | Improvement: 13.47 | Win Rate: 96.88% | Actor Loss: -0.0864 | Entropy: 1.0095 | Invalid S/B: 0.00/0.00 | Max Load: 7.1 | Load Gap: 1.1
Epoch [287/500] | Sampled: 251.31 | Baseline: 263.31 | Improvement: 12.00 | Win Rate: 96.88% | Actor Loss: -2.4343 | Entropy: 1.0241 | Invalid S/B: 0.00/0.00 | Max Load: 7.0 | Load Gap: 1.0
Epoch [288/500] | Sampled: 250.78 | Baseline: 262.56 | Improvement: 11.78 | Win Rate: 90.62% | Actor Loss: -1.8410 | Entropy: 0.9833 | Invalid S/B: 0.00/0.00 | Max Load: 7.0 | Load Gap: 1.0
Epoch [289/500] | Sampled: 253.59 | Baseline: 267.72 | Improvement: 14.12 | Win Rate: 90.62% | Actor Loss: -1.9605 | Entropy: 0.9469 | Invalid S/B: 0.00/0.00 | Max Load: 7.1 | Load Gap: 1.1
Epoch [290/500] | Sampled: 254.12 | Baseline: 264.78 | Improvement: 10.66 | Win Rate: 90.62% | Actor Loss: -1.7739 | Entropy: 0.9016 | Invalid S/B: 0.00/0.00 | Max Load: 7.1 | Load Gap: 1.1
Epoch [291/500] | Sampled: 253.22 | Baseline: 266.69 | Improvement: 13.47 | Win Rate: 87.50% | Actor Loss: -0.4776 | Entropy: 0.8355 | Invalid S/B: 0.00/0.00 | Max Load: 7.2 | Load Gap: 1.2
Epoch [292/500] | Sampled: 251.38 | Baseline: 266.28 | Improvement: 14.91 | Win Rate: 90.62% | Actor Loss: -1.5308 | Entropy: 0.8444 | Invalid S/B: 0.00/0.00 | Max Load: 7.0 | Load Gap: 1.0
Epoch [293/500] | Sampled: 254.81 | Baseline: 264.78 | Improvement: 9.97 | Win Rate: 75.00% | Actor Loss: -0.9402 | Entropy: 0.8026 | Invalid S/B: 0.00/0.00 | Max Load: 7.2 | Load Gap: 1.2
Epoch [294/500] | Sampled: 249.97 | Baseline: 263.78 | Improvement: 13.81 | Win Rate: 81.25% | Actor Loss: 1.0311 | Entropy: 0.7871 | Invalid S/B: 0.00/0.00 | Max Load: 7.0 | Load Gap: 1.0
Epoch [295/500] | Sampled: 255.53 | Baseline: 267.25 | Improvement: 11.72 | Win Rate: 87.50% | Actor Loss: -0.1680 | Entropy: 0.8328 | Invalid S/B: 0.00/0.00 | Max Load: 7.1 | Load Gap: 1.1
Epoch [296/500] | Sampled: 255.97 | Baseline: 267.72 | Improvement: 11.75 | Win Rate: 81.25% | Actor Loss: -0.8004 | Entropy: 0.8340 | Invalid S/B: 0.00/0.00 | Max Load: 7.0 | Load Gap: 1.0
Epoch [297/500] | Sampled: 253.62 | Baseline: 269.16 | Improvement: 15.53 | Win Rate: 96.88% | Actor Loss: -0.7971 | Entropy: 0.8434 | Invalid S/B: 0.00/0.00 | Max Load: 7.1 | Load Gap: 1.1
Epoch [298/500] | Sampled: 255.12 | Baseline: 267.00 | Improvement: 11.88 | Win Rate: 81.25% | Actor Loss: -1.4598 | Entropy: 0.8714 | Invalid S/B: 0.00/0.00 | Max Load: 7.1 | Load Gap: 1.1
Epoch [299/500] | Sampled: 253.41 | Baseline: 266.31 | Improvement: 12.91 | Win Rate: 87.50% | Actor Loss: -1.1110 | Entropy: 0.8958 | Invalid S/B: 0.00/0.00 | Max Load: 7.1 | Load Gap: 1.1
Epoch [300/500] | Sampled: 256.22 | Baseline: 265.94 | Improvement: 9.72 | Win Rate: 75.00% | Actor Loss: 0.1417 | Entropy: 0.8923 | Invalid S/B: 0.00/0.00 | Max Load: 7.0 | Load Gap: 1.0
   -> Validation | Samples: 50 | Makespan: 251.40 | Invalid Jobs: 0.00
   -> Saved updated training chart to /home/wei/AMR-DFJSP/Static_alogorithm/Attention/attention_precise_training_metrics.png
Epoch [301/500] | Sampled: 257.22 | Baseline: 267.69 | Improvement: 10.47 | Win Rate: 81.25% | Actor Loss: -0.6048 | Entropy: 0.9137 | Invalid S/B: 0.00/0.00 | Max Load: 7.2 | Load Gap: 1.2
Epoch [302/500] | Sampled: 257.69 | Baseline: 267.41 | Improvement: 9.72 | Win Rate: 78.12% | Actor Loss: 1.0161 | Entropy: 0.9614 | Invalid S/B: 0.00/0.00 | Max Load: 7.0 | Load Gap: 1.0
Epoch [303/500] | Sampled: 255.47 | Baseline: 266.53 | Improvement: 11.06 | Win Rate: 81.25% | Actor Loss: -0.4305 | Entropy: 1.0074 | Invalid S/B: 0.00/0.00 | Max Load: 7.1 | Load Gap: 1.1
Epoch [304/500] | Sampled: 257.41 | Baseline: 264.28 | Improvement: 6.88 | Win Rate: 75.00% | Actor Loss: -1.3525 | Entropy: 1.1000 | Invalid S/B: 0.00/0.00 | Max Load: 7.0 | Load Gap: 1.0
Epoch [305/500] | Sampled: 256.44 | Baseline: 266.34 | Improvement: 9.91 | Win Rate: 87.50% | Actor Loss: -0.5057 | Entropy: 1.1532 | Invalid S/B: 0.00/0.00 | Max Load: 7.0 | Load Gap: 1.0
Epoch [306/500] | Sampled: 254.84 | Baseline: 267.00 | Improvement: 12.16 | Win Rate: 81.25% | Actor Loss: -1.0690 | Entropy: 1.2206 | Invalid S/B: 0.00/0.00 | Max Load: 7.0 | Load Gap: 1.0
Epoch [307/500] | Sampled: 255.50 | Baseline: 266.50 | Improvement: 11.00 | Win Rate: 84.38% | Actor Loss: -0.3982 | Entropy: 1.3456 | Invalid S/B: 0.00/0.00 | Max Load: 7.1 | Load Gap: 1.1
Epoch [308/500] | Sampled: 252.91 | Baseline: 266.78 | Improvement: 13.88 | Win Rate: 93.75% | Actor Loss: -1.4376 | Entropy: 1.3709 | Invalid S/B: 0.00/0.00 | Max Load: 7.0 | Load Gap: 1.0
Epoch [309/500] | Sampled: 253.94 | Baseline: 266.56 | Improvement: 12.62 | Win Rate: 93.75% | Actor Loss: -1.2706 | Entropy: 1.3598 | Invalid S/B: 0.00/0.00 | Max Load: 7.1 | Load Gap: 1.1
Epoch [310/500] | Sampled: 254.66 | Baseline: 265.38 | Improvement: 10.72 | Win Rate: 81.25% | Actor Loss: -1.4110 | Entropy: 1.3665 | Invalid S/B: 0.00/0.00 | Max Load: 7.1 | Load Gap: 1.1
Epoch [311/500] | Sampled: 259.00 | Baseline: 266.44 | Improvement: 7.44 | Win Rate: 81.25% | Actor Loss: 0.2840 | Entropy: 1.3452 | Invalid S/B: 0.00/0.00 | Max Load: 7.0 | Load Gap: 1.0
Epoch [312/500] | Sampled: 259.69 | Baseline: 265.97 | Improvement: 6.28 | Win Rate: 71.88% | Actor Loss: -2.0497 | Entropy: 1.3547 | Invalid S/B: 0.00/0.00 | Max Load: 7.0 | Load Gap: 1.1
Epoch [313/500] | Sampled: 255.53 | Baseline: 266.19 | Improvement: 10.66 | Win Rate: 78.12% | Actor Loss: -0.4047 | Entropy: 1.2705 | Invalid S/B: 0.00/0.00 | Max Load: 7.1 | Load Gap: 1.1
Epoch [314/500] | Sampled: 257.62 | Baseline: 266.69 | Improvement: 9.06 | Win Rate: 81.25% | Actor Loss: -0.8494 | Entropy: 1.2632 | Invalid S/B: 0.00/0.00 | Max Load: 7.1 | Load Gap: 1.1
Epoch [315/500] | Sampled: 257.78 | Baseline: 266.94 | Improvement: 9.16 | Win Rate: 81.25% | Actor Loss: 0.5109 | Entropy: 1.2915 | Invalid S/B: 0.00/0.00 | Max Load: 7.0 | Load Gap: 1.0
Epoch [316/500] | Sampled: 256.38 | Baseline: 268.31 | Improvement: 11.94 | Win Rate: 90.62% | Actor Loss: -0.9167 | Entropy: 1.2332 | Invalid S/B: 0.00/0.00 | Max Load: 7.1 | Load Gap: 1.1
Epoch [317/500] | Sampled: 253.94 | Baseline: 267.12 | Improvement: 13.19 | Win Rate: 81.25% | Actor Loss: 1.2705 | Entropy: 1.2317 | Invalid S/B: 0.00/0.00 | Max Load: 7.0 | Load Gap: 1.0
Epoch [318/500] | Sampled: 257.16 | Baseline: 270.09 | Improvement: 12.94 | Win Rate: 84.38% | Actor Loss: 0.1068 | Entropy: 1.2548 | Invalid S/B: 0.00/0.00 | Max Load: 7.0 | Load Gap: 1.0
Epoch [319/500] | Sampled: 257.31 | Baseline: 267.31 | Improvement: 10.00 | Win Rate: 84.38% | Actor Loss: -0.6103 | Entropy: 1.2309 | Invalid S/B: 0.00/0.00 | Max Load: 7.2 | Load Gap: 1.2
Epoch [320/500] | Sampled: 258.38 | Baseline: 264.91 | Improvement: 6.53 | Win Rate: 81.25% | Actor Loss: -2.4465 | Entropy: 1.3646 | Invalid S/B: 0.00/0.00 | Max Load: 7.1 | Load Gap: 1.1
Epoch [321/500] | Sampled: 255.56 | Baseline: 264.84 | Improvement: 9.28 | Win Rate: 84.38% | Actor Loss: -1.6910 | Entropy: 1.3096 | Invalid S/B: 0.00/0.00 | Max Load: 7.1 | Load Gap: 1.1
Epoch [322/500] | Sampled: 257.47 | Baseline: 267.03 | Improvement: 9.56 | Win Rate: 81.25% | Actor Loss: -0.8171 | Entropy: 1.3593 | Invalid S/B: 0.00/0.00 | Max Load: 7.0 | Load Gap: 1.0
Epoch [323/500] | Sampled: 252.00 | Baseline: 262.56 | Improvement: 10.56 | Win Rate: 81.25% | Actor Loss: -1.9429 | Entropy: 1.2975 | Invalid S/B: 0.00/0.00 | Max Load: 7.1 | Load Gap: 1.1
Epoch [324/500] | Sampled: 249.47 | Baseline: 263.06 | Improvement: 13.59 | Win Rate: 87.50% | Actor Loss: -2.5594 | Entropy: 1.2863 | Invalid S/B: 0.00/0.00 | Max Load: 7.1 | Load Gap: 1.1
Epoch [325/500] | Sampled: 255.34 | Baseline: 264.50 | Improvement: 9.16 | Win Rate: 84.38% | Actor Loss: -0.5208 | Entropy: 1.3108 | Invalid S/B: 0.00/0.00 | Max Load: 7.0 | Load Gap: 1.0
Epoch [326/500] | Sampled: 253.81 | Baseline: 264.50 | Improvement: 10.69 | Win Rate: 75.00% | Actor Loss: -2.4408 | Entropy: 1.2292 | Invalid S/B: 0.00/0.00 | Max Load: 7.1 | Load Gap: 1.1
Epoch [327/500] | Sampled: 252.09 | Baseline: 265.56 | Improvement: 13.47 | Win Rate: 93.75% | Actor Loss: -1.0122 | Entropy: 1.1753 | Invalid S/B: 0.00/0.00 | Max Load: 7.0 | Load Gap: 1.1
Epoch [328/500] | Sampled: 251.41 | Baseline: 263.12 | Improvement: 11.72 | Win Rate: 81.25% | Actor Loss: -1.4701 | Entropy: 1.0388 | Invalid S/B: 0.00/0.00 | Max Load: 7.1 | Load Gap: 1.1
Epoch [329/500] | Sampled: 256.12 | Baseline: 266.28 | Improvement: 10.16 | Win Rate: 75.00% | Actor Loss: -1.0729 | Entropy: 1.0563 | Invalid S/B: 0.00/0.00 | Max Load: 7.0 | Load Gap: 1.0
Epoch [330/500] | Sampled: 257.38 | Baseline: 266.72 | Improvement: 9.34 | Win Rate: 84.38% | Actor Loss: -2.1339 | Entropy: 0.9857 | Invalid S/B: 0.00/0.00 | Max Load: 7.1 | Load Gap: 1.1
Epoch [331/500] | Sampled: 257.66 | Baseline: 267.56 | Improvement: 9.91 | Win Rate: 78.12% | Actor Loss: -2.4756 | Entropy: 0.9493 | Invalid S/B: 0.00/0.00 | Max Load: 7.1 | Load Gap: 1.2
Epoch [332/500] | Sampled: 255.69 | Baseline: 265.50 | Improvement: 9.81 | Win Rate: 78.12% | Actor Loss: -1.2383 | Entropy: 0.8560 | Invalid S/B: 0.00/0.00 | Max Load: 7.1 | Load Gap: 1.1
Epoch [333/500] | Sampled: 251.81 | Baseline: 263.59 | Improvement: 11.78 | Win Rate: 81.25% | Actor Loss: 0.2516 | Entropy: 0.7619 | Invalid S/B: 0.00/0.00 | Max Load: 7.1 | Load Gap: 1.1
Epoch [334/500] | Sampled: 254.91 | Baseline: 267.75 | Improvement: 12.84 | Win Rate: 78.12% | Actor Loss: -0.0791 | Entropy: 0.7524 | Invalid S/B: 0.00/0.00 | Max Load: 7.1 | Load Gap: 1.1
Epoch [335/500] | Sampled: 255.44 | Baseline: 266.88 | Improvement: 11.44 | Win Rate: 81.25% | Actor Loss: -1.5824 | Entropy: 0.7234 | Invalid S/B: 0.00/0.00 | Max Load: 7.2 | Load Gap: 1.2
Epoch [336/500] | Sampled: 254.34 | Baseline: 266.66 | Improvement: 12.31 | Win Rate: 84.38% | Actor Loss: 0.0768 | Entropy: 0.7131 | Invalid S/B: 0.00/0.00 | Max Load: 7.2 | Load Gap: 1.2
Epoch [337/500] | Sampled: 250.34 | Baseline: 263.53 | Improvement: 13.19 | Win Rate: 90.62% | Actor Loss: -2.7275 | Entropy: 0.7092 | Invalid S/B: 0.00/0.00 | Max Load: 7.1 | Load Gap: 1.1
Epoch [338/500] | Sampled: 253.09 | Baseline: 266.84 | Improvement: 13.75 | Win Rate: 93.75% | Actor Loss: -0.4209 | Entropy: 0.6860 | Invalid S/B: 0.00/0.00 | Max Load: 7.1 | Load Gap: 1.1
Epoch [339/500] | Sampled: 252.59 | Baseline: 267.56 | Improvement: 14.97 | Win Rate: 87.50% | Actor Loss: -0.8647 | Entropy: 0.6630 | Invalid S/B: 0.00/0.00 | Max Load: 7.1 | Load Gap: 1.1
Epoch [340/500] | Sampled: 250.62 | Baseline: 265.81 | Improvement: 15.19 | Win Rate: 87.50% | Actor Loss: 0.3101 | Entropy: 0.6464 | Invalid S/B: 0.00/0.00 | Max Load: 7.0 | Load Gap: 1.0
Epoch [341/500] | Sampled: 252.38 | Baseline: 266.12 | Improvement: 13.75 | Win Rate: 96.88% | Actor Loss: -3.2570 | Entropy: 0.6849 | Invalid S/B: 0.00/0.00 | Max Load: 7.0 | Load Gap: 1.0
Epoch [342/500] | Sampled: 252.41 | Baseline: 263.78 | Improvement: 11.38 | Win Rate: 78.12% | Actor Loss: -0.6591 | Entropy: 0.6087 | Invalid S/B: 0.00/0.00 | Max Load: 7.1 | Load Gap: 1.1
Epoch [343/500] | Sampled: 253.19 | Baseline: 264.84 | Improvement: 11.66 | Win Rate: 90.62% | Actor Loss: 0.6850 | Entropy: 0.5959 | Invalid S/B: 0.00/0.00 | Max Load: 7.1 | Load Gap: 1.1
Epoch [344/500] | Sampled: 250.47 | Baseline: 264.47 | Improvement: 14.00 | Win Rate: 93.75% | Actor Loss: -0.7238 | Entropy: 0.6001 | Invalid S/B: 0.00/0.00 | Max Load: 7.0 | Load Gap: 1.0
Epoch [345/500] | Sampled: 250.59 | Baseline: 265.78 | Improvement: 15.19 | Win Rate: 84.38% | Actor Loss: -0.3233 | Entropy: 0.5627 | Invalid S/B: 0.00/0.00 | Max Load: 7.0 | Load Gap: 1.0
Epoch [346/500] | Sampled: 249.53 | Baseline: 263.41 | Improvement: 13.88 | Win Rate: 93.75% | Actor Loss: -1.0801 | Entropy: 0.5606 | Invalid S/B: 0.00/0.00 | Max Load: 7.0 | Load Gap: 1.0
Epoch [347/500] | Sampled: 250.09 | Baseline: 265.25 | Improvement: 15.16 | Win Rate: 87.50% | Actor Loss: -1.2711 | Entropy: 0.5651 | Invalid S/B: 0.00/0.00 | Max Load: 7.0 | Load Gap: 1.0
Epoch [348/500] | Sampled: 248.88 | Baseline: 265.84 | Improvement: 16.97 | Win Rate: 90.62% | Actor Loss: -0.3390 | Entropy: 0.5422 | Invalid S/B: 0.00/0.00 | Max Load: 7.0 | Load Gap: 1.0
Epoch [349/500] | Sampled: 250.00 | Baseline: 263.19 | Improvement: 13.19 | Win Rate: 93.75% | Actor Loss: -0.4472 | Entropy: 0.5158 | Invalid S/B: 0.00/0.00 | Max Load: 7.1 | Load Gap: 1.1
Epoch [350/500] | Sampled: 250.31 | Baseline: 261.12 | Improvement: 10.81 | Win Rate: 81.25% | Actor Loss: -0.5894 | Entropy: 0.4760 | Invalid S/B: 0.00/0.00 | Max Load: 7.0 | Load Gap: 1.0
   -> Validation | Samples: 50 | Makespan: 248.44 | Invalid Jobs: 0.00
Epoch [351/500] | Sampled: 250.41 | Baseline: 266.28 | Improvement: 15.88 | Win Rate: 81.25% | Actor Loss: -0.2060 | Entropy: 0.4827 | Invalid S/B: 0.00/0.00 | Max Load: 7.1 | Load Gap: 1.1
Epoch [352/500] | Sampled: 252.75 | Baseline: 266.97 | Improvement: 14.22 | Win Rate: 96.88% | Actor Loss: -0.2396 | Entropy: 0.4284 | Invalid S/B: 0.00/0.00 | Max Load: 7.1 | Load Gap: 1.1
Epoch [353/500] | Sampled: 246.81 | Baseline: 264.53 | Improvement: 17.72 | Win Rate: 93.75% | Actor Loss: -0.6791 | Entropy: 0.4412 | Invalid S/B: 0.00/0.00 | Max Load: 7.0 | Load Gap: 1.0
Epoch [354/500] | Sampled: 246.56 | Baseline: 266.81 | Improvement: 20.25 | Win Rate: 93.75% | Actor Loss: -0.7266 | Entropy: 0.4175 | Invalid S/B: 0.00/0.00 | Max Load: 7.1 | Load Gap: 1.1
Epoch [355/500] | Sampled: 251.81 | Baseline: 269.16 | Improvement: 17.34 | Win Rate: 93.75% | Actor Loss: -0.6399 | Entropy: 0.4151 | Invalid S/B: 0.00/0.00 | Max Load: 7.0 | Load Gap: 1.0
Epoch [356/500] | Sampled: 246.47 | Baseline: 263.31 | Improvement: 16.84 | Win Rate: 87.50% | Actor Loss: -0.7881 | Entropy: 0.4075 | Invalid S/B: 0.00/0.00 | Max Load: 7.2 | Load Gap: 1.3
Epoch [357/500] | Sampled: 248.09 | Baseline: 262.06 | Improvement: 13.97 | Win Rate: 90.62% | Actor Loss: 0.4670 | Entropy: 0.3843 | Invalid S/B: 0.00/0.00 | Max Load: 7.1 | Load Gap: 1.2
Epoch [358/500] | Sampled: 247.94 | Baseline: 264.75 | Improvement: 16.81 | Win Rate: 93.75% | Actor Loss: -0.7831 | Entropy: 0.3476 | Invalid S/B: 0.00/0.00 | Max Load: 7.1 | Load Gap: 1.1
Epoch [359/500] | Sampled: 249.75 | Baseline: 268.34 | Improvement: 18.59 | Win Rate: 93.75% | Actor Loss: 0.9631 | Entropy: 0.3704 | Invalid S/B: 0.00/0.00 | Max Load: 7.1 | Load Gap: 1.1
Epoch [360/500] | Sampled: 249.56 | Baseline: 268.91 | Improvement: 19.34 | Win Rate: 96.88% | Actor Loss: -0.7145 | Entropy: 0.3544 | Invalid S/B: 0.00/0.00 | Max Load: 7.1 | Load Gap: 1.1
Epoch [361/500] | Sampled: 249.34 | Baseline: 267.59 | Improvement: 18.25 | Win Rate: 96.88% | Actor Loss: 0.1455 | Entropy: 0.3610 | Invalid S/B: 0.00/0.00 | Max Load: 7.0 | Load Gap: 1.0
Epoch [362/500] | Sampled: 250.31 | Baseline: 265.16 | Improvement: 14.84 | Win Rate: 96.88% | Actor Loss: 0.0196 | Entropy: 0.3287 | Invalid S/B: 0.00/0.00 | Max Load: 7.1 | Load Gap: 1.2
Epoch [363/500] | Sampled: 248.59 | Baseline: 265.66 | Improvement: 17.06 | Win Rate: 87.50% | Actor Loss: -0.4131 | Entropy: 0.3294 | Invalid S/B: 0.00/0.00 | Max Load: 7.1 | Load Gap: 1.1
Epoch [364/500] | Sampled: 250.00 | Baseline: 266.44 | Improvement: 16.44 | Win Rate: 87.50% | Actor Loss: -0.0997 | Entropy: 0.3551 | Invalid S/B: 0.00/0.00 | Max Load: 7.2 | Load Gap: 1.2
Epoch [365/500] | Sampled: 248.31 | Baseline: 265.91 | Improvement: 17.59 | Win Rate: 93.75% | Actor Loss: 0.0946 | Entropy: 0.3412 | Invalid S/B: 0.00/0.00 | Max Load: 7.1 | Load Gap: 1.2
Epoch [366/500] | Sampled: 249.50 | Baseline: 263.62 | Improvement: 14.12 | Win Rate: 90.62% | Actor Loss: 0.5060 | Entropy: 0.3394 | Invalid S/B: 0.00/0.00 | Max Load: 7.1 | Load Gap: 1.1
Epoch [367/500] | Sampled: 249.66 | Baseline: 267.75 | Improvement: 18.09 | Win Rate: 100.00% | Actor Loss: 0.1451 | Entropy: 0.3245 | Invalid S/B: 0.00/0.00 | Max Load: 7.2 | Load Gap: 1.2
Epoch [368/500] | Sampled: 251.22 | Baseline: 267.34 | Improvement: 16.12 | Win Rate: 84.38% | Actor Loss: 0.2257 | Entropy: 0.3116 | Invalid S/B: 0.00/0.00 | Max Load: 7.2 | Load Gap: 1.2
Epoch [369/500] | Sampled: 245.84 | Baseline: 264.16 | Improvement: 18.31 | Win Rate: 100.00% | Actor Loss: -0.8400 | Entropy: 0.3289 | Invalid S/B: 0.00/0.00 | Max Load: 7.1 | Load Gap: 1.2
Epoch [370/500] | Sampled: 247.38 | Baseline: 261.75 | Improvement: 14.38 | Win Rate: 84.38% | Actor Loss: -1.3247 | Entropy: 0.3482 | Invalid S/B: 0.00/0.00 | Max Load: 7.2 | Load Gap: 1.2
Epoch [371/500] | Sampled: 248.81 | Baseline: 262.16 | Improvement: 13.34 | Win Rate: 93.75% | Actor Loss: -0.9454 | Entropy: 0.3430 | Invalid S/B: 0.00/0.00 | Max Load: 7.2 | Load Gap: 1.2
Epoch [372/500] | Sampled: 250.44 | Baseline: 266.22 | Improvement: 15.78 | Win Rate: 100.00% | Actor Loss: -0.0857 | Entropy: 0.3439 | Invalid S/B: 0.00/0.00 | Max Load: 7.2 | Load Gap: 1.2
Epoch [373/500] | Sampled: 251.34 | Baseline: 264.94 | Improvement: 13.59 | Win Rate: 87.50% | Actor Loss: -0.1525 | Entropy: 0.3543 | Invalid S/B: 0.00/0.00 | Max Load: 7.2 | Load Gap: 1.2
Epoch [374/500] | Sampled: 249.91 | Baseline: 265.00 | Improvement: 15.09 | Win Rate: 90.62% | Actor Loss: -1.2207 | Entropy: 0.3834 | Invalid S/B: 0.00/0.00 | Max Load: 7.1 | Load Gap: 1.1
Epoch [375/500] | Sampled: 251.75 | Baseline: 266.19 | Improvement: 14.44 | Win Rate: 96.88% | Actor Loss: -0.4684 | Entropy: 0.3902 | Invalid S/B: 0.00/0.00 | Max Load: 7.1 | Load Gap: 1.1
Epoch [376/500] | Sampled: 250.50 | Baseline: 268.47 | Improvement: 17.97 | Win Rate: 96.88% | Actor Loss: -0.7905 | Entropy: 0.4222 | Invalid S/B: 0.00/0.00 | Max Load: 7.1 | Load Gap: 1.1
Epoch [377/500] | Sampled: 252.12 | Baseline: 266.84 | Improvement: 14.72 | Win Rate: 84.38% | Actor Loss: -0.2340 | Entropy: 0.4346 | Invalid S/B: 0.00/0.00 | Max Load: 7.1 | Load Gap: 1.1
Epoch [378/500] | Sampled: 248.47 | Baseline: 265.25 | Improvement: 16.78 | Win Rate: 96.88% | Actor Loss: -0.0617 | Entropy: 0.4253 | Invalid S/B: 0.00/0.00 | Max Load: 7.1 | Load Gap: 1.1
Epoch [379/500] | Sampled: 252.47 | Baseline: 267.28 | Improvement: 14.81 | Win Rate: 90.62% | Actor Loss: 0.0188 | Entropy: 0.4637 | Invalid S/B: 0.00/0.00 | Max Load: 7.1 | Load Gap: 1.1
Epoch [380/500] | Sampled: 252.00 | Baseline: 267.44 | Improvement: 15.44 | Win Rate: 90.62% | Actor Loss: -0.3972 | Entropy: 0.4825 | Invalid S/B: 0.00/0.00 | Max Load: 7.1 | Load Gap: 1.2
Epoch [381/500] | Sampled: 255.22 | Baseline: 266.09 | Improvement: 10.88 | Win Rate: 81.25% | Actor Loss: -0.8822 | Entropy: 0.5142 | Invalid S/B: 0.00/0.00 | Max Load: 7.1 | Load Gap: 1.1
Epoch [382/500] | Sampled: 250.50 | Baseline: 266.59 | Improvement: 16.09 | Win Rate: 90.62% | Actor Loss: -0.7792 | Entropy: 0.4473 | Invalid S/B: 0.00/0.00 | Max Load: 7.0 | Load Gap: 1.0
Epoch [383/500] | Sampled: 250.88 | Baseline: 266.91 | Improvement: 16.03 | Win Rate: 87.50% | Actor Loss: 0.0860 | Entropy: 0.3440 | Invalid S/B: 0.00/0.00 | Max Load: 7.1 | Load Gap: 1.1
Epoch [384/500] | Sampled: 252.59 | Baseline: 263.16 | Improvement: 10.56 | Win Rate: 81.25% | Actor Loss: 1.1135 | Entropy: 0.3073 | Invalid S/B: 0.00/0.00 | Max Load: 7.2 | Load Gap: 1.2
Epoch [385/500] | Sampled: 252.12 | Baseline: 263.06 | Improvement: 10.94 | Win Rate: 75.00% | Actor Loss: -0.4346 | Entropy: 0.2762 | Invalid S/B: 0.00/0.00 | Max Load: 7.1 | Load Gap: 1.1
Epoch [386/500] | Sampled: 253.59 | Baseline: 268.00 | Improvement: 14.41 | Win Rate: 87.50% | Actor Loss: 0.3425 | Entropy: 0.2709 | Invalid S/B: 0.00/0.00 | Max Load: 7.2 | Load Gap: 1.2
Epoch [387/500] | Sampled: 250.19 | Baseline: 267.78 | Improvement: 17.59 | Win Rate: 90.62% | Actor Loss: -0.6616 | Entropy: 0.2455 | Invalid S/B: 0.00/0.00 | Max Load: 7.1 | Load Gap: 1.1
Epoch [388/500] | Sampled: 250.94 | Baseline: 268.06 | Improvement: 17.12 | Win Rate: 87.50% | Actor Loss: 0.4093 | Entropy: 0.2607 | Invalid S/B: 0.00/0.00 | Max Load: 7.0 | Load Gap: 1.0
Epoch [389/500] | Sampled: 254.66 | Baseline: 265.41 | Improvement: 10.75 | Win Rate: 90.62% | Actor Loss: -0.0495 | Entropy: 0.2474 | Invalid S/B: 0.00/0.00 | Max Load: 7.2 | Load Gap: 1.2
Epoch [390/500] | Sampled: 251.84 | Baseline: 264.56 | Improvement: 12.72 | Win Rate: 75.00% | Actor Loss: -0.2444 | Entropy: 0.2395 | Invalid S/B: 0.00/0.00 | Max Load: 7.2 | Load Gap: 1.2
Epoch [391/500] | Sampled: 253.09 | Baseline: 269.72 | Improvement: 16.62 | Win Rate: 87.50% | Actor Loss: -1.2049 | Entropy: 0.2322 | Invalid S/B: 0.00/0.00 | Max Load: 7.1 | Load Gap: 1.1
Epoch [392/500] | Sampled: 252.56 | Baseline: 264.88 | Improvement: 12.31 | Win Rate: 75.00% | Actor Loss: 0.1621 | Entropy: 0.2244 | Invalid S/B: 0.00/0.00 | Max Load: 7.0 | Load Gap: 1.0
Epoch [393/500] | Sampled: 254.53 | Baseline: 265.25 | Improvement: 10.72 | Win Rate: 87.50% | Actor Loss: -0.2839 | Entropy: 0.2605 | Invalid S/B: 0.00/0.00 | Max Load: 7.0 | Load Gap: 1.0
Epoch [394/500] | Sampled: 253.19 | Baseline: 264.94 | Improvement: 11.75 | Win Rate: 71.88% | Actor Loss: -0.4231 | Entropy: 0.2615 | Invalid S/B: 0.00/0.00 | Max Load: 7.2 | Load Gap: 1.2
Epoch [395/500] | Sampled: 251.69 | Baseline: 266.75 | Improvement: 15.06 | Win Rate: 93.75% | Actor Loss: -0.5059 | Entropy: 0.2381 | Invalid S/B: 0.00/0.00 | Max Load: 7.1 | Load Gap: 1.1
Epoch [396/500] | Sampled: 252.47 | Baseline: 268.34 | Improvement: 15.88 | Win Rate: 96.88% | Actor Loss: -0.5376 | Entropy: 0.2573 | Invalid S/B: 0.00/0.00 | Max Load: 7.2 | Load Gap: 1.2
Epoch [397/500] | Sampled: 249.00 | Baseline: 262.94 | Improvement: 13.94 | Win Rate: 87.50% | Actor Loss: -0.1146 | Entropy: 0.2546 | Invalid S/B: 0.00/0.00 | Max Load: 7.2 | Load Gap: 1.2
Epoch [398/500] | Sampled: 253.03 | Baseline: 265.47 | Improvement: 12.44 | Win Rate: 90.62% | Actor Loss: 0.0672 | Entropy: 0.2720 | Invalid S/B: 0.00/0.00 | Max Load: 7.0 | Load Gap: 1.0
Epoch [399/500] | Sampled: 250.81 | Baseline: 264.91 | Improvement: 14.09 | Win Rate: 93.75% | Actor Loss: 0.0599 | Entropy: 0.2535 | Invalid S/B: 0.00/0.00 | Max Load: 7.0 | Load Gap: 1.0
Epoch [400/500] | Sampled: 249.03 | Baseline: 264.81 | Improvement: 15.78 | Win Rate: 93.75% | Actor Loss: -0.7666 | Entropy: 0.2407 | Invalid S/B: 0.00/0.00 | Max Load: 7.0 | Load Gap: 1.0
   -> Validation | Samples: 50 | Makespan: 250.32 | Invalid Jobs: 0.00
   -> Saved updated training chart to /home/wei/AMR-DFJSP/Static_alogorithm/Attention/attention_precise_training_metrics.png
Epoch [401/500] | Sampled: 250.28 | Baseline: 267.22 | Improvement: 16.94 | Win Rate: 93.75% | Actor Loss: 0.2180 | Entropy: 0.2347 | Invalid S/B: 0.00/0.00 | Max Load: 7.1 | Load Gap: 1.1
Epoch [402/500] | Sampled: 255.03 | Baseline: 264.91 | Improvement: 9.88 | Win Rate: 90.62% | Actor Loss: -0.4147 | Entropy: 0.2425 | Invalid S/B: 0.00/0.00 | Max Load: 7.1 | Load Gap: 1.1
Epoch [403/500] | Sampled: 253.09 | Baseline: 267.00 | Improvement: 13.91 | Win Rate: 93.75% | Actor Loss: -0.2590 | Entropy: 0.2745 | Invalid S/B: 0.00/0.00 | Max Load: 7.0 | Load Gap: 1.0
Epoch [404/500] | Sampled: 251.28 | Baseline: 265.28 | Improvement: 14.00 | Win Rate: 93.75% | Actor Loss: -0.4595 | Entropy: 0.2837 | Invalid S/B: 0.00/0.00 | Max Load: 7.0 | Load Gap: 1.0
Epoch [405/500] | Sampled: 248.81 | Baseline: 267.12 | Improvement: 18.31 | Win Rate: 87.50% | Actor Loss: 0.0882 | Entropy: 0.2915 | Invalid S/B: 0.00/0.00 | Max Load: 7.1 | Load Gap: 1.1
Epoch [406/500] | Sampled: 251.75 | Baseline: 268.69 | Improvement: 16.94 | Win Rate: 96.88% | Actor Loss: -0.5459 | Entropy: 0.3089 | Invalid S/B: 0.00/0.00 | Max Load: 7.1 | Load Gap: 1.1
Epoch [407/500] | Sampled: 250.97 | Baseline: 264.22 | Improvement: 13.25 | Win Rate: 78.12% | Actor Loss: -0.1030 | Entropy: 0.3012 | Invalid S/B: 0.00/0.00 | Max Load: 7.1 | Load Gap: 1.1
Epoch [408/500] | Sampled: 253.62 | Baseline: 266.59 | Improvement: 12.97 | Win Rate: 87.50% | Actor Loss: 0.1350 | Entropy: 0.2951 | Invalid S/B: 0.00/0.00 | Max Load: 7.1 | Load Gap: 1.2
Epoch [409/500] | Sampled: 249.59 | Baseline: 266.72 | Improvement: 17.12 | Win Rate: 96.88% | Actor Loss: 0.6820 | Entropy: 0.3154 | Invalid S/B: 0.00/0.00 | Max Load: 7.0 | Load Gap: 1.0
Epoch [410/500] | Sampled: 250.62 | Baseline: 264.12 | Improvement: 13.50 | Win Rate: 78.12% | Actor Loss: -0.2426 | Entropy: 0.2791 | Invalid S/B: 0.00/0.00 | Max Load: 7.1 | Load Gap: 1.1
Epoch [411/500] | Sampled: 252.44 | Baseline: 267.84 | Improvement: 15.41 | Win Rate: 90.62% | Actor Loss: 0.4704 | Entropy: 0.3258 | Invalid S/B: 0.00/0.00 | Max Load: 7.0 | Load Gap: 1.0
Epoch [412/500] | Sampled: 251.81 | Baseline: 266.81 | Improvement: 15.00 | Win Rate: 90.62% | Actor Loss: 0.5611 | Entropy: 0.3162 | Invalid S/B: 0.00/0.00 | Max Load: 7.1 | Load Gap: 1.1
Epoch [413/500] | Sampled: 246.50 | Baseline: 263.56 | Improvement: 17.06 | Win Rate: 93.75% | Actor Loss: 0.2152 | Entropy: 0.3004 | Invalid S/B: 0.00/0.00 | Max Load: 7.2 | Load Gap: 1.2
Epoch [414/500] | Sampled: 252.69 | Baseline: 267.31 | Improvement: 14.62 | Win Rate: 90.62% | Actor Loss: -0.1665 | Entropy: 0.2867 | Invalid S/B: 0.00/0.00 | Max Load: 7.1 | Load Gap: 1.1
Epoch [415/500] | Sampled: 248.31 | Baseline: 267.25 | Improvement: 18.94 | Win Rate: 93.75% | Actor Loss: -0.7769 | Entropy: 0.2837 | Invalid S/B: 0.00/0.00 | Max Load: 7.1 | Load Gap: 1.1
Epoch [416/500] | Sampled: 253.78 | Baseline: 268.72 | Improvement: 14.94 | Win Rate: 93.75% | Actor Loss: 0.4207 | Entropy: 0.3062 | Invalid S/B: 0.00/0.00 | Max Load: 7.1 | Load Gap: 1.1
Epoch [417/500] | Sampled: 248.53 | Baseline: 263.31 | Improvement: 14.78 | Win Rate: 93.75% | Actor Loss: 0.6486 | Entropy: 0.2688 | Invalid S/B: 0.00/0.00 | Max Load: 7.0 | Load Gap: 1.0
Epoch [418/500] | Sampled: 249.47 | Baseline: 261.38 | Improvement: 11.91 | Win Rate: 90.62% | Actor Loss: -0.9135 | Entropy: 0.2562 | Invalid S/B: 0.00/0.00 | Max Load: 7.1 | Load Gap: 1.1
Epoch [419/500] | Sampled: 251.84 | Baseline: 266.09 | Improvement: 14.25 | Win Rate: 87.50% | Actor Loss: 0.2018 | Entropy: 0.3204 | Invalid S/B: 0.00/0.00 | Max Load: 7.1 | Load Gap: 1.1
Epoch [420/500] | Sampled: 247.84 | Baseline: 266.81 | Improvement: 18.97 | Win Rate: 90.62% | Actor Loss: -0.0675 | Entropy: 0.2799 | Invalid S/B: 0.00/0.00 | Max Load: 7.0 | Load Gap: 1.0
Epoch [421/500] | Sampled: 253.53 | Baseline: 266.34 | Improvement: 12.81 | Win Rate: 90.62% | Actor Loss: -0.1179 | Entropy: 0.2829 | Invalid S/B: 0.00/0.00 | Max Load: 7.0 | Load Gap: 1.0
Epoch [422/500] | Sampled: 253.88 | Baseline: 267.12 | Improvement: 13.25 | Win Rate: 90.62% | Actor Loss: 0.3468 | Entropy: 0.2866 | Invalid S/B: 0.00/0.00 | Max Load: 7.0 | Load Gap: 1.0
Epoch [423/500] | Sampled: 253.88 | Baseline: 266.75 | Improvement: 12.88 | Win Rate: 84.38% | Actor Loss: 0.3983 | Entropy: 0.3111 | Invalid S/B: 0.00/0.00 | Max Load: 7.1 | Load Gap: 1.1
Epoch [424/500] | Sampled: 254.38 | Baseline: 266.22 | Improvement: 11.84 | Win Rate: 78.12% | Actor Loss: 0.0271 | Entropy: 0.2980 | Invalid S/B: 0.00/0.00 | Max Load: 7.0 | Load Gap: 1.0
Epoch [425/500] | Sampled: 253.16 | Baseline: 266.31 | Improvement: 13.16 | Win Rate: 90.62% | Actor Loss: 0.7820 | Entropy: 0.3261 | Invalid S/B: 0.00/0.00 | Max Load: 7.0 | Load Gap: 1.0
Epoch [426/500] | Sampled: 256.00 | Baseline: 268.47 | Improvement: 12.47 | Win Rate: 93.75% | Actor Loss: 0.7639 | Entropy: 0.2857 | Invalid S/B: 0.00/0.00 | Max Load: 7.0 | Load Gap: 1.0
Epoch [427/500] | Sampled: 247.31 | Baseline: 264.62 | Improvement: 17.31 | Win Rate: 93.75% | Actor Loss: 0.4255 | Entropy: 0.3029 | Invalid S/B: 0.00/0.00 | Max Load: 7.1 | Load Gap: 1.1
Epoch [428/500] | Sampled: 250.56 | Baseline: 266.94 | Improvement: 16.38 | Win Rate: 87.50% | Actor Loss: -0.4725 | Entropy: 0.3399 | Invalid S/B: 0.00/0.00 | Max Load: 7.1 | Load Gap: 1.1
Epoch [429/500] | Sampled: 252.50 | Baseline: 266.31 | Improvement: 13.81 | Win Rate: 90.62% | Actor Loss: 0.3523 | Entropy: 0.3394 | Invalid S/B: 0.00/0.00 | Max Load: 7.0 | Load Gap: 1.0
Epoch [430/500] | Sampled: 251.41 | Baseline: 267.75 | Improvement: 16.34 | Win Rate: 96.88% | Actor Loss: -0.0659 | Entropy: 0.3497 | Invalid S/B: 0.00/0.00 | Max Load: 7.0 | Load Gap: 1.0
Epoch [431/500] | Sampled: 249.59 | Baseline: 265.28 | Improvement: 15.69 | Win Rate: 93.75% | Actor Loss: 0.0196 | Entropy: 0.3233 | Invalid S/B: 0.00/0.00 | Max Load: 7.2 | Load Gap: 1.2
Epoch [432/500] | Sampled: 251.97 | Baseline: 265.09 | Improvement: 13.12 | Win Rate: 75.00% | Actor Loss: 0.4929 | Entropy: 0.2729 | Invalid S/B: 0.00/0.00 | Max Load: 7.0 | Load Gap: 1.0
Epoch [433/500] | Sampled: 253.00 | Baseline: 266.62 | Improvement: 13.62 | Win Rate: 84.38% | Actor Loss: -0.2191 | Entropy: 0.3323 | Invalid S/B: 0.00/0.00 | Max Load: 7.1 | Load Gap: 1.1
Epoch [434/500] | Sampled: 251.88 | Baseline: 266.16 | Improvement: 14.28 | Win Rate: 100.00% | Actor Loss: 0.0209 | Entropy: 0.2945 | Invalid S/B: 0.00/0.00 | Max Load: 7.1 | Load Gap: 1.1
Epoch [435/500] | Sampled: 254.09 | Baseline: 265.47 | Improvement: 11.38 | Win Rate: 90.62% | Actor Loss: 0.1997 | Entropy: 0.2873 | Invalid S/B: 0.00/0.00 | Max Load: 7.1 | Load Gap: 1.1
Epoch [436/500] | Sampled: 250.50 | Baseline: 268.16 | Improvement: 17.66 | Win Rate: 96.88% | Actor Loss: -0.0293 | Entropy: 0.2850 | Invalid S/B: 0.00/0.00 | Max Load: 7.0 | Load Gap: 1.0
Epoch [437/500] | Sampled: 248.16 | Baseline: 263.31 | Improvement: 15.16 | Win Rate: 96.88% | Actor Loss: 0.2597 | Entropy: 0.3012 | Invalid S/B: 0.00/0.00 | Max Load: 7.0 | Load Gap: 1.0
Epoch [438/500] | Sampled: 252.16 | Baseline: 268.59 | Improvement: 16.44 | Win Rate: 100.00% | Actor Loss: -0.0409 | Entropy: 0.2971 | Invalid S/B: 0.00/0.00 | Max Load: 7.1 | Load Gap: 1.1
Epoch [439/500] | Sampled: 253.09 | Baseline: 265.25 | Improvement: 12.16 | Win Rate: 87.50% | Actor Loss: -0.3333 | Entropy: 0.2599 | Invalid S/B: 0.00/0.00 | Max Load: 7.1 | Load Gap: 1.1
Epoch [440/500] | Sampled: 254.06 | Baseline: 264.16 | Improvement: 10.09 | Win Rate: 87.50% | Actor Loss: -0.8993 | Entropy: 0.2641 | Invalid S/B: 0.00/0.00 | Max Load: 7.1 | Load Gap: 1.2
Epoch [441/500] | Sampled: 253.81 | Baseline: 264.69 | Improvement: 10.88 | Win Rate: 87.50% | Actor Loss: -0.6065 | Entropy: 0.2844 | Invalid S/B: 0.00/0.00 | Max Load: 7.1 | Load Gap: 1.1
Epoch [442/500] | Sampled: 248.81 | Baseline: 265.38 | Improvement: 16.56 | Win Rate: 87.50% | Actor Loss: -0.3960 | Entropy: 0.2785 | Invalid S/B: 0.00/0.00 | Max Load: 7.1 | Load Gap: 1.1
Epoch [443/500] | Sampled: 249.03 | Baseline: 264.00 | Improvement: 14.97 | Win Rate: 90.62% | Actor Loss: 0.7250 | Entropy: 0.2767 | Invalid S/B: 0.00/0.00 | Max Load: 7.1 | Load Gap: 1.1
Epoch [444/500] | Sampled: 251.03 | Baseline: 264.97 | Improvement: 13.94 | Win Rate: 84.38% | Actor Loss: 0.5507 | Entropy: 0.2977 | Invalid S/B: 0.00/0.00 | Max Load: 7.0 | Load Gap: 1.0
Epoch [445/500] | Sampled: 253.28 | Baseline: 267.53 | Improvement: 14.25 | Win Rate: 93.75% | Actor Loss: -0.8064 | Entropy: 0.3188 | Invalid S/B: 0.00/0.00 | Max Load: 7.1 | Load Gap: 1.1
Epoch [446/500] | Sampled: 252.12 | Baseline: 265.72 | Improvement: 13.59 | Win Rate: 87.50% | Actor Loss: 0.5417 | Entropy: 0.2791 | Invalid S/B: 0.00/0.00 | Max Load: 7.0 | Load Gap: 1.0
Epoch [447/500] | Sampled: 252.44 | Baseline: 266.06 | Improvement: 13.62 | Win Rate: 90.62% | Actor Loss: 0.0731 | Entropy: 0.2947 | Invalid S/B: 0.00/0.00 | Max Load: 7.1 | Load Gap: 1.1
Epoch [448/500] | Sampled: 252.62 | Baseline: 263.50 | Improvement: 10.88 | Win Rate: 87.50% | Actor Loss: -0.9465 | Entropy: 0.2923 | Invalid S/B: 0.00/0.00 | Max Load: 7.0 | Load Gap: 1.0
Epoch [449/500] | Sampled: 252.94 | Baseline: 267.91 | Improvement: 14.97 | Win Rate: 90.62% | Actor Loss: -0.6911 | Entropy: 0.3089 | Invalid S/B: 0.00/0.00 | Max Load: 7.0 | Load Gap: 1.0
Epoch [450/500] | Sampled: 252.62 | Baseline: 266.47 | Improvement: 13.84 | Win Rate: 84.38% | Actor Loss: -0.4368 | Entropy: 0.3064 | Invalid S/B: 0.00/0.00 | Max Load: 7.0 | Load Gap: 1.0
   -> Validation | Samples: 50 | Makespan: 251.30 | Invalid Jobs: 0.00
Epoch [451/500] | Sampled: 252.50 | Baseline: 265.56 | Improvement: 13.06 | Win Rate: 90.62% | Actor Loss: -0.9306 | Entropy: 0.2896 | Invalid S/B: 0.00/0.00 | Max Load: 7.0 | Load Gap: 1.0
Epoch [452/500] | Sampled: 253.91 | Baseline: 270.38 | Improvement: 16.47 | Win Rate: 96.88% | Actor Loss: 0.5876 | Entropy: 0.3221 | Invalid S/B: 0.00/0.00 | Max Load: 7.1 | Load Gap: 1.1
Epoch [453/500] | Sampled: 252.97 | Baseline: 266.88 | Improvement: 13.91 | Win Rate: 96.88% | Actor Loss: -0.6095 | Entropy: 0.3529 | Invalid S/B: 0.00/0.00 | Max Load: 7.0 | Load Gap: 1.0
Epoch [454/500] | Sampled: 252.50 | Baseline: 264.81 | Improvement: 12.31 | Win Rate: 90.62% | Actor Loss: -0.4408 | Entropy: 0.3536 | Invalid S/B: 0.00/0.00 | Max Load: 7.1 | Load Gap: 1.1
Epoch [455/500] | Sampled: 252.91 | Baseline: 264.66 | Improvement: 11.75 | Win Rate: 84.38% | Actor Loss: 0.4974 | Entropy: 0.3425 | Invalid S/B: 0.00/0.00 | Max Load: 7.1 | Load Gap: 1.1
Epoch [456/500] | Sampled: 251.62 | Baseline: 264.00 | Improvement: 12.38 | Win Rate: 87.50% | Actor Loss: 0.3679 | Entropy: 0.3618 | Invalid S/B: 0.00/0.00 | Max Load: 7.0 | Load Gap: 1.0
Epoch [457/500] | Sampled: 253.53 | Baseline: 264.34 | Improvement: 10.81 | Win Rate: 81.25% | Actor Loss: -0.3460 | Entropy: 0.3909 | Invalid S/B: 0.00/0.00 | Max Load: 7.1 | Load Gap: 1.1
Epoch [458/500] | Sampled: 251.44 | Baseline: 266.16 | Improvement: 14.72 | Win Rate: 93.75% | Actor Loss: -0.6519 | Entropy: 0.4212 | Invalid S/B: 0.00/0.00 | Max Load: 7.0 | Load Gap: 1.0
Epoch [459/500] | Sampled: 253.69 | Baseline: 265.81 | Improvement: 12.12 | Win Rate: 90.62% | Actor Loss: -0.1593 | Entropy: 0.4468 | Invalid S/B: 0.00/0.00 | Max Load: 7.0 | Load Gap: 1.0
Epoch [460/500] | Sampled: 254.72 | Baseline: 267.97 | Improvement: 13.25 | Win Rate: 87.50% | Actor Loss: -0.6474 | Entropy: 0.4205 | Invalid S/B: 0.00/0.00 | Max Load: 7.1 | Load Gap: 1.1
Epoch [461/500] | Sampled: 254.41 | Baseline: 264.97 | Improvement: 10.56 | Win Rate: 84.38% | Actor Loss: -0.1261 | Entropy: 0.3578 | Invalid S/B: 0.00/0.00 | Max Load: 7.2 | Load Gap: 1.2
Epoch [462/500] | Sampled: 254.56 | Baseline: 264.12 | Improvement: 9.56 | Win Rate: 75.00% | Actor Loss: 0.1884 | Entropy: 0.3677 | Invalid S/B: 0.00/0.00 | Max Load: 7.2 | Load Gap: 1.2
Epoch [463/500] | Sampled: 252.59 | Baseline: 262.91 | Improvement: 10.31 | Win Rate: 81.25% | Actor Loss: -0.4468 | Entropy: 0.3799 | Invalid S/B: 0.00/0.00 | Max Load: 7.1 | Load Gap: 1.1
Epoch [464/500] | Sampled: 251.41 | Baseline: 265.97 | Improvement: 14.56 | Win Rate: 87.50% | Actor Loss: -0.1673 | Entropy: 0.3692 | Invalid S/B: 0.00/0.00 | Max Load: 7.2 | Load Gap: 1.2
Epoch [465/500] | Sampled: 251.66 | Baseline: 266.44 | Improvement: 14.78 | Win Rate: 90.62% | Actor Loss: -0.0912 | Entropy: 0.3379 | Invalid S/B: 0.00/0.00 | Max Load: 7.1 | Load Gap: 1.1
Epoch [466/500] | Sampled: 254.25 | Baseline: 267.59 | Improvement: 13.34 | Win Rate: 84.38% | Actor Loss: 0.0191 | Entropy: 0.3486 | Invalid S/B: 0.00/0.00 | Max Load: 7.0 | Load Gap: 1.0
Epoch [467/500] | Sampled: 251.03 | Baseline: 267.06 | Improvement: 16.03 | Win Rate: 90.62% | Actor Loss: 0.1044 | Entropy: 0.3435 | Invalid S/B: 0.00/0.00 | Max Load: 7.1 | Load Gap: 1.1
Epoch [468/500] | Sampled: 252.72 | Baseline: 262.38 | Improvement: 9.66 | Win Rate: 81.25% | Actor Loss: -0.3068 | Entropy: 0.3467 | Invalid S/B: 0.00/0.00 | Max Load: 7.1 | Load Gap: 1.1
Epoch [469/500] | Sampled: 252.16 | Baseline: 266.59 | Improvement: 14.44 | Win Rate: 90.62% | Actor Loss: -0.6535 | Entropy: 0.3584 | Invalid S/B: 0.00/0.00 | Max Load: 7.1 | Load Gap: 1.1
Epoch [470/500] | Sampled: 252.75 | Baseline: 268.59 | Improvement: 15.84 | Win Rate: 96.88% | Actor Loss: -0.4133 | Entropy: 0.3495 | Invalid S/B: 0.00/0.00 | Max Load: 7.2 | Load Gap: 1.2
Epoch [471/500] | Sampled: 253.34 | Baseline: 266.44 | Improvement: 13.09 | Win Rate: 93.75% | Actor Loss: -0.2541 | Entropy: 0.3624 | Invalid S/B: 0.00/0.00 | Max Load: 7.1 | Load Gap: 1.2
Epoch [472/500] | Sampled: 253.44 | Baseline: 267.66 | Improvement: 14.22 | Win Rate: 84.38% | Actor Loss: -0.4808 | Entropy: 0.3305 | Invalid S/B: 0.00/0.00 | Max Load: 7.0 | Load Gap: 1.1
Epoch [473/500] | Sampled: 251.62 | Baseline: 266.00 | Improvement: 14.38 | Win Rate: 87.50% | Actor Loss: 0.1389 | Entropy: 0.3746 | Invalid S/B: 0.00/0.00 | Max Load: 7.0 | Load Gap: 1.0
Epoch [474/500] | Sampled: 250.81 | Baseline: 264.38 | Improvement: 13.56 | Win Rate: 93.75% | Actor Loss: -0.0058 | Entropy: 0.3431 | Invalid S/B: 0.00/0.00 | Max Load: 7.1 | Load Gap: 1.1
Epoch [475/500] | Sampled: 250.41 | Baseline: 267.56 | Improvement: 17.16 | Win Rate: 96.88% | Actor Loss: 0.0607 | Entropy: 0.3834 | Invalid S/B: 0.00/0.00 | Max Load: 7.1 | Load Gap: 1.1
Epoch [476/500] | Sampled: 251.97 | Baseline: 264.50 | Improvement: 12.53 | Win Rate: 87.50% | Actor Loss: -0.3799 | Entropy: 0.4025 | Invalid S/B: 0.00/0.00 | Max Load: 7.2 | Load Gap: 1.2
Epoch [477/500] | Sampled: 250.12 | Baseline: 265.22 | Improvement: 15.09 | Win Rate: 90.62% | Actor Loss: -0.3024 | Entropy: 0.3724 | Invalid S/B: 0.00/0.00 | Max Load: 7.1 | Load Gap: 1.1
Epoch [478/500] | Sampled: 252.12 | Baseline: 266.03 | Improvement: 13.91 | Win Rate: 90.62% | Actor Loss: -0.9580 | Entropy: 0.3981 | Invalid S/B: 0.00/0.00 | Max Load: 7.1 | Load Gap: 1.2
Epoch [479/500] | Sampled: 252.16 | Baseline: 264.41 | Improvement: 12.25 | Win Rate: 93.75% | Actor Loss: 0.2186 | Entropy: 0.3860 | Invalid S/B: 0.00/0.00 | Max Load: 7.1 | Load Gap: 1.2
Epoch [480/500] | Sampled: 250.06 | Baseline: 267.56 | Improvement: 17.50 | Win Rate: 93.75% | Actor Loss: -0.5295 | Entropy: 0.4116 | Invalid S/B: 0.00/0.00 | Max Load: 7.1 | Load Gap: 1.2
Epoch [481/500] | Sampled: 252.44 | Baseline: 263.22 | Improvement: 10.78 | Win Rate: 81.25% | Actor Loss: -0.7352 | Entropy: 0.4105 | Invalid S/B: 0.00/0.00 | Max Load: 7.2 | Load Gap: 1.2
Epoch [482/500] | Sampled: 251.31 | Baseline: 263.34 | Improvement: 12.03 | Win Rate: 87.50% | Actor Loss: -0.0968 | Entropy: 0.3937 | Invalid S/B: 0.00/0.00 | Max Load: 7.1 | Load Gap: 1.2
Epoch [483/500] | Sampled: 251.94 | Baseline: 265.75 | Improvement: 13.81 | Win Rate: 81.25% | Actor Loss: 1.1424 | Entropy: 0.3960 | Invalid S/B: 0.00/0.00 | Max Load: 7.0 | Load Gap: 1.1
Epoch [484/500] | Sampled: 251.12 | Baseline: 264.31 | Improvement: 13.19 | Win Rate: 84.38% | Actor Loss: -0.5143 | Entropy: 0.4091 | Invalid S/B: 0.00/0.00 | Max Load: 7.1 | Load Gap: 1.2
Epoch [485/500] | Sampled: 248.56 | Baseline: 265.12 | Improvement: 16.56 | Win Rate: 96.88% | Actor Loss: 1.1487 | Entropy: 0.4465 | Invalid S/B: 0.00/0.00 | Max Load: 7.1 | Load Gap: 1.1
Epoch [486/500] | Sampled: 252.94 | Baseline: 269.56 | Improvement: 16.62 | Win Rate: 90.62% | Actor Loss: 1.1970 | Entropy: 0.4654 | Invalid S/B: 0.00/0.00 | Max Load: 7.1 | Load Gap: 1.2
Epoch [487/500] | Sampled: 250.91 | Baseline: 267.47 | Improvement: 16.56 | Win Rate: 93.75% | Actor Loss: -0.4668 | Entropy: 0.4954 | Invalid S/B: 0.00/0.00 | Max Load: 7.2 | Load Gap: 1.2
Epoch [488/500] | Sampled: 250.44 | Baseline: 266.38 | Improvement: 15.94 | Win Rate: 90.62% | Actor Loss: -1.7115 | Entropy: 0.4863 | Invalid S/B: 0.00/0.00 | Max Load: 7.1 | Load Gap: 1.1
Epoch [489/500] | Sampled: 251.03 | Baseline: 266.59 | Improvement: 15.56 | Win Rate: 90.62% | Actor Loss: -0.4652 | Entropy: 0.5117 | Invalid S/B: 0.00/0.00 | Max Load: 7.1 | Load Gap: 1.1
Epoch [490/500] | Sampled: 247.69 | Baseline: 264.94 | Improvement: 17.25 | Win Rate: 90.62% | Actor Loss: -0.6783 | Entropy: 0.4493 | Invalid S/B: 0.00/0.00 | Max Load: 7.1 | Load Gap: 1.1
Epoch [491/500] | Sampled: 250.44 | Baseline: 267.16 | Improvement: 16.72 | Win Rate: 96.88% | Actor Loss: -0.7831 | Entropy: 0.4937 | Invalid S/B: 0.00/0.00 | Max Load: 7.1 | Load Gap: 1.1
Epoch [492/500] | Sampled: 252.56 | Baseline: 267.59 | Improvement: 15.03 | Win Rate: 90.62% | Actor Loss: -1.5537 | Entropy: 0.4738 | Invalid S/B: 0.00/0.00 | Max Load: 7.0 | Load Gap: 1.0
Epoch [493/500] | Sampled: 250.75 | Baseline: 266.69 | Improvement: 15.94 | Win Rate: 93.75% | Actor Loss: -1.3426 | Entropy: 0.5031 | Invalid S/B: 0.00/0.00 | Max Load: 7.0 | Load Gap: 1.0
Epoch [494/500] | Sampled: 248.59 | Baseline: 264.00 | Improvement: 15.41 | Win Rate: 100.00% | Actor Loss: -0.9863 | Entropy: 0.4668 | Invalid S/B: 0.00/0.00 | Max Load: 7.1 | Load Gap: 1.1
Epoch [495/500] | Sampled: 250.00 | Baseline: 265.09 | Improvement: 15.09 | Win Rate: 96.88% | Actor Loss: -0.9056 | Entropy: 0.4423 | Invalid S/B: 0.00/0.00 | Max Load: 7.0 | Load Gap: 1.0
Epoch [496/500] | Sampled: 252.31 | Baseline: 265.34 | Improvement: 13.03 | Win Rate: 90.62% | Actor Loss: -0.6564 | Entropy: 0.4419 | Invalid S/B: 0.00/0.00 | Max Load: 7.2 | Load Gap: 1.2
Epoch [497/500] | Sampled: 251.28 | Baseline: 268.19 | Improvement: 16.91 | Win Rate: 96.88% | Actor Loss: 0.5334 | Entropy: 0.4511 | Invalid S/B: 0.00/0.00 | Max Load: 7.1 | Load Gap: 1.1
Epoch [498/500] | Sampled: 247.38 | Baseline: 266.00 | Improvement: 18.62 | Win Rate: 96.88% | Actor Loss: -1.0272 | Entropy: 0.4474 | Invalid S/B: 0.00/0.00 | Max Load: 7.1 | Load Gap: 1.1
Epoch [499/500] | Sampled: 248.78 | Baseline: 264.03 | Improvement: 15.25 | Win Rate: 93.75% | Actor Loss: -0.0663 | Entropy: 0.4603 | Invalid S/B: 0.00/0.00 | Max Load: 7.1 | Load Gap: 1.1
Epoch [500/500] | Sampled: 248.28 | Baseline: 268.03 | Improvement: 19.75 | Win Rate: 96.88% | Actor Loss: -0.4425 | Entropy: 0.4821 | Invalid S/B: 0.00/0.00 | Max Load: 7.1 | Load Gap: 1.1
   -> Validation | Samples: 50 | Makespan: 247.74 | Invalid Jobs: 0.00
   -> Saved new best model (Val Makespan: 247.74)
   -> Saved updated training chart to /home/wei/AMR-DFJSP/Static_alogorithm/Attention/attention_precise_training_metrics.png
