Training on: cuda
Loaded 100 dispatch events from /home/wei/AMR-DFJSP/test_case/static/dispatch_inbox_20.jsonl
Loaded 50 dispatch events from /home/wei/AMR-DFJSP/test_case/static/dispatch_validation_20.jsonl
Loaded 50 validation event(s).
Starting Attention REINFORCE training with dispatch baseline 'fifo+earliest_available' (stepwise).
Epoch [1/500] | Sampled: 382.94 | Baseline: 264.84 | Improvement: -118.09 | Win Rate: 0.00% | Actor Loss: 3.0666 | Entropy: 3.2135 | Invalid S/B: 0.00/0.00 | Max Load: 9.0 | Load Gap: 4.4
   -> Validation | Samples: 50 | Makespan: 269.42 | Invalid Jobs: 0.00
   -> Saved new best model (Val Makespan: 269.42)
   -> Saved updated training chart to /home/wei/AMR-DFJSP/Static_alogorithm/Attention/attention_training_metrics.png
Epoch [2/500] | Sampled: 339.44 | Baseline: 266.44 | Improvement: -73.00 | Win Rate: 0.00% | Actor Loss: 1.4806 | Entropy: 3.2049 | Invalid S/B: 0.00/0.00 | Max Load: 8.2 | Load Gap: 3.2
Epoch [3/500] | Sampled: 327.78 | Baseline: 264.66 | Improvement: -63.12 | Win Rate: 3.12% | Actor Loss: 0.4414 | Entropy: 3.1809 | Invalid S/B: 0.00/0.00 | Max Load: 8.0 | Load Gap: 2.8
Epoch [4/500] | Sampled: 326.16 | Baseline: 262.31 | Improvement: -63.84 | Win Rate: 0.00% | Actor Loss: 0.3794 | Entropy: 3.1417 | Invalid S/B: 0.00/0.00 | Max Load: 7.9 | Load Gap: 2.4
Epoch [5/500] | Sampled: 308.66 | Baseline: 263.25 | Improvement: -45.41 | Win Rate: 3.12% | Actor Loss: -1.0830 | Entropy: 3.0913 | Invalid S/B: 0.00/0.00 | Max Load: 7.7 | Load Gap: 2.2
Epoch [6/500] | Sampled: 293.78 | Baseline: 268.47 | Improvement: -25.31 | Win Rate: 9.38% | Actor Loss: -1.3111 | Entropy: 3.0237 | Invalid S/B: 0.00/0.00 | Max Load: 7.2 | Load Gap: 1.3
Epoch [7/500] | Sampled: 277.16 | Baseline: 269.00 | Improvement: -8.16 | Win Rate: 34.38% | Actor Loss: -2.3091 | Entropy: 2.9230 | Invalid S/B: 0.00/0.00 | Max Load: 7.3 | Load Gap: 1.5
Epoch [8/500] | Sampled: 277.81 | Baseline: 264.09 | Improvement: -13.72 | Win Rate: 18.75% | Actor Loss: -1.1029 | Entropy: 2.7785 | Invalid S/B: 0.00/0.00 | Max Load: 7.1 | Load Gap: 1.1
Epoch [9/500] | Sampled: 274.75 | Baseline: 264.66 | Improvement: -10.09 | Win Rate: 25.00% | Actor Loss: -2.8082 | Entropy: 2.5901 | Invalid S/B: 0.00/0.00 | Max Load: 7.1 | Load Gap: 1.1
Epoch [10/500] | Sampled: 269.81 | Baseline: 264.19 | Improvement: -5.62 | Win Rate: 34.38% | Actor Loss: -1.0203 | Entropy: 2.4045 | Invalid S/B: 0.00/0.00 | Max Load: 7.1 | Load Gap: 1.1
Epoch [11/500] | Sampled: 269.00 | Baseline: 266.59 | Improvement: -2.41 | Win Rate: 40.62% | Actor Loss: -0.2449 | Entropy: 2.2774 | Invalid S/B: 0.00/0.00 | Max Load: 7.1 | Load Gap: 1.1
Epoch [12/500] | Sampled: 270.88 | Baseline: 263.88 | Improvement: -7.00 | Win Rate: 25.00% | Actor Loss: 0.0079 | Entropy: 2.2364 | Invalid S/B: 0.00/0.00 | Max Load: 7.1 | Load Gap: 1.1
Epoch [13/500] | Sampled: 266.06 | Baseline: 264.25 | Improvement: -1.81 | Win Rate: 31.25% | Actor Loss: -0.3743 | Entropy: 2.2187 | Invalid S/B: 0.00/0.00 | Max Load: 7.1 | Load Gap: 1.1
Epoch [14/500] | Sampled: 272.31 | Baseline: 265.94 | Improvement: -6.38 | Win Rate: 40.62% | Actor Loss: -0.2798 | Entropy: 2.2112 | Invalid S/B: 0.00/0.00 | Max Load: 7.1 | Load Gap: 1.1
Epoch [15/500] | Sampled: 267.47 | Baseline: 266.25 | Improvement: -1.22 | Win Rate: 40.62% | Actor Loss: -0.4893 | Entropy: 2.2101 | Invalid S/B: 0.00/0.00 | Max Load: 7.0 | Load Gap: 1.0
Epoch [16/500] | Sampled: 266.06 | Baseline: 264.78 | Improvement: -1.28 | Win Rate: 50.00% | Actor Loss: -0.5448 | Entropy: 2.2070 | Invalid S/B: 0.00/0.00 | Max Load: 7.0 | Load Gap: 1.0
Epoch [17/500] | Sampled: 266.91 | Baseline: 266.62 | Improvement: -0.28 | Win Rate: 53.12% | Actor Loss: 0.2596 | Entropy: 2.2067 | Invalid S/B: 0.00/0.00 | Max Load: 7.1 | Load Gap: 1.1
Epoch [18/500] | Sampled: 266.47 | Baseline: 266.47 | Improvement: 0.00 | Win Rate: 40.62% | Actor Loss: -0.7385 | Entropy: 2.2071 | Invalid S/B: 0.00/0.00 | Max Load: 7.1 | Load Gap: 1.1
Epoch [19/500] | Sampled: 264.88 | Baseline: 262.53 | Improvement: -2.34 | Win Rate: 37.50% | Actor Loss: -0.5199 | Entropy: 2.2072 | Invalid S/B: 0.00/0.00 | Max Load: 7.0 | Load Gap: 1.0
Epoch [20/500] | Sampled: 267.81 | Baseline: 268.94 | Improvement: 1.12 | Win Rate: 68.75% | Actor Loss: -0.5338 | Entropy: 2.2082 | Invalid S/B: 0.00/0.00 | Max Load: 7.0 | Load Gap: 1.0
Epoch [21/500] | Sampled: 265.00 | Baseline: 263.69 | Improvement: -1.31 | Win Rate: 43.75% | Actor Loss: -0.9754 | Entropy: 2.2250 | Invalid S/B: 0.00/0.00 | Max Load: 7.1 | Load Gap: 1.1
Epoch [22/500] | Sampled: 264.56 | Baseline: 264.06 | Improvement: -0.50 | Win Rate: 37.50% | Actor Loss: -0.6687 | Entropy: 2.2414 | Invalid S/B: 0.00/0.00 | Max Load: 7.1 | Load Gap: 1.1
Epoch [23/500] | Sampled: 263.12 | Baseline: 264.00 | Improvement: 0.88 | Win Rate: 56.25% | Actor Loss: -0.1556 | Entropy: 2.2500 | Invalid S/B: 0.00/0.00 | Max Load: 7.1 | Load Gap: 1.1
Epoch [24/500] | Sampled: 266.53 | Baseline: 266.44 | Improvement: -0.09 | Win Rate: 50.00% | Actor Loss: 0.7855 | Entropy: 2.2761 | Invalid S/B: 0.00/0.00 | Max Load: 7.1 | Load Gap: 1.1
Epoch [25/500] | Sampled: 269.19 | Baseline: 266.06 | Improvement: -3.12 | Win Rate: 37.50% | Actor Loss: 0.2332 | Entropy: 2.3368 | Invalid S/B: 0.00/0.00 | Max Load: 7.1 | Load Gap: 1.1
Epoch [26/500] | Sampled: 266.06 | Baseline: 265.91 | Improvement: -0.16 | Win Rate: 56.25% | Actor Loss: -0.7885 | Entropy: 2.4066 | Invalid S/B: 0.00/0.00 | Max Load: 7.1 | Load Gap: 1.1
Epoch [27/500] | Sampled: 270.44 | Baseline: 264.72 | Improvement: -5.72 | Win Rate: 25.00% | Actor Loss: -1.0213 | Entropy: 2.4401 | Invalid S/B: 0.00/0.00 | Max Load: 7.0 | Load Gap: 1.0
Epoch [28/500] | Sampled: 271.34 | Baseline: 265.47 | Improvement: -5.88 | Win Rate: 31.25% | Actor Loss: -2.1686 | Entropy: 2.4654 | Invalid S/B: 0.00/0.00 | Max Load: 7.1 | Load Gap: 1.2
Epoch [29/500] | Sampled: 269.25 | Baseline: 266.53 | Improvement: -2.72 | Win Rate: 43.75% | Actor Loss: -1.7650 | Entropy: 2.4378 | Invalid S/B: 0.00/0.00 | Max Load: 7.1 | Load Gap: 1.1
Epoch [30/500] | Sampled: 272.12 | Baseline: 266.56 | Improvement: -5.56 | Win Rate: 31.25% | Actor Loss: -2.0132 | Entropy: 2.3925 | Invalid S/B: 0.00/0.00 | Max Load: 7.1 | Load Gap: 1.1
Epoch [31/500] | Sampled: 266.81 | Baseline: 265.22 | Improvement: -1.59 | Win Rate: 37.50% | Actor Loss: -0.6707 | Entropy: 2.3289 | Invalid S/B: 0.00/0.00 | Max Load: 7.2 | Load Gap: 1.2
Epoch [32/500] | Sampled: 267.53 | Baseline: 264.91 | Improvement: -2.62 | Win Rate: 46.88% | Actor Loss: -1.6181 | Entropy: 2.2818 | Invalid S/B: 0.00/0.00 | Max Load: 7.1 | Load Gap: 1.1
Epoch [33/500] | Sampled: 268.09 | Baseline: 268.06 | Improvement: -0.03 | Win Rate: 43.75% | Actor Loss: -1.6691 | Entropy: 2.2140 | Invalid S/B: 0.00/0.00 | Max Load: 7.0 | Load Gap: 1.0
Epoch [34/500] | Sampled: 263.44 | Baseline: 261.53 | Improvement: -1.91 | Win Rate: 37.50% | Actor Loss: -0.4949 | Entropy: 2.1518 | Invalid S/B: 0.00/0.00 | Max Load: 7.0 | Load Gap: 1.0
Epoch [35/500] | Sampled: 265.34 | Baseline: 261.84 | Improvement: -3.50 | Win Rate: 34.38% | Actor Loss: -1.2022 | Entropy: 2.1056 | Invalid S/B: 0.00/0.00 | Max Load: 7.1 | Load Gap: 1.1
Epoch [36/500] | Sampled: 264.50 | Baseline: 267.47 | Improvement: 2.97 | Win Rate: 59.38% | Actor Loss: -1.1143 | Entropy: 2.0746 | Invalid S/B: 0.00/0.00 | Max Load: 7.1 | Load Gap: 1.1
Epoch [37/500] | Sampled: 264.41 | Baseline: 265.69 | Improvement: 1.28 | Win Rate: 53.12% | Actor Loss: -2.0203 | Entropy: 2.0176 | Invalid S/B: 0.00/0.00 | Max Load: 7.0 | Load Gap: 1.0
Epoch [38/500] | Sampled: 271.09 | Baseline: 266.78 | Improvement: -4.31 | Win Rate: 43.75% | Actor Loss: -0.7140 | Entropy: 1.9502 | Invalid S/B: 0.03/0.00 | Max Load: 7.0 | Load Gap: 1.0
Epoch [39/500] | Sampled: 265.47 | Baseline: 266.25 | Improvement: 0.78 | Win Rate: 46.88% | Actor Loss: -0.7766 | Entropy: 1.8641 | Invalid S/B: 0.00/0.00 | Max Load: 7.1 | Load Gap: 1.1
Epoch [40/500] | Sampled: 263.62 | Baseline: 266.22 | Improvement: 2.59 | Win Rate: 62.50% | Actor Loss: -0.0731 | Entropy: 1.9020 | Invalid S/B: 0.00/0.00 | Max Load: 7.0 | Load Gap: 1.0
Epoch [41/500] | Sampled: 264.97 | Baseline: 264.59 | Improvement: -0.38 | Win Rate: 50.00% | Actor Loss: -0.4621 | Entropy: 1.9183 | Invalid S/B: 0.00/0.00 | Max Load: 7.0 | Load Gap: 1.0
Epoch [42/500] | Sampled: 267.66 | Baseline: 265.97 | Improvement: -1.69 | Win Rate: 53.12% | Actor Loss: -0.7604 | Entropy: 1.9591 | Invalid S/B: 0.00/0.00 | Max Load: 7.0 | Load Gap: 1.0
Epoch [43/500] | Sampled: 263.50 | Baseline: 266.75 | Improvement: 3.25 | Win Rate: 53.12% | Actor Loss: -0.4360 | Entropy: 1.9449 | Invalid S/B: 0.00/0.00 | Max Load: 7.0 | Load Gap: 1.0
Epoch [44/500] | Sampled: 266.84 | Baseline: 264.72 | Improvement: -2.12 | Win Rate: 43.75% | Actor Loss: -0.5095 | Entropy: 1.9251 | Invalid S/B: 0.00/0.00 | Max Load: 7.0 | Load Gap: 1.0
Epoch [45/500] | Sampled: 266.12 | Baseline: 265.62 | Improvement: -0.50 | Win Rate: 43.75% | Actor Loss: 0.3785 | Entropy: 1.9199 | Invalid S/B: 0.00/0.00 | Max Load: 7.1 | Load Gap: 1.1
Epoch [46/500] | Sampled: 263.66 | Baseline: 263.16 | Improvement: -0.50 | Win Rate: 53.12% | Actor Loss: 0.4805 | Entropy: 1.9258 | Invalid S/B: 0.00/0.00 | Max Load: 7.0 | Load Gap: 1.0
Epoch [47/500] | Sampled: 266.50 | Baseline: 266.28 | Improvement: -0.22 | Win Rate: 53.12% | Actor Loss: -0.0677 | Entropy: 1.9474 | Invalid S/B: 0.00/0.00 | Max Load: 7.0 | Load Gap: 1.0
Epoch [48/500] | Sampled: 266.81 | Baseline: 262.84 | Improvement: -3.97 | Win Rate: 40.62% | Actor Loss: -1.1156 | Entropy: 1.9870 | Invalid S/B: 0.00/0.00 | Max Load: 7.1 | Load Gap: 1.1
Epoch [49/500] | Sampled: 267.38 | Baseline: 266.34 | Improvement: -1.03 | Win Rate: 53.12% | Actor Loss: -0.2113 | Entropy: 2.0188 | Invalid S/B: 0.00/0.00 | Max Load: 7.0 | Load Gap: 1.0
Epoch [50/500] | Sampled: 262.09 | Baseline: 266.16 | Improvement: 4.06 | Win Rate: 62.50% | Actor Loss: 0.0512 | Entropy: 2.0493 | Invalid S/B: 0.00/0.00 | Max Load: 7.1 | Load Gap: 1.1
   -> Validation | Samples: 50 | Makespan: 268.62 | Invalid Jobs: 0.00
   -> Saved new best model (Val Makespan: 268.62)
Epoch [51/500] | Sampled: 265.03 | Baseline: 266.41 | Improvement: 1.38 | Win Rate: 56.25% | Actor Loss: -0.3432 | Entropy: 2.0852 | Invalid S/B: 0.00/0.00 | Max Load: 7.1 | Load Gap: 1.1
Epoch [52/500] | Sampled: 265.22 | Baseline: 264.31 | Improvement: -0.91 | Win Rate: 50.00% | Actor Loss: -1.2666 | Entropy: 2.0956 | Invalid S/B: 0.00/0.00 | Max Load: 7.1 | Load Gap: 1.1
Epoch [53/500] | Sampled: 267.94 | Baseline: 265.66 | Improvement: -2.28 | Win Rate: 50.00% | Actor Loss: -0.7595 | Entropy: 2.0998 | Invalid S/B: 0.00/0.00 | Max Load: 7.0 | Load Gap: 1.0
Epoch [54/500] | Sampled: 262.91 | Baseline: 259.47 | Improvement: -3.44 | Win Rate: 40.62% | Actor Loss: -1.2166 | Entropy: 2.1125 | Invalid S/B: 0.00/0.00 | Max Load: 7.0 | Load Gap: 1.0
Epoch [55/500] | Sampled: 266.28 | Baseline: 265.91 | Improvement: -0.38 | Win Rate: 50.00% | Actor Loss: -0.3757 | Entropy: 2.1168 | Invalid S/B: 0.00/0.00 | Max Load: 7.0 | Load Gap: 1.0
Epoch [56/500] | Sampled: 269.03 | Baseline: 269.47 | Improvement: 0.44 | Win Rate: 56.25% | Actor Loss: -0.4906 | Entropy: 2.1237 | Invalid S/B: 0.00/0.00 | Max Load: 7.0 | Load Gap: 1.0
Epoch [57/500] | Sampled: 263.97 | Baseline: 264.19 | Improvement: 0.22 | Win Rate: 53.12% | Actor Loss: -1.0552 | Entropy: 2.1365 | Invalid S/B: 0.00/0.00 | Max Load: 7.0 | Load Gap: 1.0
Epoch [58/500] | Sampled: 269.91 | Baseline: 266.50 | Improvement: -3.41 | Win Rate: 40.62% | Actor Loss: 0.0201 | Entropy: 2.1398 | Invalid S/B: 0.00/0.00 | Max Load: 7.0 | Load Gap: 1.0
Epoch [59/500] | Sampled: 266.78 | Baseline: 264.78 | Improvement: -2.00 | Win Rate: 40.62% | Actor Loss: -2.0507 | Entropy: 2.1415 | Invalid S/B: 0.00/0.00 | Max Load: 7.1 | Load Gap: 1.1
Epoch [60/500] | Sampled: 267.22 | Baseline: 267.09 | Improvement: -0.12 | Win Rate: 53.12% | Actor Loss: -1.1254 | Entropy: 2.1287 | Invalid S/B: 0.00/0.00 | Max Load: 7.0 | Load Gap: 1.0
Epoch [61/500] | Sampled: 263.31 | Baseline: 267.31 | Improvement: 4.00 | Win Rate: 62.50% | Actor Loss: -0.0474 | Entropy: 2.1068 | Invalid S/B: 0.00/0.00 | Max Load: 7.1 | Load Gap: 1.1
Epoch [62/500] | Sampled: 261.19 | Baseline: 264.81 | Improvement: 3.62 | Win Rate: 59.38% | Actor Loss: -0.8783 | Entropy: 2.1081 | Invalid S/B: 0.00/0.00 | Max Load: 7.0 | Load Gap: 1.0
Epoch [63/500] | Sampled: 262.47 | Baseline: 262.97 | Improvement: 0.50 | Win Rate: 40.62% | Actor Loss: -2.0746 | Entropy: 2.0916 | Invalid S/B: 0.00/0.00 | Max Load: 7.0 | Load Gap: 1.0
Epoch [64/500] | Sampled: 261.53 | Baseline: 264.41 | Improvement: 2.88 | Win Rate: 56.25% | Actor Loss: -1.3723 | Entropy: 2.0453 | Invalid S/B: 0.00/0.00 | Max Load: 7.1 | Load Gap: 1.1
Epoch [65/500] | Sampled: 263.91 | Baseline: 267.56 | Improvement: 3.66 | Win Rate: 59.38% | Actor Loss: -1.6331 | Entropy: 1.9932 | Invalid S/B: 0.00/0.00 | Max Load: 7.0 | Load Gap: 1.0
Epoch [66/500] | Sampled: 260.47 | Baseline: 262.69 | Improvement: 2.22 | Win Rate: 50.00% | Actor Loss: -1.6038 | Entropy: 1.9075 | Invalid S/B: 0.00/0.00 | Max Load: 7.1 | Load Gap: 1.1
Epoch [67/500] | Sampled: 261.47 | Baseline: 266.53 | Improvement: 5.06 | Win Rate: 71.88% | Actor Loss: -1.1618 | Entropy: 1.7487 | Invalid S/B: 0.00/0.00 | Max Load: 7.1 | Load Gap: 1.1
Epoch [68/500] | Sampled: 261.41 | Baseline: 266.62 | Improvement: 5.22 | Win Rate: 68.75% | Actor Loss: -1.7246 | Entropy: 1.6250 | Invalid S/B: 0.00/0.00 | Max Load: 7.0 | Load Gap: 1.0
Epoch [69/500] | Sampled: 259.91 | Baseline: 265.44 | Improvement: 5.53 | Win Rate: 68.75% | Actor Loss: -2.2590 | Entropy: 1.4535 | Invalid S/B: 0.00/0.00 | Max Load: 7.0 | Load Gap: 1.0
Epoch [70/500] | Sampled: 257.34 | Baseline: 266.81 | Improvement: 9.47 | Win Rate: 78.12% | Actor Loss: -0.7186 | Entropy: 1.3009 | Invalid S/B: 0.00/0.00 | Max Load: 7.0 | Load Gap: 1.0
Epoch [71/500] | Sampled: 257.41 | Baseline: 264.91 | Improvement: 7.50 | Win Rate: 75.00% | Actor Loss: 0.4704 | Entropy: 1.2516 | Invalid S/B: 0.00/0.00 | Max Load: 7.0 | Load Gap: 1.0
Epoch [72/500] | Sampled: 257.38 | Baseline: 266.38 | Improvement: 9.00 | Win Rate: 78.12% | Actor Loss: 0.9443 | Entropy: 1.2776 | Invalid S/B: 0.00/0.00 | Max Load: 7.0 | Load Gap: 1.0
Epoch [73/500] | Sampled: 259.38 | Baseline: 267.72 | Improvement: 8.34 | Win Rate: 78.12% | Actor Loss: 0.0484 | Entropy: 1.4039 | Invalid S/B: 0.00/0.00 | Max Load: 7.0 | Load Gap: 1.0
Epoch [74/500] | Sampled: 257.66 | Baseline: 266.44 | Improvement: 8.78 | Win Rate: 68.75% | Actor Loss: -1.9717 | Entropy: 1.3960 | Invalid S/B: 0.00/0.00 | Max Load: 7.0 | Load Gap: 1.0
Epoch [75/500] | Sampled: 254.47 | Baseline: 268.03 | Improvement: 13.56 | Win Rate: 87.50% | Actor Loss: -0.2119 | Entropy: 1.3014 | Invalid S/B: 0.00/0.00 | Max Load: 7.0 | Load Gap: 1.0
Epoch [76/500] | Sampled: 257.94 | Baseline: 263.12 | Improvement: 5.19 | Win Rate: 62.50% | Actor Loss: -1.9975 | Entropy: 1.2589 | Invalid S/B: 0.00/0.00 | Max Load: 7.0 | Load Gap: 1.0
Epoch [77/500] | Sampled: 256.28 | Baseline: 267.81 | Improvement: 11.53 | Win Rate: 90.62% | Actor Loss: -1.2176 | Entropy: 1.2001 | Invalid S/B: 0.00/0.00 | Max Load: 7.1 | Load Gap: 1.1
Epoch [78/500] | Sampled: 255.59 | Baseline: 266.09 | Improvement: 10.50 | Win Rate: 87.50% | Actor Loss: -1.1535 | Entropy: 1.1215 | Invalid S/B: 0.00/0.00 | Max Load: 7.1 | Load Gap: 1.1
Epoch [79/500] | Sampled: 257.97 | Baseline: 266.81 | Improvement: 8.84 | Win Rate: 71.88% | Actor Loss: -2.6828 | Entropy: 1.0696 | Invalid S/B: 0.00/0.00 | Max Load: 7.1 | Load Gap: 1.1
Epoch [80/500] | Sampled: 255.16 | Baseline: 265.91 | Improvement: 10.75 | Win Rate: 81.25% | Actor Loss: -0.9565 | Entropy: 1.0232 | Invalid S/B: 0.00/0.00 | Max Load: 7.0 | Load Gap: 1.0
Epoch [81/500] | Sampled: 257.47 | Baseline: 262.91 | Improvement: 5.44 | Win Rate: 62.50% | Actor Loss: -2.2894 | Entropy: 1.0635 | Invalid S/B: 0.00/0.00 | Max Load: 7.0 | Load Gap: 1.0
Epoch [82/500] | Sampled: 256.66 | Baseline: 264.97 | Improvement: 8.31 | Win Rate: 75.00% | Actor Loss: -0.9612 | Entropy: 1.1028 | Invalid S/B: 0.00/0.00 | Max Load: 7.0 | Load Gap: 1.0
Epoch [83/500] | Sampled: 259.59 | Baseline: 268.94 | Improvement: 9.34 | Win Rate: 71.88% | Actor Loss: 0.1838 | Entropy: 1.0808 | Invalid S/B: 0.00/0.00 | Max Load: 7.1 | Load Gap: 1.1
Epoch [84/500] | Sampled: 255.09 | Baseline: 267.31 | Improvement: 12.22 | Win Rate: 90.62% | Actor Loss: -1.0358 | Entropy: 1.0756 | Invalid S/B: 0.00/0.00 | Max Load: 7.1 | Load Gap: 1.1
Epoch [85/500] | Sampled: 258.00 | Baseline: 266.97 | Improvement: 8.97 | Win Rate: 78.12% | Actor Loss: -0.3251 | Entropy: 1.0666 | Invalid S/B: 0.00/0.00 | Max Load: 7.1 | Load Gap: 1.1
Epoch [86/500] | Sampled: 257.41 | Baseline: 264.91 | Improvement: 7.50 | Win Rate: 75.00% | Actor Loss: -1.7503 | Entropy: 0.9899 | Invalid S/B: 0.00/0.00 | Max Load: 7.1 | Load Gap: 1.1
Epoch [87/500] | Sampled: 255.28 | Baseline: 264.97 | Improvement: 9.69 | Win Rate: 75.00% | Actor Loss: -0.8854 | Entropy: 0.9425 | Invalid S/B: 0.00/0.00 | Max Load: 7.1 | Load Gap: 1.1
Epoch [88/500] | Sampled: 257.22 | Baseline: 265.88 | Improvement: 8.66 | Win Rate: 71.88% | Actor Loss: -1.1337 | Entropy: 0.8947 | Invalid S/B: 0.00/0.00 | Max Load: 7.1 | Load Gap: 1.1
Epoch [89/500] | Sampled: 255.06 | Baseline: 265.34 | Improvement: 10.28 | Win Rate: 78.12% | Actor Loss: -0.1702 | Entropy: 0.8717 | Invalid S/B: 0.00/0.00 | Max Load: 7.2 | Load Gap: 1.2
Epoch [90/500] | Sampled: 258.78 | Baseline: 267.53 | Improvement: 8.75 | Win Rate: 71.88% | Actor Loss: -2.1376 | Entropy: 0.8388 | Invalid S/B: 0.00/0.00 | Max Load: 7.1 | Load Gap: 1.1
Epoch [91/500] | Sampled: 258.53 | Baseline: 266.16 | Improvement: 7.62 | Win Rate: 75.00% | Actor Loss: -1.7251 | Entropy: 0.8889 | Invalid S/B: 0.00/0.00 | Max Load: 7.2 | Load Gap: 1.2
Epoch [92/500] | Sampled: 252.69 | Baseline: 267.09 | Improvement: 14.41 | Win Rate: 90.62% | Actor Loss: -0.6949 | Entropy: 0.8929 | Invalid S/B: 0.00/0.00 | Max Load: 7.1 | Load Gap: 1.1
Epoch [93/500] | Sampled: 254.12 | Baseline: 265.66 | Improvement: 11.53 | Win Rate: 87.50% | Actor Loss: -0.7229 | Entropy: 1.0314 | Invalid S/B: 0.00/0.00 | Max Load: 7.2 | Load Gap: 1.2
Epoch [94/500] | Sampled: 256.78 | Baseline: 264.16 | Improvement: 7.38 | Win Rate: 71.88% | Actor Loss: -1.6388 | Entropy: 1.1824 | Invalid S/B: 0.00/0.00 | Max Load: 7.1 | Load Gap: 1.1
Epoch [95/500] | Sampled: 257.94 | Baseline: 266.28 | Improvement: 8.34 | Win Rate: 71.88% | Actor Loss: -1.5109 | Entropy: 1.2344 | Invalid S/B: 0.00/0.00 | Max Load: 7.2 | Load Gap: 1.2
Epoch [96/500] | Sampled: 256.31 | Baseline: 269.25 | Improvement: 12.94 | Win Rate: 87.50% | Actor Loss: -1.7633 | Entropy: 1.2340 | Invalid S/B: 0.00/0.00 | Max Load: 7.2 | Load Gap: 1.2
Epoch [97/500] | Sampled: 257.53 | Baseline: 262.41 | Improvement: 4.88 | Win Rate: 59.38% | Actor Loss: -2.3607 | Entropy: 1.2542 | Invalid S/B: 0.00/0.00 | Max Load: 7.1 | Load Gap: 1.1
Epoch [98/500] | Sampled: 253.78 | Baseline: 266.44 | Improvement: 12.66 | Win Rate: 84.38% | Actor Loss: -1.8052 | Entropy: 1.2384 | Invalid S/B: 0.00/0.00 | Max Load: 7.1 | Load Gap: 1.1
Epoch [99/500] | Sampled: 255.16 | Baseline: 266.38 | Improvement: 11.22 | Win Rate: 87.50% | Actor Loss: -1.1170 | Entropy: 1.2732 | Invalid S/B: 0.00/0.00 | Max Load: 7.0 | Load Gap: 1.0
Epoch [100/500] | Sampled: 253.34 | Baseline: 267.25 | Improvement: 13.91 | Win Rate: 84.38% | Actor Loss: -2.6872 | Entropy: 1.2243 | Invalid S/B: 0.00/0.00 | Max Load: 7.1 | Load Gap: 1.1
   -> Validation | Samples: 50 | Makespan: 253.14 | Invalid Jobs: 0.00
   -> Saved new best model (Val Makespan: 253.14)
   -> Saved updated training chart to /home/wei/AMR-DFJSP/Static_alogorithm/Attention/attention_training_metrics.png
Epoch [101/500] | Sampled: 252.75 | Baseline: 267.22 | Improvement: 14.47 | Win Rate: 93.75% | Actor Loss: 0.2846 | Entropy: 1.1966 | Invalid S/B: 0.00/0.00 | Max Load: 7.1 | Load Gap: 1.1
Epoch [102/500] | Sampled: 255.03 | Baseline: 266.72 | Improvement: 11.69 | Win Rate: 87.50% | Actor Loss: 0.1730 | Entropy: 1.2004 | Invalid S/B: 0.00/0.00 | Max Load: 7.1 | Load Gap: 1.1
Epoch [103/500] | Sampled: 253.50 | Baseline: 267.88 | Improvement: 14.38 | Win Rate: 96.88% | Actor Loss: -2.7949 | Entropy: 1.1316 | Invalid S/B: 0.00/0.00 | Max Load: 7.1 | Load Gap: 1.1
Epoch [104/500] | Sampled: 248.78 | Baseline: 267.72 | Improvement: 18.94 | Win Rate: 93.75% | Actor Loss: -2.0890 | Entropy: 1.0483 | Invalid S/B: 0.00/0.00 | Max Load: 7.0 | Load Gap: 1.0
Epoch [105/500] | Sampled: 253.75 | Baseline: 265.84 | Improvement: 12.09 | Win Rate: 81.25% | Actor Loss: -1.5557 | Entropy: 0.9668 | Invalid S/B: 0.00/0.00 | Max Load: 7.1 | Load Gap: 1.1
Epoch [106/500] | Sampled: 252.72 | Baseline: 265.28 | Improvement: 12.56 | Win Rate: 81.25% | Actor Loss: -2.3035 | Entropy: 0.8764 | Invalid S/B: 0.00/0.00 | Max Load: 7.2 | Load Gap: 1.2
Epoch [107/500] | Sampled: 253.81 | Baseline: 264.03 | Improvement: 10.22 | Win Rate: 84.38% | Actor Loss: -2.9207 | Entropy: 0.8018 | Invalid S/B: 0.00/0.00 | Max Load: 7.1 | Load Gap: 1.1
Epoch [108/500] | Sampled: 254.25 | Baseline: 265.97 | Improvement: 11.72 | Win Rate: 93.75% | Actor Loss: 0.6697 | Entropy: 0.7403 | Invalid S/B: 0.00/0.00 | Max Load: 7.1 | Load Gap: 1.1
Epoch [109/500] | Sampled: 255.44 | Baseline: 267.16 | Improvement: 11.72 | Win Rate: 87.50% | Actor Loss: -0.9717 | Entropy: 0.7647 | Invalid S/B: 0.00/0.00 | Max Load: 7.3 | Load Gap: 1.3
Epoch [110/500] | Sampled: 256.03 | Baseline: 267.97 | Improvement: 11.94 | Win Rate: 81.25% | Actor Loss: -0.4254 | Entropy: 0.7327 | Invalid S/B: 0.00/0.00 | Max Load: 7.2 | Load Gap: 1.2
Epoch [111/500] | Sampled: 255.41 | Baseline: 265.94 | Improvement: 10.53 | Win Rate: 84.38% | Actor Loss: -0.2102 | Entropy: 0.7523 | Invalid S/B: 0.00/0.00 | Max Load: 7.2 | Load Gap: 1.2
Epoch [112/500] | Sampled: 258.06 | Baseline: 267.94 | Improvement: 9.88 | Win Rate: 78.12% | Actor Loss: -0.5115 | Entropy: 0.7385 | Invalid S/B: 0.00/0.00 | Max Load: 7.1 | Load Gap: 1.1
Epoch [113/500] | Sampled: 255.72 | Baseline: 266.91 | Improvement: 11.19 | Win Rate: 90.62% | Actor Loss: -1.4724 | Entropy: 0.7489 | Invalid S/B: 0.00/0.00 | Max Load: 7.1 | Load Gap: 1.1
Epoch [114/500] | Sampled: 254.69 | Baseline: 264.84 | Improvement: 10.16 | Win Rate: 75.00% | Actor Loss: -1.4916 | Entropy: 0.7437 | Invalid S/B: 0.00/0.00 | Max Load: 7.0 | Load Gap: 1.0
Epoch [115/500] | Sampled: 256.53 | Baseline: 265.84 | Improvement: 9.31 | Win Rate: 84.38% | Actor Loss: -1.8043 | Entropy: 0.7325 | Invalid S/B: 0.00/0.00 | Max Load: 7.0 | Load Gap: 1.0
Epoch [116/500] | Sampled: 256.50 | Baseline: 265.78 | Improvement: 9.28 | Win Rate: 81.25% | Actor Loss: -1.5300 | Entropy: 0.7386 | Invalid S/B: 0.00/0.00 | Max Load: 7.1 | Load Gap: 1.1
Epoch [117/500] | Sampled: 254.12 | Baseline: 269.03 | Improvement: 14.91 | Win Rate: 87.50% | Actor Loss: -0.3591 | Entropy: 0.6466 | Invalid S/B: 0.00/0.00 | Max Load: 7.1 | Load Gap: 1.1
Epoch [118/500] | Sampled: 259.03 | Baseline: 267.53 | Improvement: 8.50 | Win Rate: 78.12% | Actor Loss: -0.3041 | Entropy: 0.6687 | Invalid S/B: 0.00/0.00 | Max Load: 7.0 | Load Gap: 1.0
Epoch [119/500] | Sampled: 254.91 | Baseline: 267.09 | Improvement: 12.19 | Win Rate: 87.50% | Actor Loss: 0.5156 | Entropy: 0.6485 | Invalid S/B: 0.00/0.00 | Max Load: 7.0 | Load Gap: 1.1
Epoch [120/500] | Sampled: 257.88 | Baseline: 266.62 | Improvement: 8.75 | Win Rate: 65.62% | Actor Loss: -0.7056 | Entropy: 0.6259 | Invalid S/B: 0.00/0.00 | Max Load: 7.1 | Load Gap: 1.1
Epoch [121/500] | Sampled: 257.50 | Baseline: 264.81 | Improvement: 7.31 | Win Rate: 75.00% | Actor Loss: -1.7419 | Entropy: 0.6083 | Invalid S/B: 0.00/0.00 | Max Load: 7.0 | Load Gap: 1.0
Epoch [122/500] | Sampled: 256.47 | Baseline: 264.81 | Improvement: 8.34 | Win Rate: 71.88% | Actor Loss: -1.5989 | Entropy: 0.5672 | Invalid S/B: 0.00/0.00 | Max Load: 7.0 | Load Gap: 1.0
Epoch [123/500] | Sampled: 260.56 | Baseline: 268.25 | Improvement: 7.69 | Win Rate: 71.88% | Actor Loss: -0.0368 | Entropy: 0.5675 | Invalid S/B: 0.00/0.00 | Max Load: 7.1 | Load Gap: 1.1
Epoch [124/500] | Sampled: 258.75 | Baseline: 266.34 | Improvement: 7.59 | Win Rate: 68.75% | Actor Loss: -0.6504 | Entropy: 0.5087 | Invalid S/B: 0.00/0.00 | Max Load: 7.1 | Load Gap: 1.1
Epoch [125/500] | Sampled: 257.28 | Baseline: 266.94 | Improvement: 9.66 | Win Rate: 87.50% | Actor Loss: -0.1747 | Entropy: 0.4764 | Invalid S/B: 0.00/0.00 | Max Load: 7.1 | Load Gap: 1.1
Epoch [126/500] | Sampled: 257.78 | Baseline: 263.72 | Improvement: 5.94 | Win Rate: 78.12% | Actor Loss: -0.3659 | Entropy: 0.4589 | Invalid S/B: 0.00/0.00 | Max Load: 7.1 | Load Gap: 1.1
Epoch [127/500] | Sampled: 259.12 | Baseline: 269.53 | Improvement: 10.41 | Win Rate: 65.62% | Actor Loss: 0.2125 | Entropy: 0.4277 | Invalid S/B: 0.00/0.00 | Max Load: 7.1 | Load Gap: 1.1
Epoch [128/500] | Sampled: 253.88 | Baseline: 263.69 | Improvement: 9.81 | Win Rate: 87.50% | Actor Loss: -0.1429 | Entropy: 0.4013 | Invalid S/B: 0.00/0.00 | Max Load: 7.0 | Load Gap: 1.0
Epoch [129/500] | Sampled: 252.66 | Baseline: 267.22 | Improvement: 14.56 | Win Rate: 96.88% | Actor Loss: -0.6649 | Entropy: 0.4000 | Invalid S/B: 0.00/0.00 | Max Load: 7.1 | Load Gap: 1.1
Epoch [130/500] | Sampled: 255.59 | Baseline: 263.31 | Improvement: 7.72 | Win Rate: 75.00% | Actor Loss: -0.3497 | Entropy: 0.3796 | Invalid S/B: 0.00/0.00 | Max Load: 7.1 | Load Gap: 1.1
Epoch [131/500] | Sampled: 254.88 | Baseline: 265.06 | Improvement: 10.19 | Win Rate: 90.62% | Actor Loss: -0.5316 | Entropy: 0.4004 | Invalid S/B: 0.00/0.00 | Max Load: 7.1 | Load Gap: 1.2
Epoch [132/500] | Sampled: 251.47 | Baseline: 267.41 | Improvement: 15.94 | Win Rate: 87.50% | Actor Loss: -0.1622 | Entropy: 0.3873 | Invalid S/B: 0.00/0.00 | Max Load: 7.1 | Load Gap: 1.1
Epoch [133/500] | Sampled: 249.94 | Baseline: 263.84 | Improvement: 13.91 | Win Rate: 90.62% | Actor Loss: -1.3749 | Entropy: 0.3607 | Invalid S/B: 0.00/0.00 | Max Load: 7.2 | Load Gap: 1.2
Epoch [134/500] | Sampled: 253.28 | Baseline: 263.41 | Improvement: 10.12 | Win Rate: 87.50% | Actor Loss: 0.4419 | Entropy: 0.3750 | Invalid S/B: 0.00/0.00 | Max Load: 7.1 | Load Gap: 1.1
Epoch [135/500] | Sampled: 254.06 | Baseline: 266.59 | Improvement: 12.53 | Win Rate: 78.12% | Actor Loss: 0.3914 | Entropy: 0.3814 | Invalid S/B: 0.00/0.00 | Max Load: 7.1 | Load Gap: 1.1
Epoch [136/500] | Sampled: 253.34 | Baseline: 264.62 | Improvement: 11.28 | Win Rate: 87.50% | Actor Loss: 0.5844 | Entropy: 0.3890 | Invalid S/B: 0.00/0.00 | Max Load: 7.1 | Load Gap: 1.1
Epoch [137/500] | Sampled: 252.81 | Baseline: 265.78 | Improvement: 12.97 | Win Rate: 84.38% | Actor Loss: 0.6532 | Entropy: 0.4115 | Invalid S/B: 0.00/0.00 | Max Load: 7.0 | Load Gap: 1.0
Epoch [138/500] | Sampled: 254.53 | Baseline: 263.88 | Improvement: 9.34 | Win Rate: 87.50% | Actor Loss: -0.0359 | Entropy: 0.3844 | Invalid S/B: 0.00/0.00 | Max Load: 7.1 | Load Gap: 1.1
Epoch [139/500] | Sampled: 255.03 | Baseline: 265.31 | Improvement: 10.28 | Win Rate: 81.25% | Actor Loss: 0.1044 | Entropy: 0.4274 | Invalid S/B: 0.00/0.00 | Max Load: 7.0 | Load Gap: 1.0
Epoch [140/500] | Sampled: 252.34 | Baseline: 263.50 | Improvement: 11.16 | Win Rate: 81.25% | Actor Loss: 0.0750 | Entropy: 0.4231 | Invalid S/B: 0.00/0.00 | Max Load: 7.1 | Load Gap: 1.1
Epoch [141/500] | Sampled: 254.09 | Baseline: 266.53 | Improvement: 12.44 | Win Rate: 90.62% | Actor Loss: -0.1992 | Entropy: 0.4451 | Invalid S/B: 0.00/0.00 | Max Load: 7.1 | Load Gap: 1.1
Epoch [142/500] | Sampled: 254.84 | Baseline: 263.66 | Improvement: 8.81 | Win Rate: 78.12% | Actor Loss: 0.2253 | Entropy: 0.4768 | Invalid S/B: 0.00/0.00 | Max Load: 7.0 | Load Gap: 1.0
Epoch [143/500] | Sampled: 254.38 | Baseline: 263.72 | Improvement: 9.34 | Win Rate: 71.88% | Actor Loss: -0.0101 | Entropy: 0.4755 | Invalid S/B: 0.00/0.00 | Max Load: 7.1 | Load Gap: 1.1
Epoch [144/500] | Sampled: 252.34 | Baseline: 264.75 | Improvement: 12.41 | Win Rate: 87.50% | Actor Loss: -0.8223 | Entropy: 0.5041 | Invalid S/B: 0.00/0.00 | Max Load: 7.1 | Load Gap: 1.1
Epoch [145/500] | Sampled: 255.22 | Baseline: 263.47 | Improvement: 8.25 | Win Rate: 65.62% | Actor Loss: -1.4348 | Entropy: 0.5050 | Invalid S/B: 0.00/0.00 | Max Load: 7.1 | Load Gap: 1.1
Epoch [146/500] | Sampled: 254.78 | Baseline: 265.28 | Improvement: 10.50 | Win Rate: 90.62% | Actor Loss: 0.2218 | Entropy: 0.5112 | Invalid S/B: 0.00/0.00 | Max Load: 7.1 | Load Gap: 1.1
Epoch [147/500] | Sampled: 254.22 | Baseline: 267.44 | Improvement: 13.22 | Win Rate: 87.50% | Actor Loss: 0.9504 | Entropy: 0.4941 | Invalid S/B: 0.00/0.00 | Max Load: 7.1 | Load Gap: 1.1
Epoch [148/500] | Sampled: 256.00 | Baseline: 269.47 | Improvement: 13.47 | Win Rate: 87.50% | Actor Loss: 0.2178 | Entropy: 0.5025 | Invalid S/B: 0.00/0.00 | Max Load: 7.1 | Load Gap: 1.1
Epoch [149/500] | Sampled: 252.12 | Baseline: 265.69 | Improvement: 13.56 | Win Rate: 90.62% | Actor Loss: 0.5258 | Entropy: 0.4974 | Invalid S/B: 0.00/0.00 | Max Load: 7.0 | Load Gap: 1.0
Epoch [150/500] | Sampled: 254.06 | Baseline: 265.06 | Improvement: 11.00 | Win Rate: 84.38% | Actor Loss: -0.6130 | Entropy: 0.5189 | Invalid S/B: 0.00/0.00 | Max Load: 7.1 | Load Gap: 1.1
   -> Validation | Samples: 50 | Makespan: 253.16 | Invalid Jobs: 0.00
Epoch [151/500] | Sampled: 257.97 | Baseline: 267.06 | Improvement: 9.09 | Win Rate: 68.75% | Actor Loss: 0.4622 | Entropy: 0.5480 | Invalid S/B: 0.00/0.00 | Max Load: 7.1 | Load Gap: 1.1
Epoch [152/500] | Sampled: 253.25 | Baseline: 265.16 | Improvement: 11.91 | Win Rate: 90.62% | Actor Loss: 0.6725 | Entropy: 0.5320 | Invalid S/B: 0.00/0.00 | Max Load: 7.1 | Load Gap: 1.1
Epoch [153/500] | Sampled: 253.88 | Baseline: 267.28 | Improvement: 13.41 | Win Rate: 87.50% | Actor Loss: -0.0013 | Entropy: 0.5799 | Invalid S/B: 0.00/0.00 | Max Load: 7.0 | Load Gap: 1.0
Epoch [154/500] | Sampled: 254.69 | Baseline: 265.59 | Improvement: 10.91 | Win Rate: 81.25% | Actor Loss: -0.9518 | Entropy: 0.6048 | Invalid S/B: 0.00/0.00 | Max Load: 7.1 | Load Gap: 1.1
Epoch [155/500] | Sampled: 251.12 | Baseline: 267.34 | Improvement: 16.22 | Win Rate: 96.88% | Actor Loss: -0.2972 | Entropy: 0.5748 | Invalid S/B: 0.00/0.00 | Max Load: 7.0 | Load Gap: 1.0
Epoch [156/500] | Sampled: 257.00 | Baseline: 268.25 | Improvement: 11.25 | Win Rate: 78.12% | Actor Loss: -0.3046 | Entropy: 0.6427 | Invalid S/B: 0.00/0.00 | Max Load: 7.1 | Load Gap: 1.1
Epoch [157/500] | Sampled: 255.72 | Baseline: 263.19 | Improvement: 7.47 | Win Rate: 68.75% | Actor Loss: -1.7916 | Entropy: 0.6546 | Invalid S/B: 0.00/0.00 | Max Load: 7.0 | Load Gap: 1.0
Epoch [158/500] | Sampled: 253.38 | Baseline: 268.53 | Improvement: 15.16 | Win Rate: 90.62% | Actor Loss: 0.1823 | Entropy: 0.6724 | Invalid S/B: 0.00/0.00 | Max Load: 7.0 | Load Gap: 1.0
Epoch [159/500] | Sampled: 255.09 | Baseline: 266.16 | Improvement: 11.06 | Win Rate: 81.25% | Actor Loss: -1.9086 | Entropy: 0.6729 | Invalid S/B: 0.00/0.00 | Max Load: 7.1 | Load Gap: 1.1
Epoch [160/500] | Sampled: 255.50 | Baseline: 266.53 | Improvement: 11.03 | Win Rate: 84.38% | Actor Loss: -1.2079 | Entropy: 0.6658 | Invalid S/B: 0.00/0.00 | Max Load: 7.1 | Load Gap: 1.1
Epoch [161/500] | Sampled: 255.72 | Baseline: 266.47 | Improvement: 10.75 | Win Rate: 78.12% | Actor Loss: -1.7910 | Entropy: 0.6727 | Invalid S/B: 0.00/0.00 | Max Load: 7.1 | Load Gap: 1.1
Epoch [162/500] | Sampled: 251.00 | Baseline: 262.38 | Improvement: 11.38 | Win Rate: 87.50% | Actor Loss: -0.6544 | Entropy: 0.6465 | Invalid S/B: 0.00/0.00 | Max Load: 7.0 | Load Gap: 1.0
Epoch [163/500] | Sampled: 254.59 | Baseline: 265.50 | Improvement: 10.91 | Win Rate: 71.88% | Actor Loss: -0.4558 | Entropy: 0.6442 | Invalid S/B: 0.00/0.00 | Max Load: 7.1 | Load Gap: 1.1
Epoch [164/500] | Sampled: 254.84 | Baseline: 266.25 | Improvement: 11.41 | Win Rate: 75.00% | Actor Loss: 0.4748 | Entropy: 0.6301 | Invalid S/B: 0.00/0.00 | Max Load: 7.0 | Load Gap: 1.0
Epoch [165/500] | Sampled: 253.12 | Baseline: 266.88 | Improvement: 13.75 | Win Rate: 87.50% | Actor Loss: 1.6114 | Entropy: 0.6417 | Invalid S/B: 0.00/0.00 | Max Load: 7.0 | Load Gap: 1.0
Epoch [166/500] | Sampled: 252.12 | Baseline: 265.62 | Improvement: 13.50 | Win Rate: 84.38% | Actor Loss: -0.2958 | Entropy: 0.6336 | Invalid S/B: 0.00/0.00 | Max Load: 7.1 | Load Gap: 1.1
Epoch [167/500] | Sampled: 254.41 | Baseline: 265.56 | Improvement: 11.16 | Win Rate: 81.25% | Actor Loss: 0.2203 | Entropy: 0.6779 | Invalid S/B: 0.00/0.00 | Max Load: 7.1 | Load Gap: 1.1
Epoch [168/500] | Sampled: 254.41 | Baseline: 268.62 | Improvement: 14.22 | Win Rate: 87.50% | Actor Loss: -0.3539 | Entropy: 0.6687 | Invalid S/B: 0.00/0.00 | Max Load: 7.2 | Load Gap: 1.2
Epoch [169/500] | Sampled: 250.88 | Baseline: 265.66 | Improvement: 14.78 | Win Rate: 93.75% | Actor Loss: 0.8964 | Entropy: 0.6887 | Invalid S/B: 0.00/0.00 | Max Load: 7.1 | Load Gap: 1.1
Epoch [170/500] | Sampled: 253.12 | Baseline: 264.47 | Improvement: 11.34 | Win Rate: 81.25% | Actor Loss: -1.3213 | Entropy: 0.6892 | Invalid S/B: 0.00/0.00 | Max Load: 7.1 | Load Gap: 1.1
Epoch [171/500] | Sampled: 253.56 | Baseline: 266.53 | Improvement: 12.97 | Win Rate: 87.50% | Actor Loss: -1.8303 | Entropy: 0.7157 | Invalid S/B: 0.00/0.00 | Max Load: 7.1 | Load Gap: 1.1
Epoch [172/500] | Sampled: 253.88 | Baseline: 262.78 | Improvement: 8.91 | Win Rate: 78.12% | Actor Loss: -1.5581 | Entropy: 0.7449 | Invalid S/B: 0.00/0.00 | Max Load: 7.2 | Load Gap: 1.2
Epoch [173/500] | Sampled: 253.25 | Baseline: 263.91 | Improvement: 10.66 | Win Rate: 84.38% | Actor Loss: -1.5917 | Entropy: 0.7021 | Invalid S/B: 0.00/0.00 | Max Load: 7.2 | Load Gap: 1.2
Epoch [174/500] | Sampled: 253.81 | Baseline: 265.34 | Improvement: 11.53 | Win Rate: 84.38% | Actor Loss: -1.7625 | Entropy: 0.7398 | Invalid S/B: 0.00/0.00 | Max Load: 7.1 | Load Gap: 1.1
Epoch [175/500] | Sampled: 256.53 | Baseline: 267.97 | Improvement: 11.44 | Win Rate: 78.12% | Actor Loss: -2.8716 | Entropy: 0.7953 | Invalid S/B: 0.00/0.00 | Max Load: 7.1 | Load Gap: 1.1
Epoch [176/500] | Sampled: 254.25 | Baseline: 265.66 | Improvement: 11.41 | Win Rate: 81.25% | Actor Loss: -0.1211 | Entropy: 0.7244 | Invalid S/B: 0.00/0.00 | Max Load: 7.1 | Load Gap: 1.1
Epoch [177/500] | Sampled: 251.75 | Baseline: 265.28 | Improvement: 13.53 | Win Rate: 87.50% | Actor Loss: -1.3687 | Entropy: 0.7502 | Invalid S/B: 0.00/0.00 | Max Load: 7.1 | Load Gap: 1.1
Epoch [178/500] | Sampled: 255.12 | Baseline: 266.47 | Improvement: 11.34 | Win Rate: 87.50% | Actor Loss: -1.3105 | Entropy: 0.7457 | Invalid S/B: 0.00/0.00 | Max Load: 7.2 | Load Gap: 1.2
Epoch [179/500] | Sampled: 251.66 | Baseline: 263.34 | Improvement: 11.69 | Win Rate: 84.38% | Actor Loss: -1.8896 | Entropy: 0.7366 | Invalid S/B: 0.00/0.00 | Max Load: 7.2 | Load Gap: 1.2
Epoch [180/500] | Sampled: 252.75 | Baseline: 266.38 | Improvement: 13.62 | Win Rate: 93.75% | Actor Loss: -0.6898 | Entropy: 0.7377 | Invalid S/B: 0.00/0.00 | Max Load: 7.2 | Load Gap: 1.2
Epoch [181/500] | Sampled: 252.91 | Baseline: 264.31 | Improvement: 11.41 | Win Rate: 81.25% | Actor Loss: -0.4094 | Entropy: 0.7286 | Invalid S/B: 0.00/0.00 | Max Load: 7.1 | Load Gap: 1.1
Epoch [182/500] | Sampled: 255.72 | Baseline: 265.00 | Improvement: 9.28 | Win Rate: 71.88% | Actor Loss: -1.8653 | Entropy: 0.7274 | Invalid S/B: 0.00/0.00 | Max Load: 7.3 | Load Gap: 1.3
Epoch [183/500] | Sampled: 255.22 | Baseline: 264.56 | Improvement: 9.34 | Win Rate: 81.25% | Actor Loss: 0.2833 | Entropy: 0.7219 | Invalid S/B: 0.03/0.00 | Max Load: 7.1 | Load Gap: 1.1
Epoch [184/500] | Sampled: 249.97 | Baseline: 263.03 | Improvement: 13.06 | Win Rate: 93.75% | Actor Loss: -1.1545 | Entropy: 0.7486 | Invalid S/B: 0.00/0.00 | Max Load: 7.2 | Load Gap: 1.2
Epoch [185/500] | Sampled: 251.62 | Baseline: 265.03 | Improvement: 13.41 | Win Rate: 84.38% | Actor Loss: 0.3395 | Entropy: 0.7031 | Invalid S/B: 0.00/0.00 | Max Load: 7.1 | Load Gap: 1.1
Epoch [186/500] | Sampled: 250.16 | Baseline: 265.34 | Improvement: 15.19 | Win Rate: 90.62% | Actor Loss: 0.5520 | Entropy: 0.6459 | Invalid S/B: 0.00/0.00 | Max Load: 7.1 | Load Gap: 1.1
Epoch [187/500] | Sampled: 256.25 | Baseline: 269.34 | Improvement: 13.09 | Win Rate: 87.50% | Actor Loss: 0.5309 | Entropy: 0.6972 | Invalid S/B: 0.00/0.00 | Max Load: 7.1 | Load Gap: 1.1
Epoch [188/500] | Sampled: 252.88 | Baseline: 266.16 | Improvement: 13.28 | Win Rate: 87.50% | Actor Loss: 0.0911 | Entropy: 0.7054 | Invalid S/B: 0.00/0.00 | Max Load: 7.0 | Load Gap: 1.0
Epoch [189/500] | Sampled: 255.50 | Baseline: 267.91 | Improvement: 12.41 | Win Rate: 84.38% | Actor Loss: -2.5842 | Entropy: 0.7320 | Invalid S/B: 0.00/0.00 | Max Load: 7.1 | Load Gap: 1.1
Epoch [190/500] | Sampled: 252.69 | Baseline: 266.41 | Improvement: 13.72 | Win Rate: 90.62% | Actor Loss: -1.6320 | Entropy: 0.7211 | Invalid S/B: 0.00/0.00 | Max Load: 7.2 | Load Gap: 1.2
Epoch [191/500] | Sampled: 252.84 | Baseline: 265.06 | Improvement: 12.22 | Win Rate: 87.50% | Actor Loss: -0.7537 | Entropy: 0.7143 | Invalid S/B: 0.00/0.00 | Max Load: 7.2 | Load Gap: 1.2
Epoch [192/500] | Sampled: 254.53 | Baseline: 268.56 | Improvement: 14.03 | Win Rate: 84.38% | Actor Loss: -0.0966 | Entropy: 0.7449 | Invalid S/B: 0.00/0.00 | Max Load: 7.2 | Load Gap: 1.2
Epoch [193/500] | Sampled: 255.66 | Baseline: 264.06 | Improvement: 8.41 | Win Rate: 75.00% | Actor Loss: -1.1147 | Entropy: 0.7886 | Invalid S/B: 0.00/0.00 | Max Load: 7.1 | Load Gap: 1.1
Epoch [194/500] | Sampled: 252.16 | Baseline: 266.50 | Improvement: 14.34 | Win Rate: 90.62% | Actor Loss: -0.0832 | Entropy: 0.7628 | Invalid S/B: 0.00/0.00 | Max Load: 7.2 | Load Gap: 1.2
Epoch [195/500] | Sampled: 252.28 | Baseline: 266.12 | Improvement: 13.84 | Win Rate: 93.75% | Actor Loss: 0.1745 | Entropy: 0.8257 | Invalid S/B: 0.00/0.00 | Max Load: 7.1 | Load Gap: 1.1
Epoch [196/500] | Sampled: 250.22 | Baseline: 261.81 | Improvement: 11.59 | Win Rate: 78.12% | Actor Loss: -0.7172 | Entropy: 0.8115 | Invalid S/B: 0.00/0.00 | Max Load: 7.1 | Load Gap: 1.1
Epoch [197/500] | Sampled: 252.72 | Baseline: 263.44 | Improvement: 10.72 | Win Rate: 81.25% | Actor Loss: -2.6789 | Entropy: 0.8361 | Invalid S/B: 0.00/0.00 | Max Load: 7.1 | Load Gap: 1.1
Epoch [198/500] | Sampled: 254.81 | Baseline: 267.09 | Improvement: 12.28 | Win Rate: 87.50% | Actor Loss: -0.6105 | Entropy: 0.8542 | Invalid S/B: 0.00/0.00 | Max Load: 7.0 | Load Gap: 1.0
Epoch [199/500] | Sampled: 254.12 | Baseline: 264.75 | Improvement: 10.62 | Win Rate: 87.50% | Actor Loss: -0.6029 | Entropy: 0.8273 | Invalid S/B: 0.00/0.00 | Max Load: 7.1 | Load Gap: 1.1
Epoch [200/500] | Sampled: 250.69 | Baseline: 262.62 | Improvement: 11.94 | Win Rate: 81.25% | Actor Loss: -0.1817 | Entropy: 0.7580 | Invalid S/B: 0.00/0.00 | Max Load: 7.1 | Load Gap: 1.1
   -> Validation | Samples: 50 | Makespan: 250.92 | Invalid Jobs: 0.00
   -> Saved new best model (Val Makespan: 250.92)
   -> Saved updated training chart to /home/wei/AMR-DFJSP/Static_alogorithm/Attention/attention_training_metrics.png
Epoch [201/500] | Sampled: 251.38 | Baseline: 266.66 | Improvement: 15.28 | Win Rate: 93.75% | Actor Loss: 0.1019 | Entropy: 0.8015 | Invalid S/B: 0.00/0.00 | Max Load: 7.1 | Load Gap: 1.1
Epoch [202/500] | Sampled: 248.78 | Baseline: 266.16 | Improvement: 17.38 | Win Rate: 87.50% | Actor Loss: -0.8544 | Entropy: 0.7879 | Invalid S/B: 0.00/0.00 | Max Load: 7.1 | Load Gap: 1.1
Epoch [203/500] | Sampled: 252.28 | Baseline: 266.53 | Improvement: 14.25 | Win Rate: 87.50% | Actor Loss: 1.5153 | Entropy: 0.8324 | Invalid S/B: 0.00/0.00 | Max Load: 7.0 | Load Gap: 1.0
Epoch [204/500] | Sampled: 253.56 | Baseline: 265.78 | Improvement: 12.22 | Win Rate: 87.50% | Actor Loss: -0.5684 | Entropy: 0.8446 | Invalid S/B: 0.00/0.00 | Max Load: 7.1 | Load Gap: 1.1
Epoch [205/500] | Sampled: 256.31 | Baseline: 268.22 | Improvement: 11.91 | Win Rate: 78.12% | Actor Loss: -1.2844 | Entropy: 0.8426 | Invalid S/B: 0.00/0.00 | Max Load: 7.1 | Load Gap: 1.1
Epoch [206/500] | Sampled: 253.12 | Baseline: 263.78 | Improvement: 10.66 | Win Rate: 78.12% | Actor Loss: -1.4176 | Entropy: 0.8380 | Invalid S/B: 0.00/0.00 | Max Load: 7.1 | Load Gap: 1.1
Epoch [207/500] | Sampled: 255.03 | Baseline: 267.19 | Improvement: 12.16 | Win Rate: 90.62% | Actor Loss: -0.9182 | Entropy: 0.8059 | Invalid S/B: 0.00/0.00 | Max Load: 7.1 | Load Gap: 1.1
Epoch [208/500] | Sampled: 252.91 | Baseline: 266.31 | Improvement: 13.41 | Win Rate: 96.88% | Actor Loss: -1.5536 | Entropy: 0.7934 | Invalid S/B: 0.00/0.00 | Max Load: 7.1 | Load Gap: 1.1
Epoch [209/500] | Sampled: 251.38 | Baseline: 266.75 | Improvement: 15.38 | Win Rate: 100.00% | Actor Loss: -0.2419 | Entropy: 0.7648 | Invalid S/B: 0.00/0.00 | Max Load: 7.1 | Load Gap: 1.1
Epoch [210/500] | Sampled: 255.88 | Baseline: 266.41 | Improvement: 10.53 | Win Rate: 81.25% | Actor Loss: -0.0098 | Entropy: 0.7530 | Invalid S/B: 0.00/0.00 | Max Load: 7.1 | Load Gap: 1.1
Epoch [211/500] | Sampled: 257.06 | Baseline: 268.59 | Improvement: 11.53 | Win Rate: 84.38% | Actor Loss: -0.1327 | Entropy: 0.7772 | Invalid S/B: 0.00/0.00 | Max Load: 7.1 | Load Gap: 1.1
Epoch [212/500] | Sampled: 251.88 | Baseline: 262.59 | Improvement: 10.72 | Win Rate: 81.25% | Actor Loss: 0.7010 | Entropy: 0.7543 | Invalid S/B: 0.00/0.00 | Max Load: 7.0 | Load Gap: 1.0
Epoch [213/500] | Sampled: 252.62 | Baseline: 267.97 | Improvement: 15.34 | Win Rate: 93.75% | Actor Loss: -2.2187 | Entropy: 0.8536 | Invalid S/B: 0.00/0.00 | Max Load: 7.0 | Load Gap: 1.0
Epoch [214/500] | Sampled: 253.44 | Baseline: 269.09 | Improvement: 15.66 | Win Rate: 87.50% | Actor Loss: -1.2923 | Entropy: 0.8612 | Invalid S/B: 0.00/0.00 | Max Load: 7.1 | Load Gap: 1.2
Epoch [215/500] | Sampled: 251.47 | Baseline: 265.34 | Improvement: 13.88 | Win Rate: 90.62% | Actor Loss: -0.1268 | Entropy: 0.8703 | Invalid S/B: 0.00/0.00 | Max Load: 7.1 | Load Gap: 1.1
Epoch [216/500] | Sampled: 252.75 | Baseline: 267.34 | Improvement: 14.59 | Win Rate: 84.38% | Actor Loss: -0.4299 | Entropy: 0.9264 | Invalid S/B: 0.00/0.00 | Max Load: 7.0 | Load Gap: 1.0
Epoch [217/500] | Sampled: 252.16 | Baseline: 264.97 | Improvement: 12.81 | Win Rate: 93.75% | Actor Loss: -1.1459 | Entropy: 0.9991 | Invalid S/B: 0.00/0.00 | Max Load: 7.1 | Load Gap: 1.1
Epoch [218/500] | Sampled: 252.72 | Baseline: 266.16 | Improvement: 13.44 | Win Rate: 90.62% | Actor Loss: -0.4530 | Entropy: 1.0501 | Invalid S/B: 0.00/0.00 | Max Load: 7.1 | Load Gap: 1.1
Epoch [219/500] | Sampled: 250.66 | Baseline: 266.16 | Improvement: 15.50 | Win Rate: 96.88% | Actor Loss: -1.2785 | Entropy: 1.1248 | Invalid S/B: 0.00/0.00 | Max Load: 7.0 | Load Gap: 1.0
Epoch [220/500] | Sampled: 253.34 | Baseline: 267.69 | Improvement: 14.34 | Win Rate: 84.38% | Actor Loss: -1.4560 | Entropy: 1.1320 | Invalid S/B: 0.00/0.00 | Max Load: 7.1 | Load Gap: 1.1
Epoch [221/500] | Sampled: 254.00 | Baseline: 267.28 | Improvement: 13.28 | Win Rate: 90.62% | Actor Loss: -0.8866 | Entropy: 1.1348 | Invalid S/B: 0.00/0.00 | Max Load: 7.1 | Load Gap: 1.1
Epoch [222/500] | Sampled: 250.19 | Baseline: 266.03 | Improvement: 15.84 | Win Rate: 93.75% | Actor Loss: -1.4404 | Entropy: 1.1402 | Invalid S/B: 0.00/0.00 | Max Load: 7.1 | Load Gap: 1.1
Epoch [223/500] | Sampled: 253.28 | Baseline: 268.16 | Improvement: 14.88 | Win Rate: 90.62% | Actor Loss: -1.4008 | Entropy: 1.0607 | Invalid S/B: 0.00/0.00 | Max Load: 7.0 | Load Gap: 1.0
Epoch [224/500] | Sampled: 253.47 | Baseline: 265.72 | Improvement: 12.25 | Win Rate: 81.25% | Actor Loss: -1.9252 | Entropy: 1.0216 | Invalid S/B: 0.00/0.00 | Max Load: 7.2 | Load Gap: 1.2
Epoch [225/500] | Sampled: 250.88 | Baseline: 264.75 | Improvement: 13.88 | Win Rate: 87.50% | Actor Loss: -2.1359 | Entropy: 1.0201 | Invalid S/B: 0.00/0.00 | Max Load: 7.2 | Load Gap: 1.2
Epoch [226/500] | Sampled: 253.94 | Baseline: 268.16 | Improvement: 14.22 | Win Rate: 87.50% | Actor Loss: -1.2503 | Entropy: 0.9167 | Invalid S/B: 0.00/0.00 | Max Load: 7.1 | Load Gap: 1.1
Epoch [227/500] | Sampled: 254.12 | Baseline: 264.38 | Improvement: 10.25 | Win Rate: 90.62% | Actor Loss: -0.4704 | Entropy: 0.9123 | Invalid S/B: 0.00/0.00 | Max Load: 7.1 | Load Gap: 1.1
Epoch [228/500] | Sampled: 253.28 | Baseline: 264.44 | Improvement: 11.16 | Win Rate: 71.88% | Actor Loss: -1.3307 | Entropy: 0.8024 | Invalid S/B: 0.00/0.00 | Max Load: 7.1 | Load Gap: 1.1
Epoch [229/500] | Sampled: 253.91 | Baseline: 264.50 | Improvement: 10.59 | Win Rate: 78.12% | Actor Loss: 0.0053 | Entropy: 0.7726 | Invalid S/B: 0.00/0.00 | Max Load: 7.1 | Load Gap: 1.1
Epoch [230/500] | Sampled: 255.19 | Baseline: 265.75 | Improvement: 10.56 | Win Rate: 78.12% | Actor Loss: -0.1331 | Entropy: 0.7701 | Invalid S/B: 0.00/0.00 | Max Load: 7.1 | Load Gap: 1.1
Epoch [231/500] | Sampled: 253.81 | Baseline: 267.34 | Improvement: 13.53 | Win Rate: 81.25% | Actor Loss: 0.6415 | Entropy: 0.7254 | Invalid S/B: 0.00/0.00 | Max Load: 7.1 | Load Gap: 1.1
Epoch [232/500] | Sampled: 253.03 | Baseline: 267.16 | Improvement: 14.12 | Win Rate: 90.62% | Actor Loss: 0.2886 | Entropy: 0.7588 | Invalid S/B: 0.00/0.00 | Max Load: 7.0 | Load Gap: 1.0
Epoch [233/500] | Sampled: 253.44 | Baseline: 266.50 | Improvement: 13.06 | Win Rate: 90.62% | Actor Loss: -1.0943 | Entropy: 0.7411 | Invalid S/B: 0.00/0.00 | Max Load: 7.0 | Load Gap: 1.0
Epoch [234/500] | Sampled: 251.88 | Baseline: 267.28 | Improvement: 15.41 | Win Rate: 96.88% | Actor Loss: -1.3197 | Entropy: 0.7853 | Invalid S/B: 0.00/0.00 | Max Load: 7.0 | Load Gap: 1.0
Epoch [235/500] | Sampled: 252.34 | Baseline: 265.28 | Improvement: 12.94 | Win Rate: 78.12% | Actor Loss: -1.0520 | Entropy: 0.8302 | Invalid S/B: 0.00/0.00 | Max Load: 7.1 | Load Gap: 1.1
Epoch [236/500] | Sampled: 252.44 | Baseline: 265.34 | Improvement: 12.91 | Win Rate: 81.25% | Actor Loss: -0.0951 | Entropy: 0.7836 | Invalid S/B: 0.00/0.00 | Max Load: 7.0 | Load Gap: 1.0
Epoch [237/500] | Sampled: 249.12 | Baseline: 263.91 | Improvement: 14.78 | Win Rate: 93.75% | Actor Loss: -0.1161 | Entropy: 0.8486 | Invalid S/B: 0.00/0.00 | Max Load: 7.1 | Load Gap: 1.1
Epoch [238/500] | Sampled: 252.72 | Baseline: 265.09 | Improvement: 12.38 | Win Rate: 96.88% | Actor Loss: -1.4541 | Entropy: 0.8831 | Invalid S/B: 0.00/0.00 | Max Load: 7.0 | Load Gap: 1.0
Epoch [239/500] | Sampled: 254.75 | Baseline: 266.72 | Improvement: 11.97 | Win Rate: 84.38% | Actor Loss: 0.7133 | Entropy: 0.9464 | Invalid S/B: 0.00/0.00 | Max Load: 7.1 | Load Gap: 1.1
Epoch [240/500] | Sampled: 253.94 | Baseline: 266.28 | Improvement: 12.34 | Win Rate: 87.50% | Actor Loss: 0.3501 | Entropy: 0.9856 | Invalid S/B: 0.00/0.00 | Max Load: 7.1 | Load Gap: 1.1
Epoch [241/500] | Sampled: 251.66 | Baseline: 268.47 | Improvement: 16.81 | Win Rate: 96.88% | Actor Loss: -2.2493 | Entropy: 1.0563 | Invalid S/B: 0.00/0.00 | Max Load: 7.1 | Load Gap: 1.1
Epoch [242/500] | Sampled: 253.50 | Baseline: 266.75 | Improvement: 13.25 | Win Rate: 87.50% | Actor Loss: -1.6608 | Entropy: 1.0491 | Invalid S/B: 0.00/0.00 | Max Load: 7.0 | Load Gap: 1.0
Epoch [243/500] | Sampled: 249.94 | Baseline: 266.47 | Improvement: 16.53 | Win Rate: 93.75% | Actor Loss: 0.5429 | Entropy: 1.0620 | Invalid S/B: 0.00/0.00 | Max Load: 7.1 | Load Gap: 1.1
Epoch [244/500] | Sampled: 254.12 | Baseline: 263.75 | Improvement: 9.62 | Win Rate: 84.38% | Actor Loss: -1.3979 | Entropy: 1.0961 | Invalid S/B: 0.00/0.00 | Max Load: 7.1 | Load Gap: 1.1
Epoch [245/500] | Sampled: 252.44 | Baseline: 265.41 | Improvement: 12.97 | Win Rate: 87.50% | Actor Loss: -1.5306 | Entropy: 1.1263 | Invalid S/B: 0.00/0.00 | Max Load: 7.1 | Load Gap: 1.1
Epoch [246/500] | Sampled: 251.34 | Baseline: 266.44 | Improvement: 15.09 | Win Rate: 93.75% | Actor Loss: 0.7628 | Entropy: 1.0994 | Invalid S/B: 0.00/0.00 | Max Load: 7.1 | Load Gap: 1.1
Epoch [247/500] | Sampled: 255.50 | Baseline: 263.78 | Improvement: 8.28 | Win Rate: 78.12% | Actor Loss: -1.3349 | Entropy: 1.0794 | Invalid S/B: 0.00/0.00 | Max Load: 7.1 | Load Gap: 1.1
Epoch [248/500] | Sampled: 254.62 | Baseline: 264.00 | Improvement: 9.38 | Win Rate: 78.12% | Actor Loss: -1.6263 | Entropy: 1.0658 | Invalid S/B: 0.00/0.00 | Max Load: 7.1 | Load Gap: 1.1
Epoch [249/500] | Sampled: 255.16 | Baseline: 266.16 | Improvement: 11.00 | Win Rate: 90.62% | Actor Loss: -0.8753 | Entropy: 1.0698 | Invalid S/B: 0.00/0.00 | Max Load: 7.0 | Load Gap: 1.0
Epoch [250/500] | Sampled: 256.56 | Baseline: 265.62 | Improvement: 9.06 | Win Rate: 87.50% | Actor Loss: -1.8666 | Entropy: 1.1077 | Invalid S/B: 0.00/0.00 | Max Load: 7.1 | Load Gap: 1.1
   -> Validation | Samples: 50 | Makespan: 252.76 | Invalid Jobs: 0.00
Epoch [251/500] | Sampled: 250.44 | Baseline: 264.00 | Improvement: 13.56 | Win Rate: 90.62% | Actor Loss: 0.0774 | Entropy: 1.0772 | Invalid S/B: 0.00/0.00 | Max Load: 7.1 | Load Gap: 1.1
Epoch [252/500] | Sampled: 250.72 | Baseline: 263.00 | Improvement: 12.28 | Win Rate: 93.75% | Actor Loss: -2.4443 | Entropy: 1.0529 | Invalid S/B: 0.00/0.00 | Max Load: 7.0 | Load Gap: 1.0
Epoch [253/500] | Sampled: 252.62 | Baseline: 266.94 | Improvement: 14.31 | Win Rate: 90.62% | Actor Loss: 0.1445 | Entropy: 1.0181 | Invalid S/B: 0.00/0.00 | Max Load: 7.1 | Load Gap: 1.1
Epoch [254/500] | Sampled: 256.09 | Baseline: 266.56 | Improvement: 10.47 | Win Rate: 90.62% | Actor Loss: -1.2005 | Entropy: 1.0328 | Invalid S/B: 0.00/0.00 | Max Load: 7.0 | Load Gap: 1.0
Epoch [255/500] | Sampled: 253.41 | Baseline: 264.69 | Improvement: 11.28 | Win Rate: 87.50% | Actor Loss: -0.8680 | Entropy: 0.9686 | Invalid S/B: 0.00/0.00 | Max Load: 7.1 | Load Gap: 1.1
Epoch [256/500] | Sampled: 253.06 | Baseline: 266.22 | Improvement: 13.16 | Win Rate: 87.50% | Actor Loss: -1.2577 | Entropy: 0.9444 | Invalid S/B: 0.00/0.00 | Max Load: 7.0 | Load Gap: 1.0
Epoch [257/500] | Sampled: 253.75 | Baseline: 264.66 | Improvement: 10.91 | Win Rate: 87.50% | Actor Loss: 0.0235 | Entropy: 0.9517 | Invalid S/B: 0.00/0.00 | Max Load: 7.0 | Load Gap: 1.0
Epoch [258/500] | Sampled: 256.78 | Baseline: 268.62 | Improvement: 11.84 | Win Rate: 87.50% | Actor Loss: -1.1816 | Entropy: 0.9203 | Invalid S/B: 0.00/0.00 | Max Load: 7.1 | Load Gap: 1.1
Epoch [259/500] | Sampled: 257.59 | Baseline: 267.25 | Improvement: 9.66 | Win Rate: 75.00% | Actor Loss: 0.2893 | Entropy: 0.9247 | Invalid S/B: 0.00/0.00 | Max Load: 7.0 | Load Gap: 1.0
Epoch [260/500] | Sampled: 254.28 | Baseline: 266.25 | Improvement: 11.97 | Win Rate: 78.12% | Actor Loss: 0.2569 | Entropy: 0.8978 | Invalid S/B: 0.00/0.00 | Max Load: 7.0 | Load Gap: 1.0
Epoch [261/500] | Sampled: 259.97 | Baseline: 265.53 | Improvement: 5.56 | Win Rate: 71.88% | Actor Loss: -0.1562 | Entropy: 0.9628 | Invalid S/B: 0.00/0.00 | Max Load: 7.1 | Load Gap: 1.1
Epoch [262/500] | Sampled: 260.47 | Baseline: 266.72 | Improvement: 6.25 | Win Rate: 65.62% | Actor Loss: -0.0664 | Entropy: 0.9212 | Invalid S/B: 0.00/0.00 | Max Load: 7.1 | Load Gap: 1.1
Epoch [263/500] | Sampled: 258.16 | Baseline: 266.12 | Improvement: 7.97 | Win Rate: 84.38% | Actor Loss: 0.2367 | Entropy: 0.9830 | Invalid S/B: 0.03/0.00 | Max Load: 7.0 | Load Gap: 1.0
Epoch [264/500] | Sampled: 255.41 | Baseline: 265.53 | Improvement: 10.12 | Win Rate: 75.00% | Actor Loss: -1.5909 | Entropy: 1.0393 | Invalid S/B: 0.00/0.00 | Max Load: 7.1 | Load Gap: 1.1
Epoch [265/500] | Sampled: 252.66 | Baseline: 264.03 | Improvement: 11.38 | Win Rate: 84.38% | Actor Loss: -1.4326 | Entropy: 1.0945 | Invalid S/B: 0.00/0.00 | Max Load: 7.1 | Load Gap: 1.1
Epoch [266/500] | Sampled: 251.28 | Baseline: 265.44 | Improvement: 14.16 | Win Rate: 90.62% | Actor Loss: -2.3023 | Entropy: 1.0786 | Invalid S/B: 0.00/0.00 | Max Load: 7.2 | Load Gap: 1.2
Epoch [267/500] | Sampled: 251.47 | Baseline: 266.25 | Improvement: 14.78 | Win Rate: 90.62% | Actor Loss: -0.7790 | Entropy: 1.1119 | Invalid S/B: 0.00/0.00 | Max Load: 7.1 | Load Gap: 1.1
Epoch [268/500] | Sampled: 250.09 | Baseline: 266.31 | Improvement: 16.22 | Win Rate: 87.50% | Actor Loss: -0.3605 | Entropy: 1.1281 | Invalid S/B: 0.00/0.00 | Max Load: 7.1 | Load Gap: 1.1
Epoch [269/500] | Sampled: 252.53 | Baseline: 267.72 | Improvement: 15.19 | Win Rate: 90.62% | Actor Loss: -0.7556 | Entropy: 1.1952 | Invalid S/B: 0.00/0.00 | Max Load: 7.1 | Load Gap: 1.1
Epoch [270/500] | Sampled: 249.72 | Baseline: 265.56 | Improvement: 15.84 | Win Rate: 93.75% | Actor Loss: -1.2831 | Entropy: 1.2241 | Invalid S/B: 0.00/0.00 | Max Load: 7.0 | Load Gap: 1.0
Epoch [271/500] | Sampled: 246.75 | Baseline: 267.22 | Improvement: 20.47 | Win Rate: 100.00% | Actor Loss: -2.2452 | Entropy: 1.2759 | Invalid S/B: 0.00/0.00 | Max Load: 7.1 | Load Gap: 1.1
Epoch [272/500] | Sampled: 251.94 | Baseline: 268.75 | Improvement: 16.81 | Win Rate: 87.50% | Actor Loss: -1.6268 | Entropy: 1.2564 | Invalid S/B: 0.00/0.00 | Max Load: 7.2 | Load Gap: 1.2
Epoch [273/500] | Sampled: 251.12 | Baseline: 268.66 | Improvement: 17.53 | Win Rate: 87.50% | Actor Loss: -1.0098 | Entropy: 1.2245 | Invalid S/B: 0.00/0.00 | Max Load: 7.1 | Load Gap: 1.1
Epoch [274/500] | Sampled: 251.41 | Baseline: 265.78 | Improvement: 14.38 | Win Rate: 87.50% | Actor Loss: -1.7433 | Entropy: 1.2310 | Invalid S/B: 0.00/0.00 | Max Load: 7.1 | Load Gap: 1.1
Epoch [275/500] | Sampled: 250.78 | Baseline: 264.56 | Improvement: 13.78 | Win Rate: 93.75% | Actor Loss: -2.8099 | Entropy: 1.2022 | Invalid S/B: 0.00/0.00 | Max Load: 7.1 | Load Gap: 1.1
Epoch [276/500] | Sampled: 250.44 | Baseline: 267.16 | Improvement: 16.72 | Win Rate: 96.88% | Actor Loss: -0.9583 | Entropy: 1.1746 | Invalid S/B: 0.00/0.00 | Max Load: 7.1 | Load Gap: 1.1
Epoch [277/500] | Sampled: 247.62 | Baseline: 265.78 | Improvement: 18.16 | Win Rate: 96.88% | Actor Loss: -2.2491 | Entropy: 1.1453 | Invalid S/B: 0.00/0.00 | Max Load: 7.1 | Load Gap: 1.1
Epoch [278/500] | Sampled: 251.19 | Baseline: 265.81 | Improvement: 14.62 | Win Rate: 96.88% | Actor Loss: -0.7803 | Entropy: 1.0648 | Invalid S/B: 0.00/0.00 | Max Load: 7.1 | Load Gap: 1.1
Epoch [279/500] | Sampled: 252.41 | Baseline: 266.03 | Improvement: 13.62 | Win Rate: 93.75% | Actor Loss: -0.3232 | Entropy: 1.0065 | Invalid S/B: 0.00/0.00 | Max Load: 7.2 | Load Gap: 1.2
Epoch [280/500] | Sampled: 250.09 | Baseline: 264.81 | Improvement: 14.72 | Win Rate: 93.75% | Actor Loss: -0.9335 | Entropy: 0.9236 | Invalid S/B: 0.00/0.00 | Max Load: 7.2 | Load Gap: 1.2
Epoch [281/500] | Sampled: 251.72 | Baseline: 264.91 | Improvement: 13.19 | Win Rate: 96.88% | Actor Loss: -0.5307 | Entropy: 0.8839 | Invalid S/B: 0.00/0.00 | Max Load: 7.1 | Load Gap: 1.1
Epoch [282/500] | Sampled: 250.16 | Baseline: 264.62 | Improvement: 14.47 | Win Rate: 90.62% | Actor Loss: -0.9052 | Entropy: 0.8441 | Invalid S/B: 0.00/0.00 | Max Load: 7.3 | Load Gap: 1.3
Epoch [283/500] | Sampled: 255.31 | Baseline: 265.75 | Improvement: 10.44 | Win Rate: 81.25% | Actor Loss: -1.0068 | Entropy: 0.8264 | Invalid S/B: 0.00/0.00 | Max Load: 7.2 | Load Gap: 1.2
Epoch [284/500] | Sampled: 253.72 | Baseline: 267.41 | Improvement: 13.69 | Win Rate: 90.62% | Actor Loss: -1.2916 | Entropy: 0.7652 | Invalid S/B: 0.00/0.00 | Max Load: 7.1 | Load Gap: 1.1
Epoch [285/500] | Sampled: 250.22 | Baseline: 265.38 | Improvement: 15.16 | Win Rate: 90.62% | Actor Loss: -0.6092 | Entropy: 0.7703 | Invalid S/B: 0.00/0.00 | Max Load: 7.1 | Load Gap: 1.1
Epoch [286/500] | Sampled: 248.50 | Baseline: 264.38 | Improvement: 15.88 | Win Rate: 87.50% | Actor Loss: 0.0637 | Entropy: 0.7727 | Invalid S/B: 0.00/0.00 | Max Load: 7.0 | Load Gap: 1.0
Epoch [287/500] | Sampled: 249.69 | Baseline: 263.31 | Improvement: 13.62 | Win Rate: 87.50% | Actor Loss: -1.5327 | Entropy: 0.8085 | Invalid S/B: 0.00/0.00 | Max Load: 7.1 | Load Gap: 1.1
Epoch [288/500] | Sampled: 245.06 | Baseline: 262.56 | Improvement: 17.50 | Win Rate: 96.88% | Actor Loss: 0.1380 | Entropy: 0.8632 | Invalid S/B: 0.00/0.00 | Max Load: 7.1 | Load Gap: 1.1
Epoch [289/500] | Sampled: 249.22 | Baseline: 267.72 | Improvement: 18.50 | Win Rate: 96.88% | Actor Loss: -1.4438 | Entropy: 0.8929 | Invalid S/B: 0.00/0.00 | Max Load: 7.1 | Load Gap: 1.1
Epoch [290/500] | Sampled: 252.34 | Baseline: 264.78 | Improvement: 12.44 | Win Rate: 93.75% | Actor Loss: -0.6300 | Entropy: 0.8928 | Invalid S/B: 0.00/0.00 | Max Load: 7.1 | Load Gap: 1.1
Epoch [291/500] | Sampled: 248.69 | Baseline: 266.69 | Improvement: 18.00 | Win Rate: 90.62% | Actor Loss: -1.6092 | Entropy: 0.8876 | Invalid S/B: 0.00/0.00 | Max Load: 7.0 | Load Gap: 1.1
Epoch [292/500] | Sampled: 249.22 | Baseline: 266.28 | Improvement: 17.06 | Win Rate: 93.75% | Actor Loss: -2.1929 | Entropy: 0.8395 | Invalid S/B: 0.00/0.00 | Max Load: 7.1 | Load Gap: 1.1
Epoch [293/500] | Sampled: 254.97 | Baseline: 264.78 | Improvement: 9.81 | Win Rate: 81.25% | Actor Loss: -1.6098 | Entropy: 0.8343 | Invalid S/B: 0.00/0.00 | Max Load: 7.2 | Load Gap: 1.2
Epoch [294/500] | Sampled: 248.19 | Baseline: 263.78 | Improvement: 15.59 | Win Rate: 90.62% | Actor Loss: -0.8776 | Entropy: 0.7697 | Invalid S/B: 0.00/0.00 | Max Load: 7.1 | Load Gap: 1.1
Epoch [295/500] | Sampled: 251.22 | Baseline: 267.25 | Improvement: 16.03 | Win Rate: 93.75% | Actor Loss: -0.6546 | Entropy: 0.8011 | Invalid S/B: 0.00/0.00 | Max Load: 7.0 | Load Gap: 1.0
Epoch [296/500] | Sampled: 252.53 | Baseline: 267.72 | Improvement: 15.19 | Win Rate: 90.62% | Actor Loss: 0.3879 | Entropy: 0.8011 | Invalid S/B: 0.00/0.00 | Max Load: 7.1 | Load Gap: 1.1
Epoch [297/500] | Sampled: 249.78 | Baseline: 269.16 | Improvement: 19.38 | Win Rate: 96.88% | Actor Loss: -0.6319 | Entropy: 0.7709 | Invalid S/B: 0.00/0.00 | Max Load: 7.1 | Load Gap: 1.1
Epoch [298/500] | Sampled: 249.97 | Baseline: 267.00 | Improvement: 17.03 | Win Rate: 93.75% | Actor Loss: -0.9748 | Entropy: 0.7466 | Invalid S/B: 0.00/0.00 | Max Load: 7.1 | Load Gap: 1.1
Epoch [299/500] | Sampled: 249.00 | Baseline: 266.31 | Improvement: 17.31 | Win Rate: 96.88% | Actor Loss: -1.0674 | Entropy: 0.7448 | Invalid S/B: 0.00/0.00 | Max Load: 7.0 | Load Gap: 1.0
Epoch [300/500] | Sampled: 253.94 | Baseline: 265.94 | Improvement: 12.00 | Win Rate: 81.25% | Actor Loss: -0.2026 | Entropy: 0.8361 | Invalid S/B: 0.00/0.00 | Max Load: 7.0 | Load Gap: 1.0
   -> Validation | Samples: 50 | Makespan: 248.06 | Invalid Jobs: 0.00
   -> Saved new best model (Val Makespan: 248.06)
   -> Saved updated training chart to /home/wei/AMR-DFJSP/Static_alogorithm/Attention/attention_training_metrics.png
Epoch [301/500] | Sampled: 252.28 | Baseline: 267.69 | Improvement: 15.41 | Win Rate: 90.62% | Actor Loss: -0.1485 | Entropy: 0.8358 | Invalid S/B: 0.00/0.00 | Max Load: 7.0 | Load Gap: 1.0
Epoch [302/500] | Sampled: 251.41 | Baseline: 267.41 | Improvement: 16.00 | Win Rate: 100.00% | Actor Loss: -0.8262 | Entropy: 0.8445 | Invalid S/B: 0.00/0.00 | Max Load: 7.1 | Load Gap: 1.1
Epoch [303/500] | Sampled: 251.44 | Baseline: 266.53 | Improvement: 15.09 | Win Rate: 90.62% | Actor Loss: -0.6372 | Entropy: 0.8563 | Invalid S/B: 0.00/0.00 | Max Load: 7.0 | Load Gap: 1.0
Epoch [304/500] | Sampled: 253.16 | Baseline: 264.28 | Improvement: 11.12 | Win Rate: 87.50% | Actor Loss: -1.1741 | Entropy: 0.8577 | Invalid S/B: 0.00/0.00 | Max Load: 7.1 | Load Gap: 1.1
Epoch [305/500] | Sampled: 252.19 | Baseline: 266.34 | Improvement: 14.16 | Win Rate: 87.50% | Actor Loss: -1.5034 | Entropy: 0.8594 | Invalid S/B: 0.00/0.00 | Max Load: 7.2 | Load Gap: 1.2
Epoch [306/500] | Sampled: 252.22 | Baseline: 267.00 | Improvement: 14.78 | Win Rate: 90.62% | Actor Loss: -1.3483 | Entropy: 0.8712 | Invalid S/B: 0.00/0.00 | Max Load: 7.1 | Load Gap: 1.1
Epoch [307/500] | Sampled: 250.44 | Baseline: 266.50 | Improvement: 16.06 | Win Rate: 96.88% | Actor Loss: -0.7404 | Entropy: 0.8737 | Invalid S/B: 0.00/0.00 | Max Load: 7.1 | Load Gap: 1.1
Epoch [308/500] | Sampled: 250.81 | Baseline: 266.78 | Improvement: 15.97 | Win Rate: 93.75% | Actor Loss: -0.1255 | Entropy: 0.8028 | Invalid S/B: 0.00/0.00 | Max Load: 7.1 | Load Gap: 1.1
Epoch [309/500] | Sampled: 252.62 | Baseline: 266.56 | Improvement: 13.94 | Win Rate: 96.88% | Actor Loss: -2.4188 | Entropy: 0.7851 | Invalid S/B: 0.00/0.00 | Max Load: 7.1 | Load Gap: 1.1
Epoch [310/500] | Sampled: 250.50 | Baseline: 265.38 | Improvement: 14.88 | Win Rate: 90.62% | Actor Loss: -1.0580 | Entropy: 0.7835 | Invalid S/B: 0.00/0.00 | Max Load: 7.2 | Load Gap: 1.2
Epoch [311/500] | Sampled: 254.00 | Baseline: 266.44 | Improvement: 12.44 | Win Rate: 87.50% | Actor Loss: 0.3813 | Entropy: 0.7513 | Invalid S/B: 0.00/0.00 | Max Load: 7.1 | Load Gap: 1.1
Epoch [312/500] | Sampled: 251.72 | Baseline: 265.97 | Improvement: 14.25 | Win Rate: 96.88% | Actor Loss: -0.9290 | Entropy: 0.6772 | Invalid S/B: 0.00/0.00 | Max Load: 7.3 | Load Gap: 1.3
Epoch [313/500] | Sampled: 251.12 | Baseline: 266.19 | Improvement: 15.06 | Win Rate: 93.75% | Actor Loss: -0.1443 | Entropy: 0.5814 | Invalid S/B: 0.00/0.00 | Max Load: 7.2 | Load Gap: 1.3
Epoch [314/500] | Sampled: 250.31 | Baseline: 266.69 | Improvement: 16.38 | Win Rate: 96.88% | Actor Loss: 0.0092 | Entropy: 0.5866 | Invalid S/B: 0.00/0.00 | Max Load: 7.2 | Load Gap: 1.2
Epoch [315/500] | Sampled: 251.62 | Baseline: 266.94 | Improvement: 15.31 | Win Rate: 93.75% | Actor Loss: -0.4144 | Entropy: 0.6269 | Invalid S/B: 0.00/0.00 | Max Load: 7.2 | Load Gap: 1.2
Epoch [316/500] | Sampled: 255.53 | Baseline: 268.31 | Improvement: 12.78 | Win Rate: 93.75% | Actor Loss: -1.0222 | Entropy: 0.6288 | Invalid S/B: 0.03/0.00 | Max Load: 7.2 | Load Gap: 1.2
Epoch [317/500] | Sampled: 254.00 | Baseline: 267.12 | Improvement: 13.12 | Win Rate: 90.62% | Actor Loss: -0.1883 | Entropy: 0.6245 | Invalid S/B: 0.00/0.00 | Max Load: 7.2 | Load Gap: 1.2
Epoch [318/500] | Sampled: 256.81 | Baseline: 270.09 | Improvement: 13.28 | Win Rate: 90.62% | Actor Loss: 0.4326 | Entropy: 0.6763 | Invalid S/B: 0.00/0.00 | Max Load: 7.1 | Load Gap: 1.1
Epoch [319/500] | Sampled: 252.22 | Baseline: 267.31 | Improvement: 15.09 | Win Rate: 93.75% | Actor Loss: -0.4459 | Entropy: 0.6922 | Invalid S/B: 0.00/0.00 | Max Load: 7.1 | Load Gap: 1.1
Epoch [320/500] | Sampled: 252.44 | Baseline: 264.91 | Improvement: 12.47 | Win Rate: 90.62% | Actor Loss: -0.0949 | Entropy: 0.7454 | Invalid S/B: 0.00/0.00 | Max Load: 7.2 | Load Gap: 1.2
Epoch [321/500] | Sampled: 253.25 | Baseline: 264.84 | Improvement: 11.59 | Win Rate: 90.62% | Actor Loss: -0.5421 | Entropy: 0.7457 | Invalid S/B: 0.00/0.00 | Max Load: 7.2 | Load Gap: 1.2
Epoch [322/500] | Sampled: 254.41 | Baseline: 267.03 | Improvement: 12.62 | Win Rate: 87.50% | Actor Loss: -0.2986 | Entropy: 0.8554 | Invalid S/B: 0.00/0.00 | Max Load: 7.0 | Load Gap: 1.0
Epoch [323/500] | Sampled: 247.84 | Baseline: 262.56 | Improvement: 14.72 | Win Rate: 93.75% | Actor Loss: -0.0890 | Entropy: 0.8331 | Invalid S/B: 0.00/0.00 | Max Load: 7.1 | Load Gap: 1.1
Epoch [324/500] | Sampled: 248.50 | Baseline: 263.06 | Improvement: 14.56 | Win Rate: 93.75% | Actor Loss: -0.1106 | Entropy: 0.9046 | Invalid S/B: 0.00/0.00 | Max Load: 7.2 | Load Gap: 1.2
Epoch [325/500] | Sampled: 254.22 | Baseline: 264.50 | Improvement: 10.28 | Win Rate: 90.62% | Actor Loss: -1.1142 | Entropy: 1.0604 | Invalid S/B: 0.00/0.00 | Max Load: 7.1 | Load Gap: 1.1
Epoch [326/500] | Sampled: 250.94 | Baseline: 264.50 | Improvement: 13.56 | Win Rate: 87.50% | Actor Loss: -1.1711 | Entropy: 1.2069 | Invalid S/B: 0.00/0.00 | Max Load: 7.1 | Load Gap: 1.1
Epoch [327/500] | Sampled: 252.38 | Baseline: 265.56 | Improvement: 13.19 | Win Rate: 84.38% | Actor Loss: -0.0593 | Entropy: 1.3073 | Invalid S/B: 0.00/0.00 | Max Load: 7.2 | Load Gap: 1.2
Epoch [328/500] | Sampled: 251.97 | Baseline: 263.12 | Improvement: 11.16 | Win Rate: 81.25% | Actor Loss: -1.2921 | Entropy: 1.3287 | Invalid S/B: 0.00/0.00 | Max Load: 7.1 | Load Gap: 1.1
Epoch [329/500] | Sampled: 254.03 | Baseline: 266.28 | Improvement: 12.25 | Win Rate: 84.38% | Actor Loss: -1.1043 | Entropy: 1.3425 | Invalid S/B: 0.00/0.00 | Max Load: 7.1 | Load Gap: 1.1
Epoch [330/500] | Sampled: 255.44 | Baseline: 266.72 | Improvement: 11.28 | Win Rate: 84.38% | Actor Loss: -0.9225 | Entropy: 1.2834 | Invalid S/B: 0.00/0.00 | Max Load: 7.1 | Load Gap: 1.1
Epoch [331/500] | Sampled: 254.72 | Baseline: 267.56 | Improvement: 12.84 | Win Rate: 90.62% | Actor Loss: -0.5962 | Entropy: 1.2378 | Invalid S/B: 0.00/0.00 | Max Load: 7.1 | Load Gap: 1.1
Epoch [332/500] | Sampled: 252.78 | Baseline: 265.50 | Improvement: 12.72 | Win Rate: 84.38% | Actor Loss: -0.7493 | Entropy: 1.1146 | Invalid S/B: 0.00/0.00 | Max Load: 7.2 | Load Gap: 1.2
Epoch [333/500] | Sampled: 250.56 | Baseline: 263.59 | Improvement: 13.03 | Win Rate: 93.75% | Actor Loss: -0.7270 | Entropy: 1.0392 | Invalid S/B: 0.00/0.00 | Max Load: 7.2 | Load Gap: 1.3
Epoch [334/500] | Sampled: 249.41 | Baseline: 267.75 | Improvement: 18.34 | Win Rate: 93.75% | Actor Loss: -1.3456 | Entropy: 1.0354 | Invalid S/B: 0.00/0.00 | Max Load: 7.0 | Load Gap: 1.0
Epoch [335/500] | Sampled: 253.81 | Baseline: 266.88 | Improvement: 13.06 | Win Rate: 90.62% | Actor Loss: -1.2803 | Entropy: 0.9777 | Invalid S/B: 0.00/0.00 | Max Load: 7.1 | Load Gap: 1.1
Epoch [336/500] | Sampled: 250.16 | Baseline: 266.66 | Improvement: 16.50 | Win Rate: 96.88% | Actor Loss: -1.1248 | Entropy: 0.9578 | Invalid S/B: 0.00/0.00 | Max Load: 7.1 | Load Gap: 1.1
Epoch [337/500] | Sampled: 249.12 | Baseline: 263.53 | Improvement: 14.41 | Win Rate: 96.88% | Actor Loss: -1.7210 | Entropy: 0.9667 | Invalid S/B: 0.00/0.00 | Max Load: 7.2 | Load Gap: 1.2
Epoch [338/500] | Sampled: 249.94 | Baseline: 266.84 | Improvement: 16.91 | Win Rate: 93.75% | Actor Loss: -0.5108 | Entropy: 0.9595 | Invalid S/B: 0.00/0.00 | Max Load: 7.1 | Load Gap: 1.1
Epoch [339/500] | Sampled: 249.97 | Baseline: 267.56 | Improvement: 17.59 | Win Rate: 96.88% | Actor Loss: -2.0728 | Entropy: 1.0341 | Invalid S/B: 0.00/0.00 | Max Load: 7.2 | Load Gap: 1.2
Epoch [340/500] | Sampled: 246.81 | Baseline: 265.81 | Improvement: 19.00 | Win Rate: 93.75% | Actor Loss: -1.3904 | Entropy: 1.0352 | Invalid S/B: 0.00/0.00 | Max Load: 7.0 | Load Gap: 1.0
Epoch [341/500] | Sampled: 247.34 | Baseline: 266.12 | Improvement: 18.78 | Win Rate: 96.88% | Actor Loss: -1.5607 | Entropy: 1.0002 | Invalid S/B: 0.00/0.00 | Max Load: 7.0 | Load Gap: 1.0
Epoch [342/500] | Sampled: 247.88 | Baseline: 263.78 | Improvement: 15.91 | Win Rate: 96.88% | Actor Loss: -3.2940 | Entropy: 0.9562 | Invalid S/B: 0.00/0.00 | Max Load: 7.0 | Load Gap: 1.1
Epoch [343/500] | Sampled: 250.81 | Baseline: 264.84 | Improvement: 14.03 | Win Rate: 87.50% | Actor Loss: 0.1154 | Entropy: 0.9035 | Invalid S/B: 0.00/0.00 | Max Load: 7.1 | Load Gap: 1.1
Epoch [344/500] | Sampled: 246.62 | Baseline: 264.47 | Improvement: 17.84 | Win Rate: 96.88% | Actor Loss: -2.0409 | Entropy: 0.8458 | Invalid S/B: 0.00/0.00 | Max Load: 7.1 | Load Gap: 1.1
Epoch [345/500] | Sampled: 247.50 | Baseline: 265.78 | Improvement: 18.28 | Win Rate: 96.88% | Actor Loss: -1.1819 | Entropy: 0.8087 | Invalid S/B: 0.00/0.00 | Max Load: 7.0 | Load Gap: 1.0
Epoch [346/500] | Sampled: 249.12 | Baseline: 263.41 | Improvement: 14.28 | Win Rate: 90.62% | Actor Loss: -1.6943 | Entropy: 0.7279 | Invalid S/B: 0.03/0.00 | Max Load: 7.1 | Load Gap: 1.2
Epoch [347/500] | Sampled: 249.25 | Baseline: 265.25 | Improvement: 16.00 | Win Rate: 90.62% | Actor Loss: -0.0325 | Entropy: 0.7077 | Invalid S/B: 0.00/0.00 | Max Load: 7.0 | Load Gap: 1.0
Epoch [348/500] | Sampled: 246.53 | Baseline: 265.84 | Improvement: 19.31 | Win Rate: 100.00% | Actor Loss: 0.4861 | Entropy: 0.6546 | Invalid S/B: 0.00/0.00 | Max Load: 7.2 | Load Gap: 1.2
Epoch [349/500] | Sampled: 246.94 | Baseline: 263.19 | Improvement: 16.25 | Win Rate: 96.88% | Actor Loss: -0.7772 | Entropy: 0.6419 | Invalid S/B: 0.00/0.00 | Max Load: 7.1 | Load Gap: 1.1
Epoch [350/500] | Sampled: 245.66 | Baseline: 261.12 | Improvement: 15.47 | Win Rate: 90.62% | Actor Loss: -0.4958 | Entropy: 0.5983 | Invalid S/B: 0.00/0.00 | Max Load: 7.1 | Load Gap: 1.1
   -> Validation | Samples: 50 | Makespan: 248.40 | Invalid Jobs: 0.00
Epoch [351/500] | Sampled: 246.44 | Baseline: 266.28 | Improvement: 19.84 | Win Rate: 96.88% | Actor Loss: 0.2979 | Entropy: 0.6115 | Invalid S/B: 0.00/0.00 | Max Load: 7.2 | Load Gap: 1.2
Epoch [352/500] | Sampled: 251.09 | Baseline: 266.97 | Improvement: 15.88 | Win Rate: 100.00% | Actor Loss: 0.5129 | Entropy: 0.6332 | Invalid S/B: 0.00/0.00 | Max Load: 7.0 | Load Gap: 1.0
Epoch [353/500] | Sampled: 249.78 | Baseline: 264.53 | Improvement: 14.75 | Win Rate: 78.12% | Actor Loss: -0.7633 | Entropy: 0.6710 | Invalid S/B: 0.00/0.00 | Max Load: 7.1 | Load Gap: 1.1
Epoch [354/500] | Sampled: 247.31 | Baseline: 266.81 | Improvement: 19.50 | Win Rate: 96.88% | Actor Loss: -1.2595 | Entropy: 0.6499 | Invalid S/B: 0.00/0.00 | Max Load: 7.1 | Load Gap: 1.1
Epoch [355/500] | Sampled: 255.72 | Baseline: 269.16 | Improvement: 13.44 | Win Rate: 90.62% | Actor Loss: -0.6064 | Entropy: 0.6545 | Invalid S/B: 0.00/0.00 | Max Load: 7.1 | Load Gap: 1.1
Epoch [356/500] | Sampled: 250.75 | Baseline: 263.31 | Improvement: 12.56 | Win Rate: 87.50% | Actor Loss: -0.4497 | Entropy: 0.6253 | Invalid S/B: 0.00/0.00 | Max Load: 7.0 | Load Gap: 1.0
Epoch [357/500] | Sampled: 248.81 | Baseline: 262.06 | Improvement: 13.25 | Win Rate: 81.25% | Actor Loss: -1.6945 | Entropy: 0.6337 | Invalid S/B: 0.00/0.00 | Max Load: 7.0 | Load Gap: 1.0
Epoch [358/500] | Sampled: 248.91 | Baseline: 264.75 | Improvement: 15.84 | Win Rate: 84.38% | Actor Loss: -0.3853 | Entropy: 0.6452 | Invalid S/B: 0.00/0.00 | Max Load: 7.0 | Load Gap: 1.0
Epoch [359/500] | Sampled: 252.56 | Baseline: 268.34 | Improvement: 15.78 | Win Rate: 90.62% | Actor Loss: 0.8719 | Entropy: 0.6857 | Invalid S/B: 0.00/0.00 | Max Load: 7.0 | Load Gap: 1.0
Epoch [360/500] | Sampled: 250.16 | Baseline: 268.91 | Improvement: 18.75 | Win Rate: 93.75% | Actor Loss: 0.9029 | Entropy: 0.7144 | Invalid S/B: 0.00/0.00 | Max Load: 7.0 | Load Gap: 1.0
Epoch [361/500] | Sampled: 249.34 | Baseline: 267.59 | Improvement: 18.25 | Win Rate: 100.00% | Actor Loss: -0.6887 | Entropy: 0.6851 | Invalid S/B: 0.00/0.00 | Max Load: 7.1 | Load Gap: 1.1
Epoch [362/500] | Sampled: 250.78 | Baseline: 265.16 | Improvement: 14.38 | Win Rate: 93.75% | Actor Loss: -0.4058 | Entropy: 0.6721 | Invalid S/B: 0.00/0.00 | Max Load: 7.1 | Load Gap: 1.1
Epoch [363/500] | Sampled: 248.47 | Baseline: 265.66 | Improvement: 17.19 | Win Rate: 93.75% | Actor Loss: -0.4475 | Entropy: 0.6433 | Invalid S/B: 0.00/0.00 | Max Load: 7.1 | Load Gap: 1.1
Epoch [364/500] | Sampled: 249.72 | Baseline: 266.44 | Improvement: 16.72 | Win Rate: 93.75% | Actor Loss: 0.7551 | Entropy: 0.6526 | Invalid S/B: 0.00/0.00 | Max Load: 7.1 | Load Gap: 1.1
Epoch [365/500] | Sampled: 247.47 | Baseline: 265.91 | Improvement: 18.44 | Win Rate: 96.88% | Actor Loss: 0.5310 | Entropy: 0.6709 | Invalid S/B: 0.00/0.00 | Max Load: 7.1 | Load Gap: 1.1
Epoch [366/500] | Sampled: 248.41 | Baseline: 263.62 | Improvement: 15.22 | Win Rate: 96.88% | Actor Loss: -1.7969 | Entropy: 0.6787 | Invalid S/B: 0.00/0.00 | Max Load: 7.0 | Load Gap: 1.0
Epoch [367/500] | Sampled: 249.16 | Baseline: 267.75 | Improvement: 18.59 | Win Rate: 100.00% | Actor Loss: -0.0507 | Entropy: 0.6950 | Invalid S/B: 0.00/0.00 | Max Load: 7.1 | Load Gap: 1.1
Epoch [368/500] | Sampled: 248.62 | Baseline: 267.34 | Improvement: 18.72 | Win Rate: 96.88% | Actor Loss: -0.2751 | Entropy: 0.6649 | Invalid S/B: 0.00/0.00 | Max Load: 7.1 | Load Gap: 1.1
Epoch [369/500] | Sampled: 244.75 | Baseline: 264.16 | Improvement: 19.41 | Win Rate: 93.75% | Actor Loss: -1.1694 | Entropy: 0.6457 | Invalid S/B: 0.00/0.00 | Max Load: 7.1 | Load Gap: 1.1
Epoch [370/500] | Sampled: 244.66 | Baseline: 261.75 | Improvement: 17.09 | Win Rate: 100.00% | Actor Loss: -0.0883 | Entropy: 0.6447 | Invalid S/B: 0.00/0.00 | Max Load: 7.2 | Load Gap: 1.2
Epoch [371/500] | Sampled: 245.19 | Baseline: 262.16 | Improvement: 16.97 | Win Rate: 96.88% | Actor Loss: -1.4299 | Entropy: 0.5928 | Invalid S/B: 0.00/0.00 | Max Load: 7.1 | Load Gap: 1.1
Epoch [372/500] | Sampled: 248.94 | Baseline: 266.22 | Improvement: 17.28 | Win Rate: 96.88% | Actor Loss: -0.8097 | Entropy: 0.5881 | Invalid S/B: 0.00/0.00 | Max Load: 7.0 | Load Gap: 1.0
Epoch [373/500] | Sampled: 247.28 | Baseline: 264.94 | Improvement: 17.66 | Win Rate: 93.75% | Actor Loss: 0.7336 | Entropy: 0.5735 | Invalid S/B: 0.00/0.00 | Max Load: 7.0 | Load Gap: 1.0
Epoch [374/500] | Sampled: 247.28 | Baseline: 265.00 | Improvement: 17.72 | Win Rate: 93.75% | Actor Loss: 0.6752 | Entropy: 0.5294 | Invalid S/B: 0.00/0.00 | Max Load: 7.1 | Load Gap: 1.1
Epoch [375/500] | Sampled: 250.12 | Baseline: 266.19 | Improvement: 16.06 | Win Rate: 100.00% | Actor Loss: 0.3897 | Entropy: 0.5337 | Invalid S/B: 0.00/0.00 | Max Load: 7.0 | Load Gap: 1.0
Epoch [376/500] | Sampled: 247.94 | Baseline: 268.47 | Improvement: 20.53 | Win Rate: 96.88% | Actor Loss: -0.3901 | Entropy: 0.5944 | Invalid S/B: 0.00/0.00 | Max Load: 7.1 | Load Gap: 1.1
Epoch [377/500] | Sampled: 250.06 | Baseline: 266.84 | Improvement: 16.78 | Win Rate: 84.38% | Actor Loss: -0.4767 | Entropy: 0.5972 | Invalid S/B: 0.00/0.00 | Max Load: 7.1 | Load Gap: 1.1
Epoch [378/500] | Sampled: 246.41 | Baseline: 265.25 | Improvement: 18.84 | Win Rate: 93.75% | Actor Loss: -1.1598 | Entropy: 0.6420 | Invalid S/B: 0.00/0.00 | Max Load: 7.1 | Load Gap: 1.1
Epoch [379/500] | Sampled: 251.47 | Baseline: 267.28 | Improvement: 15.81 | Win Rate: 84.38% | Actor Loss: -0.3023 | Entropy: 0.6290 | Invalid S/B: 0.00/0.00 | Max Load: 7.1 | Load Gap: 1.1
Epoch [380/500] | Sampled: 251.59 | Baseline: 267.44 | Improvement: 15.84 | Win Rate: 100.00% | Actor Loss: 0.2985 | Entropy: 0.6523 | Invalid S/B: 0.00/0.00 | Max Load: 7.1 | Load Gap: 1.1
Epoch [381/500] | Sampled: 250.09 | Baseline: 266.09 | Improvement: 16.00 | Win Rate: 93.75% | Actor Loss: 0.5307 | Entropy: 0.6938 | Invalid S/B: 0.00/0.00 | Max Load: 7.1 | Load Gap: 1.1
Epoch [382/500] | Sampled: 250.62 | Baseline: 266.59 | Improvement: 15.97 | Win Rate: 87.50% | Actor Loss: -0.2044 | Entropy: 0.7185 | Invalid S/B: 0.00/0.00 | Max Load: 7.0 | Load Gap: 1.0
Epoch [383/500] | Sampled: 249.59 | Baseline: 266.91 | Improvement: 17.31 | Win Rate: 90.62% | Actor Loss: -1.1000 | Entropy: 0.7456 | Invalid S/B: 0.00/0.00 | Max Load: 7.0 | Load Gap: 1.0
Epoch [384/500] | Sampled: 250.16 | Baseline: 263.16 | Improvement: 13.00 | Win Rate: 84.38% | Actor Loss: 0.1333 | Entropy: 0.7789 | Invalid S/B: 0.00/0.00 | Max Load: 7.1 | Load Gap: 1.1
Epoch [385/500] | Sampled: 252.91 | Baseline: 263.06 | Improvement: 10.16 | Win Rate: 84.38% | Actor Loss: -1.3017 | Entropy: 0.7959 | Invalid S/B: 0.00/0.00 | Max Load: 7.1 | Load Gap: 1.1
Epoch [386/500] | Sampled: 253.62 | Baseline: 268.00 | Improvement: 14.38 | Win Rate: 90.62% | Actor Loss: 0.6218 | Entropy: 0.8390 | Invalid S/B: 0.00/0.00 | Max Load: 7.1 | Load Gap: 1.1
Epoch [387/500] | Sampled: 248.28 | Baseline: 267.78 | Improvement: 19.50 | Win Rate: 100.00% | Actor Loss: 0.7949 | Entropy: 0.8731 | Invalid S/B: 0.00/0.00 | Max Load: 7.0 | Load Gap: 1.0
Epoch [388/500] | Sampled: 249.56 | Baseline: 268.06 | Improvement: 18.50 | Win Rate: 90.62% | Actor Loss: -0.2694 | Entropy: 0.9385 | Invalid S/B: 0.00/0.00 | Max Load: 7.1 | Load Gap: 1.1
Epoch [389/500] | Sampled: 250.69 | Baseline: 265.41 | Improvement: 14.72 | Win Rate: 93.75% | Actor Loss: -0.9170 | Entropy: 1.0001 | Invalid S/B: 0.00/0.00 | Max Load: 7.1 | Load Gap: 1.1
Epoch [390/500] | Sampled: 250.72 | Baseline: 264.56 | Improvement: 13.84 | Win Rate: 84.38% | Actor Loss: 0.5232 | Entropy: 1.0533 | Invalid S/B: 0.00/0.00 | Max Load: 7.2 | Load Gap: 1.2
Epoch [391/500] | Sampled: 250.25 | Baseline: 269.72 | Improvement: 19.47 | Win Rate: 96.88% | Actor Loss: -0.5496 | Entropy: 1.0959 | Invalid S/B: 0.00/0.00 | Max Load: 7.0 | Load Gap: 1.0
Epoch [392/500] | Sampled: 251.75 | Baseline: 264.88 | Improvement: 13.12 | Win Rate: 87.50% | Actor Loss: -0.6121 | Entropy: 1.1317 | Invalid S/B: 0.00/0.00 | Max Load: 7.1 | Load Gap: 1.1
Epoch [393/500] | Sampled: 251.44 | Baseline: 265.25 | Improvement: 13.81 | Win Rate: 84.38% | Actor Loss: -0.7319 | Entropy: 1.2334 | Invalid S/B: 0.00/0.00 | Max Load: 7.0 | Load Gap: 1.0
Epoch [394/500] | Sampled: 250.41 | Baseline: 264.94 | Improvement: 14.53 | Win Rate: 87.50% | Actor Loss: -1.8673 | Entropy: 1.2806 | Invalid S/B: 0.00/0.00 | Max Load: 7.1 | Load Gap: 1.1
Epoch [395/500] | Sampled: 249.25 | Baseline: 266.75 | Improvement: 17.50 | Win Rate: 96.88% | Actor Loss: -2.1211 | Entropy: 1.2691 | Invalid S/B: 0.00/0.00 | Max Load: 7.0 | Load Gap: 1.0
Epoch [396/500] | Sampled: 252.09 | Baseline: 268.34 | Improvement: 16.25 | Win Rate: 87.50% | Actor Loss: -2.1124 | Entropy: 1.2401 | Invalid S/B: 0.00/0.00 | Max Load: 7.0 | Load Gap: 1.0
Epoch [397/500] | Sampled: 247.72 | Baseline: 262.94 | Improvement: 15.22 | Win Rate: 93.75% | Actor Loss: -0.9486 | Entropy: 1.1994 | Invalid S/B: 0.00/0.00 | Max Load: 7.0 | Load Gap: 1.0
Epoch [398/500] | Sampled: 251.12 | Baseline: 265.47 | Improvement: 14.34 | Win Rate: 96.88% | Actor Loss: -1.9997 | Entropy: 1.1407 | Invalid S/B: 0.00/0.00 | Max Load: 7.0 | Load Gap: 1.0
Epoch [399/500] | Sampled: 248.22 | Baseline: 264.91 | Improvement: 16.69 | Win Rate: 90.62% | Actor Loss: -1.2907 | Entropy: 1.0381 | Invalid S/B: 0.00/0.00 | Max Load: 7.1 | Load Gap: 1.1
Epoch [400/500] | Sampled: 245.12 | Baseline: 264.81 | Improvement: 19.69 | Win Rate: 96.88% | Actor Loss: -3.0788 | Entropy: 0.9141 | Invalid S/B: 0.00/0.00 | Max Load: 7.0 | Load Gap: 1.0
   -> Validation | Samples: 50 | Makespan: 244.74 | Invalid Jobs: 0.00
   -> Saved new best model (Val Makespan: 244.74)
   -> Saved updated training chart to /home/wei/AMR-DFJSP/Static_alogorithm/Attention/attention_training_metrics.png
Epoch [401/500] | Sampled: 246.19 | Baseline: 267.22 | Improvement: 21.03 | Win Rate: 100.00% | Actor Loss: -0.2375 | Entropy: 0.7877 | Invalid S/B: 0.00/0.00 | Max Load: 7.1 | Load Gap: 1.1
Epoch [402/500] | Sampled: 250.19 | Baseline: 264.91 | Improvement: 14.72 | Win Rate: 100.00% | Actor Loss: -0.5255 | Entropy: 0.7593 | Invalid S/B: 0.00/0.00 | Max Load: 7.1 | Load Gap: 1.1
Epoch [403/500] | Sampled: 248.16 | Baseline: 267.00 | Improvement: 18.84 | Win Rate: 96.88% | Actor Loss: -1.4655 | Entropy: 0.7096 | Invalid S/B: 0.00/0.00 | Max Load: 7.1 | Load Gap: 1.1
Epoch [404/500] | Sampled: 245.03 | Baseline: 265.28 | Improvement: 20.25 | Win Rate: 96.88% | Actor Loss: -1.3621 | Entropy: 0.6382 | Invalid S/B: 0.00/0.00 | Max Load: 7.1 | Load Gap: 1.1
Epoch [405/500] | Sampled: 248.12 | Baseline: 267.12 | Improvement: 19.00 | Win Rate: 96.88% | Actor Loss: 0.3918 | Entropy: 0.6126 | Invalid S/B: 0.00/0.00 | Max Load: 7.2 | Load Gap: 1.2
Epoch [406/500] | Sampled: 245.91 | Baseline: 268.69 | Improvement: 22.78 | Win Rate: 100.00% | Actor Loss: -1.3699 | Entropy: 0.6147 | Invalid S/B: 0.00/0.00 | Max Load: 7.1 | Load Gap: 1.1
Epoch [407/500] | Sampled: 246.97 | Baseline: 264.22 | Improvement: 17.25 | Win Rate: 90.62% | Actor Loss: 0.3278 | Entropy: 0.5849 | Invalid S/B: 0.00/0.00 | Max Load: 7.2 | Load Gap: 1.2
Epoch [408/500] | Sampled: 247.22 | Baseline: 266.59 | Improvement: 19.38 | Win Rate: 96.88% | Actor Loss: -2.4168 | Entropy: 0.5593 | Invalid S/B: 0.00/0.00 | Max Load: 7.1 | Load Gap: 1.2
Epoch [409/500] | Sampled: 248.25 | Baseline: 266.72 | Improvement: 18.47 | Win Rate: 100.00% | Actor Loss: -0.2402 | Entropy: 0.5391 | Invalid S/B: 0.00/0.00 | Max Load: 7.1 | Load Gap: 1.1
Epoch [410/500] | Sampled: 243.59 | Baseline: 264.12 | Improvement: 20.53 | Win Rate: 93.75% | Actor Loss: -1.7050 | Entropy: 0.4694 | Invalid S/B: 0.00/0.00 | Max Load: 7.1 | Load Gap: 1.1
Epoch [411/500] | Sampled: 246.59 | Baseline: 267.84 | Improvement: 21.25 | Win Rate: 100.00% | Actor Loss: 0.1941 | Entropy: 0.4711 | Invalid S/B: 0.00/0.00 | Max Load: 7.1 | Load Gap: 1.1
Epoch [412/500] | Sampled: 248.47 | Baseline: 266.81 | Improvement: 18.34 | Win Rate: 100.00% | Actor Loss: -0.3969 | Entropy: 0.4665 | Invalid S/B: 0.00/0.00 | Max Load: 7.2 | Load Gap: 1.2
Epoch [413/500] | Sampled: 245.19 | Baseline: 263.56 | Improvement: 18.38 | Win Rate: 90.62% | Actor Loss: -0.1468 | Entropy: 0.4013 | Invalid S/B: 0.00/0.00 | Max Load: 7.2 | Load Gap: 1.3
Epoch [414/500] | Sampled: 248.38 | Baseline: 267.31 | Improvement: 18.94 | Win Rate: 100.00% | Actor Loss: -0.8149 | Entropy: 0.4162 | Invalid S/B: 0.00/0.00 | Max Load: 7.1 | Load Gap: 1.1
Epoch [415/500] | Sampled: 245.66 | Baseline: 267.25 | Improvement: 21.59 | Win Rate: 100.00% | Actor Loss: -0.3551 | Entropy: 0.3785 | Invalid S/B: 0.00/0.00 | Max Load: 7.1 | Load Gap: 1.1
Epoch [416/500] | Sampled: 250.53 | Baseline: 268.72 | Improvement: 18.19 | Win Rate: 96.88% | Actor Loss: 0.0517 | Entropy: 0.3909 | Invalid S/B: 0.00/0.00 | Max Load: 7.1 | Load Gap: 1.1
Epoch [417/500] | Sampled: 247.62 | Baseline: 263.31 | Improvement: 15.69 | Win Rate: 96.88% | Actor Loss: -0.3349 | Entropy: 0.3643 | Invalid S/B: 0.00/0.00 | Max Load: 7.1 | Load Gap: 1.2
Epoch [418/500] | Sampled: 248.38 | Baseline: 261.38 | Improvement: 13.00 | Win Rate: 96.88% | Actor Loss: 0.1938 | Entropy: 0.3530 | Invalid S/B: 0.00/0.00 | Max Load: 7.1 | Load Gap: 1.1
Epoch [419/500] | Sampled: 249.09 | Baseline: 266.09 | Improvement: 17.00 | Win Rate: 93.75% | Actor Loss: -0.1836 | Entropy: 0.4008 | Invalid S/B: 0.00/0.00 | Max Load: 7.1 | Load Gap: 1.1
Epoch [420/500] | Sampled: 245.38 | Baseline: 266.81 | Improvement: 21.44 | Win Rate: 100.00% | Actor Loss: -0.0401 | Entropy: 0.3678 | Invalid S/B: 0.00/0.00 | Max Load: 7.0 | Load Gap: 1.1
Epoch [421/500] | Sampled: 248.34 | Baseline: 266.34 | Improvement: 18.00 | Win Rate: 100.00% | Actor Loss: 0.0808 | Entropy: 0.4008 | Invalid S/B: 0.00/0.00 | Max Load: 7.1 | Load Gap: 1.1
Epoch [422/500] | Sampled: 248.41 | Baseline: 267.12 | Improvement: 18.72 | Win Rate: 93.75% | Actor Loss: -0.9360 | Entropy: 0.4199 | Invalid S/B: 0.00/0.00 | Max Load: 7.0 | Load Gap: 1.1
Epoch [423/500] | Sampled: 246.41 | Baseline: 266.75 | Improvement: 20.34 | Win Rate: 96.88% | Actor Loss: -0.4539 | Entropy: 0.4155 | Invalid S/B: 0.00/0.00 | Max Load: 7.2 | Load Gap: 1.2
Epoch [424/500] | Sampled: 249.03 | Baseline: 266.22 | Improvement: 17.19 | Win Rate: 96.88% | Actor Loss: -1.5230 | Entropy: 0.4334 | Invalid S/B: 0.00/0.00 | Max Load: 7.0 | Load Gap: 1.0
Epoch [425/500] | Sampled: 249.75 | Baseline: 266.31 | Improvement: 16.56 | Win Rate: 90.62% | Actor Loss: -1.2888 | Entropy: 0.4627 | Invalid S/B: 0.00/0.00 | Max Load: 7.1 | Load Gap: 1.1
Epoch [426/500] | Sampled: 252.88 | Baseline: 268.47 | Improvement: 15.59 | Win Rate: 93.75% | Actor Loss: 0.1413 | Entropy: 0.4241 | Invalid S/B: 0.00/0.00 | Max Load: 7.1 | Load Gap: 1.1
Epoch [427/500] | Sampled: 246.94 | Baseline: 264.62 | Improvement: 17.69 | Win Rate: 90.62% | Actor Loss: 0.3233 | Entropy: 0.3952 | Invalid S/B: 0.00/0.00 | Max Load: 7.1 | Load Gap: 1.1
Epoch [428/500] | Sampled: 246.31 | Baseline: 266.94 | Improvement: 20.62 | Win Rate: 100.00% | Actor Loss: -0.6914 | Entropy: 0.4197 | Invalid S/B: 0.00/0.00 | Max Load: 7.1 | Load Gap: 1.1
Epoch [429/500] | Sampled: 249.72 | Baseline: 266.31 | Improvement: 16.59 | Win Rate: 93.75% | Actor Loss: 0.0363 | Entropy: 0.4284 | Invalid S/B: 0.00/0.00 | Max Load: 7.1 | Load Gap: 1.1
Epoch [430/500] | Sampled: 250.25 | Baseline: 267.75 | Improvement: 17.50 | Win Rate: 96.88% | Actor Loss: -0.1475 | Entropy: 0.4538 | Invalid S/B: 0.00/0.00 | Max Load: 7.1 | Load Gap: 1.1
Epoch [431/500] | Sampled: 249.62 | Baseline: 265.28 | Improvement: 15.66 | Win Rate: 90.62% | Actor Loss: -0.6353 | Entropy: 0.4391 | Invalid S/B: 0.00/0.00 | Max Load: 7.1 | Load Gap: 1.1
Epoch [432/500] | Sampled: 248.53 | Baseline: 265.09 | Improvement: 16.56 | Win Rate: 93.75% | Actor Loss: 0.1299 | Entropy: 0.4275 | Invalid S/B: 0.00/0.00 | Max Load: 7.1 | Load Gap: 1.1
Epoch [433/500] | Sampled: 250.69 | Baseline: 266.62 | Improvement: 15.94 | Win Rate: 93.75% | Actor Loss: -0.1211 | Entropy: 0.4141 | Invalid S/B: 0.00/0.00 | Max Load: 7.1 | Load Gap: 1.1
Epoch [434/500] | Sampled: 250.47 | Baseline: 266.16 | Improvement: 15.69 | Win Rate: 100.00% | Actor Loss: -0.0081 | Entropy: 0.4245 | Invalid S/B: 0.00/0.00 | Max Load: 7.1 | Load Gap: 1.1
Epoch [435/500] | Sampled: 252.25 | Baseline: 265.47 | Improvement: 13.22 | Win Rate: 84.38% | Actor Loss: -0.5100 | Entropy: 0.3951 | Invalid S/B: 0.00/0.00 | Max Load: 7.1 | Load Gap: 1.1
Epoch [436/500] | Sampled: 249.31 | Baseline: 268.16 | Improvement: 18.84 | Win Rate: 96.88% | Actor Loss: -0.1421 | Entropy: 0.3870 | Invalid S/B: 0.00/0.00 | Max Load: 7.0 | Load Gap: 1.0
Epoch [437/500] | Sampled: 248.12 | Baseline: 263.31 | Improvement: 15.19 | Win Rate: 93.75% | Actor Loss: 0.3608 | Entropy: 0.3921 | Invalid S/B: 0.00/0.00 | Max Load: 7.1 | Load Gap: 1.1
Epoch [438/500] | Sampled: 250.94 | Baseline: 268.59 | Improvement: 17.66 | Win Rate: 96.88% | Actor Loss: 0.1298 | Entropy: 0.4254 | Invalid S/B: 0.00/0.00 | Max Load: 7.1 | Load Gap: 1.1
Epoch [439/500] | Sampled: 249.47 | Baseline: 265.25 | Improvement: 15.78 | Win Rate: 90.62% | Actor Loss: 0.2830 | Entropy: 0.3923 | Invalid S/B: 0.00/0.00 | Max Load: 7.2 | Load Gap: 1.2
Epoch [440/500] | Sampled: 251.00 | Baseline: 264.16 | Improvement: 13.16 | Win Rate: 90.62% | Actor Loss: 0.4158 | Entropy: 0.4131 | Invalid S/B: 0.00/0.00 | Max Load: 7.1 | Load Gap: 1.2
Epoch [441/500] | Sampled: 251.06 | Baseline: 264.69 | Improvement: 13.62 | Win Rate: 96.88% | Actor Loss: 0.9692 | Entropy: 0.3762 | Invalid S/B: 0.00/0.00 | Max Load: 7.0 | Load Gap: 1.1
Epoch [442/500] | Sampled: 249.44 | Baseline: 265.38 | Improvement: 15.94 | Win Rate: 90.62% | Actor Loss: -0.1986 | Entropy: 0.3934 | Invalid S/B: 0.00/0.00 | Max Load: 7.2 | Load Gap: 1.2
Epoch [443/500] | Sampled: 250.31 | Baseline: 264.00 | Improvement: 13.69 | Win Rate: 78.12% | Actor Loss: -0.2267 | Entropy: 0.4028 | Invalid S/B: 0.00/0.00 | Max Load: 7.1 | Load Gap: 1.1
Epoch [444/500] | Sampled: 250.59 | Baseline: 264.97 | Improvement: 14.38 | Win Rate: 84.38% | Actor Loss: -0.1266 | Entropy: 0.3957 | Invalid S/B: 0.00/0.00 | Max Load: 7.1 | Load Gap: 1.1
Epoch [445/500] | Sampled: 249.41 | Baseline: 267.53 | Improvement: 18.12 | Win Rate: 96.88% | Actor Loss: -0.9287 | Entropy: 0.4078 | Invalid S/B: 0.00/0.00 | Max Load: 7.1 | Load Gap: 1.1
Epoch [446/500] | Sampled: 248.97 | Baseline: 265.72 | Improvement: 16.75 | Win Rate: 90.62% | Actor Loss: -0.3058 | Entropy: 0.3899 | Invalid S/B: 0.00/0.00 | Max Load: 7.1 | Load Gap: 1.1
Epoch [447/500] | Sampled: 250.50 | Baseline: 266.06 | Improvement: 15.56 | Win Rate: 96.88% | Actor Loss: 0.0919 | Entropy: 0.4058 | Invalid S/B: 0.00/0.00 | Max Load: 7.0 | Load Gap: 1.0
Epoch [448/500] | Sampled: 251.12 | Baseline: 263.50 | Improvement: 12.38 | Win Rate: 84.38% | Actor Loss: 0.2244 | Entropy: 0.3795 | Invalid S/B: 0.00/0.00 | Max Load: 7.0 | Load Gap: 1.0
Epoch [449/500] | Sampled: 249.41 | Baseline: 267.91 | Improvement: 18.50 | Win Rate: 87.50% | Actor Loss: -0.2156 | Entropy: 0.4185 | Invalid S/B: 0.00/0.00 | Max Load: 7.0 | Load Gap: 1.1
Epoch [450/500] | Sampled: 249.84 | Baseline: 266.47 | Improvement: 16.62 | Win Rate: 93.75% | Actor Loss: 0.1576 | Entropy: 0.4056 | Invalid S/B: 0.00/0.00 | Max Load: 7.1 | Load Gap: 1.1
   -> Validation | Samples: 50 | Makespan: 248.82 | Invalid Jobs: 0.00
Epoch [451/500] | Sampled: 251.34 | Baseline: 265.56 | Improvement: 14.22 | Win Rate: 90.62% | Actor Loss: -0.3065 | Entropy: 0.4051 | Invalid S/B: 0.00/0.00 | Max Load: 7.1 | Load Gap: 1.1
Epoch [452/500] | Sampled: 252.88 | Baseline: 270.38 | Improvement: 17.50 | Win Rate: 96.88% | Actor Loss: -0.2625 | Entropy: 0.4066 | Invalid S/B: 0.00/0.00 | Max Load: 7.1 | Load Gap: 1.2
Epoch [453/500] | Sampled: 250.94 | Baseline: 266.88 | Improvement: 15.94 | Win Rate: 96.88% | Actor Loss: -0.3687 | Entropy: 0.3694 | Invalid S/B: 0.00/0.00 | Max Load: 7.2 | Load Gap: 1.2
Epoch [454/500] | Sampled: 252.56 | Baseline: 264.81 | Improvement: 12.25 | Win Rate: 84.38% | Actor Loss: -0.2326 | Entropy: 0.3797 | Invalid S/B: 0.00/0.00 | Max Load: 7.2 | Load Gap: 1.2
Epoch [455/500] | Sampled: 249.50 | Baseline: 264.66 | Improvement: 15.16 | Win Rate: 93.75% | Actor Loss: -0.0387 | Entropy: 0.3462 | Invalid S/B: 0.00/0.00 | Max Load: 7.1 | Load Gap: 1.1
Epoch [456/500] | Sampled: 248.66 | Baseline: 264.00 | Improvement: 15.34 | Win Rate: 93.75% | Actor Loss: -0.8727 | Entropy: 0.3593 | Invalid S/B: 0.00/0.00 | Max Load: 7.1 | Load Gap: 1.2
Epoch [457/500] | Sampled: 252.44 | Baseline: 264.34 | Improvement: 11.91 | Win Rate: 87.50% | Actor Loss: -0.4518 | Entropy: 0.3393 | Invalid S/B: 0.03/0.00 | Max Load: 7.1 | Load Gap: 1.1
Epoch [458/500] | Sampled: 249.91 | Baseline: 266.16 | Improvement: 16.25 | Win Rate: 90.62% | Actor Loss: -0.2729 | Entropy: 0.3026 | Invalid S/B: 0.00/0.00 | Max Load: 7.0 | Load Gap: 1.0
Epoch [459/500] | Sampled: 250.06 | Baseline: 265.81 | Improvement: 15.75 | Win Rate: 90.62% | Actor Loss: -0.3871 | Entropy: 0.3146 | Invalid S/B: 0.00/0.00 | Max Load: 7.1 | Load Gap: 1.1
Epoch [460/500] | Sampled: 250.28 | Baseline: 267.97 | Improvement: 17.69 | Win Rate: 100.00% | Actor Loss: 0.0652 | Entropy: 0.2775 | Invalid S/B: 0.00/0.00 | Max Load: 7.0 | Load Gap: 1.0
Epoch [461/500] | Sampled: 249.34 | Baseline: 264.97 | Improvement: 15.62 | Win Rate: 90.62% | Actor Loss: -0.5201 | Entropy: 0.2711 | Invalid S/B: 0.00/0.00 | Max Load: 7.0 | Load Gap: 1.0
Epoch [462/500] | Sampled: 248.91 | Baseline: 264.12 | Improvement: 15.22 | Win Rate: 90.62% | Actor Loss: 0.1727 | Entropy: 0.2479 | Invalid S/B: 0.00/0.00 | Max Load: 7.0 | Load Gap: 1.0
Epoch [463/500] | Sampled: 248.78 | Baseline: 262.91 | Improvement: 14.12 | Win Rate: 93.75% | Actor Loss: -0.3956 | Entropy: 0.2717 | Invalid S/B: 0.00/0.00 | Max Load: 7.1 | Load Gap: 1.1
Epoch [464/500] | Sampled: 248.47 | Baseline: 265.97 | Improvement: 17.50 | Win Rate: 90.62% | Actor Loss: -0.0150 | Entropy: 0.2306 | Invalid S/B: 0.00/0.00 | Max Load: 7.1 | Load Gap: 1.1
Epoch [465/500] | Sampled: 249.12 | Baseline: 266.44 | Improvement: 17.31 | Win Rate: 93.75% | Actor Loss: 0.0438 | Entropy: 0.2184 | Invalid S/B: 0.00/0.00 | Max Load: 7.2 | Load Gap: 1.2
Epoch [466/500] | Sampled: 251.62 | Baseline: 267.59 | Improvement: 15.97 | Win Rate: 90.62% | Actor Loss: -0.2396 | Entropy: 0.2088 | Invalid S/B: 0.00/0.00 | Max Load: 7.1 | Load Gap: 1.1
Epoch [467/500] | Sampled: 251.44 | Baseline: 267.06 | Improvement: 15.62 | Win Rate: 90.62% | Actor Loss: -0.2789 | Entropy: 0.2156 | Invalid S/B: 0.00/0.00 | Max Load: 7.1 | Load Gap: 1.1
Epoch [468/500] | Sampled: 248.75 | Baseline: 262.38 | Improvement: 13.62 | Win Rate: 78.12% | Actor Loss: 0.0428 | Entropy: 0.2061 | Invalid S/B: 0.00/0.00 | Max Load: 7.1 | Load Gap: 1.1
Epoch [469/500] | Sampled: 252.19 | Baseline: 266.59 | Improvement: 14.41 | Win Rate: 87.50% | Actor Loss: -0.1762 | Entropy: 0.2120 | Invalid S/B: 0.00/0.00 | Max Load: 7.1 | Load Gap: 1.1
Epoch [470/500] | Sampled: 248.72 | Baseline: 268.59 | Improvement: 19.88 | Win Rate: 96.88% | Actor Loss: -0.8171 | Entropy: 0.1864 | Invalid S/B: 0.00/0.00 | Max Load: 7.1 | Load Gap: 1.1
Epoch [471/500] | Sampled: 248.56 | Baseline: 266.44 | Improvement: 17.88 | Win Rate: 93.75% | Actor Loss: -0.7460 | Entropy: 0.1796 | Invalid S/B: 0.00/0.00 | Max Load: 7.1 | Load Gap: 1.1
Epoch [472/500] | Sampled: 248.06 | Baseline: 267.66 | Improvement: 19.59 | Win Rate: 90.62% | Actor Loss: -0.0491 | Entropy: 0.1693 | Invalid S/B: 0.00/0.00 | Max Load: 7.0 | Load Gap: 1.0
Epoch [473/500] | Sampled: 247.19 | Baseline: 266.00 | Improvement: 18.81 | Win Rate: 96.88% | Actor Loss: 0.0427 | Entropy: 0.1990 | Invalid S/B: 0.00/0.00 | Max Load: 7.1 | Load Gap: 1.1
Epoch [474/500] | Sampled: 248.25 | Baseline: 264.38 | Improvement: 16.12 | Win Rate: 84.38% | Actor Loss: -0.3503 | Entropy: 0.1867 | Invalid S/B: 0.00/0.00 | Max Load: 7.1 | Load Gap: 1.1
Epoch [475/500] | Sampled: 250.22 | Baseline: 267.56 | Improvement: 17.34 | Win Rate: 96.88% | Actor Loss: -0.2433 | Entropy: 0.2013 | Invalid S/B: 0.00/0.00 | Max Load: 7.0 | Load Gap: 1.0
Epoch [476/500] | Sampled: 249.88 | Baseline: 264.50 | Improvement: 14.62 | Win Rate: 96.88% | Actor Loss: -0.1008 | Entropy: 0.2001 | Invalid S/B: 0.00/0.00 | Max Load: 7.0 | Load Gap: 1.0
Epoch [477/500] | Sampled: 247.44 | Baseline: 265.22 | Improvement: 17.78 | Win Rate: 93.75% | Actor Loss: -0.0035 | Entropy: 0.1858 | Invalid S/B: 0.00/0.00 | Max Load: 7.1 | Load Gap: 1.1
Epoch [478/500] | Sampled: 251.88 | Baseline: 266.03 | Improvement: 14.16 | Win Rate: 93.75% | Actor Loss: -0.5564 | Entropy: 0.2001 | Invalid S/B: 0.00/0.00 | Max Load: 7.2 | Load Gap: 1.2
Epoch [479/500] | Sampled: 250.56 | Baseline: 264.41 | Improvement: 13.84 | Win Rate: 93.75% | Actor Loss: -0.2776 | Entropy: 0.1964 | Invalid S/B: 0.00/0.00 | Max Load: 7.1 | Load Gap: 1.1
Epoch [480/500] | Sampled: 249.97 | Baseline: 267.56 | Improvement: 17.59 | Win Rate: 90.62% | Actor Loss: -0.3993 | Entropy: 0.2038 | Invalid S/B: 0.00/0.00 | Max Load: 7.2 | Load Gap: 1.2
Epoch [481/500] | Sampled: 248.81 | Baseline: 263.22 | Improvement: 14.41 | Win Rate: 78.12% | Actor Loss: -0.1571 | Entropy: 0.1968 | Invalid S/B: 0.00/0.00 | Max Load: 7.1 | Load Gap: 1.1
Epoch [482/500] | Sampled: 247.56 | Baseline: 263.34 | Improvement: 15.78 | Win Rate: 90.62% | Actor Loss: 0.1478 | Entropy: 0.1617 | Invalid S/B: 0.00/0.00 | Max Load: 7.1 | Load Gap: 1.1
Epoch [483/500] | Sampled: 250.12 | Baseline: 265.75 | Improvement: 15.62 | Win Rate: 90.62% | Actor Loss: 0.4268 | Entropy: 0.1877 | Invalid S/B: 0.00/0.00 | Max Load: 7.2 | Load Gap: 1.2
Epoch [484/500] | Sampled: 249.34 | Baseline: 264.31 | Improvement: 14.97 | Win Rate: 87.50% | Actor Loss: 0.3264 | Entropy: 0.1831 | Invalid S/B: 0.00/0.00 | Max Load: 7.0 | Load Gap: 1.0
Epoch [485/500] | Sampled: 246.19 | Baseline: 265.12 | Improvement: 18.94 | Win Rate: 100.00% | Actor Loss: -0.5142 | Entropy: 0.1882 | Invalid S/B: 0.00/0.00 | Max Load: 7.2 | Load Gap: 1.2
Epoch [486/500] | Sampled: 252.12 | Baseline: 269.56 | Improvement: 17.44 | Win Rate: 96.88% | Actor Loss: 0.0115 | Entropy: 0.1970 | Invalid S/B: 0.00/0.00 | Max Load: 7.1 | Load Gap: 1.1
Epoch [487/500] | Sampled: 252.34 | Baseline: 267.47 | Improvement: 15.12 | Win Rate: 90.62% | Actor Loss: -0.0575 | Entropy: 0.2090 | Invalid S/B: 0.00/0.00 | Max Load: 7.1 | Load Gap: 1.1
Epoch [488/500] | Sampled: 251.06 | Baseline: 266.38 | Improvement: 15.31 | Win Rate: 90.62% | Actor Loss: 0.0225 | Entropy: 0.1829 | Invalid S/B: 0.00/0.00 | Max Load: 7.1 | Load Gap: 1.1
Epoch [489/500] | Sampled: 252.56 | Baseline: 266.59 | Improvement: 14.03 | Win Rate: 90.62% | Actor Loss: -0.2945 | Entropy: 0.1873 | Invalid S/B: 0.00/0.00 | Max Load: 7.1 | Load Gap: 1.1
Epoch [490/500] | Sampled: 248.03 | Baseline: 264.94 | Improvement: 16.91 | Win Rate: 96.88% | Actor Loss: 0.5266 | Entropy: 0.1633 | Invalid S/B: 0.00/0.00 | Max Load: 7.0 | Load Gap: 1.0
Epoch [491/500] | Sampled: 252.31 | Baseline: 267.16 | Improvement: 14.84 | Win Rate: 96.88% | Actor Loss: -0.0673 | Entropy: 0.1803 | Invalid S/B: 0.00/0.00 | Max Load: 7.1 | Load Gap: 1.1
Epoch [492/500] | Sampled: 250.94 | Baseline: 267.59 | Improvement: 16.66 | Win Rate: 96.88% | Actor Loss: -0.3329 | Entropy: 0.1772 | Invalid S/B: 0.00/0.00 | Max Load: 7.0 | Load Gap: 1.0
Epoch [493/500] | Sampled: 252.06 | Baseline: 266.69 | Improvement: 14.62 | Win Rate: 96.88% | Actor Loss: 0.1883 | Entropy: 0.2056 | Invalid S/B: 0.00/0.00 | Max Load: 7.1 | Load Gap: 1.1
Epoch [494/500] | Sampled: 248.84 | Baseline: 264.00 | Improvement: 15.16 | Win Rate: 100.00% | Actor Loss: -0.6100 | Entropy: 0.1881 | Invalid S/B: 0.00/0.00 | Max Load: 7.1 | Load Gap: 1.1
Epoch [495/500] | Sampled: 249.34 | Baseline: 265.09 | Improvement: 15.75 | Win Rate: 96.88% | Actor Loss: -0.3551 | Entropy: 0.1890 | Invalid S/B: 0.00/0.00 | Max Load: 7.1 | Load Gap: 1.1
Epoch [496/500] | Sampled: 253.53 | Baseline: 265.34 | Improvement: 11.81 | Win Rate: 96.88% | Actor Loss: -0.4568 | Entropy: 0.2090 | Invalid S/B: 0.00/0.00 | Max Load: 7.1 | Load Gap: 1.1
Epoch [497/500] | Sampled: 252.16 | Baseline: 268.19 | Improvement: 16.03 | Win Rate: 93.75% | Actor Loss: -0.1906 | Entropy: 0.1801 | Invalid S/B: 0.00/0.00 | Max Load: 7.1 | Load Gap: 1.1
Epoch [498/500] | Sampled: 250.00 | Baseline: 266.00 | Improvement: 16.00 | Win Rate: 93.75% | Actor Loss: 0.0925 | Entropy: 0.1728 | Invalid S/B: 0.00/0.00 | Max Load: 7.0 | Load Gap: 1.0
Epoch [499/500] | Sampled: 249.72 | Baseline: 264.03 | Improvement: 14.31 | Win Rate: 96.88% | Actor Loss: 0.2752 | Entropy: 0.1709 | Invalid S/B: 0.00/0.00 | Max Load: 7.1 | Load Gap: 1.1
Epoch [500/500] | Sampled: 251.06 | Baseline: 268.03 | Improvement: 16.97 | Win Rate: 100.00% | Actor Loss: -0.5245 | Entropy: 0.1836 | Invalid S/B: 0.00/0.00 | Max Load: 7.0 | Load Gap: 1.0
   -> Validation | Samples: 50 | Makespan: 249.40 | Invalid Jobs: 0.00
   -> Saved updated training chart to /home/wei/AMR-DFJSP/Static_alogorithm/Attention/attention_training_metrics.png
