Training on: cuda
Loaded 100 dispatch events from /home/wei/AMR-DFJSP/test_case/static/dispatch_inbox_20.jsonl
Loaded 50 dispatch events from /home/wei/AMR-DFJSP/test_case/static/dispatch_validation_20.jsonl
Loaded 50 validation event(s).
Loaded training checkpoint from /home/wei/AMR-DFJSP/training_logs/curriculum_20260615_175146/checkpoints/phase_02/attention_latest.pth (optimizers: optimizer)
Starting Attention REINFORCE training with dispatch baseline 'earliest_completion_job+least_loaded' (stepwise).
Epoch [1/500] | Sampled: 255.72 | Baseline: 250.09 | Improvement: -5.62 | Win Rate: 28.12% | Actor Loss: -0.0403 | Entropy: 0.1618 | Invalid S/B: 0.00/0.00 | Max Load: 7.1 | Load Gap: 1.1
   -> Validation | Samples: 50 | Makespan: 252.02 | Invalid Jobs: 0.00
   -> Saved new best model (Val Makespan: 252.02)
   -> Saved updated training chart to /home/wei/AMR-DFJSP/Static_alogorithm/Attention/attention_training_metrics.png
Epoch [2/500] | Sampled: 248.78 | Baseline: 250.72 | Improvement: 1.94 | Win Rate: 53.12% | Actor Loss: 0.3360 | Entropy: 0.1927 | Invalid S/B: 0.00/0.00 | Max Load: 7.1 | Load Gap: 1.1
Epoch [3/500] | Sampled: 251.66 | Baseline: 252.00 | Improvement: 0.34 | Win Rate: 56.25% | Actor Loss: 0.1749 | Entropy: 0.1940 | Invalid S/B: 0.00/0.00 | Max Load: 7.1 | Load Gap: 1.1
Epoch [4/500] | Sampled: 253.97 | Baseline: 250.22 | Improvement: -3.75 | Win Rate: 34.38% | Actor Loss: 0.3604 | Entropy: 0.1850 | Invalid S/B: 0.00/0.00 | Max Load: 7.0 | Load Gap: 1.0
Epoch [5/500] | Sampled: 253.66 | Baseline: 253.06 | Improvement: -0.59 | Win Rate: 53.12% | Actor Loss: -0.0319 | Entropy: 0.1830 | Invalid S/B: 0.00/0.00 | Max Load: 7.2 | Load Gap: 1.2
Epoch [6/500] | Sampled: 261.59 | Baseline: 253.28 | Improvement: -8.31 | Win Rate: 25.00% | Actor Loss: 0.2812 | Entropy: 0.1775 | Invalid S/B: 0.00/0.00 | Max Load: 7.1 | Load Gap: 1.2
Epoch [7/500] | Sampled: 256.59 | Baseline: 250.94 | Improvement: -5.66 | Win Rate: 25.00% | Actor Loss: -0.5240 | Entropy: 0.2075 | Invalid S/B: 0.00/0.00 | Max Load: 7.0 | Load Gap: 1.0
Epoch [8/500] | Sampled: 259.97 | Baseline: 250.94 | Improvement: -9.03 | Win Rate: 21.88% | Actor Loss: -0.1688 | Entropy: 0.1902 | Invalid S/B: 0.00/0.00 | Max Load: 7.1 | Load Gap: 1.1
Epoch [9/500] | Sampled: 255.97 | Baseline: 253.00 | Improvement: -2.97 | Win Rate: 37.50% | Actor Loss: -0.4449 | Entropy: 0.1981 | Invalid S/B: 0.00/0.00 | Max Load: 7.0 | Load Gap: 1.0
Epoch [10/500] | Sampled: 257.09 | Baseline: 252.66 | Improvement: -4.44 | Win Rate: 34.38% | Actor Loss: -0.4214 | Entropy: 0.1888 | Invalid S/B: 0.00/0.00 | Max Load: 7.0 | Load Gap: 1.0
Epoch [11/500] | Sampled: 258.25 | Baseline: 255.44 | Improvement: -2.81 | Win Rate: 31.25% | Actor Loss: -0.3594 | Entropy: 0.2096 | Invalid S/B: 0.00/0.00 | Max Load: 7.0 | Load Gap: 1.0
Epoch [12/500] | Sampled: 256.28 | Baseline: 251.75 | Improvement: -4.53 | Win Rate: 28.12% | Actor Loss: -0.3960 | Entropy: 0.1713 | Invalid S/B: 0.00/0.00 | Max Load: 7.1 | Load Gap: 1.1
Epoch [13/500] | Sampled: 252.75 | Baseline: 250.19 | Improvement: -2.56 | Win Rate: 34.38% | Actor Loss: -0.5471 | Entropy: 0.2144 | Invalid S/B: 0.00/0.00 | Max Load: 7.0 | Load Gap: 1.0
Epoch [14/500] | Sampled: 256.22 | Baseline: 251.00 | Improvement: -5.22 | Win Rate: 31.25% | Actor Loss: -0.3713 | Entropy: 0.1836 | Invalid S/B: 0.00/0.00 | Max Load: 7.1 | Load Gap: 1.1
Epoch [15/500] | Sampled: 257.09 | Baseline: 252.94 | Improvement: -4.16 | Win Rate: 34.38% | Actor Loss: 0.0503 | Entropy: 0.1862 | Invalid S/B: 0.00/0.00 | Max Load: 7.0 | Load Gap: 1.0
Epoch [16/500] | Sampled: 254.16 | Baseline: 253.84 | Improvement: -0.31 | Win Rate: 43.75% | Actor Loss: -0.6828 | Entropy: 0.1895 | Invalid S/B: 0.00/0.00 | Max Load: 7.0 | Load Gap: 1.0
Epoch [17/500] | Sampled: 254.47 | Baseline: 250.47 | Improvement: -4.00 | Win Rate: 34.38% | Actor Loss: -0.6323 | Entropy: 0.2033 | Invalid S/B: 0.00/0.00 | Max Load: 7.0 | Load Gap: 1.0
Epoch [18/500] | Sampled: 254.75 | Baseline: 256.00 | Improvement: 1.25 | Win Rate: 46.88% | Actor Loss: -0.1349 | Entropy: 0.2048 | Invalid S/B: 0.00/0.00 | Max Load: 7.1 | Load Gap: 1.1
Epoch [19/500] | Sampled: 252.03 | Baseline: 251.75 | Improvement: -0.28 | Win Rate: 43.75% | Actor Loss: -0.3287 | Entropy: 0.1868 | Invalid S/B: 0.00/0.00 | Max Load: 7.1 | Load Gap: 1.1
Epoch [20/500] | Sampled: 259.66 | Baseline: 251.00 | Improvement: -8.66 | Win Rate: 18.75% | Actor Loss: -0.5764 | Entropy: 0.1778 | Invalid S/B: 0.00/0.00 | Max Load: 7.1 | Load Gap: 1.1
Epoch [21/500] | Sampled: 253.31 | Baseline: 251.50 | Improvement: -1.81 | Win Rate: 40.62% | Actor Loss: -0.2030 | Entropy: 0.1818 | Invalid S/B: 0.00/0.00 | Max Load: 7.1 | Load Gap: 1.1
Epoch [22/500] | Sampled: 251.56 | Baseline: 251.12 | Improvement: -0.44 | Win Rate: 53.12% | Actor Loss: -0.2654 | Entropy: 0.1688 | Invalid S/B: 0.00/0.00 | Max Load: 7.2 | Load Gap: 1.2
Epoch [23/500] | Sampled: 249.84 | Baseline: 249.56 | Improvement: -0.28 | Win Rate: 46.88% | Actor Loss: 0.3425 | Entropy: 0.1929 | Invalid S/B: 0.00/0.00 | Max Load: 7.1 | Load Gap: 1.1
Epoch [24/500] | Sampled: 250.38 | Baseline: 250.97 | Improvement: 0.59 | Win Rate: 53.12% | Actor Loss: -0.5651 | Entropy: 0.1863 | Invalid S/B: 0.00/0.00 | Max Load: 7.1 | Load Gap: 1.1
Epoch [25/500] | Sampled: 250.16 | Baseline: 248.94 | Improvement: -1.22 | Win Rate: 37.50% | Actor Loss: -0.3925 | Entropy: 0.1721 | Invalid S/B: 0.00/0.00 | Max Load: 7.1 | Load Gap: 1.1
Epoch [26/500] | Sampled: 254.44 | Baseline: 253.06 | Improvement: -1.38 | Win Rate: 40.62% | Actor Loss: -0.3336 | Entropy: 0.1981 | Invalid S/B: 0.00/0.00 | Max Load: 7.1 | Load Gap: 1.1
Epoch [27/500] | Sampled: 259.62 | Baseline: 255.12 | Improvement: -4.50 | Win Rate: 28.12% | Actor Loss: 0.5443 | Entropy: 0.1845 | Invalid S/B: 0.00/0.00 | Max Load: 7.2 | Load Gap: 1.2
Epoch [28/500] | Sampled: 262.91 | Baseline: 252.22 | Improvement: -10.69 | Win Rate: 21.88% | Actor Loss: -0.3548 | Entropy: 0.2002 | Invalid S/B: 0.00/0.00 | Max Load: 7.3 | Load Gap: 1.4
Epoch [29/500] | Sampled: 270.88 | Baseline: 253.47 | Improvement: -17.41 | Win Rate: 9.38% | Actor Loss: 0.4923 | Entropy: 0.2248 | Invalid S/B: 0.00/0.00 | Max Load: 7.3 | Load Gap: 1.4
Epoch [30/500] | Sampled: 270.62 | Baseline: 253.81 | Improvement: -16.81 | Win Rate: 12.50% | Actor Loss: -0.3095 | Entropy: 0.2145 | Invalid S/B: 0.00/0.00 | Max Load: 7.3 | Load Gap: 1.4
Epoch [31/500] | Sampled: 262.53 | Baseline: 249.69 | Improvement: -12.84 | Win Rate: 25.00% | Actor Loss: 0.0710 | Entropy: 0.1793 | Invalid S/B: 0.00/0.00 | Max Load: 7.3 | Load Gap: 1.3
Epoch [32/500] | Sampled: 262.03 | Baseline: 249.78 | Improvement: -12.25 | Win Rate: 21.88% | Actor Loss: -0.0106 | Entropy: 0.1928 | Invalid S/B: 0.00/0.00 | Max Load: 7.3 | Load Gap: 1.4
Epoch [33/500] | Sampled: 265.03 | Baseline: 252.75 | Improvement: -12.28 | Win Rate: 15.62% | Actor Loss: -0.0883 | Entropy: 0.2245 | Invalid S/B: 0.00/0.00 | Max Load: 7.2 | Load Gap: 1.2
Epoch [34/500] | Sampled: 260.47 | Baseline: 248.47 | Improvement: -12.00 | Win Rate: 21.88% | Actor Loss: 0.2354 | Entropy: 0.1959 | Invalid S/B: 0.00/0.00 | Max Load: 7.3 | Load Gap: 1.4
Epoch [35/500] | Sampled: 254.78 | Baseline: 249.81 | Improvement: -4.97 | Win Rate: 31.25% | Actor Loss: -0.3698 | Entropy: 0.2001 | Invalid S/B: 0.00/0.00 | Max Load: 7.1 | Load Gap: 1.1
Epoch [36/500] | Sampled: 254.72 | Baseline: 250.50 | Improvement: -4.22 | Win Rate: 31.25% | Actor Loss: -0.2095 | Entropy: 0.2097 | Invalid S/B: 0.00/0.00 | Max Load: 7.1 | Load Gap: 1.2
Epoch [37/500] | Sampled: 253.22 | Baseline: 253.28 | Improvement: 0.06 | Win Rate: 46.88% | Actor Loss: 0.1271 | Entropy: 0.1974 | Invalid S/B: 0.00/0.00 | Max Load: 7.1 | Load Gap: 1.1
Epoch [38/500] | Sampled: 257.81 | Baseline: 251.41 | Improvement: -6.41 | Win Rate: 18.75% | Actor Loss: -0.1352 | Entropy: 0.1792 | Invalid S/B: 0.00/0.00 | Max Load: 7.1 | Load Gap: 1.1
Epoch [39/500] | Sampled: 258.22 | Baseline: 253.72 | Improvement: -4.50 | Win Rate: 31.25% | Actor Loss: -0.0938 | Entropy: 0.1866 | Invalid S/B: 0.00/0.00 | Max Load: 7.0 | Load Gap: 1.0
Epoch [40/500] | Sampled: 249.88 | Baseline: 252.00 | Improvement: 2.12 | Win Rate: 68.75% | Actor Loss: 0.8519 | Entropy: 0.2078 | Invalid S/B: 0.00/0.00 | Max Load: 7.2 | Load Gap: 1.2
Epoch [41/500] | Sampled: 251.69 | Baseline: 249.69 | Improvement: -2.00 | Win Rate: 40.62% | Actor Loss: 0.2818 | Entropy: 0.1867 | Invalid S/B: 0.00/0.00 | Max Load: 7.2 | Load Gap: 1.2
Epoch [42/500] | Sampled: 255.44 | Baseline: 253.41 | Improvement: -2.03 | Win Rate: 46.88% | Actor Loss: 0.2047 | Entropy: 0.1888 | Invalid S/B: 0.00/0.00 | Max Load: 7.1 | Load Gap: 1.1
Epoch [43/500] | Sampled: 252.91 | Baseline: 252.47 | Improvement: -0.44 | Win Rate: 46.88% | Actor Loss: -0.2249 | Entropy: 0.1989 | Invalid S/B: 0.00/0.00 | Max Load: 7.2 | Load Gap: 1.2
Epoch [44/500] | Sampled: 253.75 | Baseline: 251.88 | Improvement: -1.88 | Win Rate: 37.50% | Actor Loss: -0.1407 | Entropy: 0.1802 | Invalid S/B: 0.00/0.00 | Max Load: 7.2 | Load Gap: 1.2
Epoch [45/500] | Sampled: 250.62 | Baseline: 252.03 | Improvement: 1.41 | Win Rate: 59.38% | Actor Loss: -0.0948 | Entropy: 0.1833 | Invalid S/B: 0.00/0.00 | Max Load: 7.1 | Load Gap: 1.2
Epoch [46/500] | Sampled: 251.16 | Baseline: 250.06 | Improvement: -1.09 | Win Rate: 40.62% | Actor Loss: -0.3958 | Entropy: 0.1697 | Invalid S/B: 0.00/0.00 | Max Load: 7.1 | Load Gap: 1.1
Epoch [47/500] | Sampled: 255.09 | Baseline: 254.19 | Improvement: -0.91 | Win Rate: 43.75% | Actor Loss: 0.2070 | Entropy: 0.1938 | Invalid S/B: 0.00/0.00 | Max Load: 7.0 | Load Gap: 1.0
Epoch [48/500] | Sampled: 252.16 | Baseline: 251.41 | Improvement: -0.75 | Win Rate: 53.12% | Actor Loss: 0.2941 | Entropy: 0.1739 | Invalid S/B: 0.00/0.00 | Max Load: 7.1 | Load Gap: 1.1
Epoch [49/500] | Sampled: 254.97 | Baseline: 251.97 | Improvement: -3.00 | Win Rate: 34.38% | Actor Loss: -0.1745 | Entropy: 0.1897 | Invalid S/B: 0.00/0.00 | Max Load: 7.1 | Load Gap: 1.1
Epoch [50/500] | Sampled: 253.34 | Baseline: 248.69 | Improvement: -4.66 | Win Rate: 28.12% | Actor Loss: -0.5254 | Entropy: 0.1880 | Invalid S/B: 0.00/0.00 | Max Load: 7.1 | Load Gap: 1.1
   -> Validation | Samples: 50 | Makespan: 252.16 | Invalid Jobs: 0.00
Epoch [51/500] | Sampled: 251.31 | Baseline: 250.50 | Improvement: -0.81 | Win Rate: 46.88% | Actor Loss: -0.2461 | Entropy: 0.2030 | Invalid S/B: 0.00/0.00 | Max Load: 7.1 | Load Gap: 1.1
Epoch [52/500] | Sampled: 254.75 | Baseline: 252.22 | Improvement: -2.53 | Win Rate: 37.50% | Actor Loss: -0.6786 | Entropy: 0.1985 | Invalid S/B: 0.00/0.00 | Max Load: 7.1 | Load Gap: 1.1
Epoch [53/500] | Sampled: 254.84 | Baseline: 254.03 | Improvement: -0.81 | Win Rate: 40.62% | Actor Loss: 0.7631 | Entropy: 0.2055 | Invalid S/B: 0.00/0.00 | Max Load: 7.0 | Load Gap: 1.0
Epoch [54/500] | Sampled: 253.53 | Baseline: 249.09 | Improvement: -4.44 | Win Rate: 31.25% | Actor Loss: -0.0413 | Entropy: 0.1918 | Invalid S/B: 0.00/0.00 | Max Load: 7.1 | Load Gap: 1.1
Epoch [55/500] | Sampled: 257.72 | Baseline: 252.34 | Improvement: -5.38 | Win Rate: 28.12% | Actor Loss: -0.4948 | Entropy: 0.2083 | Invalid S/B: 0.00/0.00 | Max Load: 7.2 | Load Gap: 1.2
Epoch [56/500] | Sampled: 254.03 | Baseline: 253.38 | Improvement: -0.66 | Win Rate: 46.88% | Actor Loss: -0.3717 | Entropy: 0.2126 | Invalid S/B: 0.00/0.00 | Max Load: 7.0 | Load Gap: 1.0
Epoch [57/500] | Sampled: 256.62 | Baseline: 247.69 | Improvement: -8.94 | Win Rate: 18.75% | Actor Loss: -0.3707 | Entropy: 0.2259 | Invalid S/B: 0.00/0.00 | Max Load: 7.2 | Load Gap: 1.2
Epoch [58/500] | Sampled: 258.09 | Baseline: 256.41 | Improvement: -1.69 | Win Rate: 43.75% | Actor Loss: 0.1569 | Entropy: 0.2263 | Invalid S/B: 0.00/0.00 | Max Load: 7.1 | Load Gap: 1.1
Epoch [59/500] | Sampled: 257.03 | Baseline: 255.16 | Improvement: -1.88 | Win Rate: 40.62% | Actor Loss: 0.2434 | Entropy: 0.2177 | Invalid S/B: 0.00/0.00 | Max Load: 7.1 | Load Gap: 1.1
Epoch [60/500] | Sampled: 256.31 | Baseline: 254.19 | Improvement: -2.12 | Win Rate: 37.50% | Actor Loss: -0.1810 | Entropy: 0.2446 | Invalid S/B: 0.00/0.00 | Max Load: 7.1 | Load Gap: 1.1
Epoch [61/500] | Sampled: 248.84 | Baseline: 249.22 | Improvement: 0.38 | Win Rate: 40.62% | Actor Loss: -0.1783 | Entropy: 0.2143 | Invalid S/B: 0.00/0.00 | Max Load: 7.1 | Load Gap: 1.1
Epoch [62/500] | Sampled: 251.84 | Baseline: 249.09 | Improvement: -2.75 | Win Rate: 34.38% | Actor Loss: -0.5187 | Entropy: 0.2169 | Invalid S/B: 0.00/0.00 | Max Load: 7.1 | Load Gap: 1.1
Epoch [63/500] | Sampled: 252.62 | Baseline: 248.94 | Improvement: -3.69 | Win Rate: 28.12% | Actor Loss: -0.4635 | Entropy: 0.2144 | Invalid S/B: 0.00/0.00 | Max Load: 7.1 | Load Gap: 1.1
Epoch [64/500] | Sampled: 251.94 | Baseline: 251.19 | Improvement: -0.75 | Win Rate: 34.38% | Actor Loss: 0.1993 | Entropy: 0.2116 | Invalid S/B: 0.00/0.00 | Max Load: 7.1 | Load Gap: 1.1
Epoch [65/500] | Sampled: 257.75 | Baseline: 256.50 | Improvement: -1.25 | Win Rate: 43.75% | Actor Loss: -0.3955 | Entropy: 0.2325 | Invalid S/B: 0.00/0.00 | Max Load: 7.0 | Load Gap: 1.0
Epoch [66/500] | Sampled: 251.06 | Baseline: 252.19 | Improvement: 1.12 | Win Rate: 56.25% | Actor Loss: 0.1588 | Entropy: 0.2041 | Invalid S/B: 0.00/0.00 | Max Load: 7.1 | Load Gap: 1.1
Epoch [67/500] | Sampled: 257.62 | Baseline: 251.19 | Improvement: -6.44 | Win Rate: 18.75% | Actor Loss: -0.1465 | Entropy: 0.2182 | Invalid S/B: 0.00/0.00 | Max Load: 7.0 | Load Gap: 1.0
Epoch [68/500] | Sampled: 255.94 | Baseline: 253.28 | Improvement: -2.66 | Win Rate: 37.50% | Actor Loss: -0.3298 | Entropy: 0.2019 | Invalid S/B: 0.00/0.00 | Max Load: 7.1 | Load Gap: 1.1
Epoch [69/500] | Sampled: 254.91 | Baseline: 250.06 | Improvement: -4.84 | Win Rate: 31.25% | Actor Loss: -0.1185 | Entropy: 0.1888 | Invalid S/B: 0.00/0.00 | Max Load: 7.1 | Load Gap: 1.1
Epoch [70/500] | Sampled: 258.19 | Baseline: 252.09 | Improvement: -6.09 | Win Rate: 18.75% | Actor Loss: 0.1108 | Entropy: 0.2259 | Invalid S/B: 0.00/0.00 | Max Load: 7.1 | Load Gap: 1.1
Epoch [71/500] | Sampled: 254.53 | Baseline: 252.59 | Improvement: -1.94 | Win Rate: 43.75% | Actor Loss: 0.7310 | Entropy: 0.2161 | Invalid S/B: 0.00/0.00 | Max Load: 7.1 | Load Gap: 1.1
Epoch [72/500] | Sampled: 254.97 | Baseline: 255.81 | Improvement: 0.84 | Win Rate: 43.75% | Actor Loss: 0.3700 | Entropy: 0.2277 | Invalid S/B: 0.00/0.00 | Max Load: 7.1 | Load Gap: 1.1
Epoch [73/500] | Sampled: 253.75 | Baseline: 255.03 | Improvement: 1.28 | Win Rate: 56.25% | Actor Loss: 0.6167 | Entropy: 0.2308 | Invalid S/B: 0.00/0.00 | Max Load: 7.1 | Load Gap: 1.1
Epoch [74/500] | Sampled: 251.25 | Baseline: 252.72 | Improvement: 1.47 | Win Rate: 53.12% | Actor Loss: 0.2093 | Entropy: 0.2292 | Invalid S/B: 0.00/0.00 | Max Load: 7.3 | Load Gap: 1.3
Epoch [75/500] | Sampled: 253.06 | Baseline: 251.59 | Improvement: -1.47 | Win Rate: 46.88% | Actor Loss: -0.3899 | Entropy: 0.2015 | Invalid S/B: 0.00/0.00 | Max Load: 7.1 | Load Gap: 1.1
Epoch [76/500] | Sampled: 254.75 | Baseline: 252.88 | Improvement: -1.88 | Win Rate: 46.88% | Actor Loss: -0.5053 | Entropy: 0.1909 | Invalid S/B: 0.00/0.00 | Max Load: 7.1 | Load Gap: 1.1
Epoch [77/500] | Sampled: 253.91 | Baseline: 254.19 | Improvement: 0.28 | Win Rate: 59.38% | Actor Loss: -0.1317 | Entropy: 0.2145 | Invalid S/B: 0.00/0.00 | Max Load: 7.2 | Load Gap: 1.2
Epoch [78/500] | Sampled: 250.38 | Baseline: 252.69 | Improvement: 2.31 | Win Rate: 62.50% | Actor Loss: -0.0335 | Entropy: 0.2186 | Invalid S/B: 0.00/0.00 | Max Load: 7.0 | Load Gap: 1.0
Epoch [79/500] | Sampled: 255.75 | Baseline: 253.97 | Improvement: -1.78 | Win Rate: 37.50% | Actor Loss: -0.0669 | Entropy: 0.2123 | Invalid S/B: 0.00/0.00 | Max Load: 7.1 | Load Gap: 1.1
Epoch [80/500] | Sampled: 254.16 | Baseline: 250.81 | Improvement: -3.34 | Win Rate: 43.75% | Actor Loss: -0.5396 | Entropy: 0.1945 | Invalid S/B: 0.00/0.00 | Max Load: 7.1 | Load Gap: 1.1
Epoch [81/500] | Sampled: 252.44 | Baseline: 252.72 | Improvement: 0.28 | Win Rate: 46.88% | Actor Loss: -0.0188 | Entropy: 0.2109 | Invalid S/B: 0.00/0.00 | Max Load: 7.1 | Load Gap: 1.1
Epoch [82/500] | Sampled: 252.44 | Baseline: 249.75 | Improvement: -2.69 | Win Rate: 25.00% | Actor Loss: -0.1198 | Entropy: 0.2207 | Invalid S/B: 0.00/0.00 | Max Load: 7.1 | Load Gap: 1.1
Epoch [83/500] | Sampled: 252.97 | Baseline: 251.25 | Improvement: -1.72 | Win Rate: 46.88% | Actor Loss: -0.6993 | Entropy: 0.2125 | Invalid S/B: 0.00/0.00 | Max Load: 7.1 | Load Gap: 1.2
Epoch [84/500] | Sampled: 255.44 | Baseline: 250.06 | Improvement: -5.38 | Win Rate: 28.12% | Actor Loss: -0.9543 | Entropy: 0.2156 | Invalid S/B: 0.00/0.00 | Max Load: 7.1 | Load Gap: 1.1
Epoch [85/500] | Sampled: 253.84 | Baseline: 252.38 | Improvement: -1.47 | Win Rate: 43.75% | Actor Loss: -1.2224 | Entropy: 0.2112 | Invalid S/B: 0.00/0.00 | Max Load: 7.2 | Load Gap: 1.2
Epoch [86/500] | Sampled: 254.62 | Baseline: 251.03 | Improvement: -3.59 | Win Rate: 43.75% | Actor Loss: -0.9908 | Entropy: 0.2272 | Invalid S/B: 0.00/0.00 | Max Load: 7.2 | Load Gap: 1.2
Epoch [87/500] | Sampled: 258.53 | Baseline: 252.47 | Improvement: -6.06 | Win Rate: 31.25% | Actor Loss: -0.7887 | Entropy: 0.2429 | Invalid S/B: 0.00/0.00 | Max Load: 7.2 | Load Gap: 1.2
Epoch [88/500] | Sampled: 258.94 | Baseline: 253.72 | Improvement: -5.22 | Win Rate: 25.00% | Actor Loss: -0.5860 | Entropy: 0.2612 | Invalid S/B: 0.00/0.00 | Max Load: 7.1 | Load Gap: 1.1
Epoch [89/500] | Sampled: 260.06 | Baseline: 250.59 | Improvement: -9.47 | Win Rate: 28.12% | Actor Loss: -0.3106 | Entropy: 0.2329 | Invalid S/B: 0.00/0.00 | Max Load: 7.2 | Load Gap: 1.2
Epoch [90/500] | Sampled: 264.97 | Baseline: 252.59 | Improvement: -12.38 | Win Rate: 15.62% | Actor Loss: -0.3673 | Entropy: 0.2302 | Invalid S/B: 0.00/0.00 | Max Load: 7.3 | Load Gap: 1.3
Epoch [91/500] | Sampled: 263.50 | Baseline: 254.59 | Improvement: -8.91 | Win Rate: 21.88% | Actor Loss: -0.3464 | Entropy: 0.2689 | Invalid S/B: 0.00/0.00 | Max Load: 7.2 | Load Gap: 1.2
Epoch [92/500] | Sampled: 260.25 | Baseline: 248.12 | Improvement: -12.12 | Win Rate: 18.75% | Actor Loss: -0.8741 | Entropy: 0.2327 | Invalid S/B: 0.00/0.00 | Max Load: 7.2 | Load Gap: 1.3
Epoch [93/500] | Sampled: 261.06 | Baseline: 250.22 | Improvement: -10.84 | Win Rate: 15.62% | Actor Loss: -0.0320 | Entropy: 0.2273 | Invalid S/B: 0.00/0.00 | Max Load: 7.2 | Load Gap: 1.3
Epoch [94/500] | Sampled: 258.59 | Baseline: 253.66 | Improvement: -4.94 | Win Rate: 31.25% | Actor Loss: -0.0914 | Entropy: 0.2492 | Invalid S/B: 0.00/0.00 | Max Load: 7.1 | Load Gap: 1.2
Epoch [95/500] | Sampled: 264.47 | Baseline: 251.91 | Improvement: -12.56 | Win Rate: 15.62% | Actor Loss: 0.1164 | Entropy: 0.2403 | Invalid S/B: 0.00/0.00 | Max Load: 7.1 | Load Gap: 1.2
Epoch [96/500] | Sampled: 265.41 | Baseline: 252.88 | Improvement: -12.53 | Win Rate: 18.75% | Actor Loss: -0.6327 | Entropy: 0.2079 | Invalid S/B: 0.00/0.00 | Max Load: 7.2 | Load Gap: 1.2
Epoch [97/500] | Sampled: 258.34 | Baseline: 254.88 | Improvement: -3.47 | Win Rate: 46.88% | Actor Loss: 0.3301 | Entropy: 0.2467 | Invalid S/B: 0.00/0.00 | Max Load: 7.3 | Load Gap: 1.3
Epoch [98/500] | Sampled: 260.81 | Baseline: 253.06 | Improvement: -7.75 | Win Rate: 25.00% | Actor Loss: 0.0238 | Entropy: 0.2207 | Invalid S/B: 0.00/0.00 | Max Load: 7.1 | Load Gap: 1.1
Epoch [99/500] | Sampled: 258.56 | Baseline: 251.31 | Improvement: -7.25 | Win Rate: 28.12% | Actor Loss: -0.3429 | Entropy: 0.2271 | Invalid S/B: 0.00/0.00 | Max Load: 7.1 | Load Gap: 1.1
Epoch [100/500] | Sampled: 259.22 | Baseline: 249.22 | Improvement: -10.00 | Win Rate: 15.62% | Actor Loss: -0.5361 | Entropy: 0.2076 | Invalid S/B: 0.00/0.00 | Max Load: 7.1 | Load Gap: 1.1
   -> Validation | Samples: 50 | Makespan: 258.06 | Invalid Jobs: 0.00
   -> Saved updated training chart to /home/wei/AMR-DFJSP/Static_alogorithm/Attention/attention_training_metrics.png
Epoch [101/500] | Sampled: 253.44 | Baseline: 247.75 | Improvement: -5.69 | Win Rate: 21.88% | Actor Loss: -0.5659 | Entropy: 0.1973 | Invalid S/B: 0.00/0.00 | Max Load: 7.1 | Load Gap: 1.1
Epoch [102/500] | Sampled: 259.06 | Baseline: 251.81 | Improvement: -7.25 | Win Rate: 25.00% | Actor Loss: 0.0527 | Entropy: 0.2004 | Invalid S/B: 0.00/0.00 | Max Load: 7.1 | Load Gap: 1.1
Epoch [103/500] | Sampled: 257.28 | Baseline: 251.44 | Improvement: -5.84 | Win Rate: 21.88% | Actor Loss: -0.1125 | Entropy: 0.1960 | Invalid S/B: 0.00/0.00 | Max Load: 7.1 | Load Gap: 1.1
Epoch [104/500] | Sampled: 255.91 | Baseline: 251.38 | Improvement: -4.53 | Win Rate: 28.12% | Actor Loss: -0.0912 | Entropy: 0.1920 | Invalid S/B: 0.00/0.00 | Max Load: 7.0 | Load Gap: 1.0
Epoch [105/500] | Sampled: 254.28 | Baseline: 250.50 | Improvement: -3.78 | Win Rate: 37.50% | Actor Loss: 0.3832 | Entropy: 0.1976 | Invalid S/B: 0.00/0.00 | Max Load: 7.1 | Load Gap: 1.1
Epoch [106/500] | Sampled: 255.03 | Baseline: 248.19 | Improvement: -6.84 | Win Rate: 15.62% | Actor Loss: 0.0072 | Entropy: 0.1761 | Invalid S/B: 0.00/0.00 | Max Load: 7.0 | Load Gap: 1.0
Epoch [107/500] | Sampled: 257.81 | Baseline: 252.00 | Improvement: -5.81 | Win Rate: 21.88% | Actor Loss: 0.7925 | Entropy: 0.1744 | Invalid S/B: 0.00/0.00 | Max Load: 7.0 | Load Gap: 1.0
Epoch [108/500] | Sampled: 255.62 | Baseline: 250.75 | Improvement: -4.88 | Win Rate: 37.50% | Actor Loss: 0.3095 | Entropy: 0.1813 | Invalid S/B: 0.00/0.00 | Max Load: 7.0 | Load Gap: 1.0
Epoch [109/500] | Sampled: 258.19 | Baseline: 253.62 | Improvement: -4.56 | Win Rate: 31.25% | Actor Loss: 0.3053 | Entropy: 0.2108 | Invalid S/B: 0.00/0.00 | Max Load: 7.2 | Load Gap: 1.2
Epoch [110/500] | Sampled: 257.69 | Baseline: 253.09 | Improvement: -4.59 | Win Rate: 31.25% | Actor Loss: 0.0414 | Entropy: 0.2367 | Invalid S/B: 0.00/0.00 | Max Load: 7.0 | Load Gap: 1.0
Epoch [111/500] | Sampled: 256.19 | Baseline: 255.38 | Improvement: -0.81 | Win Rate: 34.38% | Actor Loss: -0.1276 | Entropy: 0.2263 | Invalid S/B: 0.00/0.00 | Max Load: 7.0 | Load Gap: 1.0
Epoch [112/500] | Sampled: 254.16 | Baseline: 253.12 | Improvement: -1.03 | Win Rate: 53.12% | Actor Loss: 0.1503 | Entropy: 0.2022 | Invalid S/B: 0.00/0.00 | Max Load: 7.0 | Load Gap: 1.0
Epoch [113/500] | Sampled: 254.09 | Baseline: 251.59 | Improvement: -2.50 | Win Rate: 40.62% | Actor Loss: -0.1318 | Entropy: 0.2293 | Invalid S/B: 0.00/0.00 | Max Load: 7.0 | Load Gap: 1.0
Epoch [114/500] | Sampled: 253.81 | Baseline: 250.47 | Improvement: -3.34 | Win Rate: 34.38% | Actor Loss: -0.7165 | Entropy: 0.2255 | Invalid S/B: 0.00/0.00 | Max Load: 7.0 | Load Gap: 1.0
Epoch [115/500] | Sampled: 256.12 | Baseline: 253.06 | Improvement: -3.06 | Win Rate: 31.25% | Actor Loss: -0.5928 | Entropy: 0.2162 | Invalid S/B: 0.00/0.00 | Max Load: 7.1 | Load Gap: 1.1
Epoch [116/500] | Sampled: 252.44 | Baseline: 251.88 | Improvement: -0.56 | Win Rate: 46.88% | Actor Loss: 0.0113 | Entropy: 0.1916 | Invalid S/B: 0.00/0.00 | Max Load: 7.1 | Load Gap: 1.1
Epoch [117/500] | Sampled: 253.47 | Baseline: 251.94 | Improvement: -1.53 | Win Rate: 31.25% | Actor Loss: -0.5552 | Entropy: 0.2032 | Invalid S/B: 0.00/0.00 | Max Load: 7.1 | Load Gap: 1.1
Epoch [118/500] | Sampled: 256.28 | Baseline: 253.44 | Improvement: -2.84 | Win Rate: 40.62% | Actor Loss: -0.2499 | Entropy: 0.2117 | Invalid S/B: 0.00/0.00 | Max Load: 7.2 | Load Gap: 1.2
Epoch [119/500] | Sampled: 256.50 | Baseline: 251.06 | Improvement: -5.44 | Win Rate: 28.12% | Actor Loss: -0.2708 | Entropy: 0.1978 | Invalid S/B: 0.00/0.00 | Max Load: 7.1 | Load Gap: 1.1
Epoch [120/500] | Sampled: 257.41 | Baseline: 253.44 | Improvement: -3.97 | Win Rate: 34.38% | Actor Loss: -0.0131 | Entropy: 0.2064 | Invalid S/B: 0.00/0.00 | Max Load: 7.1 | Load Gap: 1.1
Epoch [121/500] | Sampled: 251.69 | Baseline: 251.47 | Improvement: -0.22 | Win Rate: 43.75% | Actor Loss: 0.1645 | Entropy: 0.2054 | Invalid S/B: 0.00/0.00 | Max Load: 7.1 | Load Gap: 1.1
Epoch [122/500] | Sampled: 256.44 | Baseline: 250.41 | Improvement: -6.03 | Win Rate: 28.12% | Actor Loss: -0.8702 | Entropy: 0.1948 | Invalid S/B: 0.00/0.00 | Max Load: 7.1 | Load Gap: 1.1
Epoch [123/500] | Sampled: 258.25 | Baseline: 254.44 | Improvement: -3.81 | Win Rate: 31.25% | Actor Loss: 0.2063 | Entropy: 0.2072 | Invalid S/B: 0.00/0.00 | Max Load: 7.1 | Load Gap: 1.1
Epoch [124/500] | Sampled: 256.72 | Baseline: 253.03 | Improvement: -3.69 | Win Rate: 40.62% | Actor Loss: 0.1701 | Entropy: 0.2021 | Invalid S/B: 0.00/0.00 | Max Load: 7.1 | Load Gap: 1.1
Epoch [125/500] | Sampled: 259.81 | Baseline: 253.16 | Improvement: -6.66 | Win Rate: 18.75% | Actor Loss: 0.0693 | Entropy: 0.1881 | Invalid S/B: 0.00/0.00 | Max Load: 7.0 | Load Gap: 1.0
Epoch [126/500] | Sampled: 256.66 | Baseline: 252.69 | Improvement: -3.97 | Win Rate: 40.62% | Actor Loss: 0.3561 | Entropy: 0.2060 | Invalid S/B: 0.00/0.00 | Max Load: 7.1 | Load Gap: 1.1
Epoch [127/500] | Sampled: 260.69 | Baseline: 255.56 | Improvement: -5.12 | Win Rate: 34.38% | Actor Loss: 0.2701 | Entropy: 0.2079 | Invalid S/B: 0.00/0.00 | Max Load: 7.1 | Load Gap: 1.1
Epoch [128/500] | Sampled: 256.97 | Baseline: 247.72 | Improvement: -9.25 | Win Rate: 18.75% | Actor Loss: -0.1493 | Entropy: 0.1987 | Invalid S/B: 0.00/0.00 | Max Load: 7.1 | Load Gap: 1.1
Epoch [129/500] | Sampled: 255.91 | Baseline: 250.09 | Improvement: -5.81 | Win Rate: 25.00% | Actor Loss: -0.1891 | Entropy: 0.1870 | Invalid S/B: 0.00/0.00 | Max Load: 7.1 | Load Gap: 1.1
Epoch [130/500] | Sampled: 254.09 | Baseline: 253.41 | Improvement: -0.69 | Win Rate: 50.00% | Actor Loss: -0.4654 | Entropy: 0.2081 | Invalid S/B: 0.00/0.00 | Max Load: 7.0 | Load Gap: 1.0
Epoch [131/500] | Sampled: 253.88 | Baseline: 249.88 | Improvement: -4.00 | Win Rate: 25.00% | Actor Loss: 0.0660 | Entropy: 0.2221 | Invalid S/B: 0.00/0.00 | Max Load: 7.1 | Load Gap: 1.1
Epoch [132/500] | Sampled: 250.81 | Baseline: 247.81 | Improvement: -3.00 | Win Rate: 31.25% | Actor Loss: -0.1323 | Entropy: 0.2074 | Invalid S/B: 0.00/0.00 | Max Load: 7.1 | Load Gap: 1.1
Epoch [133/500] | Sampled: 255.22 | Baseline: 250.06 | Improvement: -5.16 | Win Rate: 25.00% | Actor Loss: -0.4924 | Entropy: 0.2050 | Invalid S/B: 0.00/0.00 | Max Load: 7.2 | Load Gap: 1.2
Epoch [134/500] | Sampled: 252.44 | Baseline: 251.69 | Improvement: -0.75 | Win Rate: 43.75% | Actor Loss: 0.0456 | Entropy: 0.1925 | Invalid S/B: 0.00/0.00 | Max Load: 7.0 | Load Gap: 1.0
Epoch [135/500] | Sampled: 253.47 | Baseline: 251.69 | Improvement: -1.78 | Win Rate: 37.50% | Actor Loss: -0.6021 | Entropy: 0.2121 | Invalid S/B: 0.00/0.00 | Max Load: 7.1 | Load Gap: 1.1
Epoch [136/500] | Sampled: 255.91 | Baseline: 251.09 | Improvement: -4.81 | Win Rate: 18.75% | Actor Loss: -0.2472 | Entropy: 0.2178 | Invalid S/B: 0.00/0.00 | Max Load: 7.0 | Load Gap: 1.0
Epoch [137/500] | Sampled: 253.72 | Baseline: 251.62 | Improvement: -2.09 | Win Rate: 43.75% | Actor Loss: -0.2258 | Entropy: 0.2056 | Invalid S/B: 0.00/0.00 | Max Load: 7.1 | Load Gap: 1.1
Epoch [138/500] | Sampled: 254.16 | Baseline: 253.00 | Improvement: -1.16 | Win Rate: 53.12% | Actor Loss: -0.0220 | Entropy: 0.2094 | Invalid S/B: 0.00/0.00 | Max Load: 7.1 | Load Gap: 1.1
Epoch [139/500] | Sampled: 253.16 | Baseline: 252.31 | Improvement: -0.84 | Win Rate: 34.38% | Actor Loss: 0.5261 | Entropy: 0.1930 | Invalid S/B: 0.00/0.00 | Max Load: 7.0 | Load Gap: 1.0
Epoch [140/500] | Sampled: 252.22 | Baseline: 250.56 | Improvement: -1.66 | Win Rate: 28.12% | Actor Loss: 0.3514 | Entropy: 0.1791 | Invalid S/B: 0.00/0.00 | Max Load: 7.1 | Load Gap: 1.1
Epoch [141/500] | Sampled: 253.19 | Baseline: 253.25 | Improvement: 0.06 | Win Rate: 59.38% | Actor Loss: 0.3150 | Entropy: 0.1864 | Invalid S/B: 0.00/0.00 | Max Load: 7.0 | Load Gap: 1.0
Epoch [142/500] | Sampled: 253.97 | Baseline: 251.88 | Improvement: -2.09 | Win Rate: 37.50% | Actor Loss: -0.0598 | Entropy: 0.1748 | Invalid S/B: 0.00/0.00 | Max Load: 7.1 | Load Gap: 1.1
Epoch [143/500] | Sampled: 251.16 | Baseline: 251.03 | Improvement: -0.12 | Win Rate: 46.88% | Actor Loss: -0.5084 | Entropy: 0.1876 | Invalid S/B: 0.00/0.00 | Max Load: 7.1 | Load Gap: 1.1
Epoch [144/500] | Sampled: 249.97 | Baseline: 250.12 | Improvement: 0.16 | Win Rate: 53.12% | Actor Loss: -0.2468 | Entropy: 0.2106 | Invalid S/B: 0.00/0.00 | Max Load: 7.0 | Load Gap: 1.0
Epoch [145/500] | Sampled: 254.88 | Baseline: 251.62 | Improvement: -3.25 | Win Rate: 46.88% | Actor Loss: 0.3334 | Entropy: 0.2165 | Invalid S/B: 0.00/0.00 | Max Load: 7.1 | Load Gap: 1.1
Epoch [146/500] | Sampled: 254.66 | Baseline: 253.00 | Improvement: -1.66 | Win Rate: 46.88% | Actor Loss: -0.1848 | Entropy: 0.1789 | Invalid S/B: 0.00/0.00 | Max Load: 7.1 | Load Gap: 1.1
Epoch [147/500] | Sampled: 253.41 | Baseline: 252.50 | Improvement: -0.91 | Win Rate: 43.75% | Actor Loss: 0.6615 | Entropy: 0.2108 | Invalid S/B: 0.00/0.00 | Max Load: 7.1 | Load Gap: 1.1
Epoch [148/500] | Sampled: 255.66 | Baseline: 253.94 | Improvement: -1.72 | Win Rate: 28.12% | Actor Loss: 0.3946 | Entropy: 0.2004 | Invalid S/B: 0.00/0.00 | Max Load: 7.0 | Load Gap: 1.0
Epoch [149/500] | Sampled: 252.62 | Baseline: 248.59 | Improvement: -4.03 | Win Rate: 34.38% | Actor Loss: -0.4039 | Entropy: 0.1883 | Invalid S/B: 0.00/0.00 | Max Load: 7.1 | Load Gap: 1.1
Epoch [150/500] | Sampled: 254.19 | Baseline: 251.88 | Improvement: -2.31 | Win Rate: 40.62% | Actor Loss: -0.3561 | Entropy: 0.1968 | Invalid S/B: 0.00/0.00 | Max Load: 7.1 | Load Gap: 1.1
   -> Validation | Samples: 50 | Makespan: 250.56 | Invalid Jobs: 0.00
   -> Saved new best model (Val Makespan: 250.56)
Epoch [151/500] | Sampled: 253.97 | Baseline: 256.25 | Improvement: 2.28 | Win Rate: 62.50% | Actor Loss: 0.4219 | Entropy: 0.2026 | Invalid S/B: 0.00/0.00 | Max Load: 7.1 | Load Gap: 1.1
Epoch [152/500] | Sampled: 253.78 | Baseline: 251.66 | Improvement: -2.12 | Win Rate: 43.75% | Actor Loss: -0.1588 | Entropy: 0.2111 | Invalid S/B: 0.00/0.00 | Max Load: 7.2 | Load Gap: 1.2
Epoch [153/500] | Sampled: 256.53 | Baseline: 252.06 | Improvement: -4.47 | Win Rate: 31.25% | Actor Loss: -0.1712 | Entropy: 0.1941 | Invalid S/B: 0.00/0.00 | Max Load: 7.0 | Load Gap: 1.0
Epoch [154/500] | Sampled: 251.47 | Baseline: 252.53 | Improvement: 1.06 | Win Rate: 50.00% | Actor Loss: 0.0489 | Entropy: 0.2191 | Invalid S/B: 0.00/0.00 | Max Load: 7.1 | Load Gap: 1.1
Epoch [155/500] | Sampled: 251.62 | Baseline: 250.56 | Improvement: -1.06 | Win Rate: 50.00% | Actor Loss: 0.0070 | Entropy: 0.1874 | Invalid S/B: 0.00/0.00 | Max Load: 7.0 | Load Gap: 1.0
Epoch [156/500] | Sampled: 254.66 | Baseline: 255.88 | Improvement: 1.22 | Win Rate: 56.25% | Actor Loss: 0.2551 | Entropy: 0.1978 | Invalid S/B: 0.00/0.00 | Max Load: 7.1 | Load Gap: 1.1
Epoch [157/500] | Sampled: 253.25 | Baseline: 254.91 | Improvement: 1.66 | Win Rate: 56.25% | Actor Loss: 0.5835 | Entropy: 0.1931 | Invalid S/B: 0.00/0.00 | Max Load: 7.1 | Load Gap: 1.1
Epoch [158/500] | Sampled: 253.16 | Baseline: 249.19 | Improvement: -3.97 | Win Rate: 25.00% | Actor Loss: -0.1462 | Entropy: 0.1879 | Invalid S/B: 0.00/0.00 | Max Load: 7.1 | Load Gap: 1.1
Epoch [159/500] | Sampled: 255.44 | Baseline: 251.47 | Improvement: -3.97 | Win Rate: 25.00% | Actor Loss: -0.1523 | Entropy: 0.1997 | Invalid S/B: 0.00/0.00 | Max Load: 7.1 | Load Gap: 1.1
Epoch [160/500] | Sampled: 256.97 | Baseline: 251.59 | Improvement: -5.38 | Win Rate: 34.38% | Actor Loss: -0.3282 | Entropy: 0.2065 | Invalid S/B: 0.00/0.00 | Max Load: 7.1 | Load Gap: 1.1
Epoch [161/500] | Sampled: 251.34 | Baseline: 253.94 | Improvement: 2.59 | Win Rate: 53.12% | Actor Loss: -0.3423 | Entropy: 0.2078 | Invalid S/B: 0.00/0.00 | Max Load: 7.1 | Load Gap: 1.1
Epoch [162/500] | Sampled: 252.28 | Baseline: 248.78 | Improvement: -3.50 | Win Rate: 40.62% | Actor Loss: -0.1573 | Entropy: 0.1767 | Invalid S/B: 0.00/0.00 | Max Load: 7.1 | Load Gap: 1.1
Epoch [163/500] | Sampled: 254.19 | Baseline: 249.19 | Improvement: -5.00 | Win Rate: 21.88% | Actor Loss: -0.4656 | Entropy: 0.1800 | Invalid S/B: 0.00/0.00 | Max Load: 7.1 | Load Gap: 1.1
Epoch [164/500] | Sampled: 254.28 | Baseline: 252.38 | Improvement: -1.91 | Win Rate: 34.38% | Actor Loss: -0.1589 | Entropy: 0.1883 | Invalid S/B: 0.00/0.00 | Max Load: 7.0 | Load Gap: 1.0
Epoch [165/500] | Sampled: 255.25 | Baseline: 252.56 | Improvement: -2.69 | Win Rate: 46.88% | Actor Loss: -0.4901 | Entropy: 0.2010 | Invalid S/B: 0.00/0.00 | Max Load: 7.1 | Load Gap: 1.2
Epoch [166/500] | Sampled: 254.03 | Baseline: 250.00 | Improvement: -4.03 | Win Rate: 37.50% | Actor Loss: -0.2096 | Entropy: 0.1987 | Invalid S/B: 0.00/0.00 | Max Load: 7.0 | Load Gap: 1.0
Epoch [167/500] | Sampled: 255.97 | Baseline: 252.41 | Improvement: -3.56 | Win Rate: 31.25% | Actor Loss: -0.4996 | Entropy: 0.2084 | Invalid S/B: 0.00/0.00 | Max Load: 7.1 | Load Gap: 1.1
Epoch [168/500] | Sampled: 254.69 | Baseline: 253.16 | Improvement: -1.53 | Win Rate: 43.75% | Actor Loss: 0.0163 | Entropy: 0.1985 | Invalid S/B: 0.00/0.00 | Max Load: 7.0 | Load Gap: 1.0
Epoch [169/500] | Sampled: 256.06 | Baseline: 252.03 | Improvement: -4.03 | Win Rate: 37.50% | Actor Loss: -0.5808 | Entropy: 0.1954 | Invalid S/B: 0.00/0.00 | Max Load: 7.2 | Load Gap: 1.2
Epoch [170/500] | Sampled: 251.19 | Baseline: 251.75 | Improvement: 0.56 | Win Rate: 43.75% | Actor Loss: -0.5851 | Entropy: 0.1975 | Invalid S/B: 0.00/0.00 | Max Load: 7.0 | Load Gap: 1.0
Epoch [171/500] | Sampled: 254.50 | Baseline: 251.47 | Improvement: -3.03 | Win Rate: 31.25% | Actor Loss: -0.2004 | Entropy: 0.1969 | Invalid S/B: 0.00/0.00 | Max Load: 7.1 | Load Gap: 1.1
Epoch [172/500] | Sampled: 253.44 | Baseline: 254.38 | Improvement: 0.94 | Win Rate: 53.12% | Actor Loss: 0.1631 | Entropy: 0.1920 | Invalid S/B: 0.00/0.00 | Max Load: 7.1 | Load Gap: 1.1
Epoch [173/500] | Sampled: 253.28 | Baseline: 250.06 | Improvement: -3.22 | Win Rate: 50.00% | Actor Loss: -0.6241 | Entropy: 0.1983 | Invalid S/B: 0.00/0.00 | Max Load: 7.2 | Load Gap: 1.2
Epoch [174/500] | Sampled: 258.12 | Baseline: 252.94 | Improvement: -5.19 | Win Rate: 21.88% | Actor Loss: -0.0345 | Entropy: 0.2084 | Invalid S/B: 0.00/0.00 | Max Load: 7.2 | Load Gap: 1.2
Epoch [175/500] | Sampled: 256.47 | Baseline: 253.91 | Improvement: -2.56 | Win Rate: 37.50% | Actor Loss: -0.4549 | Entropy: 0.2327 | Invalid S/B: 0.00/0.00 | Max Load: 7.1 | Load Gap: 1.1
Epoch [176/500] | Sampled: 257.47 | Baseline: 254.53 | Improvement: -2.94 | Win Rate: 37.50% | Actor Loss: -0.0563 | Entropy: 0.2186 | Invalid S/B: 0.00/0.00 | Max Load: 7.1 | Load Gap: 1.1
Epoch [177/500] | Sampled: 256.19 | Baseline: 252.78 | Improvement: -3.41 | Win Rate: 28.12% | Actor Loss: 0.0906 | Entropy: 0.2150 | Invalid S/B: 0.00/0.00 | Max Load: 7.1 | Load Gap: 1.1
Epoch [178/500] | Sampled: 255.91 | Baseline: 254.03 | Improvement: -1.88 | Win Rate: 34.38% | Actor Loss: 0.1843 | Entropy: 0.2187 | Invalid S/B: 0.00/0.00 | Max Load: 7.1 | Load Gap: 1.1
Epoch [179/500] | Sampled: 254.78 | Baseline: 248.97 | Improvement: -5.81 | Win Rate: 34.38% | Actor Loss: -0.7276 | Entropy: 0.2100 | Invalid S/B: 0.00/0.00 | Max Load: 7.1 | Load Gap: 1.1
Epoch [180/500] | Sampled: 257.53 | Baseline: 249.38 | Improvement: -8.16 | Win Rate: 21.88% | Actor Loss: -0.6939 | Entropy: 0.2110 | Invalid S/B: 0.00/0.00 | Max Load: 7.0 | Load Gap: 1.0
Epoch [181/500] | Sampled: 256.75 | Baseline: 252.06 | Improvement: -4.69 | Win Rate: 28.12% | Actor Loss: -0.1608 | Entropy: 0.2191 | Invalid S/B: 0.00/0.00 | Max Load: 7.1 | Load Gap: 1.1
Epoch [182/500] | Sampled: 260.00 | Baseline: 253.69 | Improvement: -6.31 | Win Rate: 15.62% | Actor Loss: -0.5399 | Entropy: 0.1868 | Invalid S/B: 0.00/0.00 | Max Load: 7.2 | Load Gap: 1.2
Epoch [183/500] | Sampled: 256.75 | Baseline: 254.47 | Improvement: -2.28 | Win Rate: 40.62% | Actor Loss: -0.4346 | Entropy: 0.2235 | Invalid S/B: 0.00/0.00 | Max Load: 7.1 | Load Gap: 1.1
Epoch [184/500] | Sampled: 253.06 | Baseline: 248.75 | Improvement: -4.31 | Win Rate: 25.00% | Actor Loss: -0.1584 | Entropy: 0.2061 | Invalid S/B: 0.00/0.00 | Max Load: 7.0 | Load Gap: 1.0
Epoch [185/500] | Sampled: 258.31 | Baseline: 251.81 | Improvement: -6.50 | Win Rate: 28.12% | Actor Loss: -0.0335 | Entropy: 0.2191 | Invalid S/B: 0.00/0.00 | Max Load: 7.1 | Load Gap: 1.1
Epoch [186/500] | Sampled: 259.34 | Baseline: 250.66 | Improvement: -8.69 | Win Rate: 25.00% | Actor Loss: -0.3391 | Entropy: 0.2317 | Invalid S/B: 0.00/0.00 | Max Load: 7.1 | Load Gap: 1.1
Epoch [187/500] | Sampled: 264.06 | Baseline: 255.47 | Improvement: -8.59 | Win Rate: 18.75% | Actor Loss: 0.2700 | Entropy: 0.2250 | Invalid S/B: 0.00/0.00 | Max Load: 7.1 | Load Gap: 1.2
Epoch [188/500] | Sampled: 262.97 | Baseline: 252.16 | Improvement: -10.81 | Win Rate: 21.88% | Actor Loss: -0.4584 | Entropy: 0.2255 | Invalid S/B: 0.00/0.00 | Max Load: 7.2 | Load Gap: 1.3
Epoch [189/500] | Sampled: 262.50 | Baseline: 252.84 | Improvement: -9.66 | Win Rate: 40.62% | Actor Loss: -0.3518 | Entropy: 0.2773 | Invalid S/B: 0.00/0.00 | Max Load: 7.2 | Load Gap: 1.3
Epoch [190/500] | Sampled: 261.28 | Baseline: 253.31 | Improvement: -7.97 | Win Rate: 18.75% | Actor Loss: -0.3644 | Entropy: 0.2950 | Invalid S/B: 0.00/0.00 | Max Load: 7.1 | Load Gap: 1.2
Epoch [191/500] | Sampled: 260.00 | Baseline: 251.25 | Improvement: -8.75 | Win Rate: 28.12% | Actor Loss: -0.3044 | Entropy: 0.3653 | Invalid S/B: 0.00/0.00 | Max Load: 7.1 | Load Gap: 1.2
Epoch [192/500] | Sampled: 271.19 | Baseline: 251.94 | Improvement: -19.25 | Win Rate: 12.50% | Actor Loss: 0.1172 | Entropy: 0.4131 | Invalid S/B: 0.00/0.00 | Max Load: 7.5 | Load Gap: 1.9
Epoch [193/500] | Sampled: 305.00 | Baseline: 253.84 | Improvement: -51.16 | Win Rate: 0.00% | Actor Loss: -0.2728 | Entropy: 0.4209 | Invalid S/B: 0.00/0.00 | Max Load: 8.2 | Load Gap: 3.7
Epoch [194/500] | Sampled: 395.00 | Baseline: 251.00 | Improvement: -144.00 | Win Rate: 0.00% | Actor Loss: 0.1815 | Entropy: 0.3850 | Invalid S/B: 0.12/0.00 | Max Load: 10.5 | Load Gap: 7.3
Epoch [195/500] | Sampled: 442.84 | Baseline: 251.62 | Improvement: -191.22 | Win Rate: 0.00% | Actor Loss: -0.0693 | Entropy: 0.2994 | Invalid S/B: 0.06/0.00 | Max Load: 11.9 | Load Gap: 9.5
Epoch [196/500] | Sampled: 433.41 | Baseline: 250.53 | Improvement: -182.88 | Win Rate: 0.00% | Actor Loss: -0.2992 | Entropy: 0.2766 | Invalid S/B: 0.06/0.00 | Max Load: 11.6 | Load Gap: 9.4
Epoch [197/500] | Sampled: 471.00 | Baseline: 250.38 | Improvement: -220.62 | Win Rate: 0.00% | Actor Loss: 0.4554 | Entropy: 0.2630 | Invalid S/B: 0.09/0.00 | Max Load: 12.4 | Load Gap: 10.2
Epoch [198/500] | Sampled: 460.69 | Baseline: 252.59 | Improvement: -208.09 | Win Rate: 0.00% | Actor Loss: -0.3601 | Entropy: 0.2998 | Invalid S/B: 0.12/0.00 | Max Load: 11.8 | Load Gap: 9.3
Epoch [199/500] | Sampled: 396.94 | Baseline: 252.62 | Improvement: -144.31 | Win Rate: 0.00% | Actor Loss: -0.5921 | Entropy: 0.3485 | Invalid S/B: 0.03/0.00 | Max Load: 10.3 | Load Gap: 7.2
Epoch [200/500] | Sampled: 376.66 | Baseline: 249.53 | Improvement: -127.12 | Win Rate: 0.00% | Actor Loss: 0.3440 | Entropy: 0.3214 | Invalid S/B: 0.00/0.00 | Max Load: 10.0 | Load Gap: 7.2
   -> Validation | Samples: 50 | Makespan: 381.52 | Invalid Jobs: 0.00
   -> Saved updated training chart to /home/wei/AMR-DFJSP/Static_alogorithm/Attention/attention_training_metrics.png
Epoch [201/500] | Sampled: 375.94 | Baseline: 251.81 | Improvement: -124.12 | Win Rate: 0.00% | Actor Loss: 0.1791 | Entropy: 0.3539 | Invalid S/B: 0.00/0.00 | Max Load: 10.0 | Load Gap: 7.3
Epoch [202/500] | Sampled: 351.72 | Baseline: 249.19 | Improvement: -102.53 | Win Rate: 0.00% | Actor Loss: -0.6330 | Entropy: 0.3379 | Invalid S/B: 0.00/0.00 | Max Load: 9.6 | Load Gap: 6.5
Epoch [203/500] | Sampled: 326.41 | Baseline: 250.91 | Improvement: -75.50 | Win Rate: 0.00% | Actor Loss: -1.1197 | Entropy: 0.3593 | Invalid S/B: 0.00/0.00 | Max Load: 8.8 | Load Gap: 5.0
Epoch [204/500] | Sampled: 323.44 | Baseline: 254.69 | Improvement: -68.75 | Win Rate: 0.00% | Actor Loss: 0.4282 | Entropy: 0.3368 | Invalid S/B: 0.00/0.00 | Max Load: 8.8 | Load Gap: 5.0
Epoch [205/500] | Sampled: 318.22 | Baseline: 253.38 | Improvement: -64.84 | Win Rate: 0.00% | Actor Loss: 0.1985 | Entropy: 0.2992 | Invalid S/B: 0.00/0.00 | Max Load: 8.4 | Load Gap: 4.3
Epoch [206/500] | Sampled: 319.88 | Baseline: 252.91 | Improvement: -66.97 | Win Rate: 0.00% | Actor Loss: 0.1164 | Entropy: 0.2909 | Invalid S/B: 0.00/0.00 | Max Load: 8.6 | Load Gap: 4.7
Epoch [207/500] | Sampled: 315.47 | Baseline: 252.81 | Improvement: -62.66 | Win Rate: 0.00% | Actor Loss: -0.4918 | Entropy: 0.3045 | Invalid S/B: 0.00/0.00 | Max Load: 8.4 | Load Gap: 4.4
Epoch [208/500] | Sampled: 309.53 | Baseline: 251.62 | Improvement: -57.91 | Win Rate: 0.00% | Actor Loss: 0.4626 | Entropy: 0.2587 | Invalid S/B: 0.00/0.00 | Max Load: 8.4 | Load Gap: 4.2
Epoch [209/500] | Sampled: 302.81 | Baseline: 251.28 | Improvement: -51.53 | Win Rate: 0.00% | Actor Loss: 0.3830 | Entropy: 0.3140 | Invalid S/B: 0.00/0.00 | Max Load: 8.1 | Load Gap: 3.8
Epoch [210/500] | Sampled: 301.06 | Baseline: 251.06 | Improvement: -50.00 | Win Rate: 0.00% | Actor Loss: -0.0888 | Entropy: 0.2968 | Invalid S/B: 0.00/0.00 | Max Load: 8.2 | Load Gap: 3.8
Epoch [211/500] | Sampled: 305.09 | Baseline: 254.25 | Improvement: -50.84 | Win Rate: 0.00% | Actor Loss: -0.2085 | Entropy: 0.3101 | Invalid S/B: 0.00/0.00 | Max Load: 8.2 | Load Gap: 3.8
Epoch [212/500] | Sampled: 295.06 | Baseline: 250.94 | Improvement: -44.12 | Win Rate: 0.00% | Actor Loss: -0.7308 | Entropy: 0.2884 | Invalid S/B: 0.00/0.00 | Max Load: 8.2 | Load Gap: 3.5
Epoch [213/500] | Sampled: 299.50 | Baseline: 251.34 | Improvement: -48.16 | Win Rate: 0.00% | Actor Loss: -0.5697 | Entropy: 0.2803 | Invalid S/B: 0.00/0.00 | Max Load: 8.1 | Load Gap: 3.4
Epoch [214/500] | Sampled: 302.88 | Baseline: 251.81 | Improvement: -51.06 | Win Rate: 0.00% | Actor Loss: -0.3974 | Entropy: 0.3086 | Invalid S/B: 0.00/0.00 | Max Load: 8.1 | Load Gap: 3.5
Epoch [215/500] | Sampled: 291.84 | Baseline: 251.31 | Improvement: -40.53 | Win Rate: 0.00% | Actor Loss: -1.0562 | Entropy: 0.2835 | Invalid S/B: 0.00/0.00 | Max Load: 8.0 | Load Gap: 3.3
Epoch [216/500] | Sampled: 295.72 | Baseline: 253.22 | Improvement: -42.50 | Win Rate: 0.00% | Actor Loss: 0.7062 | Entropy: 0.3214 | Invalid S/B: 0.00/0.00 | Max Load: 8.0 | Load Gap: 3.2
Epoch [217/500] | Sampled: 291.44 | Baseline: 250.12 | Improvement: -41.31 | Win Rate: 0.00% | Actor Loss: -0.2612 | Entropy: 0.2954 | Invalid S/B: 0.00/0.00 | Max Load: 7.9 | Load Gap: 3.0
Epoch [218/500] | Sampled: 291.69 | Baseline: 252.75 | Improvement: -38.94 | Win Rate: 0.00% | Actor Loss: 0.0100 | Entropy: 0.3015 | Invalid S/B: 0.00/0.00 | Max Load: 7.9 | Load Gap: 2.9
Epoch [219/500] | Sampled: 285.66 | Baseline: 253.25 | Improvement: -32.41 | Win Rate: 3.12% | Actor Loss: -0.3161 | Entropy: 0.3225 | Invalid S/B: 0.00/0.00 | Max Load: 7.8 | Load Gap: 2.7
Epoch [220/500] | Sampled: 282.28 | Baseline: 252.31 | Improvement: -29.97 | Win Rate: 3.12% | Actor Loss: -0.2085 | Entropy: 0.3003 | Invalid S/B: 0.00/0.00 | Max Load: 7.6 | Load Gap: 2.2
Epoch [221/500] | Sampled: 272.06 | Baseline: 252.78 | Improvement: -19.28 | Win Rate: 25.00% | Actor Loss: 0.6361 | Entropy: 0.2974 | Invalid S/B: 0.00/0.00 | Max Load: 7.3 | Load Gap: 1.6
Epoch [222/500] | Sampled: 264.09 | Baseline: 252.09 | Improvement: -12.00 | Win Rate: 25.00% | Actor Loss: -0.4674 | Entropy: 0.2817 | Invalid S/B: 0.00/0.00 | Max Load: 7.2 | Load Gap: 1.5
Epoch [223/500] | Sampled: 265.34 | Baseline: 253.91 | Improvement: -11.44 | Win Rate: 25.00% | Actor Loss: -0.6595 | Entropy: 0.2783 | Invalid S/B: 0.00/0.00 | Max Load: 7.2 | Load Gap: 1.3
Epoch [224/500] | Sampled: 265.78 | Baseline: 252.59 | Improvement: -13.19 | Win Rate: 21.88% | Actor Loss: -0.2697 | Entropy: 0.2758 | Invalid S/B: 0.00/0.00 | Max Load: 7.3 | Load Gap: 1.6
Epoch [225/500] | Sampled: 261.38 | Baseline: 252.00 | Improvement: -9.38 | Win Rate: 28.12% | Actor Loss: -0.6034 | Entropy: 0.2791 | Invalid S/B: 0.00/0.00 | Max Load: 7.1 | Load Gap: 1.2
Epoch [226/500] | Sampled: 260.06 | Baseline: 254.03 | Improvement: -6.03 | Win Rate: 31.25% | Actor Loss: 0.3439 | Entropy: 0.2345 | Invalid S/B: 0.00/0.00 | Max Load: 7.1 | Load Gap: 1.1
Epoch [227/500] | Sampled: 254.88 | Baseline: 254.16 | Improvement: -0.72 | Win Rate: 53.12% | Actor Loss: 0.1239 | Entropy: 0.2655 | Invalid S/B: 0.00/0.00 | Max Load: 7.2 | Load Gap: 1.2
Epoch [228/500] | Sampled: 249.81 | Baseline: 248.16 | Improvement: -1.66 | Win Rate: 37.50% | Actor Loss: -0.8219 | Entropy: 0.2181 | Invalid S/B: 0.00/0.00 | Max Load: 7.1 | Load Gap: 1.1
Epoch [229/500] | Sampled: 254.03 | Baseline: 251.97 | Improvement: -2.06 | Win Rate: 37.50% | Actor Loss: 0.0934 | Entropy: 0.1815 | Invalid S/B: 0.00/0.00 | Max Load: 7.1 | Load Gap: 1.1
Epoch [230/500] | Sampled: 253.31 | Baseline: 253.66 | Improvement: 0.34 | Win Rate: 37.50% | Actor Loss: 0.2709 | Entropy: 0.1864 | Invalid S/B: 0.00/0.00 | Max Load: 7.1 | Load Gap: 1.1
Epoch [231/500] | Sampled: 252.97 | Baseline: 253.22 | Improvement: 0.25 | Win Rate: 50.00% | Actor Loss: -0.5005 | Entropy: 0.1924 | Invalid S/B: 0.00/0.00 | Max Load: 7.1 | Load Gap: 1.1
Epoch [232/500] | Sampled: 252.69 | Baseline: 253.09 | Improvement: 0.41 | Win Rate: 50.00% | Actor Loss: 0.1134 | Entropy: 0.2034 | Invalid S/B: 0.00/0.00 | Max Load: 7.0 | Load Gap: 1.0
Epoch [233/500] | Sampled: 251.47 | Baseline: 251.16 | Improvement: -0.31 | Win Rate: 37.50% | Actor Loss: -0.2170 | Entropy: 0.1801 | Invalid S/B: 0.00/0.00 | Max Load: 7.0 | Load Gap: 1.0
Epoch [234/500] | Sampled: 251.84 | Baseline: 250.72 | Improvement: -1.12 | Win Rate: 37.50% | Actor Loss: -0.2936 | Entropy: 0.1828 | Invalid S/B: 0.00/0.00 | Max Load: 7.0 | Load Gap: 1.0
Epoch [235/500] | Sampled: 250.56 | Baseline: 249.31 | Improvement: -1.25 | Win Rate: 34.38% | Actor Loss: 0.1529 | Entropy: 0.2029 | Invalid S/B: 0.00/0.00 | Max Load: 7.1 | Load Gap: 1.1
Epoch [236/500] | Sampled: 253.38 | Baseline: 252.88 | Improvement: -0.50 | Win Rate: 37.50% | Actor Loss: -0.1960 | Entropy: 0.2053 | Invalid S/B: 0.00/0.00 | Max Load: 7.1 | Load Gap: 1.1
Epoch [237/500] | Sampled: 251.06 | Baseline: 252.72 | Improvement: 1.66 | Win Rate: 46.88% | Actor Loss: 0.4938 | Entropy: 0.1859 | Invalid S/B: 0.00/0.00 | Max Load: 7.1 | Load Gap: 1.1
Epoch [238/500] | Sampled: 249.19 | Baseline: 249.88 | Improvement: 0.69 | Win Rate: 50.00% | Actor Loss: 0.0251 | Entropy: 0.1984 | Invalid S/B: 0.00/0.00 | Max Load: 7.1 | Load Gap: 1.1
Epoch [239/500] | Sampled: 253.38 | Baseline: 251.78 | Improvement: -1.59 | Win Rate: 34.38% | Actor Loss: -0.2949 | Entropy: 0.1985 | Invalid S/B: 0.00/0.00 | Max Load: 7.1 | Load Gap: 1.1
Epoch [240/500] | Sampled: 252.12 | Baseline: 251.72 | Improvement: -0.41 | Win Rate: 46.88% | Actor Loss: 0.3653 | Entropy: 0.1983 | Invalid S/B: 0.00/0.00 | Max Load: 7.1 | Load Gap: 1.1
Epoch [241/500] | Sampled: 254.66 | Baseline: 251.81 | Improvement: -2.84 | Win Rate: 40.62% | Actor Loss: -0.8644 | Entropy: 0.1694 | Invalid S/B: 0.00/0.00 | Max Load: 7.1 | Load Gap: 1.1
Epoch [242/500] | Sampled: 252.94 | Baseline: 251.84 | Improvement: -1.09 | Win Rate: 40.62% | Actor Loss: -0.1890 | Entropy: 0.1775 | Invalid S/B: 0.00/0.00 | Max Load: 7.1 | Load Gap: 1.1
Epoch [243/500] | Sampled: 249.09 | Baseline: 249.72 | Improvement: 0.62 | Win Rate: 37.50% | Actor Loss: 0.0734 | Entropy: 0.2012 | Invalid S/B: 0.00/0.00 | Max Load: 7.1 | Load Gap: 1.1
Epoch [244/500] | Sampled: 253.53 | Baseline: 250.91 | Improvement: -2.62 | Win Rate: 40.62% | Actor Loss: 0.1331 | Entropy: 0.1772 | Invalid S/B: 0.00/0.00 | Max Load: 7.1 | Load Gap: 1.1
Epoch [245/500] | Sampled: 253.97 | Baseline: 250.88 | Improvement: -3.09 | Win Rate: 37.50% | Actor Loss: 0.3287 | Entropy: 0.1876 | Invalid S/B: 0.00/0.00 | Max Load: 7.1 | Load Gap: 1.1
Epoch [246/500] | Sampled: 249.56 | Baseline: 250.16 | Improvement: 0.59 | Win Rate: 53.12% | Actor Loss: 0.0518 | Entropy: 0.1804 | Invalid S/B: 0.00/0.00 | Max Load: 7.0 | Load Gap: 1.0
Epoch [247/500] | Sampled: 253.25 | Baseline: 252.34 | Improvement: -0.91 | Win Rate: 46.88% | Actor Loss: -0.1383 | Entropy: 0.1615 | Invalid S/B: 0.00/0.00 | Max Load: 7.1 | Load Gap: 1.2
Epoch [248/500] | Sampled: 250.19 | Baseline: 251.09 | Improvement: 0.91 | Win Rate: 50.00% | Actor Loss: -0.2574 | Entropy: 0.1784 | Invalid S/B: 0.00/0.00 | Max Load: 7.0 | Load Gap: 1.0
Epoch [249/500] | Sampled: 252.47 | Baseline: 252.00 | Improvement: -0.47 | Win Rate: 43.75% | Actor Loss: -0.8839 | Entropy: 0.1680 | Invalid S/B: 0.00/0.00 | Max Load: 7.1 | Load Gap: 1.1
Epoch [250/500] | Sampled: 255.62 | Baseline: 253.72 | Improvement: -1.91 | Win Rate: 34.38% | Actor Loss: 0.4619 | Entropy: 0.1893 | Invalid S/B: 0.00/0.00 | Max Load: 7.1 | Load Gap: 1.1
   -> Validation | Samples: 50 | Makespan: 251.06 | Invalid Jobs: 0.00
Epoch [251/500] | Sampled: 253.66 | Baseline: 249.84 | Improvement: -3.81 | Win Rate: 31.25% | Actor Loss: 0.2736 | Entropy: 0.1739 | Invalid S/B: 0.00/0.00 | Max Load: 7.1 | Load Gap: 1.1
Epoch [252/500] | Sampled: 248.59 | Baseline: 250.62 | Improvement: 2.03 | Win Rate: 53.12% | Actor Loss: -0.1523 | Entropy: 0.1739 | Invalid S/B: 0.00/0.00 | Max Load: 7.1 | Load Gap: 1.1
Epoch [253/500] | Sampled: 250.78 | Baseline: 251.44 | Improvement: 0.66 | Win Rate: 43.75% | Actor Loss: -0.1236 | Entropy: 0.1681 | Invalid S/B: 0.00/0.00 | Max Load: 7.1 | Load Gap: 1.1
Epoch [254/500] | Sampled: 253.66 | Baseline: 255.28 | Improvement: 1.62 | Win Rate: 59.38% | Actor Loss: 0.5556 | Entropy: 0.1956 | Invalid S/B: 0.00/0.00 | Max Load: 7.1 | Load Gap: 1.1
Epoch [255/500] | Sampled: 251.69 | Baseline: 249.50 | Improvement: -2.19 | Win Rate: 31.25% | Actor Loss: -0.2210 | Entropy: 0.1718 | Invalid S/B: 0.00/0.00 | Max Load: 7.1 | Load Gap: 1.1
Epoch [256/500] | Sampled: 250.34 | Baseline: 251.94 | Improvement: 1.59 | Win Rate: 59.38% | Actor Loss: 0.5620 | Entropy: 0.1986 | Invalid S/B: 0.00/0.00 | Max Load: 7.1 | Load Gap: 1.1
Epoch [257/500] | Sampled: 252.53 | Baseline: 254.19 | Improvement: 1.66 | Win Rate: 53.12% | Actor Loss: -0.2137 | Entropy: 0.2017 | Invalid S/B: 0.00/0.00 | Max Load: 7.1 | Load Gap: 1.1
Epoch [258/500] | Sampled: 253.72 | Baseline: 253.47 | Improvement: -0.25 | Win Rate: 50.00% | Actor Loss: 0.1504 | Entropy: 0.1977 | Invalid S/B: 0.00/0.00 | Max Load: 7.1 | Load Gap: 1.1
Epoch [259/500] | Sampled: 252.34 | Baseline: 255.12 | Improvement: 2.78 | Win Rate: 50.00% | Actor Loss: -0.4175 | Entropy: 0.1791 | Invalid S/B: 0.00/0.00 | Max Load: 7.1 | Load Gap: 1.1
Epoch [260/500] | Sampled: 248.88 | Baseline: 248.22 | Improvement: -0.66 | Win Rate: 43.75% | Actor Loss: 0.2023 | Entropy: 0.1605 | Invalid S/B: 0.00/0.00 | Max Load: 7.1 | Load Gap: 1.1
Epoch [261/500] | Sampled: 253.97 | Baseline: 252.84 | Improvement: -1.12 | Win Rate: 46.88% | Actor Loss: 0.5228 | Entropy: 0.1921 | Invalid S/B: 0.00/0.00 | Max Load: 7.0 | Load Gap: 1.0
Epoch [262/500] | Sampled: 253.50 | Baseline: 254.56 | Improvement: 1.06 | Win Rate: 50.00% | Actor Loss: 0.1378 | Entropy: 0.2004 | Invalid S/B: 0.00/0.00 | Max Load: 7.1 | Load Gap: 1.1
Epoch [263/500] | Sampled: 251.88 | Baseline: 249.69 | Improvement: -2.19 | Win Rate: 31.25% | Actor Loss: 0.1199 | Entropy: 0.1832 | Invalid S/B: 0.00/0.00 | Max Load: 7.1 | Load Gap: 1.1
Epoch [264/500] | Sampled: 252.94 | Baseline: 249.25 | Improvement: -3.69 | Win Rate: 37.50% | Actor Loss: -0.2752 | Entropy: 0.1935 | Invalid S/B: 0.00/0.00 | Max Load: 7.0 | Load Gap: 1.0
Epoch [265/500] | Sampled: 249.88 | Baseline: 249.59 | Improvement: -0.28 | Win Rate: 50.00% | Actor Loss: 0.0517 | Entropy: 0.1838 | Invalid S/B: 0.00/0.00 | Max Load: 7.1 | Load Gap: 1.1
Epoch [266/500] | Sampled: 249.31 | Baseline: 251.09 | Improvement: 1.78 | Win Rate: 56.25% | Actor Loss: -0.0029 | Entropy: 0.1767 | Invalid S/B: 0.00/0.00 | Max Load: 7.1 | Load Gap: 1.1
Epoch [267/500] | Sampled: 250.72 | Baseline: 251.53 | Improvement: 0.81 | Win Rate: 46.88% | Actor Loss: 0.3455 | Entropy: 0.1797 | Invalid S/B: 0.00/0.00 | Max Load: 7.2 | Load Gap: 1.2
Epoch [268/500] | Sampled: 249.12 | Baseline: 249.72 | Improvement: 0.59 | Win Rate: 46.88% | Actor Loss: 0.4616 | Entropy: 0.1762 | Invalid S/B: 0.00/0.00 | Max Load: 7.1 | Load Gap: 1.2
Epoch [269/500] | Sampled: 254.66 | Baseline: 253.16 | Improvement: -1.50 | Win Rate: 34.38% | Actor Loss: -0.4524 | Entropy: 0.1923 | Invalid S/B: 0.00/0.00 | Max Load: 7.0 | Load Gap: 1.0
Epoch [270/500] | Sampled: 249.69 | Baseline: 249.88 | Improvement: 0.19 | Win Rate: 50.00% | Actor Loss: -0.0979 | Entropy: 0.1580 | Invalid S/B: 0.00/0.00 | Max Load: 7.0 | Load Gap: 1.0
Epoch [271/500] | Sampled: 249.38 | Baseline: 250.31 | Improvement: 0.94 | Win Rate: 50.00% | Actor Loss: 0.4337 | Entropy: 0.1886 | Invalid S/B: 0.00/0.00 | Max Load: 7.2 | Load Gap: 1.2
Epoch [272/500] | Sampled: 252.22 | Baseline: 249.47 | Improvement: -2.75 | Win Rate: 40.62% | Actor Loss: -0.1084 | Entropy: 0.1702 | Invalid S/B: 0.00/0.00 | Max Load: 7.1 | Load Gap: 1.1
Epoch [273/500] | Sampled: 249.81 | Baseline: 250.09 | Improvement: 0.28 | Win Rate: 40.62% | Actor Loss: -0.3778 | Entropy: 0.1697 | Invalid S/B: 0.00/0.00 | Max Load: 7.2 | Load Gap: 1.2
Epoch [274/500] | Sampled: 253.06 | Baseline: 250.78 | Improvement: -2.28 | Win Rate: 43.75% | Actor Loss: 0.0284 | Entropy: 0.1926 | Invalid S/B: 0.00/0.00 | Max Load: 7.0 | Load Gap: 1.0
Epoch [275/500] | Sampled: 251.47 | Baseline: 252.38 | Improvement: 0.91 | Win Rate: 50.00% | Actor Loss: -0.2547 | Entropy: 0.1946 | Invalid S/B: 0.00/0.00 | Max Load: 7.1 | Load Gap: 1.1
Epoch [276/500] | Sampled: 251.56 | Baseline: 253.38 | Improvement: 1.81 | Win Rate: 53.12% | Actor Loss: -0.2719 | Entropy: 0.1895 | Invalid S/B: 0.00/0.00 | Max Load: 7.2 | Load Gap: 1.2
Epoch [277/500] | Sampled: 249.03 | Baseline: 250.28 | Improvement: 1.25 | Win Rate: 56.25% | Actor Loss: 0.0928 | Entropy: 0.1795 | Invalid S/B: 0.00/0.00 | Max Load: 7.1 | Load Gap: 1.1
Epoch [278/500] | Sampled: 252.22 | Baseline: 252.03 | Improvement: -0.19 | Win Rate: 43.75% | Actor Loss: -0.4340 | Entropy: 0.1784 | Invalid S/B: 0.00/0.00 | Max Load: 7.0 | Load Gap: 1.0
Epoch [279/500] | Sampled: 254.72 | Baseline: 252.69 | Improvement: -2.03 | Win Rate: 37.50% | Actor Loss: 0.0955 | Entropy: 0.2083 | Invalid S/B: 0.00/0.00 | Max Load: 7.1 | Load Gap: 1.1
Epoch [280/500] | Sampled: 252.34 | Baseline: 253.31 | Improvement: 0.97 | Win Rate: 46.88% | Actor Loss: -0.1827 | Entropy: 0.2030 | Invalid S/B: 0.00/0.00 | Max Load: 7.2 | Load Gap: 1.2
Epoch [281/500] | Sampled: 253.69 | Baseline: 253.22 | Improvement: -0.47 | Win Rate: 40.62% | Actor Loss: -0.5360 | Entropy: 0.1827 | Invalid S/B: 0.00/0.00 | Max Load: 7.0 | Load Gap: 1.0
Epoch [282/500] | Sampled: 250.28 | Baseline: 248.38 | Improvement: -1.91 | Win Rate: 43.75% | Actor Loss: -0.0720 | Entropy: 0.1807 | Invalid S/B: 0.00/0.00 | Max Load: 7.0 | Load Gap: 1.0
Epoch [283/500] | Sampled: 256.06 | Baseline: 255.88 | Improvement: -0.19 | Win Rate: 53.12% | Actor Loss: -0.0209 | Entropy: 0.2114 | Invalid S/B: 0.00/0.00 | Max Load: 7.0 | Load Gap: 1.0
Epoch [284/500] | Sampled: 253.72 | Baseline: 254.31 | Improvement: 0.59 | Win Rate: 46.88% | Actor Loss: 0.3792 | Entropy: 0.1682 | Invalid S/B: 0.00/0.00 | Max Load: 7.0 | Load Gap: 1.1
Epoch [285/500] | Sampled: 253.59 | Baseline: 252.38 | Improvement: -1.22 | Win Rate: 50.00% | Actor Loss: 0.0668 | Entropy: 0.1806 | Invalid S/B: 0.00/0.00 | Max Load: 7.1 | Load Gap: 1.1
Epoch [286/500] | Sampled: 248.62 | Baseline: 251.22 | Improvement: 2.59 | Win Rate: 56.25% | Actor Loss: 0.1333 | Entropy: 0.1823 | Invalid S/B: 0.00/0.00 | Max Load: 7.0 | Load Gap: 1.0
Epoch [287/500] | Sampled: 250.56 | Baseline: 252.75 | Improvement: 2.19 | Win Rate: 56.25% | Actor Loss: -0.1260 | Entropy: 0.1801 | Invalid S/B: 0.00/0.00 | Max Load: 7.1 | Load Gap: 1.1
Epoch [288/500] | Sampled: 249.06 | Baseline: 251.47 | Improvement: 2.41 | Win Rate: 53.12% | Actor Loss: 0.0103 | Entropy: 0.1946 | Invalid S/B: 0.00/0.00 | Max Load: 7.1 | Load Gap: 1.1
Epoch [289/500] | Sampled: 251.31 | Baseline: 253.81 | Improvement: 2.50 | Win Rate: 59.38% | Actor Loss: -0.3496 | Entropy: 0.2062 | Invalid S/B: 0.00/0.00 | Max Load: 7.1 | Load Gap: 1.1
Epoch [290/500] | Sampled: 254.53 | Baseline: 255.12 | Improvement: 0.59 | Win Rate: 43.75% | Actor Loss: 0.2743 | Entropy: 0.1889 | Invalid S/B: 0.00/0.00 | Max Load: 7.1 | Load Gap: 1.1
Epoch [291/500] | Sampled: 249.03 | Baseline: 250.12 | Improvement: 1.09 | Win Rate: 37.50% | Actor Loss: 0.5433 | Entropy: 0.1676 | Invalid S/B: 0.00/0.00 | Max Load: 7.2 | Load Gap: 1.2
Epoch [292/500] | Sampled: 253.44 | Baseline: 251.72 | Improvement: -1.72 | Win Rate: 37.50% | Actor Loss: -0.1095 | Entropy: 0.1870 | Invalid S/B: 0.00/0.00 | Max Load: 7.1 | Load Gap: 1.1
Epoch [293/500] | Sampled: 254.47 | Baseline: 255.53 | Improvement: 1.06 | Win Rate: 50.00% | Actor Loss: 0.4854 | Entropy: 0.2127 | Invalid S/B: 0.00/0.00 | Max Load: 7.1 | Load Gap: 1.1
Epoch [294/500] | Sampled: 248.84 | Baseline: 249.03 | Improvement: 0.19 | Win Rate: 43.75% | Actor Loss: 0.6779 | Entropy: 0.1767 | Invalid S/B: 0.00/0.00 | Max Load: 7.1 | Load Gap: 1.1
Epoch [295/500] | Sampled: 252.75 | Baseline: 253.28 | Improvement: 0.53 | Win Rate: 46.88% | Actor Loss: -0.1260 | Entropy: 0.1996 | Invalid S/B: 0.00/0.00 | Max Load: 7.1 | Load Gap: 1.1
Epoch [296/500] | Sampled: 255.94 | Baseline: 253.88 | Improvement: -2.06 | Win Rate: 46.88% | Actor Loss: 0.0837 | Entropy: 0.1922 | Invalid S/B: 0.00/0.00 | Max Load: 7.0 | Load Gap: 1.0
Epoch [297/500] | Sampled: 251.75 | Baseline: 252.59 | Improvement: 0.84 | Win Rate: 59.38% | Actor Loss: 0.4017 | Entropy: 0.2070 | Invalid S/B: 0.00/0.00 | Max Load: 7.1 | Load Gap: 1.1
Epoch [298/500] | Sampled: 250.91 | Baseline: 251.78 | Improvement: 0.88 | Win Rate: 59.38% | Actor Loss: 0.2978 | Entropy: 0.1942 | Invalid S/B: 0.00/0.00 | Max Load: 7.0 | Load Gap: 1.0
Epoch [299/500] | Sampled: 250.16 | Baseline: 250.53 | Improvement: 0.38 | Win Rate: 53.12% | Actor Loss: -0.0411 | Entropy: 0.1766 | Invalid S/B: 0.00/0.00 | Max Load: 7.1 | Load Gap: 1.2
Epoch [300/500] | Sampled: 254.22 | Baseline: 252.53 | Improvement: -1.69 | Win Rate: 40.62% | Actor Loss: -0.6183 | Entropy: 0.2054 | Invalid S/B: 0.00/0.00 | Max Load: 7.0 | Load Gap: 1.0
   -> Validation | Samples: 50 | Makespan: 250.72 | Invalid Jobs: 0.00
   -> Saved updated training chart to /home/wei/AMR-DFJSP/Static_alogorithm/Attention/attention_training_metrics.png
Epoch [301/500] | Sampled: 252.19 | Baseline: 253.78 | Improvement: 1.59 | Win Rate: 53.12% | Actor Loss: -0.0796 | Entropy: 0.1886 | Invalid S/B: 0.00/0.00 | Max Load: 7.1 | Load Gap: 1.1
Epoch [302/500] | Sampled: 252.69 | Baseline: 251.50 | Improvement: -1.19 | Win Rate: 40.62% | Actor Loss: 0.9360 | Entropy: 0.1808 | Invalid S/B: 0.00/0.00 | Max Load: 7.0 | Load Gap: 1.0
Epoch [303/500] | Sampled: 252.00 | Baseline: 254.12 | Improvement: 2.12 | Win Rate: 59.38% | Actor Loss: -0.0256 | Entropy: 0.1933 | Invalid S/B: 0.00/0.00 | Max Load: 7.0 | Load Gap: 1.0
Epoch [304/500] | Sampled: 255.00 | Baseline: 252.41 | Improvement: -2.59 | Win Rate: 50.00% | Actor Loss: -0.1798 | Entropy: 0.1687 | Invalid S/B: 0.00/0.00 | Max Load: 7.0 | Load Gap: 1.0
Epoch [305/500] | Sampled: 252.47 | Baseline: 250.59 | Improvement: -1.88 | Win Rate: 40.62% | Actor Loss: 0.1738 | Entropy: 0.1856 | Invalid S/B: 0.00/0.00 | Max Load: 7.1 | Load Gap: 1.1
Epoch [306/500] | Sampled: 252.47 | Baseline: 253.44 | Improvement: 0.97 | Win Rate: 50.00% | Actor Loss: 0.0871 | Entropy: 0.1824 | Invalid S/B: 0.00/0.00 | Max Load: 7.1 | Load Gap: 1.1
Epoch [307/500] | Sampled: 250.50 | Baseline: 250.41 | Improvement: -0.09 | Win Rate: 46.88% | Actor Loss: -0.5916 | Entropy: 0.2097 | Invalid S/B: 0.00/0.00 | Max Load: 7.0 | Load Gap: 1.0
Epoch [308/500] | Sampled: 249.69 | Baseline: 250.75 | Improvement: 1.06 | Win Rate: 37.50% | Actor Loss: -0.6002 | Entropy: 0.1736 | Invalid S/B: 0.00/0.00 | Max Load: 7.1 | Load Gap: 1.1
Epoch [309/500] | Sampled: 253.75 | Baseline: 251.50 | Improvement: -2.25 | Win Rate: 37.50% | Actor Loss: -0.7802 | Entropy: 0.1820 | Invalid S/B: 0.00/0.00 | Max Load: 7.1 | Load Gap: 1.1
Epoch [310/500] | Sampled: 253.84 | Baseline: 251.78 | Improvement: -2.06 | Win Rate: 31.25% | Actor Loss: -0.2383 | Entropy: 0.2000 | Invalid S/B: 0.00/0.00 | Max Load: 7.0 | Load Gap: 1.0
Epoch [311/500] | Sampled: 254.47 | Baseline: 253.91 | Improvement: -0.56 | Win Rate: 43.75% | Actor Loss: 0.3330 | Entropy: 0.1945 | Invalid S/B: 0.00/0.00 | Max Load: 7.1 | Load Gap: 1.1
Epoch [312/500] | Sampled: 255.16 | Baseline: 254.66 | Improvement: -0.50 | Win Rate: 53.12% | Actor Loss: 0.0304 | Entropy: 0.2024 | Invalid S/B: 0.00/0.00 | Max Load: 7.1 | Load Gap: 1.1
Epoch [313/500] | Sampled: 251.09 | Baseline: 253.69 | Improvement: 2.59 | Win Rate: 53.12% | Actor Loss: -0.2848 | Entropy: 0.1887 | Invalid S/B: 0.00/0.00 | Max Load: 7.2 | Load Gap: 1.2
Epoch [314/500] | Sampled: 252.94 | Baseline: 254.69 | Improvement: 1.75 | Win Rate: 50.00% | Actor Loss: 0.2936 | Entropy: 0.1918 | Invalid S/B: 0.00/0.00 | Max Load: 7.1 | Load Gap: 1.1
Epoch [315/500] | Sampled: 251.44 | Baseline: 253.81 | Improvement: 2.38 | Win Rate: 62.50% | Actor Loss: 0.2603 | Entropy: 0.1775 | Invalid S/B: 0.00/0.00 | Max Load: 7.0 | Load Gap: 1.0
Epoch [316/500] | Sampled: 253.16 | Baseline: 251.66 | Improvement: -1.50 | Win Rate: 34.38% | Actor Loss: 0.1393 | Entropy: 0.1940 | Invalid S/B: 0.00/0.00 | Max Load: 7.0 | Load Gap: 1.0
Epoch [317/500] | Sampled: 252.09 | Baseline: 249.50 | Improvement: -2.59 | Win Rate: 34.38% | Actor Loss: -0.1595 | Entropy: 0.1739 | Invalid S/B: 0.00/0.00 | Max Load: 7.1 | Load Gap: 1.1
Epoch [318/500] | Sampled: 255.31 | Baseline: 254.72 | Improvement: -0.59 | Win Rate: 43.75% | Actor Loss: 0.3009 | Entropy: 0.2067 | Invalid S/B: 0.00/0.00 | Max Load: 7.0 | Load Gap: 1.0
Epoch [319/500] | Sampled: 254.16 | Baseline: 253.38 | Improvement: -0.78 | Win Rate: 43.75% | Actor Loss: 0.0086 | Entropy: 0.1949 | Invalid S/B: 0.00/0.00 | Max Load: 7.1 | Load Gap: 1.1
Epoch [320/500] | Sampled: 252.56 | Baseline: 254.53 | Improvement: 1.97 | Win Rate: 53.12% | Actor Loss: 0.3237 | Entropy: 0.1900 | Invalid S/B: 0.00/0.00 | Max Load: 7.1 | Load Gap: 1.1
Epoch [321/500] | Sampled: 254.47 | Baseline: 251.56 | Improvement: -2.91 | Win Rate: 34.38% | Actor Loss: 0.0997 | Entropy: 0.1824 | Invalid S/B: 0.00/0.00 | Max Load: 7.1 | Load Gap: 1.1
Epoch [322/500] | Sampled: 257.88 | Baseline: 253.06 | Improvement: -4.81 | Win Rate: 25.00% | Actor Loss: 0.1957 | Entropy: 0.1737 | Invalid S/B: 0.00/0.00 | Max Load: 7.0 | Load Gap: 1.0
Epoch [323/500] | Sampled: 251.12 | Baseline: 250.44 | Improvement: -0.69 | Win Rate: 37.50% | Actor Loss: -0.0381 | Entropy: 0.1944 | Invalid S/B: 0.00/0.00 | Max Load: 7.0 | Load Gap: 1.0
Epoch [324/500] | Sampled: 249.56 | Baseline: 248.78 | Improvement: -0.78 | Win Rate: 40.62% | Actor Loss: -0.2143 | Entropy: 0.1767 | Invalid S/B: 0.00/0.00 | Max Load: 7.2 | Load Gap: 1.2
Epoch [325/500] | Sampled: 252.97 | Baseline: 251.53 | Improvement: -1.44 | Win Rate: 46.88% | Actor Loss: -0.5566 | Entropy: 0.1820 | Invalid S/B: 0.00/0.00 | Max Load: 7.0 | Load Gap: 1.0
Epoch [326/500] | Sampled: 250.22 | Baseline: 249.12 | Improvement: -1.09 | Win Rate: 40.62% | Actor Loss: -0.2478 | Entropy: 0.1952 | Invalid S/B: 0.00/0.00 | Max Load: 7.1 | Load Gap: 1.1
Epoch [327/500] | Sampled: 252.00 | Baseline: 252.31 | Improvement: 0.31 | Win Rate: 40.62% | Actor Loss: -0.0941 | Entropy: 0.1915 | Invalid S/B: 0.00/0.00 | Max Load: 7.1 | Load Gap: 1.1
Epoch [328/500] | Sampled: 252.44 | Baseline: 249.53 | Improvement: -2.91 | Win Rate: 34.38% | Actor Loss: -0.1789 | Entropy: 0.1767 | Invalid S/B: 0.00/0.00 | Max Load: 7.0 | Load Gap: 1.0
Epoch [329/500] | Sampled: 255.66 | Baseline: 252.72 | Improvement: -2.94 | Win Rate: 31.25% | Actor Loss: -0.0721 | Entropy: 0.1965 | Invalid S/B: 0.00/0.00 | Max Load: 7.0 | Load Gap: 1.0
Epoch [330/500] | Sampled: 254.06 | Baseline: 255.12 | Improvement: 1.06 | Win Rate: 43.75% | Actor Loss: 0.5677 | Entropy: 0.1961 | Invalid S/B: 0.00/0.00 | Max Load: 7.1 | Load Gap: 1.1
Epoch [331/500] | Sampled: 253.19 | Baseline: 253.19 | Improvement: 0.00 | Win Rate: 46.88% | Actor Loss: -0.1606 | Entropy: 0.1853 | Invalid S/B: 0.00/0.00 | Max Load: 7.0 | Load Gap: 1.0
Epoch [332/500] | Sampled: 253.19 | Baseline: 255.81 | Improvement: 2.62 | Win Rate: 53.12% | Actor Loss: 0.4254 | Entropy: 0.1940 | Invalid S/B: 0.00/0.00 | Max Load: 7.1 | Load Gap: 1.1
Epoch [333/500] | Sampled: 251.12 | Baseline: 249.69 | Improvement: -1.44 | Win Rate: 43.75% | Actor Loss: 0.1919 | Entropy: 0.1882 | Invalid S/B: 0.00/0.00 | Max Load: 7.1 | Load Gap: 1.1
Epoch [334/500] | Sampled: 251.81 | Baseline: 251.81 | Improvement: 0.00 | Win Rate: 43.75% | Actor Loss: -0.1130 | Entropy: 0.1762 | Invalid S/B: 0.00/0.00 | Max Load: 7.1 | Load Gap: 1.1
Epoch [335/500] | Sampled: 252.62 | Baseline: 250.84 | Improvement: -1.78 | Win Rate: 34.38% | Actor Loss: -0.2240 | Entropy: 0.1603 | Invalid S/B: 0.00/0.00 | Max Load: 7.1 | Load Gap: 1.1
Epoch [336/500] | Sampled: 252.56 | Baseline: 251.59 | Improvement: -0.97 | Win Rate: 43.75% | Actor Loss: 0.0666 | Entropy: 0.1705 | Invalid S/B: 0.00/0.00 | Max Load: 7.1 | Load Gap: 1.2
Epoch [337/500] | Sampled: 254.06 | Baseline: 253.47 | Improvement: -0.59 | Win Rate: 53.12% | Actor Loss: -0.1510 | Entropy: 0.2014 | Invalid S/B: 0.00/0.00 | Max Load: 7.0 | Load Gap: 1.0
Epoch [338/500] | Sampled: 254.03 | Baseline: 252.12 | Improvement: -1.91 | Win Rate: 34.38% | Actor Loss: 0.1242 | Entropy: 0.1666 | Invalid S/B: 0.00/0.00 | Max Load: 7.1 | Load Gap: 1.1
Epoch [339/500] | Sampled: 253.41 | Baseline: 254.28 | Improvement: 0.88 | Win Rate: 50.00% | Actor Loss: 0.1565 | Entropy: 0.1781 | Invalid S/B: 0.00/0.00 | Max Load: 7.1 | Load Gap: 1.1
Epoch [340/500] | Sampled: 253.03 | Baseline: 246.56 | Improvement: -6.47 | Win Rate: 12.50% | Actor Loss: 0.3503 | Entropy: 0.1928 | Invalid S/B: 0.00/0.00 | Max Load: 7.1 | Load Gap: 1.1
Epoch [341/500] | Sampled: 252.50 | Baseline: 250.00 | Improvement: -2.50 | Win Rate: 25.00% | Actor Loss: 0.3711 | Entropy: 0.1697 | Invalid S/B: 0.00/0.00 | Max Load: 7.1 | Load Gap: 1.1
Epoch [342/500] | Sampled: 253.66 | Baseline: 250.72 | Improvement: -2.94 | Win Rate: 50.00% | Actor Loss: -0.2171 | Entropy: 0.1458 | Invalid S/B: 0.00/0.00 | Max Load: 7.1 | Load Gap: 1.1
Epoch [343/500] | Sampled: 256.94 | Baseline: 253.03 | Improvement: -3.91 | Win Rate: 28.12% | Actor Loss: 0.2434 | Entropy: 0.1739 | Invalid S/B: 0.00/0.00 | Max Load: 7.1 | Load Gap: 1.1
Epoch [344/500] | Sampled: 251.31 | Baseline: 247.56 | Improvement: -3.75 | Win Rate: 31.25% | Actor Loss: -0.3832 | Entropy: 0.1634 | Invalid S/B: 0.00/0.00 | Max Load: 7.2 | Load Gap: 1.2
Epoch [345/500] | Sampled: 251.62 | Baseline: 248.91 | Improvement: -2.72 | Win Rate: 43.75% | Actor Loss: -0.2328 | Entropy: 0.1650 | Invalid S/B: 0.00/0.00 | Max Load: 7.1 | Load Gap: 1.1
Epoch [346/500] | Sampled: 250.50 | Baseline: 250.09 | Improvement: -0.41 | Win Rate: 46.88% | Actor Loss: 0.1241 | Entropy: 0.1549 | Invalid S/B: 0.00/0.00 | Max Load: 7.1 | Load Gap: 1.1
Epoch [347/500] | Sampled: 253.72 | Baseline: 252.69 | Improvement: -1.03 | Win Rate: 43.75% | Actor Loss: 0.5117 | Entropy: 0.1765 | Invalid S/B: 0.00/0.00 | Max Load: 7.1 | Load Gap: 1.1
Epoch [348/500] | Sampled: 251.84 | Baseline: 248.59 | Improvement: -3.25 | Win Rate: 40.62% | Actor Loss: 0.0795 | Entropy: 0.1899 | Invalid S/B: 0.00/0.00 | Max Load: 7.0 | Load Gap: 1.0
Epoch [349/500] | Sampled: 252.22 | Baseline: 251.72 | Improvement: -0.50 | Win Rate: 46.88% | Actor Loss: -0.5656 | Entropy: 0.1649 | Invalid S/B: 0.00/0.00 | Max Load: 7.1 | Load Gap: 1.1
Epoch [350/500] | Sampled: 250.59 | Baseline: 250.41 | Improvement: -0.19 | Win Rate: 50.00% | Actor Loss: 0.4874 | Entropy: 0.1586 | Invalid S/B: 0.00/0.00 | Max Load: 7.1 | Load Gap: 1.1
   -> Validation | Samples: 50 | Makespan: 251.14 | Invalid Jobs: 0.00
Epoch [351/500] | Sampled: 252.22 | Baseline: 251.59 | Improvement: -0.62 | Win Rate: 43.75% | Actor Loss: -0.4881 | Entropy: 0.1718 | Invalid S/B: 0.00/0.00 | Max Load: 7.1 | Load Gap: 1.1
Epoch [352/500] | Sampled: 252.41 | Baseline: 252.06 | Improvement: -0.34 | Win Rate: 46.88% | Actor Loss: 0.2169 | Entropy: 0.1704 | Invalid S/B: 0.00/0.00 | Max Load: 7.0 | Load Gap: 1.0
Epoch [353/500] | Sampled: 250.25 | Baseline: 248.44 | Improvement: -1.81 | Win Rate: 40.62% | Actor Loss: -0.6527 | Entropy: 0.1758 | Invalid S/B: 0.00/0.00 | Max Load: 7.1 | Load Gap: 1.1
Epoch [354/500] | Sampled: 250.19 | Baseline: 248.88 | Improvement: -1.31 | Win Rate: 50.00% | Actor Loss: -0.0283 | Entropy: 0.1632 | Invalid S/B: 0.00/0.00 | Max Load: 7.2 | Load Gap: 1.2
Epoch [355/500] | Sampled: 252.69 | Baseline: 254.50 | Improvement: 1.81 | Win Rate: 62.50% | Actor Loss: 0.2829 | Entropy: 0.1624 | Invalid S/B: 0.00/0.00 | Max Load: 7.0 | Load Gap: 1.0
Epoch [356/500] | Sampled: 251.12 | Baseline: 249.97 | Improvement: -1.16 | Win Rate: 40.62% | Actor Loss: 0.2017 | Entropy: 0.1810 | Invalid S/B: 0.00/0.00 | Max Load: 7.1 | Load Gap: 1.1
Epoch [357/500] | Sampled: 250.88 | Baseline: 252.16 | Improvement: 1.28 | Win Rate: 50.00% | Actor Loss: 0.1405 | Entropy: 0.1521 | Invalid S/B: 0.00/0.00 | Max Load: 7.1 | Load Gap: 1.1
Epoch [358/500] | Sampled: 249.38 | Baseline: 250.38 | Improvement: 1.00 | Win Rate: 50.00% | Actor Loss: -0.1614 | Entropy: 0.1671 | Invalid S/B: 0.00/0.00 | Max Load: 7.0 | Load Gap: 1.0
Epoch [359/500] | Sampled: 253.00 | Baseline: 252.00 | Improvement: -1.00 | Win Rate: 53.12% | Actor Loss: -0.6447 | Entropy: 0.1774 | Invalid S/B: 0.00/0.00 | Max Load: 7.2 | Load Gap: 1.2
Epoch [360/500] | Sampled: 253.41 | Baseline: 252.41 | Improvement: -1.00 | Win Rate: 31.25% | Actor Loss: 0.5084 | Entropy: 0.1710 | Invalid S/B: 0.00/0.00 | Max Load: 7.1 | Load Gap: 1.1
Epoch [361/500] | Sampled: 251.56 | Baseline: 253.72 | Improvement: 2.16 | Win Rate: 50.00% | Actor Loss: 0.6660 | Entropy: 0.1754 | Invalid S/B: 0.00/0.00 | Max Load: 7.1 | Load Gap: 1.1
Epoch [362/500] | Sampled: 253.84 | Baseline: 253.19 | Improvement: -0.66 | Win Rate: 46.88% | Actor Loss: 0.4147 | Entropy: 0.1751 | Invalid S/B: 0.00/0.00 | Max Load: 7.1 | Load Gap: 1.1
Epoch [363/500] | Sampled: 252.12 | Baseline: 252.78 | Improvement: 0.66 | Win Rate: 65.62% | Actor Loss: 0.1385 | Entropy: 0.1527 | Invalid S/B: 0.00/0.00 | Max Load: 7.0 | Load Gap: 1.0
Epoch [364/500] | Sampled: 253.50 | Baseline: 253.09 | Improvement: -0.41 | Win Rate: 37.50% | Actor Loss: 0.2054 | Entropy: 0.1718 | Invalid S/B: 0.00/0.00 | Max Load: 7.1 | Load Gap: 1.1
Epoch [365/500] | Sampled: 252.44 | Baseline: 250.56 | Improvement: -1.88 | Win Rate: 31.25% | Actor Loss: 0.1814 | Entropy: 0.1615 | Invalid S/B: 0.00/0.00 | Max Load: 7.1 | Load Gap: 1.1
Epoch [366/500] | Sampled: 251.56 | Baseline: 253.50 | Improvement: 1.94 | Win Rate: 50.00% | Actor Loss: -0.1836 | Entropy: 0.1573 | Invalid S/B: 0.00/0.00 | Max Load: 7.1 | Load Gap: 1.1
Epoch [367/500] | Sampled: 252.72 | Baseline: 252.34 | Improvement: -0.38 | Win Rate: 46.88% | Actor Loss: -0.2097 | Entropy: 0.1788 | Invalid S/B: 0.00/0.00 | Max Load: 7.1 | Load Gap: 1.1
Epoch [368/500] | Sampled: 253.00 | Baseline: 253.00 | Improvement: 0.00 | Win Rate: 50.00% | Actor Loss: 0.0145 | Entropy: 0.1684 | Invalid S/B: 0.00/0.00 | Max Load: 7.1 | Load Gap: 1.1
Epoch [369/500] | Sampled: 250.22 | Baseline: 249.53 | Improvement: -0.69 | Win Rate: 50.00% | Actor Loss: -0.1718 | Entropy: 0.1797 | Invalid S/B: 0.00/0.00 | Max Load: 7.1 | Load Gap: 1.1
Epoch [370/500] | Sampled: 251.75 | Baseline: 252.00 | Improvement: 0.25 | Win Rate: 53.12% | Actor Loss: 0.0739 | Entropy: 0.1598 | Invalid S/B: 0.00/0.00 | Max Load: 7.1 | Load Gap: 1.1
Epoch [371/500] | Sampled: 252.22 | Baseline: 251.16 | Improvement: -1.06 | Win Rate: 53.12% | Actor Loss: -0.0524 | Entropy: 0.1490 | Invalid S/B: 0.00/0.00 | Max Load: 7.1 | Load Gap: 1.1
Epoch [372/500] | Sampled: 252.78 | Baseline: 252.72 | Improvement: -0.06 | Win Rate: 43.75% | Actor Loss: -0.2191 | Entropy: 0.1455 | Invalid S/B: 0.00/0.00 | Max Load: 7.1 | Load Gap: 1.1
Epoch [373/500] | Sampled: 252.81 | Baseline: 251.47 | Improvement: -1.34 | Win Rate: 31.25% | Actor Loss: 0.0117 | Entropy: 0.1668 | Invalid S/B: 0.00/0.00 | Max Load: 7.1 | Load Gap: 1.1
Epoch [374/500] | Sampled: 252.34 | Baseline: 249.88 | Improvement: -2.47 | Win Rate: 25.00% | Actor Loss: 0.0249 | Entropy: 0.1510 | Invalid S/B: 0.00/0.00 | Max Load: 7.0 | Load Gap: 1.0
Epoch [375/500] | Sampled: 254.00 | Baseline: 253.03 | Improvement: -0.97 | Win Rate: 40.62% | Actor Loss: -0.6053 | Entropy: 0.1544 | Invalid S/B: 0.00/0.00 | Max Load: 7.1 | Load Gap: 1.1
Epoch [376/500] | Sampled: 253.12 | Baseline: 250.81 | Improvement: -2.31 | Win Rate: 37.50% | Actor Loss: -0.4247 | Entropy: 0.1647 | Invalid S/B: 0.00/0.00 | Max Load: 7.0 | Load Gap: 1.0
Epoch [377/500] | Sampled: 251.81 | Baseline: 253.56 | Improvement: 1.75 | Win Rate: 56.25% | Actor Loss: 0.3065 | Entropy: 0.1649 | Invalid S/B: 0.00/0.00 | Max Load: 7.0 | Load Gap: 1.0
Epoch [378/500] | Sampled: 251.38 | Baseline: 249.53 | Improvement: -1.84 | Win Rate: 40.62% | Actor Loss: 0.5468 | Entropy: 0.1724 | Invalid S/B: 0.00/0.00 | Max Load: 7.1 | Load Gap: 1.1
Epoch [379/500] | Sampled: 255.09 | Baseline: 253.72 | Improvement: -1.38 | Win Rate: 43.75% | Actor Loss: 0.3614 | Entropy: 0.1680 | Invalid S/B: 0.00/0.00 | Max Load: 7.1 | Load Gap: 1.1
Epoch [380/500] | Sampled: 252.28 | Baseline: 252.69 | Improvement: 0.41 | Win Rate: 53.12% | Actor Loss: -0.1104 | Entropy: 0.1625 | Invalid S/B: 0.00/0.00 | Max Load: 7.1 | Load Gap: 1.1
Epoch [381/500] | Sampled: 252.72 | Baseline: 255.69 | Improvement: 2.97 | Win Rate: 68.75% | Actor Loss: 0.2151 | Entropy: 0.1826 | Invalid S/B: 0.00/0.00 | Max Load: 7.1 | Load Gap: 1.1
Epoch [382/500] | Sampled: 255.34 | Baseline: 251.91 | Improvement: -3.44 | Win Rate: 34.38% | Actor Loss: -0.4165 | Entropy: 0.1600 | Invalid S/B: 0.00/0.00 | Max Load: 7.1 | Load Gap: 1.1
Epoch [383/500] | Sampled: 253.56 | Baseline: 252.53 | Improvement: -1.03 | Win Rate: 37.50% | Actor Loss: -0.4383 | Entropy: 0.1584 | Invalid S/B: 0.00/0.00 | Max Load: 7.2 | Load Gap: 1.2
Epoch [384/500] | Sampled: 251.25 | Baseline: 251.44 | Improvement: 0.19 | Win Rate: 46.88% | Actor Loss: -0.5947 | Entropy: 0.1849 | Invalid S/B: 0.00/0.00 | Max Load: 7.1 | Load Gap: 1.1
Epoch [385/500] | Sampled: 252.97 | Baseline: 251.47 | Improvement: -1.50 | Win Rate: 40.62% | Actor Loss: -0.1382 | Entropy: 0.1548 | Invalid S/B: 0.00/0.00 | Max Load: 7.1 | Load Gap: 1.1
Epoch [386/500] | Sampled: 255.41 | Baseline: 253.72 | Improvement: -1.69 | Win Rate: 34.38% | Actor Loss: 0.1023 | Entropy: 0.1762 | Invalid S/B: 0.00/0.00 | Max Load: 7.0 | Load Gap: 1.0
Epoch [387/500] | Sampled: 251.53 | Baseline: 250.12 | Improvement: -1.41 | Win Rate: 53.12% | Actor Loss: -0.4145 | Entropy: 0.1558 | Invalid S/B: 0.00/0.00 | Max Load: 7.1 | Load Gap: 1.1
Epoch [388/500] | Sampled: 251.81 | Baseline: 252.16 | Improvement: 0.34 | Win Rate: 53.12% | Actor Loss: 0.2629 | Entropy: 0.1756 | Invalid S/B: 0.00/0.00 | Max Load: 7.1 | Load Gap: 1.1
Epoch [389/500] | Sampled: 253.16 | Baseline: 250.34 | Improvement: -2.81 | Win Rate: 37.50% | Actor Loss: 0.0757 | Entropy: 0.1478 | Invalid S/B: 0.00/0.00 | Max Load: 7.0 | Load Gap: 1.0
Epoch [390/500] | Sampled: 253.72 | Baseline: 251.25 | Improvement: -2.47 | Win Rate: 46.88% | Actor Loss: 0.2478 | Entropy: 0.1557 | Invalid S/B: 0.00/0.00 | Max Load: 7.1 | Load Gap: 1.1
Epoch [391/500] | Sampled: 255.59 | Baseline: 252.69 | Improvement: -2.91 | Win Rate: 37.50% | Actor Loss: 0.6773 | Entropy: 0.1545 | Invalid S/B: 0.00/0.00 | Max Load: 7.1 | Load Gap: 1.1
Epoch [392/500] | Sampled: 254.25 | Baseline: 252.91 | Improvement: -1.34 | Win Rate: 37.50% | Actor Loss: 0.1892 | Entropy: 0.1374 | Invalid S/B: 0.00/0.00 | Max Load: 7.1 | Load Gap: 1.1
Epoch [393/500] | Sampled: 253.41 | Baseline: 253.62 | Improvement: 0.22 | Win Rate: 50.00% | Actor Loss: 0.1322 | Entropy: 0.1665 | Invalid S/B: 0.00/0.00 | Max Load: 7.0 | Load Gap: 1.0
Epoch [394/500] | Sampled: 253.75 | Baseline: 250.03 | Improvement: -3.72 | Win Rate: 21.88% | Actor Loss: 0.0439 | Entropy: 0.1655 | Invalid S/B: 0.00/0.00 | Max Load: 7.1 | Load Gap: 1.1
Epoch [395/500] | Sampled: 253.53 | Baseline: 251.62 | Improvement: -1.91 | Win Rate: 40.62% | Actor Loss: 0.1550 | Entropy: 0.1549 | Invalid S/B: 0.00/0.00 | Max Load: 7.1 | Load Gap: 1.1
Epoch [396/500] | Sampled: 254.19 | Baseline: 253.44 | Improvement: -0.75 | Win Rate: 50.00% | Actor Loss: 0.2962 | Entropy: 0.1805 | Invalid S/B: 0.00/0.00 | Max Load: 7.1 | Load Gap: 1.1
Epoch [397/500] | Sampled: 251.16 | Baseline: 250.16 | Improvement: -1.00 | Win Rate: 40.62% | Actor Loss: 0.3069 | Entropy: 0.1594 | Invalid S/B: 0.00/0.00 | Max Load: 7.1 | Load Gap: 1.1
Epoch [398/500] | Sampled: 255.19 | Baseline: 254.38 | Improvement: -0.81 | Win Rate: 53.12% | Actor Loss: -0.0212 | Entropy: 0.1721 | Invalid S/B: 0.00/0.00 | Max Load: 7.1 | Load Gap: 1.2
Epoch [399/500] | Sampled: 254.38 | Baseline: 252.78 | Improvement: -1.59 | Win Rate: 40.62% | Actor Loss: 0.2345 | Entropy: 0.1666 | Invalid S/B: 0.00/0.00 | Max Load: 7.1 | Load Gap: 1.1
Epoch [400/500] | Sampled: 251.81 | Baseline: 250.06 | Improvement: -1.75 | Win Rate: 40.62% | Actor Loss: -0.1895 | Entropy: 0.1559 | Invalid S/B: 0.00/0.00 | Max Load: 7.1 | Load Gap: 1.1
   -> Validation | Samples: 50 | Makespan: 251.06 | Invalid Jobs: 0.00
   -> Saved updated training chart to /home/wei/AMR-DFJSP/Static_alogorithm/Attention/attention_training_metrics.png
Epoch [401/500] | Sampled: 251.72 | Baseline: 249.75 | Improvement: -1.97 | Win Rate: 34.38% | Actor Loss: -0.2021 | Entropy: 0.1399 | Invalid S/B: 0.00/0.00 | Max Load: 7.0 | Load Gap: 1.0
Epoch [402/500] | Sampled: 255.09 | Baseline: 255.78 | Improvement: 0.69 | Win Rate: 53.12% | Actor Loss: 0.3448 | Entropy: 0.1555 | Invalid S/B: 0.00/0.00 | Max Load: 7.1 | Load Gap: 1.1
Epoch [403/500] | Sampled: 254.22 | Baseline: 253.53 | Improvement: -0.69 | Win Rate: 46.88% | Actor Loss: -0.3209 | Entropy: 0.1562 | Invalid S/B: 0.00/0.00 | Max Load: 7.1 | Load Gap: 1.1
Epoch [404/500] | Sampled: 254.00 | Baseline: 253.09 | Improvement: -0.91 | Win Rate: 46.88% | Actor Loss: 0.1589 | Entropy: 0.1689 | Invalid S/B: 0.00/0.00 | Max Load: 7.1 | Load Gap: 1.1
Epoch [405/500] | Sampled: 249.72 | Baseline: 248.91 | Improvement: -0.81 | Win Rate: 50.00% | Actor Loss: 0.0756 | Entropy: 0.1600 | Invalid S/B: 0.00/0.00 | Max Load: 7.1 | Load Gap: 1.1
Epoch [406/500] | Sampled: 252.06 | Baseline: 251.97 | Improvement: -0.09 | Win Rate: 56.25% | Actor Loss: 0.1385 | Entropy: 0.1549 | Invalid S/B: 0.00/0.00 | Max Load: 7.1 | Load Gap: 1.1
Epoch [407/500] | Sampled: 251.75 | Baseline: 252.47 | Improvement: 0.72 | Win Rate: 50.00% | Actor Loss: 0.4013 | Entropy: 0.1801 | Invalid S/B: 0.00/0.00 | Max Load: 7.1 | Load Gap: 1.1
Epoch [408/500] | Sampled: 252.72 | Baseline: 252.94 | Improvement: 0.22 | Win Rate: 50.00% | Actor Loss: 0.6650 | Entropy: 0.1595 | Invalid S/B: 0.00/0.00 | Max Load: 7.1 | Load Gap: 1.1
Epoch [409/500] | Sampled: 251.78 | Baseline: 251.34 | Improvement: -0.44 | Win Rate: 40.62% | Actor Loss: -0.0463 | Entropy: 0.1939 | Invalid S/B: 0.00/0.00 | Max Load: 7.1 | Load Gap: 1.1
Epoch [410/500] | Sampled: 251.53 | Baseline: 251.81 | Improvement: 0.28 | Win Rate: 43.75% | Actor Loss: -0.0215 | Entropy: 0.1587 | Invalid S/B: 0.00/0.00 | Max Load: 7.1 | Load Gap: 1.1
Epoch [411/500] | Sampled: 251.81 | Baseline: 253.75 | Improvement: 1.94 | Win Rate: 53.12% | Actor Loss: 0.5601 | Entropy: 0.1750 | Invalid S/B: 0.00/0.00 | Max Load: 7.0 | Load Gap: 1.0
Epoch [412/500] | Sampled: 251.44 | Baseline: 251.72 | Improvement: 0.28 | Win Rate: 53.12% | Actor Loss: 0.1698 | Entropy: 0.1772 | Invalid S/B: 0.00/0.00 | Max Load: 7.1 | Load Gap: 1.1
Epoch [413/500] | Sampled: 249.94 | Baseline: 249.22 | Improvement: -0.72 | Win Rate: 43.75% | Actor Loss: 0.4945 | Entropy: 0.1726 | Invalid S/B: 0.00/0.00 | Max Load: 7.1 | Load Gap: 1.1
Epoch [414/500] | Sampled: 254.97 | Baseline: 250.72 | Improvement: -4.25 | Win Rate: 25.00% | Actor Loss: -0.7092 | Entropy: 0.1786 | Invalid S/B: 0.00/0.00 | Max Load: 7.1 | Load Gap: 1.1
Epoch [415/500] | Sampled: 253.38 | Baseline: 251.81 | Improvement: -1.56 | Win Rate: 43.75% | Actor Loss: -0.4904 | Entropy: 0.1715 | Invalid S/B: 0.00/0.00 | Max Load: 7.1 | Load Gap: 1.1
Epoch [416/500] | Sampled: 253.53 | Baseline: 254.81 | Improvement: 1.28 | Win Rate: 56.25% | Actor Loss: 0.0514 | Entropy: 0.1986 | Invalid S/B: 0.00/0.00 | Max Load: 7.1 | Load Gap: 1.1
Epoch [417/500] | Sampled: 251.75 | Baseline: 249.53 | Improvement: -2.22 | Win Rate: 31.25% | Actor Loss: 0.2682 | Entropy: 0.1880 | Invalid S/B: 0.00/0.00 | Max Load: 7.0 | Load Gap: 1.1
Epoch [418/500] | Sampled: 251.91 | Baseline: 251.44 | Improvement: -0.47 | Win Rate: 40.62% | Actor Loss: -0.1373 | Entropy: 0.1777 | Invalid S/B: 0.00/0.00 | Max Load: 7.1 | Load Gap: 1.1
Epoch [419/500] | Sampled: 253.84 | Baseline: 254.53 | Improvement: 0.69 | Win Rate: 40.62% | Actor Loss: 0.4324 | Entropy: 0.2077 | Invalid S/B: 0.00/0.00 | Max Load: 7.1 | Load Gap: 1.1
Epoch [420/500] | Sampled: 249.75 | Baseline: 248.69 | Improvement: -1.06 | Win Rate: 34.38% | Actor Loss: 0.6272 | Entropy: 0.1680 | Invalid S/B: 0.00/0.00 | Max Load: 7.0 | Load Gap: 1.0
Epoch [421/500] | Sampled: 253.81 | Baseline: 254.12 | Improvement: 0.31 | Win Rate: 40.62% | Actor Loss: -0.4716 | Entropy: 0.1716 | Invalid S/B: 0.00/0.00 | Max Load: 7.1 | Load Gap: 1.1
Epoch [422/500] | Sampled: 254.66 | Baseline: 252.00 | Improvement: -2.66 | Win Rate: 28.12% | Actor Loss: -0.6895 | Entropy: 0.1808 | Invalid S/B: 0.00/0.00 | Max Load: 7.0 | Load Gap: 1.0
Epoch [423/500] | Sampled: 253.91 | Baseline: 251.72 | Improvement: -2.19 | Win Rate: 28.12% | Actor Loss: -0.1808 | Entropy: 0.2049 | Invalid S/B: 0.00/0.00 | Max Load: 7.1 | Load Gap: 1.1
Epoch [424/500] | Sampled: 252.31 | Baseline: 251.84 | Improvement: -0.47 | Win Rate: 43.75% | Actor Loss: -0.6827 | Entropy: 0.1879 | Invalid S/B: 0.00/0.00 | Max Load: 7.0 | Load Gap: 1.0
Epoch [425/500] | Sampled: 253.62 | Baseline: 251.34 | Improvement: -2.28 | Win Rate: 31.25% | Actor Loss: 0.2280 | Entropy: 0.2106 | Invalid S/B: 0.00/0.00 | Max Load: 7.1 | Load Gap: 1.1
Epoch [426/500] | Sampled: 253.16 | Baseline: 253.56 | Improvement: 0.41 | Win Rate: 50.00% | Actor Loss: -0.0786 | Entropy: 0.1929 | Invalid S/B: 0.00/0.00 | Max Load: 7.0 | Load Gap: 1.0
Epoch [427/500] | Sampled: 248.97 | Baseline: 246.97 | Improvement: -2.00 | Win Rate: 31.25% | Actor Loss: -0.1027 | Entropy: 0.1839 | Invalid S/B: 0.00/0.00 | Max Load: 7.0 | Load Gap: 1.0
Epoch [428/500] | Sampled: 252.03 | Baseline: 249.81 | Improvement: -2.22 | Win Rate: 31.25% | Actor Loss: -0.0476 | Entropy: 0.2094 | Invalid S/B: 0.00/0.00 | Max Load: 7.1 | Load Gap: 1.1
Epoch [429/500] | Sampled: 250.47 | Baseline: 252.06 | Improvement: 1.59 | Win Rate: 50.00% | Actor Loss: 0.0613 | Entropy: 0.2231 | Invalid S/B: 0.00/0.00 | Max Load: 7.0 | Load Gap: 1.0
Epoch [430/500] | Sampled: 253.91 | Baseline: 252.47 | Improvement: -1.44 | Win Rate: 40.62% | Actor Loss: -0.5567 | Entropy: 0.2097 | Invalid S/B: 0.00/0.00 | Max Load: 7.1 | Load Gap: 1.1
Epoch [431/500] | Sampled: 250.50 | Baseline: 249.66 | Improvement: -0.84 | Win Rate: 43.75% | Actor Loss: -0.4793 | Entropy: 0.2316 | Invalid S/B: 0.00/0.00 | Max Load: 7.1 | Load Gap: 1.1
Epoch [432/500] | Sampled: 250.88 | Baseline: 249.31 | Improvement: -1.56 | Win Rate: 37.50% | Actor Loss: -0.1196 | Entropy: 0.2159 | Invalid S/B: 0.00/0.00 | Max Load: 7.1 | Load Gap: 1.1
Epoch [433/500] | Sampled: 251.19 | Baseline: 250.56 | Improvement: -0.62 | Win Rate: 46.88% | Actor Loss: -0.8100 | Entropy: 0.2567 | Invalid S/B: 0.00/0.00 | Max Load: 7.1 | Load Gap: 1.1
Epoch [434/500] | Sampled: 251.31 | Baseline: 253.62 | Improvement: 2.31 | Win Rate: 53.12% | Actor Loss: 0.2441 | Entropy: 0.2455 | Invalid S/B: 0.00/0.00 | Max Load: 7.1 | Load Gap: 1.1
Epoch [435/500] | Sampled: 252.47 | Baseline: 255.16 | Improvement: 2.69 | Win Rate: 68.75% | Actor Loss: 0.5109 | Entropy: 0.2412 | Invalid S/B: 0.00/0.00 | Max Load: 7.0 | Load Gap: 1.0
Epoch [436/500] | Sampled: 253.28 | Baseline: 252.12 | Improvement: -1.16 | Win Rate: 31.25% | Actor Loss: 0.1560 | Entropy: 0.2410 | Invalid S/B: 0.00/0.00 | Max Load: 7.1 | Load Gap: 1.1
Epoch [437/500] | Sampled: 248.22 | Baseline: 249.25 | Improvement: 1.03 | Win Rate: 53.12% | Actor Loss: 0.0434 | Entropy: 0.2551 | Invalid S/B: 0.00/0.00 | Max Load: 7.0 | Load Gap: 1.0
Epoch [438/500] | Sampled: 251.16 | Baseline: 251.72 | Improvement: 0.56 | Win Rate: 50.00% | Actor Loss: -0.6091 | Entropy: 0.2677 | Invalid S/B: 0.00/0.00 | Max Load: 7.1 | Load Gap: 1.1
Epoch [439/500] | Sampled: 251.94 | Baseline: 251.22 | Improvement: -0.72 | Win Rate: 50.00% | Actor Loss: -0.6702 | Entropy: 0.2559 | Invalid S/B: 0.00/0.00 | Max Load: 7.0 | Load Gap: 1.0
Epoch [440/500] | Sampled: 252.88 | Baseline: 252.00 | Improvement: -0.88 | Win Rate: 43.75% | Actor Loss: -0.2050 | Entropy: 0.2593 | Invalid S/B: 0.00/0.00 | Max Load: 7.1 | Load Gap: 1.1
Epoch [441/500] | Sampled: 252.62 | Baseline: 252.22 | Improvement: -0.41 | Win Rate: 40.62% | Actor Loss: -1.3855 | Entropy: 0.2563 | Invalid S/B: 0.00/0.00 | Max Load: 7.1 | Load Gap: 1.1
Epoch [442/500] | Sampled: 252.69 | Baseline: 251.94 | Improvement: -0.75 | Win Rate: 31.25% | Actor Loss: -0.7108 | Entropy: 0.2617 | Invalid S/B: 0.00/0.00 | Max Load: 7.1 | Load Gap: 1.1
Epoch [443/500] | Sampled: 251.19 | Baseline: 250.03 | Improvement: -1.16 | Win Rate: 37.50% | Actor Loss: 0.8403 | Entropy: 0.2861 | Invalid S/B: 0.00/0.00 | Max Load: 7.1 | Load Gap: 1.1
Epoch [444/500] | Sampled: 251.09 | Baseline: 251.88 | Improvement: 0.78 | Win Rate: 53.12% | Actor Loss: 0.0617 | Entropy: 0.2911 | Invalid S/B: 0.00/0.00 | Max Load: 7.1 | Load Gap: 1.1
Epoch [445/500] | Sampled: 251.56 | Baseline: 254.06 | Improvement: 2.50 | Win Rate: 65.62% | Actor Loss: 0.2315 | Entropy: 0.3075 | Invalid S/B: 0.00/0.00 | Max Load: 7.1 | Load Gap: 1.1
Epoch [446/500] | Sampled: 252.78 | Baseline: 251.62 | Improvement: -1.16 | Win Rate: 31.25% | Actor Loss: -0.2247 | Entropy: 0.2623 | Invalid S/B: 0.00/0.00 | Max Load: 7.1 | Load Gap: 1.1
Epoch [447/500] | Sampled: 250.22 | Baseline: 252.53 | Improvement: 2.31 | Win Rate: 53.12% | Actor Loss: -0.0089 | Entropy: 0.2568 | Invalid S/B: 0.00/0.00 | Max Load: 7.1 | Load Gap: 1.1
Epoch [448/500] | Sampled: 253.06 | Baseline: 249.16 | Improvement: -3.91 | Win Rate: 28.12% | Actor Loss: -0.8731 | Entropy: 0.2588 | Invalid S/B: 0.00/0.00 | Max Load: 7.1 | Load Gap: 1.1
Epoch [449/500] | Sampled: 253.28 | Baseline: 253.09 | Improvement: -0.19 | Win Rate: 50.00% | Actor Loss: -0.6842 | Entropy: 0.2584 | Invalid S/B: 0.00/0.00 | Max Load: 7.0 | Load Gap: 1.0
Epoch [450/500] | Sampled: 253.66 | Baseline: 254.44 | Improvement: 0.78 | Win Rate: 53.12% | Actor Loss: 0.3963 | Entropy: 0.2615 | Invalid S/B: 0.00/0.00 | Max Load: 7.1 | Load Gap: 1.1
   -> Validation | Samples: 50 | Makespan: 251.48 | Invalid Jobs: 0.00
Epoch [451/500] | Sampled: 252.28 | Baseline: 254.34 | Improvement: 2.06 | Win Rate: 56.25% | Actor Loss: 0.0338 | Entropy: 0.2660 | Invalid S/B: 0.00/0.00 | Max Load: 7.0 | Load Gap: 1.0
Epoch [452/500] | Sampled: 251.78 | Baseline: 251.72 | Improvement: -0.06 | Win Rate: 43.75% | Actor Loss: -0.1551 | Entropy: 0.2702 | Invalid S/B: 0.00/0.00 | Max Load: 7.0 | Load Gap: 1.0
Epoch [453/500] | Sampled: 251.78 | Baseline: 250.84 | Improvement: -0.94 | Win Rate: 50.00% | Actor Loss: -0.6874 | Entropy: 0.2414 | Invalid S/B: 0.00/0.00 | Max Load: 7.1 | Load Gap: 1.1
Epoch [454/500] | Sampled: 250.31 | Baseline: 251.81 | Improvement: 1.50 | Win Rate: 46.88% | Actor Loss: 0.1246 | Entropy: 0.2868 | Invalid S/B: 0.00/0.00 | Max Load: 7.1 | Load Gap: 1.2
Epoch [455/500] | Sampled: 252.09 | Baseline: 252.22 | Improvement: 0.12 | Win Rate: 46.88% | Actor Loss: 0.1256 | Entropy: 0.2553 | Invalid S/B: 0.00/0.00 | Max Load: 7.1 | Load Gap: 1.1
Epoch [456/500] | Sampled: 254.38 | Baseline: 252.09 | Improvement: -2.28 | Win Rate: 46.88% | Actor Loss: 0.0811 | Entropy: 0.2712 | Invalid S/B: 0.00/0.00 | Max Load: 7.1 | Load Gap: 1.1
Epoch [457/500] | Sampled: 251.88 | Baseline: 251.97 | Improvement: 0.09 | Win Rate: 40.62% | Actor Loss: -0.0226 | Entropy: 0.2409 | Invalid S/B: 0.00/0.00 | Max Load: 7.1 | Load Gap: 1.1
Epoch [458/500] | Sampled: 251.25 | Baseline: 248.75 | Improvement: -2.50 | Win Rate: 34.38% | Actor Loss: -0.1210 | Entropy: 0.2509 | Invalid S/B: 0.00/0.00 | Max Load: 7.1 | Load Gap: 1.1
Epoch [459/500] | Sampled: 252.53 | Baseline: 251.16 | Improvement: -1.38 | Win Rate: 34.38% | Actor Loss: -0.4316 | Entropy: 0.2682 | Invalid S/B: 0.00/0.00 | Max Load: 7.1 | Load Gap: 1.1
Epoch [460/500] | Sampled: 252.81 | Baseline: 253.19 | Improvement: 0.38 | Win Rate: 43.75% | Actor Loss: 0.0594 | Entropy: 0.2537 | Invalid S/B: 0.00/0.00 | Max Load: 7.0 | Load Gap: 1.0
Epoch [461/500] | Sampled: 251.84 | Baseline: 251.69 | Improvement: -0.16 | Win Rate: 43.75% | Actor Loss: -0.0512 | Entropy: 0.2447 | Invalid S/B: 0.00/0.00 | Max Load: 7.2 | Load Gap: 1.2
Epoch [462/500] | Sampled: 250.81 | Baseline: 250.91 | Improvement: 0.09 | Win Rate: 40.62% | Actor Loss: -0.4390 | Entropy: 0.2456 | Invalid S/B: 0.00/0.00 | Max Load: 7.1 | Load Gap: 1.1
Epoch [463/500] | Sampled: 251.38 | Baseline: 253.44 | Improvement: 2.06 | Win Rate: 46.88% | Actor Loss: -0.7492 | Entropy: 0.2643 | Invalid S/B: 0.00/0.00 | Max Load: 7.1 | Load Gap: 1.1
Epoch [464/500] | Sampled: 250.44 | Baseline: 247.47 | Improvement: -2.97 | Win Rate: 40.62% | Actor Loss: -0.5030 | Entropy: 0.2423 | Invalid S/B: 0.00/0.00 | Max Load: 7.1 | Load Gap: 1.1
Epoch [465/500] | Sampled: 248.81 | Baseline: 252.44 | Improvement: 3.62 | Win Rate: 68.75% | Actor Loss: -0.4263 | Entropy: 0.2574 | Invalid S/B: 0.00/0.00 | Max Load: 7.0 | Load Gap: 1.0
Epoch [466/500] | Sampled: 252.81 | Baseline: 253.38 | Improvement: 0.56 | Win Rate: 46.88% | Actor Loss: -0.1983 | Entropy: 0.2566 | Invalid S/B: 0.00/0.00 | Max Load: 7.1 | Load Gap: 1.1
Epoch [467/500] | Sampled: 252.84 | Baseline: 254.03 | Improvement: 1.19 | Win Rate: 56.25% | Actor Loss: -0.4193 | Entropy: 0.2659 | Invalid S/B: 0.00/0.00 | Max Load: 7.1 | Load Gap: 1.1
Epoch [468/500] | Sampled: 252.75 | Baseline: 252.44 | Improvement: -0.31 | Win Rate: 46.88% | Actor Loss: -0.6209 | Entropy: 0.2608 | Invalid S/B: 0.00/0.00 | Max Load: 7.0 | Load Gap: 1.0
Epoch [469/500] | Sampled: 252.19 | Baseline: 254.09 | Improvement: 1.91 | Win Rate: 50.00% | Actor Loss: -1.1973 | Entropy: 0.2738 | Invalid S/B: 0.00/0.00 | Max Load: 7.1 | Load Gap: 1.1
Epoch [470/500] | Sampled: 253.16 | Baseline: 250.81 | Improvement: -2.34 | Win Rate: 40.62% | Actor Loss: -0.2675 | Entropy: 0.2471 | Invalid S/B: 0.00/0.00 | Max Load: 7.0 | Load Gap: 1.1
Epoch [471/500] | Sampled: 253.62 | Baseline: 251.66 | Improvement: -1.97 | Win Rate: 31.25% | Actor Loss: 0.5253 | Entropy: 0.2599 | Invalid S/B: 0.00/0.00 | Max Load: 7.0 | Load Gap: 1.0
Epoch [472/500] | Sampled: 251.03 | Baseline: 249.34 | Improvement: -1.69 | Win Rate: 43.75% | Actor Loss: -0.0858 | Entropy: 0.2378 | Invalid S/B: 0.00/0.00 | Max Load: 7.0 | Load Gap: 1.0
Epoch [473/500] | Sampled: 251.66 | Baseline: 250.19 | Improvement: -1.47 | Win Rate: 37.50% | Actor Loss: -0.3360 | Entropy: 0.2777 | Invalid S/B: 0.00/0.00 | Max Load: 7.0 | Load Gap: 1.0
Epoch [474/500] | Sampled: 250.31 | Baseline: 250.41 | Improvement: 0.09 | Win Rate: 43.75% | Actor Loss: -0.7739 | Entropy: 0.2629 | Invalid S/B: 0.00/0.00 | Max Load: 7.1 | Load Gap: 1.1
Epoch [475/500] | Sampled: 251.50 | Baseline: 253.53 | Improvement: 2.03 | Win Rate: 59.38% | Actor Loss: -0.4732 | Entropy: 0.2536 | Invalid S/B: 0.00/0.00 | Max Load: 7.0 | Load Gap: 1.0
Epoch [476/500] | Sampled: 251.88 | Baseline: 250.50 | Improvement: -1.38 | Win Rate: 43.75% | Actor Loss: 0.2589 | Entropy: 0.2651 | Invalid S/B: 0.00/0.00 | Max Load: 7.1 | Load Gap: 1.1
Epoch [477/500] | Sampled: 250.50 | Baseline: 249.31 | Improvement: -1.19 | Win Rate: 46.88% | Actor Loss: 0.5357 | Entropy: 0.2628 | Invalid S/B: 0.00/0.00 | Max Load: 7.0 | Load Gap: 1.0
Epoch [478/500] | Sampled: 250.97 | Baseline: 251.34 | Improvement: 0.38 | Win Rate: 53.12% | Actor Loss: -0.0370 | Entropy: 0.2596 | Invalid S/B: 0.00/0.00 | Max Load: 7.1 | Load Gap: 1.1
Epoch [479/500] | Sampled: 251.19 | Baseline: 251.81 | Improvement: 0.62 | Win Rate: 50.00% | Actor Loss: -0.0492 | Entropy: 0.2503 | Invalid S/B: 0.00/0.00 | Max Load: 7.1 | Load Gap: 1.1
Epoch [480/500] | Sampled: 250.16 | Baseline: 250.81 | Improvement: 0.66 | Win Rate: 56.25% | Actor Loss: -0.3741 | Entropy: 0.2621 | Invalid S/B: 0.00/0.00 | Max Load: 7.0 | Load Gap: 1.0
Epoch [481/500] | Sampled: 251.19 | Baseline: 251.84 | Improvement: 0.66 | Win Rate: 56.25% | Actor Loss: -0.7145 | Entropy: 0.2640 | Invalid S/B: 0.00/0.00 | Max Load: 7.1 | Load Gap: 1.1
Epoch [482/500] | Sampled: 249.34 | Baseline: 248.66 | Improvement: -0.69 | Win Rate: 40.62% | Actor Loss: -0.0376 | Entropy: 0.2426 | Invalid S/B: 0.00/0.00 | Max Load: 7.1 | Load Gap: 1.1
Epoch [483/500] | Sampled: 252.25 | Baseline: 255.06 | Improvement: 2.81 | Win Rate: 59.38% | Actor Loss: -0.1991 | Entropy: 0.2633 | Invalid S/B: 0.00/0.00 | Max Load: 7.1 | Load Gap: 1.1
Epoch [484/500] | Sampled: 251.81 | Baseline: 252.19 | Improvement: 0.38 | Win Rate: 43.75% | Actor Loss: -0.3646 | Entropy: 0.2563 | Invalid S/B: 0.00/0.00 | Max Load: 7.0 | Load Gap: 1.0
Epoch [485/500] | Sampled: 249.34 | Baseline: 249.56 | Improvement: 0.22 | Win Rate: 56.25% | Actor Loss: 0.8785 | Entropy: 0.2656 | Invalid S/B: 0.00/0.00 | Max Load: 7.1 | Load Gap: 1.1
Epoch [486/500] | Sampled: 250.12 | Baseline: 253.34 | Improvement: 3.22 | Win Rate: 62.50% | Actor Loss: -0.0920 | Entropy: 0.2488 | Invalid S/B: 0.00/0.00 | Max Load: 7.1 | Load Gap: 1.2
Epoch [487/500] | Sampled: 252.16 | Baseline: 256.53 | Improvement: 4.38 | Win Rate: 68.75% | Actor Loss: -0.9642 | Entropy: 0.2650 | Invalid S/B: 0.00/0.00 | Max Load: 7.0 | Load Gap: 1.0
Epoch [488/500] | Sampled: 251.28 | Baseline: 253.69 | Improvement: 2.41 | Win Rate: 59.38% | Actor Loss: -0.9189 | Entropy: 0.2605 | Invalid S/B: 0.00/0.00 | Max Load: 7.1 | Load Gap: 1.1
Epoch [489/500] | Sampled: 253.97 | Baseline: 253.38 | Improvement: -0.59 | Win Rate: 37.50% | Actor Loss: -0.3334 | Entropy: 0.2346 | Invalid S/B: 0.00/0.00 | Max Load: 7.1 | Load Gap: 1.1
Epoch [490/500] | Sampled: 249.00 | Baseline: 250.06 | Improvement: 1.06 | Win Rate: 53.12% | Actor Loss: -0.1212 | Entropy: 0.2469 | Invalid S/B: 0.00/0.00 | Max Load: 7.0 | Load Gap: 1.0
Epoch [491/500] | Sampled: 252.41 | Baseline: 254.03 | Improvement: 1.62 | Win Rate: 50.00% | Actor Loss: -0.1925 | Entropy: 0.2362 | Invalid S/B: 0.00/0.00 | Max Load: 7.2 | Load Gap: 1.2
Epoch [492/500] | Sampled: 253.19 | Baseline: 253.97 | Improvement: 0.78 | Win Rate: 53.12% | Actor Loss: -0.4221 | Entropy: 0.2332 | Invalid S/B: 0.00/0.00 | Max Load: 7.0 | Load Gap: 1.0
Epoch [493/500] | Sampled: 254.84 | Baseline: 256.53 | Improvement: 1.69 | Win Rate: 50.00% | Actor Loss: -0.4197 | Entropy: 0.2765 | Invalid S/B: 0.00/0.00 | Max Load: 7.1 | Load Gap: 1.1
Epoch [494/500] | Sampled: 250.72 | Baseline: 251.94 | Improvement: 1.22 | Win Rate: 62.50% | Actor Loss: -0.5204 | Entropy: 0.2512 | Invalid S/B: 0.00/0.00 | Max Load: 7.0 | Load Gap: 1.0
Epoch [495/500] | Sampled: 252.03 | Baseline: 251.09 | Improvement: -0.94 | Win Rate: 43.75% | Actor Loss: -0.0495 | Entropy: 0.2657 | Invalid S/B: 0.00/0.00 | Max Load: 7.0 | Load Gap: 1.0
Epoch [496/500] | Sampled: 252.41 | Baseline: 252.62 | Improvement: 0.22 | Win Rate: 46.88% | Actor Loss: 0.0374 | Entropy: 0.2838 | Invalid S/B: 0.00/0.00 | Max Load: 7.1 | Load Gap: 1.1
Epoch [497/500] | Sampled: 255.41 | Baseline: 254.06 | Improvement: -1.34 | Win Rate: 37.50% | Actor Loss: -0.7207 | Entropy: 0.2438 | Invalid S/B: 0.00/0.00 | Max Load: 7.1 | Load Gap: 1.1
Epoch [498/500] | Sampled: 251.03 | Baseline: 250.62 | Improvement: -0.41 | Win Rate: 50.00% | Actor Loss: -0.1951 | Entropy: 0.2637 | Invalid S/B: 0.00/0.00 | Max Load: 7.0 | Load Gap: 1.0
Epoch [499/500] | Sampled: 246.91 | Baseline: 252.84 | Improvement: 5.94 | Win Rate: 78.12% | Actor Loss: 0.6995 | Entropy: 0.2448 | Invalid S/B: 0.00/0.00 | Max Load: 7.1 | Load Gap: 1.1
Epoch [500/500] | Sampled: 250.12 | Baseline: 252.88 | Improvement: 2.75 | Win Rate: 59.38% | Actor Loss: 0.0332 | Entropy: 0.2846 | Invalid S/B: 0.00/0.00 | Max Load: 7.0 | Load Gap: 1.0
   -> Validation | Samples: 50 | Makespan: 251.44 | Invalid Jobs: 0.00
   -> Saved updated training chart to /home/wei/AMR-DFJSP/Static_alogorithm/Attention/attention_training_metrics.png
