Training on: cuda
Loaded 100 dispatch events from /home/wei/AMR-DFJSP/test_case/static/dispatch_inbox_20.jsonl
Loaded 50 dispatch events from /home/wei/AMR-DFJSP/test_case/static/dispatch_validation_20.jsonl
Loaded 50 validation event(s).
Loaded training checkpoint from /home/wei/AMR-DFJSP/training_logs/curriculum_20260615_175146/checkpoints/phase_02/attention_precise_latest.pth (optimizers: optimizer)
Starting Attention Precise REINFORCE training with dispatch baseline 'earliest_completion_job+least_loaded' (stepwise).
Epoch [1/500] | Sampled: 248.09 | Baseline: 250.09 | Improvement: 2.00 | Win Rate: 59.38% | Actor Loss: -0.2339 | Entropy: 0.3403 | Invalid S/B: 0.00/0.00 | Max Load: 7.1 | Load Gap: 1.1
   -> Validation | Samples: 50 | Makespan: 249.00 | Invalid Jobs: 0.00
   -> Saved new best model (Val Makespan: 249.00)
   -> Saved updated training chart to /home/wei/AMR-DFJSP/Static_alogorithm/Attention/attention_precise_training_metrics.png
Epoch [2/500] | Sampled: 246.72 | Baseline: 250.72 | Improvement: 4.00 | Win Rate: 59.38% | Actor Loss: -0.3045 | Entropy: 0.3796 | Invalid S/B: 0.00/0.00 | Max Load: 7.1 | Load Gap: 1.2
Epoch [3/500] | Sampled: 249.41 | Baseline: 252.00 | Improvement: 2.59 | Win Rate: 53.12% | Actor Loss: -0.2823 | Entropy: 0.3685 | Invalid S/B: 0.00/0.00 | Max Load: 7.0 | Load Gap: 1.0
Epoch [4/500] | Sampled: 246.66 | Baseline: 250.22 | Improvement: 3.56 | Win Rate: 62.50% | Actor Loss: -0.0495 | Entropy: 0.3595 | Invalid S/B: 0.00/0.00 | Max Load: 7.1 | Load Gap: 1.1
Epoch [5/500] | Sampled: 247.69 | Baseline: 253.06 | Improvement: 5.38 | Win Rate: 81.25% | Actor Loss: 0.4722 | Entropy: 0.3699 | Invalid S/B: 0.00/0.00 | Max Load: 7.1 | Load Gap: 1.1
Epoch [6/500] | Sampled: 250.66 | Baseline: 253.28 | Improvement: 2.62 | Win Rate: 59.38% | Actor Loss: 0.2851 | Entropy: 0.3654 | Invalid S/B: 0.00/0.00 | Max Load: 7.2 | Load Gap: 1.2
Epoch [7/500] | Sampled: 249.81 | Baseline: 250.94 | Improvement: 1.12 | Win Rate: 50.00% | Actor Loss: 0.2930 | Entropy: 0.3672 | Invalid S/B: 0.00/0.00 | Max Load: 7.0 | Load Gap: 1.0
Epoch [8/500] | Sampled: 252.44 | Baseline: 250.94 | Improvement: -1.50 | Win Rate: 43.75% | Actor Loss: -0.3150 | Entropy: 0.4033 | Invalid S/B: 0.03/0.00 | Max Load: 7.2 | Load Gap: 1.2
Epoch [9/500] | Sampled: 248.16 | Baseline: 253.00 | Improvement: 4.84 | Win Rate: 65.62% | Actor Loss: 0.2989 | Entropy: 0.3686 | Invalid S/B: 0.00/0.00 | Max Load: 7.1 | Load Gap: 1.1
Epoch [10/500] | Sampled: 249.69 | Baseline: 252.66 | Improvement: 2.97 | Win Rate: 65.62% | Actor Loss: 0.7124 | Entropy: 0.3898 | Invalid S/B: 0.00/0.00 | Max Load: 7.1 | Load Gap: 1.1
Epoch [11/500] | Sampled: 251.94 | Baseline: 255.44 | Improvement: 3.50 | Win Rate: 56.25% | Actor Loss: 0.4533 | Entropy: 0.4310 | Invalid S/B: 0.00/0.00 | Max Load: 7.0 | Load Gap: 1.0
Epoch [12/500] | Sampled: 249.34 | Baseline: 251.75 | Improvement: 2.41 | Win Rate: 62.50% | Actor Loss: 0.0636 | Entropy: 0.3746 | Invalid S/B: 0.00/0.00 | Max Load: 7.0 | Load Gap: 1.0
Epoch [13/500] | Sampled: 249.44 | Baseline: 250.19 | Improvement: 0.75 | Win Rate: 40.62% | Actor Loss: -0.2670 | Entropy: 0.4591 | Invalid S/B: 0.00/0.00 | Max Load: 7.2 | Load Gap: 1.3
Epoch [14/500] | Sampled: 249.38 | Baseline: 251.00 | Improvement: 1.62 | Win Rate: 56.25% | Actor Loss: 0.5373 | Entropy: 0.4275 | Invalid S/B: 0.00/0.00 | Max Load: 7.0 | Load Gap: 1.0
Epoch [15/500] | Sampled: 251.12 | Baseline: 252.94 | Improvement: 1.81 | Win Rate: 53.12% | Actor Loss: -0.7215 | Entropy: 0.4454 | Invalid S/B: 0.00/0.00 | Max Load: 7.0 | Load Gap: 1.0
Epoch [16/500] | Sampled: 250.19 | Baseline: 253.84 | Improvement: 3.66 | Win Rate: 62.50% | Actor Loss: 0.4276 | Entropy: 0.4515 | Invalid S/B: 0.00/0.00 | Max Load: 7.0 | Load Gap: 1.0
Epoch [17/500] | Sampled: 247.06 | Baseline: 250.47 | Improvement: 3.41 | Win Rate: 56.25% | Actor Loss: 1.4290 | Entropy: 0.4253 | Invalid S/B: 0.00/0.00 | Max Load: 7.0 | Load Gap: 1.0
Epoch [18/500] | Sampled: 250.56 | Baseline: 256.00 | Improvement: 5.44 | Win Rate: 78.12% | Actor Loss: -0.0379 | Entropy: 0.4502 | Invalid S/B: 0.00/0.00 | Max Load: 7.1 | Load Gap: 1.1
Epoch [19/500] | Sampled: 247.78 | Baseline: 251.75 | Improvement: 3.97 | Win Rate: 65.62% | Actor Loss: -0.3760 | Entropy: 0.4243 | Invalid S/B: 0.00/0.00 | Max Load: 7.1 | Load Gap: 1.1
Epoch [20/500] | Sampled: 251.78 | Baseline: 251.00 | Improvement: -0.78 | Win Rate: 46.88% | Actor Loss: -0.4241 | Entropy: 0.4486 | Invalid S/B: 0.00/0.00 | Max Load: 7.0 | Load Gap: 1.0
Epoch [21/500] | Sampled: 247.62 | Baseline: 251.50 | Improvement: 3.88 | Win Rate: 68.75% | Actor Loss: 0.6017 | Entropy: 0.4447 | Invalid S/B: 0.00/0.00 | Max Load: 7.1 | Load Gap: 1.1
Epoch [22/500] | Sampled: 246.00 | Baseline: 251.12 | Improvement: 5.12 | Win Rate: 71.88% | Actor Loss: 0.4475 | Entropy: 0.4666 | Invalid S/B: 0.00/0.00 | Max Load: 7.0 | Load Gap: 1.0
Epoch [23/500] | Sampled: 243.34 | Baseline: 249.56 | Improvement: 6.22 | Win Rate: 75.00% | Actor Loss: -0.0337 | Entropy: 0.5215 | Invalid S/B: 0.00/0.00 | Max Load: 7.1 | Load Gap: 1.1
Epoch [24/500] | Sampled: 247.69 | Baseline: 250.97 | Improvement: 3.28 | Win Rate: 59.38% | Actor Loss: 0.3831 | Entropy: 0.5275 | Invalid S/B: 0.00/0.00 | Max Load: 7.1 | Load Gap: 1.1
Epoch [25/500] | Sampled: 245.72 | Baseline: 248.94 | Improvement: 3.22 | Win Rate: 62.50% | Actor Loss: -1.1796 | Entropy: 0.5736 | Invalid S/B: 0.00/0.00 | Max Load: 7.1 | Load Gap: 1.1
Epoch [26/500] | Sampled: 248.00 | Baseline: 253.06 | Improvement: 5.06 | Win Rate: 68.75% | Actor Loss: 0.2745 | Entropy: 0.6029 | Invalid S/B: 0.00/0.00 | Max Load: 7.0 | Load Gap: 1.0
Epoch [27/500] | Sampled: 250.09 | Baseline: 255.12 | Improvement: 5.03 | Win Rate: 65.62% | Actor Loss: -0.9458 | Entropy: 0.6581 | Invalid S/B: 0.00/0.00 | Max Load: 7.1 | Load Gap: 1.2
Epoch [28/500] | Sampled: 249.47 | Baseline: 252.22 | Improvement: 2.75 | Win Rate: 56.25% | Actor Loss: 0.2607 | Entropy: 0.7168 | Invalid S/B: 0.00/0.00 | Max Load: 7.0 | Load Gap: 1.0
Epoch [29/500] | Sampled: 249.56 | Baseline: 253.47 | Improvement: 3.91 | Win Rate: 62.50% | Actor Loss: 0.4817 | Entropy: 0.7332 | Invalid S/B: 0.00/0.00 | Max Load: 7.1 | Load Gap: 1.1
Epoch [30/500] | Sampled: 250.44 | Baseline: 253.81 | Improvement: 3.38 | Win Rate: 56.25% | Actor Loss: -0.5742 | Entropy: 0.7256 | Invalid S/B: 0.00/0.00 | Max Load: 7.1 | Load Gap: 1.1
Epoch [31/500] | Sampled: 247.31 | Baseline: 249.69 | Improvement: 2.38 | Win Rate: 59.38% | Actor Loss: -0.8564 | Entropy: 0.7493 | Invalid S/B: 0.00/0.00 | Max Load: 7.2 | Load Gap: 1.3
Epoch [32/500] | Sampled: 245.69 | Baseline: 249.78 | Improvement: 4.09 | Win Rate: 62.50% | Actor Loss: -1.2818 | Entropy: 0.7874 | Invalid S/B: 0.00/0.00 | Max Load: 7.1 | Load Gap: 1.1
Epoch [33/500] | Sampled: 248.53 | Baseline: 252.75 | Improvement: 4.22 | Win Rate: 65.62% | Actor Loss: -1.2641 | Entropy: 0.8845 | Invalid S/B: 0.00/0.00 | Max Load: 7.1 | Load Gap: 1.1
Epoch [34/500] | Sampled: 245.94 | Baseline: 248.47 | Improvement: 2.53 | Win Rate: 59.38% | Actor Loss: -0.5356 | Entropy: 0.8166 | Invalid S/B: 0.00/0.00 | Max Load: 7.1 | Load Gap: 1.1
Epoch [35/500] | Sampled: 245.41 | Baseline: 249.81 | Improvement: 4.41 | Win Rate: 65.62% | Actor Loss: -0.3290 | Entropy: 0.8499 | Invalid S/B: 0.00/0.00 | Max Load: 7.1 | Load Gap: 1.1
Epoch [36/500] | Sampled: 247.97 | Baseline: 250.50 | Improvement: 2.53 | Win Rate: 62.50% | Actor Loss: 0.1250 | Entropy: 0.8585 | Invalid S/B: 0.00/0.00 | Max Load: 7.1 | Load Gap: 1.1
Epoch [37/500] | Sampled: 247.88 | Baseline: 253.28 | Improvement: 5.41 | Win Rate: 75.00% | Actor Loss: -0.4662 | Entropy: 0.8539 | Invalid S/B: 0.00/0.00 | Max Load: 7.1 | Load Gap: 1.1
Epoch [38/500] | Sampled: 251.47 | Baseline: 251.41 | Improvement: -0.06 | Win Rate: 40.62% | Actor Loss: -1.2199 | Entropy: 0.8817 | Invalid S/B: 0.00/0.00 | Max Load: 7.1 | Load Gap: 1.1
Epoch [39/500] | Sampled: 250.72 | Baseline: 253.72 | Improvement: 3.00 | Win Rate: 65.62% | Actor Loss: 0.6664 | Entropy: 0.8974 | Invalid S/B: 0.00/0.00 | Max Load: 7.1 | Load Gap: 1.1
Epoch [40/500] | Sampled: 248.28 | Baseline: 252.00 | Improvement: 3.72 | Win Rate: 62.50% | Actor Loss: -0.3248 | Entropy: 0.9486 | Invalid S/B: 0.00/0.00 | Max Load: 7.2 | Load Gap: 1.2
Epoch [41/500] | Sampled: 248.66 | Baseline: 249.69 | Improvement: 1.03 | Win Rate: 50.00% | Actor Loss: -1.0343 | Entropy: 0.9406 | Invalid S/B: 0.00/0.00 | Max Load: 7.1 | Load Gap: 1.1
Epoch [42/500] | Sampled: 253.47 | Baseline: 253.41 | Improvement: -0.06 | Win Rate: 43.75% | Actor Loss: -0.5095 | Entropy: 0.9101 | Invalid S/B: 0.00/0.00 | Max Load: 7.1 | Load Gap: 1.1
Epoch [43/500] | Sampled: 252.69 | Baseline: 252.47 | Improvement: -0.22 | Win Rate: 46.88% | Actor Loss: -1.3400 | Entropy: 0.9452 | Invalid S/B: 0.00/0.00 | Max Load: 7.1 | Load Gap: 1.1
Epoch [44/500] | Sampled: 248.53 | Baseline: 251.88 | Improvement: 3.34 | Win Rate: 59.38% | Actor Loss: -1.8084 | Entropy: 0.8495 | Invalid S/B: 0.00/0.00 | Max Load: 7.2 | Load Gap: 1.2
Epoch [45/500] | Sampled: 246.59 | Baseline: 252.03 | Improvement: 5.44 | Win Rate: 75.00% | Actor Loss: -0.0610 | Entropy: 0.7909 | Invalid S/B: 0.00/0.00 | Max Load: 7.1 | Load Gap: 1.1
Epoch [46/500] | Sampled: 248.12 | Baseline: 250.06 | Improvement: 1.94 | Win Rate: 53.12% | Actor Loss: 0.4507 | Entropy: 0.7065 | Invalid S/B: 0.00/0.00 | Max Load: 7.1 | Load Gap: 1.1
Epoch [47/500] | Sampled: 251.56 | Baseline: 254.19 | Improvement: 2.62 | Win Rate: 56.25% | Actor Loss: -1.1011 | Entropy: 0.6695 | Invalid S/B: 0.00/0.00 | Max Load: 7.1 | Load Gap: 1.1
Epoch [48/500] | Sampled: 246.50 | Baseline: 251.41 | Improvement: 4.91 | Win Rate: 68.75% | Actor Loss: -0.5805 | Entropy: 0.6118 | Invalid S/B: 0.00/0.00 | Max Load: 7.0 | Load Gap: 1.0
Epoch [49/500] | Sampled: 247.75 | Baseline: 251.97 | Improvement: 4.22 | Win Rate: 59.38% | Actor Loss: 0.3312 | Entropy: 0.6024 | Invalid S/B: 0.00/0.00 | Max Load: 7.2 | Load Gap: 1.2
Epoch [50/500] | Sampled: 245.78 | Baseline: 248.69 | Improvement: 2.91 | Win Rate: 62.50% | Actor Loss: 0.1365 | Entropy: 0.6193 | Invalid S/B: 0.00/0.00 | Max Load: 7.1 | Load Gap: 1.2
   -> Validation | Samples: 50 | Makespan: 246.80 | Invalid Jobs: 0.00
   -> Saved new best model (Val Makespan: 246.80)
Epoch [51/500] | Sampled: 246.06 | Baseline: 250.50 | Improvement: 4.44 | Win Rate: 71.88% | Actor Loss: -0.0037 | Entropy: 0.6462 | Invalid S/B: 0.00/0.00 | Max Load: 7.1 | Load Gap: 1.2
Epoch [52/500] | Sampled: 249.38 | Baseline: 252.22 | Improvement: 2.84 | Win Rate: 59.38% | Actor Loss: -0.3683 | Entropy: 0.6718 | Invalid S/B: 0.00/0.00 | Max Load: 7.2 | Load Gap: 1.2
Epoch [53/500] | Sampled: 246.94 | Baseline: 254.03 | Improvement: 7.09 | Win Rate: 75.00% | Actor Loss: -0.8108 | Entropy: 0.6642 | Invalid S/B: 0.00/0.00 | Max Load: 7.0 | Load Gap: 1.0
Epoch [54/500] | Sampled: 245.31 | Baseline: 249.09 | Improvement: 3.78 | Win Rate: 65.62% | Actor Loss: -0.5537 | Entropy: 0.6242 | Invalid S/B: 0.00/0.00 | Max Load: 7.1 | Load Gap: 1.1
Epoch [55/500] | Sampled: 249.97 | Baseline: 252.34 | Improvement: 2.38 | Win Rate: 62.50% | Actor Loss: 0.5401 | Entropy: 0.6156 | Invalid S/B: 0.00/0.00 | Max Load: 7.2 | Load Gap: 1.2
Epoch [56/500] | Sampled: 248.91 | Baseline: 253.38 | Improvement: 4.47 | Win Rate: 75.00% | Actor Loss: 0.5306 | Entropy: 0.5794 | Invalid S/B: 0.00/0.00 | Max Load: 7.2 | Load Gap: 1.2
Epoch [57/500] | Sampled: 247.84 | Baseline: 247.69 | Improvement: -0.16 | Win Rate: 43.75% | Actor Loss: -1.5788 | Entropy: 0.5571 | Invalid S/B: 0.00/0.00 | Max Load: 7.2 | Load Gap: 1.3
Epoch [58/500] | Sampled: 248.16 | Baseline: 256.41 | Improvement: 8.25 | Win Rate: 78.12% | Actor Loss: 0.0729 | Entropy: 0.5865 | Invalid S/B: 0.00/0.00 | Max Load: 7.1 | Load Gap: 1.1
Epoch [59/500] | Sampled: 252.81 | Baseline: 255.16 | Improvement: 2.34 | Win Rate: 56.25% | Actor Loss: -0.0819 | Entropy: 0.5568 | Invalid S/B: 0.00/0.00 | Max Load: 7.1 | Load Gap: 1.2
Epoch [60/500] | Sampled: 252.31 | Baseline: 254.19 | Improvement: 1.88 | Win Rate: 56.25% | Actor Loss: 0.2753 | Entropy: 0.5320 | Invalid S/B: 0.00/0.00 | Max Load: 7.1 | Load Gap: 1.1
Epoch [61/500] | Sampled: 245.78 | Baseline: 249.22 | Improvement: 3.44 | Win Rate: 68.75% | Actor Loss: -0.4810 | Entropy: 0.5128 | Invalid S/B: 0.00/0.00 | Max Load: 7.2 | Load Gap: 1.2
Epoch [62/500] | Sampled: 246.38 | Baseline: 249.09 | Improvement: 2.72 | Win Rate: 62.50% | Actor Loss: -0.2512 | Entropy: 0.5196 | Invalid S/B: 0.00/0.00 | Max Load: 7.1 | Load Gap: 1.1
Epoch [63/500] | Sampled: 247.09 | Baseline: 248.94 | Improvement: 1.84 | Win Rate: 59.38% | Actor Loss: 0.4820 | Entropy: 0.4690 | Invalid S/B: 0.00/0.00 | Max Load: 7.1 | Load Gap: 1.1
Epoch [64/500] | Sampled: 247.84 | Baseline: 251.19 | Improvement: 3.34 | Win Rate: 56.25% | Actor Loss: 0.0524 | Entropy: 0.4568 | Invalid S/B: 0.00/0.00 | Max Load: 7.1 | Load Gap: 1.1
Epoch [65/500] | Sampled: 249.72 | Baseline: 256.50 | Improvement: 6.78 | Win Rate: 78.12% | Actor Loss: -0.3029 | Entropy: 0.4504 | Invalid S/B: 0.00/0.00 | Max Load: 7.0 | Load Gap: 1.0
Epoch [66/500] | Sampled: 246.41 | Baseline: 252.19 | Improvement: 5.78 | Win Rate: 65.62% | Actor Loss: 0.1251 | Entropy: 0.4434 | Invalid S/B: 0.00/0.00 | Max Load: 7.2 | Load Gap: 1.2
Epoch [67/500] | Sampled: 250.47 | Baseline: 251.19 | Improvement: 0.72 | Win Rate: 65.62% | Actor Loss: -0.1869 | Entropy: 0.4475 | Invalid S/B: 0.03/0.00 | Max Load: 7.1 | Load Gap: 1.1
Epoch [68/500] | Sampled: 250.38 | Baseline: 253.28 | Improvement: 2.91 | Win Rate: 62.50% | Actor Loss: 0.2748 | Entropy: 0.4027 | Invalid S/B: 0.00/0.00 | Max Load: 7.1 | Load Gap: 1.1
Epoch [69/500] | Sampled: 247.69 | Baseline: 250.06 | Improvement: 2.38 | Win Rate: 62.50% | Actor Loss: 0.2827 | Entropy: 0.4030 | Invalid S/B: 0.00/0.00 | Max Load: 7.2 | Load Gap: 1.2
Epoch [70/500] | Sampled: 249.50 | Baseline: 252.09 | Improvement: 2.59 | Win Rate: 59.38% | Actor Loss: 0.9999 | Entropy: 0.4392 | Invalid S/B: 0.00/0.00 | Max Load: 7.1 | Load Gap: 1.2
Epoch [71/500] | Sampled: 249.59 | Baseline: 252.59 | Improvement: 3.00 | Win Rate: 62.50% | Actor Loss: -0.4143 | Entropy: 0.4491 | Invalid S/B: 0.00/0.00 | Max Load: 7.2 | Load Gap: 1.2
Epoch [72/500] | Sampled: 249.69 | Baseline: 255.81 | Improvement: 6.12 | Win Rate: 68.75% | Actor Loss: -1.9384 | Entropy: 0.4829 | Invalid S/B: 0.00/0.00 | Max Load: 7.1 | Load Gap: 1.1
Epoch [73/500] | Sampled: 248.44 | Baseline: 255.03 | Improvement: 6.59 | Win Rate: 71.88% | Actor Loss: -0.7594 | Entropy: 0.5053 | Invalid S/B: 0.00/0.00 | Max Load: 7.2 | Load Gap: 1.2
Epoch [74/500] | Sampled: 248.25 | Baseline: 252.72 | Improvement: 4.47 | Win Rate: 59.38% | Actor Loss: -0.0529 | Entropy: 0.5096 | Invalid S/B: 0.00/0.00 | Max Load: 7.1 | Load Gap: 1.1
Epoch [75/500] | Sampled: 247.28 | Baseline: 251.59 | Improvement: 4.31 | Win Rate: 65.62% | Actor Loss: -0.8541 | Entropy: 0.5008 | Invalid S/B: 0.00/0.00 | Max Load: 7.2 | Load Gap: 1.2
Epoch [76/500] | Sampled: 247.09 | Baseline: 252.88 | Improvement: 5.78 | Win Rate: 65.62% | Actor Loss: -0.1348 | Entropy: 0.5168 | Invalid S/B: 0.00/0.00 | Max Load: 7.0 | Load Gap: 1.0
Epoch [77/500] | Sampled: 248.34 | Baseline: 254.19 | Improvement: 5.84 | Win Rate: 81.25% | Actor Loss: -0.1777 | Entropy: 0.5483 | Invalid S/B: 0.00/0.00 | Max Load: 7.1 | Load Gap: 1.1
Epoch [78/500] | Sampled: 246.53 | Baseline: 252.69 | Improvement: 6.16 | Win Rate: 75.00% | Actor Loss: -0.7304 | Entropy: 0.5502 | Invalid S/B: 0.00/0.00 | Max Load: 7.2 | Load Gap: 1.2
Epoch [79/500] | Sampled: 248.44 | Baseline: 253.97 | Improvement: 5.53 | Win Rate: 62.50% | Actor Loss: 0.0749 | Entropy: 0.4968 | Invalid S/B: 0.00/0.00 | Max Load: 7.2 | Load Gap: 1.2
Epoch [80/500] | Sampled: 249.75 | Baseline: 250.81 | Improvement: 1.06 | Win Rate: 43.75% | Actor Loss: -0.3399 | Entropy: 0.4673 | Invalid S/B: 0.00/0.00 | Max Load: 7.0 | Load Gap: 1.0
Epoch [81/500] | Sampled: 250.62 | Baseline: 252.72 | Improvement: 2.09 | Win Rate: 59.38% | Actor Loss: -0.4340 | Entropy: 0.4582 | Invalid S/B: 0.00/0.00 | Max Load: 7.1 | Load Gap: 1.2
Epoch [82/500] | Sampled: 249.69 | Baseline: 249.75 | Improvement: 0.06 | Win Rate: 53.12% | Actor Loss: -0.2776 | Entropy: 0.4525 | Invalid S/B: 0.00/0.00 | Max Load: 7.2 | Load Gap: 1.2
Epoch [83/500] | Sampled: 248.41 | Baseline: 251.25 | Improvement: 2.84 | Win Rate: 68.75% | Actor Loss: -0.4642 | Entropy: 0.4699 | Invalid S/B: 0.00/0.00 | Max Load: 7.1 | Load Gap: 1.1
Epoch [84/500] | Sampled: 248.19 | Baseline: 250.06 | Improvement: 1.88 | Win Rate: 50.00% | Actor Loss: -0.5862 | Entropy: 0.4469 | Invalid S/B: 0.00/0.00 | Max Load: 7.2 | Load Gap: 1.2
Epoch [85/500] | Sampled: 249.91 | Baseline: 252.38 | Improvement: 2.47 | Win Rate: 59.38% | Actor Loss: 0.1212 | Entropy: 0.4970 | Invalid S/B: 0.00/0.00 | Max Load: 7.2 | Load Gap: 1.2
Epoch [86/500] | Sampled: 245.78 | Baseline: 251.03 | Improvement: 5.25 | Win Rate: 71.88% | Actor Loss: -0.2526 | Entropy: 0.4941 | Invalid S/B: 0.00/0.00 | Max Load: 7.1 | Load Gap: 1.2
Epoch [87/500] | Sampled: 246.94 | Baseline: 252.47 | Improvement: 5.53 | Win Rate: 75.00% | Actor Loss: -0.4063 | Entropy: 0.4853 | Invalid S/B: 0.00/0.00 | Max Load: 7.2 | Load Gap: 1.2
Epoch [88/500] | Sampled: 246.91 | Baseline: 253.72 | Improvement: 6.81 | Win Rate: 71.88% | Actor Loss: -0.6491 | Entropy: 0.4699 | Invalid S/B: 0.00/0.00 | Max Load: 7.1 | Load Gap: 1.2
Epoch [89/500] | Sampled: 249.38 | Baseline: 250.59 | Improvement: 1.22 | Win Rate: 53.12% | Actor Loss: 0.3519 | Entropy: 0.4332 | Invalid S/B: 0.00/0.00 | Max Load: 7.1 | Load Gap: 1.1
Epoch [90/500] | Sampled: 251.16 | Baseline: 252.59 | Improvement: 1.44 | Win Rate: 59.38% | Actor Loss: 0.6058 | Entropy: 0.4182 | Invalid S/B: 0.00/0.00 | Max Load: 7.1 | Load Gap: 1.1
Epoch [91/500] | Sampled: 250.84 | Baseline: 254.59 | Improvement: 3.75 | Win Rate: 56.25% | Actor Loss: -0.2510 | Entropy: 0.4188 | Invalid S/B: 0.00/0.00 | Max Load: 7.3 | Load Gap: 1.3
Epoch [92/500] | Sampled: 245.66 | Baseline: 248.12 | Improvement: 2.47 | Win Rate: 62.50% | Actor Loss: 0.3980 | Entropy: 0.3750 | Invalid S/B: 0.00/0.00 | Max Load: 7.1 | Load Gap: 1.2
Epoch [93/500] | Sampled: 248.19 | Baseline: 250.22 | Improvement: 2.03 | Win Rate: 53.12% | Actor Loss: 0.3688 | Entropy: 0.3990 | Invalid S/B: 0.00/0.00 | Max Load: 7.1 | Load Gap: 1.1
Epoch [94/500] | Sampled: 246.84 | Baseline: 253.66 | Improvement: 6.81 | Win Rate: 68.75% | Actor Loss: 0.5983 | Entropy: 0.3905 | Invalid S/B: 0.00/0.00 | Max Load: 7.0 | Load Gap: 1.0
Epoch [95/500] | Sampled: 249.38 | Baseline: 251.91 | Improvement: 2.53 | Win Rate: 65.62% | Actor Loss: -0.0030 | Entropy: 0.4176 | Invalid S/B: 0.00/0.00 | Max Load: 7.1 | Load Gap: 1.2
Epoch [96/500] | Sampled: 249.88 | Baseline: 252.88 | Improvement: 3.00 | Win Rate: 65.62% | Actor Loss: -0.0222 | Entropy: 0.4252 | Invalid S/B: 0.00/0.00 | Max Load: 7.0 | Load Gap: 1.0
Epoch [97/500] | Sampled: 248.41 | Baseline: 254.88 | Improvement: 6.47 | Win Rate: 71.88% | Actor Loss: -0.3793 | Entropy: 0.4415 | Invalid S/B: 0.00/0.00 | Max Load: 7.2 | Load Gap: 1.2
Epoch [98/500] | Sampled: 248.00 | Baseline: 253.06 | Improvement: 5.06 | Win Rate: 78.12% | Actor Loss: -0.4313 | Entropy: 0.4819 | Invalid S/B: 0.00/0.00 | Max Load: 7.2 | Load Gap: 1.2
Epoch [99/500] | Sampled: 247.75 | Baseline: 251.31 | Improvement: 3.56 | Win Rate: 71.88% | Actor Loss: -0.8271 | Entropy: 0.4818 | Invalid S/B: 0.00/0.00 | Max Load: 7.0 | Load Gap: 1.0
Epoch [100/500] | Sampled: 245.53 | Baseline: 249.22 | Improvement: 3.69 | Win Rate: 59.38% | Actor Loss: -0.6550 | Entropy: 0.5017 | Invalid S/B: 0.00/0.00 | Max Load: 7.1 | Load Gap: 1.1
   -> Validation | Samples: 50 | Makespan: 247.10 | Invalid Jobs: 0.00
   -> Saved updated training chart to /home/wei/AMR-DFJSP/Static_alogorithm/Attention/attention_precise_training_metrics.png
Epoch [101/500] | Sampled: 245.12 | Baseline: 247.75 | Improvement: 2.62 | Win Rate: 65.62% | Actor Loss: 0.8937 | Entropy: 0.4946 | Invalid S/B: 0.00/0.00 | Max Load: 7.1 | Load Gap: 1.1
Epoch [102/500] | Sampled: 247.88 | Baseline: 251.81 | Improvement: 3.94 | Win Rate: 62.50% | Actor Loss: -1.0590 | Entropy: 0.5667 | Invalid S/B: 0.00/0.00 | Max Load: 7.1 | Load Gap: 1.2
Epoch [103/500] | Sampled: 245.91 | Baseline: 251.44 | Improvement: 5.53 | Win Rate: 65.62% | Actor Loss: -0.6056 | Entropy: 0.5638 | Invalid S/B: 0.00/0.00 | Max Load: 7.2 | Load Gap: 1.3
Epoch [104/500] | Sampled: 247.91 | Baseline: 251.38 | Improvement: 3.47 | Win Rate: 68.75% | Actor Loss: -0.7081 | Entropy: 0.5229 | Invalid S/B: 0.00/0.00 | Max Load: 7.1 | Load Gap: 1.1
Epoch [105/500] | Sampled: 245.53 | Baseline: 250.50 | Improvement: 4.97 | Win Rate: 81.25% | Actor Loss: 0.8864 | Entropy: 0.5436 | Invalid S/B: 0.00/0.00 | Max Load: 7.0 | Load Gap: 1.0
Epoch [106/500] | Sampled: 245.75 | Baseline: 248.19 | Improvement: 2.44 | Win Rate: 59.38% | Actor Loss: 0.1977 | Entropy: 0.5179 | Invalid S/B: 0.00/0.00 | Max Load: 7.1 | Load Gap: 1.1
Epoch [107/500] | Sampled: 246.66 | Baseline: 252.00 | Improvement: 5.34 | Win Rate: 68.75% | Actor Loss: -0.5880 | Entropy: 0.5488 | Invalid S/B: 0.00/0.00 | Max Load: 7.1 | Load Gap: 1.1
Epoch [108/500] | Sampled: 245.62 | Baseline: 250.75 | Improvement: 5.12 | Win Rate: 75.00% | Actor Loss: -0.0104 | Entropy: 0.5034 | Invalid S/B: 0.00/0.00 | Max Load: 7.0 | Load Gap: 1.1
Epoch [109/500] | Sampled: 247.34 | Baseline: 253.62 | Improvement: 6.28 | Win Rate: 68.75% | Actor Loss: 0.0908 | Entropy: 0.5435 | Invalid S/B: 0.00/0.00 | Max Load: 7.1 | Load Gap: 1.1
Epoch [110/500] | Sampled: 250.09 | Baseline: 253.09 | Improvement: 3.00 | Win Rate: 50.00% | Actor Loss: 0.7458 | Entropy: 0.5228 | Invalid S/B: 0.00/0.00 | Max Load: 7.1 | Load Gap: 1.1
Epoch [111/500] | Sampled: 250.22 | Baseline: 255.38 | Improvement: 5.16 | Win Rate: 68.75% | Actor Loss: -0.5046 | Entropy: 0.5331 | Invalid S/B: 0.00/0.00 | Max Load: 7.2 | Load Gap: 1.2
Epoch [112/500] | Sampled: 247.12 | Baseline: 253.12 | Improvement: 6.00 | Win Rate: 78.12% | Actor Loss: 0.8560 | Entropy: 0.5152 | Invalid S/B: 0.00/0.00 | Max Load: 7.0 | Load Gap: 1.0
Epoch [113/500] | Sampled: 248.12 | Baseline: 251.59 | Improvement: 3.47 | Win Rate: 71.88% | Actor Loss: -0.5344 | Entropy: 0.5925 | Invalid S/B: 0.00/0.00 | Max Load: 7.2 | Load Gap: 1.2
Epoch [114/500] | Sampled: 245.47 | Baseline: 250.47 | Improvement: 5.00 | Win Rate: 68.75% | Actor Loss: 0.7381 | Entropy: 0.5493 | Invalid S/B: 0.00/0.00 | Max Load: 7.1 | Load Gap: 1.1
Epoch [115/500] | Sampled: 251.62 | Baseline: 253.06 | Improvement: 1.44 | Win Rate: 50.00% | Actor Loss: -1.5228 | Entropy: 0.6211 | Invalid S/B: 0.00/0.00 | Max Load: 7.2 | Load Gap: 1.2
Epoch [116/500] | Sampled: 249.03 | Baseline: 251.88 | Improvement: 2.84 | Win Rate: 59.38% | Actor Loss: -0.1752 | Entropy: 0.5739 | Invalid S/B: 0.00/0.00 | Max Load: 7.1 | Load Gap: 1.1
Epoch [117/500] | Sampled: 250.09 | Baseline: 251.94 | Improvement: 1.84 | Win Rate: 53.12% | Actor Loss: -0.0966 | Entropy: 0.5843 | Invalid S/B: 0.00/0.00 | Max Load: 7.1 | Load Gap: 1.1
Epoch [118/500] | Sampled: 250.00 | Baseline: 253.44 | Improvement: 3.44 | Win Rate: 62.50% | Actor Loss: -0.5830 | Entropy: 0.5594 | Invalid S/B: 0.00/0.00 | Max Load: 7.2 | Load Gap: 1.2
Epoch [119/500] | Sampled: 246.28 | Baseline: 251.06 | Improvement: 4.78 | Win Rate: 75.00% | Actor Loss: 0.0704 | Entropy: 0.5227 | Invalid S/B: 0.00/0.00 | Max Load: 7.1 | Load Gap: 1.1
Epoch [120/500] | Sampled: 247.91 | Baseline: 253.44 | Improvement: 5.53 | Win Rate: 71.88% | Actor Loss: 0.8526 | Entropy: 0.5070 | Invalid S/B: 0.00/0.00 | Max Load: 7.2 | Load Gap: 1.2
Epoch [121/500] | Sampled: 249.34 | Baseline: 251.47 | Improvement: 2.12 | Win Rate: 59.38% | Actor Loss: -0.7782 | Entropy: 0.4952 | Invalid S/B: 0.00/0.00 | Max Load: 7.1 | Load Gap: 1.2
Epoch [122/500] | Sampled: 246.66 | Baseline: 250.41 | Improvement: 3.75 | Win Rate: 71.88% | Actor Loss: -0.0205 | Entropy: 0.4518 | Invalid S/B: 0.00/0.00 | Max Load: 7.1 | Load Gap: 1.1
Epoch [123/500] | Sampled: 251.22 | Baseline: 254.44 | Improvement: 3.22 | Win Rate: 56.25% | Actor Loss: 0.7277 | Entropy: 0.4669 | Invalid S/B: 0.00/0.00 | Max Load: 7.1 | Load Gap: 1.1
Epoch [124/500] | Sampled: 248.53 | Baseline: 253.03 | Improvement: 4.50 | Win Rate: 68.75% | Actor Loss: 0.3156 | Entropy: 0.4332 | Invalid S/B: 0.00/0.00 | Max Load: 7.2 | Load Gap: 1.2
Epoch [125/500] | Sampled: 248.78 | Baseline: 253.16 | Improvement: 4.38 | Win Rate: 65.62% | Actor Loss: -0.5024 | Entropy: 0.4096 | Invalid S/B: 0.00/0.00 | Max Load: 7.1 | Load Gap: 1.1
Epoch [126/500] | Sampled: 248.69 | Baseline: 252.69 | Improvement: 4.00 | Win Rate: 62.50% | Actor Loss: -1.1283 | Entropy: 0.4183 | Invalid S/B: 0.00/0.00 | Max Load: 7.2 | Load Gap: 1.3
Epoch [127/500] | Sampled: 250.66 | Baseline: 255.56 | Improvement: 4.91 | Win Rate: 62.50% | Actor Loss: -0.5562 | Entropy: 0.4047 | Invalid S/B: 0.00/0.00 | Max Load: 7.0 | Load Gap: 1.0
Epoch [128/500] | Sampled: 244.81 | Baseline: 247.72 | Improvement: 2.91 | Win Rate: 62.50% | Actor Loss: 0.2172 | Entropy: 0.3517 | Invalid S/B: 0.00/0.00 | Max Load: 7.1 | Load Gap: 1.1
Epoch [129/500] | Sampled: 245.53 | Baseline: 250.09 | Improvement: 4.56 | Win Rate: 59.38% | Actor Loss: 0.6899 | Entropy: 0.3595 | Invalid S/B: 0.00/0.00 | Max Load: 7.1 | Load Gap: 1.1
Epoch [130/500] | Sampled: 245.78 | Baseline: 253.41 | Improvement: 7.62 | Win Rate: 71.88% | Actor Loss: -0.8723 | Entropy: 0.3767 | Invalid S/B: 0.00/0.00 | Max Load: 7.0 | Load Gap: 1.0
Epoch [131/500] | Sampled: 247.97 | Baseline: 249.88 | Improvement: 1.91 | Win Rate: 62.50% | Actor Loss: 0.5133 | Entropy: 0.3877 | Invalid S/B: 0.00/0.00 | Max Load: 7.1 | Load Gap: 1.1
Epoch [132/500] | Sampled: 245.06 | Baseline: 247.81 | Improvement: 2.75 | Win Rate: 53.12% | Actor Loss: 0.4140 | Entropy: 0.3823 | Invalid S/B: 0.00/0.00 | Max Load: 7.2 | Load Gap: 1.2
Epoch [133/500] | Sampled: 246.69 | Baseline: 250.06 | Improvement: 3.38 | Win Rate: 56.25% | Actor Loss: -0.2767 | Entropy: 0.3598 | Invalid S/B: 0.00/0.00 | Max Load: 7.1 | Load Gap: 1.2
Epoch [134/500] | Sampled: 247.28 | Baseline: 251.69 | Improvement: 4.41 | Win Rate: 78.12% | Actor Loss: -0.5331 | Entropy: 0.3492 | Invalid S/B: 0.00/0.00 | Max Load: 7.2 | Load Gap: 1.3
Epoch [135/500] | Sampled: 247.84 | Baseline: 251.69 | Improvement: 3.84 | Win Rate: 59.38% | Actor Loss: -0.5407 | Entropy: 0.3541 | Invalid S/B: 0.00/0.00 | Max Load: 7.2 | Load Gap: 1.4
Epoch [136/500] | Sampled: 247.16 | Baseline: 251.09 | Improvement: 3.94 | Win Rate: 65.62% | Actor Loss: 0.5557 | Entropy: 0.3697 | Invalid S/B: 0.00/0.00 | Max Load: 7.1 | Load Gap: 1.1
Epoch [137/500] | Sampled: 246.97 | Baseline: 251.62 | Improvement: 4.66 | Win Rate: 65.62% | Actor Loss: -0.1906 | Entropy: 0.3545 | Invalid S/B: 0.00/0.00 | Max Load: 7.1 | Load Gap: 1.2
Epoch [138/500] | Sampled: 248.38 | Baseline: 253.00 | Improvement: 4.62 | Win Rate: 71.88% | Actor Loss: 0.1855 | Entropy: 0.3395 | Invalid S/B: 0.00/0.00 | Max Load: 7.2 | Load Gap: 1.2
Epoch [139/500] | Sampled: 247.03 | Baseline: 252.31 | Improvement: 5.28 | Win Rate: 68.75% | Actor Loss: 1.0191 | Entropy: 0.3246 | Invalid S/B: 0.00/0.00 | Max Load: 7.0 | Load Gap: 1.1
Epoch [140/500] | Sampled: 248.50 | Baseline: 250.56 | Improvement: 2.06 | Win Rate: 68.75% | Actor Loss: 0.8264 | Entropy: 0.3041 | Invalid S/B: 0.00/0.00 | Max Load: 7.2 | Load Gap: 1.3
Epoch [141/500] | Sampled: 249.59 | Baseline: 253.25 | Improvement: 3.66 | Win Rate: 59.38% | Actor Loss: 0.5084 | Entropy: 0.2967 | Invalid S/B: 0.00/0.00 | Max Load: 7.1 | Load Gap: 1.1
Epoch [142/500] | Sampled: 248.59 | Baseline: 251.88 | Improvement: 3.28 | Win Rate: 65.62% | Actor Loss: 0.9698 | Entropy: 0.3141 | Invalid S/B: 0.00/0.00 | Max Load: 7.2 | Load Gap: 1.2
Epoch [143/500] | Sampled: 247.66 | Baseline: 251.03 | Improvement: 3.38 | Win Rate: 59.38% | Actor Loss: -0.3336 | Entropy: 0.3460 | Invalid S/B: 0.00/0.00 | Max Load: 7.2 | Load Gap: 1.3
Epoch [144/500] | Sampled: 245.31 | Baseline: 250.12 | Improvement: 4.81 | Win Rate: 75.00% | Actor Loss: 0.5678 | Entropy: 0.3615 | Invalid S/B: 0.00/0.00 | Max Load: 7.2 | Load Gap: 1.2
Epoch [145/500] | Sampled: 245.38 | Baseline: 251.62 | Improvement: 6.25 | Win Rate: 65.62% | Actor Loss: 0.7905 | Entropy: 0.3480 | Invalid S/B: 0.00/0.00 | Max Load: 7.2 | Load Gap: 1.2
Epoch [146/500] | Sampled: 248.88 | Baseline: 253.00 | Improvement: 4.12 | Win Rate: 68.75% | Actor Loss: -0.3571 | Entropy: 0.3497 | Invalid S/B: 0.00/0.00 | Max Load: 7.2 | Load Gap: 1.2
Epoch [147/500] | Sampled: 246.03 | Baseline: 252.50 | Improvement: 6.47 | Win Rate: 75.00% | Actor Loss: -0.5255 | Entropy: 0.3691 | Invalid S/B: 0.00/0.00 | Max Load: 7.3 | Load Gap: 1.3
Epoch [148/500] | Sampled: 247.84 | Baseline: 253.94 | Improvement: 6.09 | Win Rate: 68.75% | Actor Loss: 1.9258 | Entropy: 0.3487 | Invalid S/B: 0.00/0.00 | Max Load: 7.1 | Load Gap: 1.2
Epoch [149/500] | Sampled: 245.50 | Baseline: 248.59 | Improvement: 3.09 | Win Rate: 62.50% | Actor Loss: -0.2932 | Entropy: 0.3312 | Invalid S/B: 0.00/0.00 | Max Load: 7.2 | Load Gap: 1.2
Epoch [150/500] | Sampled: 247.44 | Baseline: 251.88 | Improvement: 4.44 | Win Rate: 68.75% | Actor Loss: -0.8445 | Entropy: 0.3564 | Invalid S/B: 0.00/0.00 | Max Load: 7.2 | Load Gap: 1.3
   -> Validation | Samples: 50 | Makespan: 247.36 | Invalid Jobs: 0.00
Epoch [151/500] | Sampled: 247.16 | Baseline: 256.25 | Improvement: 9.09 | Win Rate: 96.88% | Actor Loss: -0.3909 | Entropy: 0.3442 | Invalid S/B: 0.00/0.00 | Max Load: 7.2 | Load Gap: 1.2
Epoch [152/500] | Sampled: 248.72 | Baseline: 251.66 | Improvement: 2.94 | Win Rate: 53.12% | Actor Loss: -0.3360 | Entropy: 0.3459 | Invalid S/B: 0.00/0.00 | Max Load: 7.2 | Load Gap: 1.2
Epoch [153/500] | Sampled: 250.06 | Baseline: 252.06 | Improvement: 2.00 | Win Rate: 50.00% | Actor Loss: -0.1936 | Entropy: 0.3645 | Invalid S/B: 0.00/0.00 | Max Load: 7.2 | Load Gap: 1.3
Epoch [154/500] | Sampled: 250.84 | Baseline: 252.53 | Improvement: 1.69 | Win Rate: 50.00% | Actor Loss: 0.2197 | Entropy: 0.3455 | Invalid S/B: 0.00/0.00 | Max Load: 7.2 | Load Gap: 1.3
Epoch [155/500] | Sampled: 246.38 | Baseline: 250.56 | Improvement: 4.19 | Win Rate: 68.75% | Actor Loss: -0.0107 | Entropy: 0.3210 | Invalid S/B: 0.00/0.00 | Max Load: 7.1 | Load Gap: 1.1
Epoch [156/500] | Sampled: 251.94 | Baseline: 255.88 | Improvement: 3.94 | Win Rate: 59.38% | Actor Loss: 0.5231 | Entropy: 0.3678 | Invalid S/B: 0.00/0.00 | Max Load: 7.2 | Load Gap: 1.3
Epoch [157/500] | Sampled: 249.88 | Baseline: 254.91 | Improvement: 5.03 | Win Rate: 65.62% | Actor Loss: 0.5873 | Entropy: 0.3611 | Invalid S/B: 0.00/0.00 | Max Load: 7.1 | Load Gap: 1.2
Epoch [158/500] | Sampled: 246.91 | Baseline: 249.19 | Improvement: 2.28 | Win Rate: 50.00% | Actor Loss: -0.0266 | Entropy: 0.3377 | Invalid S/B: 0.00/0.00 | Max Load: 7.2 | Load Gap: 1.2
Epoch [159/500] | Sampled: 248.88 | Baseline: 251.47 | Improvement: 2.59 | Win Rate: 62.50% | Actor Loss: -0.2926 | Entropy: 0.3622 | Invalid S/B: 0.00/0.00 | Max Load: 7.2 | Load Gap: 1.3
Epoch [160/500] | Sampled: 247.22 | Baseline: 251.59 | Improvement: 4.38 | Win Rate: 65.62% | Actor Loss: 0.0890 | Entropy: 0.3665 | Invalid S/B: 0.00/0.00 | Max Load: 7.1 | Load Gap: 1.2
Epoch [161/500] | Sampled: 249.72 | Baseline: 253.94 | Improvement: 4.22 | Win Rate: 62.50% | Actor Loss: 0.1600 | Entropy: 0.3777 | Invalid S/B: 0.00/0.00 | Max Load: 7.2 | Load Gap: 1.3
Epoch [162/500] | Sampled: 244.50 | Baseline: 248.78 | Improvement: 4.28 | Win Rate: 65.62% | Actor Loss: -0.1140 | Entropy: 0.3570 | Invalid S/B: 0.00/0.00 | Max Load: 7.1 | Load Gap: 1.1
Epoch [163/500] | Sampled: 248.50 | Baseline: 249.19 | Improvement: 0.69 | Win Rate: 40.62% | Actor Loss: 0.8033 | Entropy: 0.3730 | Invalid S/B: 0.00/0.00 | Max Load: 7.2 | Load Gap: 1.2
Epoch [164/500] | Sampled: 246.66 | Baseline: 252.38 | Improvement: 5.72 | Win Rate: 71.88% | Actor Loss: 0.8663 | Entropy: 0.4187 | Invalid S/B: 0.00/0.00 | Max Load: 7.2 | Load Gap: 1.2
Epoch [165/500] | Sampled: 249.28 | Baseline: 252.56 | Improvement: 3.28 | Win Rate: 62.50% | Actor Loss: 0.3340 | Entropy: 0.4161 | Invalid S/B: 0.00/0.00 | Max Load: 7.2 | Load Gap: 1.2
Epoch [166/500] | Sampled: 244.75 | Baseline: 250.00 | Improvement: 5.25 | Win Rate: 65.62% | Actor Loss: 0.9315 | Entropy: 0.4069 | Invalid S/B: 0.00/0.00 | Max Load: 7.1 | Load Gap: 1.2
Epoch [167/500] | Sampled: 249.38 | Baseline: 252.41 | Improvement: 3.03 | Win Rate: 65.62% | Actor Loss: -1.0325 | Entropy: 0.4949 | Invalid S/B: 0.00/0.00 | Max Load: 7.2 | Load Gap: 1.2
Epoch [168/500] | Sampled: 250.00 | Baseline: 253.16 | Improvement: 3.16 | Win Rate: 65.62% | Actor Loss: 0.8044 | Entropy: 0.5078 | Invalid S/B: 0.00/0.00 | Max Load: 7.1 | Load Gap: 1.1
Epoch [169/500] | Sampled: 246.88 | Baseline: 252.03 | Improvement: 5.16 | Win Rate: 71.88% | Actor Loss: -0.0074 | Entropy: 0.5032 | Invalid S/B: 0.00/0.00 | Max Load: 7.2 | Load Gap: 1.2
Epoch [170/500] | Sampled: 247.03 | Baseline: 251.75 | Improvement: 4.72 | Win Rate: 71.88% | Actor Loss: -0.6929 | Entropy: 0.5235 | Invalid S/B: 0.00/0.00 | Max Load: 7.0 | Load Gap: 1.0
Epoch [171/500] | Sampled: 248.25 | Baseline: 251.47 | Improvement: 3.22 | Win Rate: 68.75% | Actor Loss: 0.2517 | Entropy: 0.5671 | Invalid S/B: 0.00/0.00 | Max Load: 7.2 | Load Gap: 1.2
Epoch [172/500] | Sampled: 248.75 | Baseline: 254.38 | Improvement: 5.62 | Win Rate: 68.75% | Actor Loss: 0.7921 | Entropy: 0.6067 | Invalid S/B: 0.00/0.00 | Max Load: 7.1 | Load Gap: 1.1
Epoch [173/500] | Sampled: 249.84 | Baseline: 250.06 | Improvement: 0.22 | Win Rate: 59.38% | Actor Loss: 1.3188 | Entropy: 0.6161 | Invalid S/B: 0.00/0.00 | Max Load: 7.2 | Load Gap: 1.3
Epoch [174/500] | Sampled: 251.12 | Baseline: 252.94 | Improvement: 1.81 | Win Rate: 59.38% | Actor Loss: 0.5757 | Entropy: 0.6613 | Invalid S/B: 0.00/0.00 | Max Load: 7.0 | Load Gap: 1.0
Epoch [175/500] | Sampled: 254.41 | Baseline: 253.91 | Improvement: -0.50 | Win Rate: 46.88% | Actor Loss: -1.2627 | Entropy: 0.7458 | Invalid S/B: 0.00/0.00 | Max Load: 7.0 | Load Gap: 1.0
Epoch [176/500] | Sampled: 251.38 | Baseline: 254.53 | Improvement: 3.16 | Win Rate: 59.38% | Actor Loss: -0.6672 | Entropy: 0.7885 | Invalid S/B: 0.00/0.00 | Max Load: 7.0 | Load Gap: 1.0
Epoch [177/500] | Sampled: 252.06 | Baseline: 252.78 | Improvement: 0.72 | Win Rate: 46.88% | Actor Loss: -2.2706 | Entropy: 0.8125 | Invalid S/B: 0.00/0.00 | Max Load: 7.1 | Load Gap: 1.2
Epoch [178/500] | Sampled: 251.47 | Baseline: 254.03 | Improvement: 2.56 | Win Rate: 59.38% | Actor Loss: -0.5691 | Entropy: 0.8199 | Invalid S/B: 0.00/0.00 | Max Load: 7.2 | Load Gap: 1.2
Epoch [179/500] | Sampled: 244.38 | Baseline: 248.97 | Improvement: 4.59 | Win Rate: 59.38% | Actor Loss: -0.8604 | Entropy: 0.7557 | Invalid S/B: 0.00/0.00 | Max Load: 7.1 | Load Gap: 1.1
Epoch [180/500] | Sampled: 246.91 | Baseline: 249.38 | Improvement: 2.47 | Win Rate: 46.88% | Actor Loss: 0.1787 | Entropy: 0.7763 | Invalid S/B: 0.00/0.00 | Max Load: 7.1 | Load Gap: 1.1
Epoch [181/500] | Sampled: 247.56 | Baseline: 252.06 | Improvement: 4.50 | Win Rate: 75.00% | Actor Loss: 0.6584 | Entropy: 0.7793 | Invalid S/B: 0.00/0.00 | Max Load: 7.1 | Load Gap: 1.1
Epoch [182/500] | Sampled: 249.84 | Baseline: 253.69 | Improvement: 3.84 | Win Rate: 65.62% | Actor Loss: -1.8285 | Entropy: 0.7764 | Invalid S/B: 0.00/0.00 | Max Load: 7.2 | Load Gap: 1.2
Epoch [183/500] | Sampled: 249.38 | Baseline: 254.47 | Improvement: 5.09 | Win Rate: 65.62% | Actor Loss: 1.1413 | Entropy: 0.7115 | Invalid S/B: 0.00/0.00 | Max Load: 7.1 | Load Gap: 1.1
Epoch [184/500] | Sampled: 244.72 | Baseline: 248.75 | Improvement: 4.03 | Win Rate: 71.88% | Actor Loss: -0.1840 | Entropy: 0.6710 | Invalid S/B: 0.00/0.00 | Max Load: 7.1 | Load Gap: 1.1
Epoch [185/500] | Sampled: 248.06 | Baseline: 251.81 | Improvement: 3.75 | Win Rate: 62.50% | Actor Loss: 0.4020 | Entropy: 0.6723 | Invalid S/B: 0.00/0.00 | Max Load: 7.1 | Load Gap: 1.2
Epoch [186/500] | Sampled: 247.09 | Baseline: 250.66 | Improvement: 3.56 | Win Rate: 59.38% | Actor Loss: 1.1269 | Entropy: 0.6734 | Invalid S/B: 0.00/0.00 | Max Load: 7.0 | Load Gap: 1.0
Epoch [187/500] | Sampled: 248.97 | Baseline: 255.47 | Improvement: 6.50 | Win Rate: 81.25% | Actor Loss: 0.3375 | Entropy: 0.6367 | Invalid S/B: 0.00/0.00 | Max Load: 7.0 | Load Gap: 1.0
Epoch [188/500] | Sampled: 246.34 | Baseline: 252.16 | Improvement: 5.81 | Win Rate: 75.00% | Actor Loss: -0.2851 | Entropy: 0.6656 | Invalid S/B: 0.00/0.00 | Max Load: 7.1 | Load Gap: 1.1
Epoch [189/500] | Sampled: 247.66 | Baseline: 252.84 | Improvement: 5.19 | Win Rate: 71.88% | Actor Loss: -0.7786 | Entropy: 0.6792 | Invalid S/B: 0.00/0.00 | Max Load: 7.1 | Load Gap: 1.1
Epoch [190/500] | Sampled: 248.69 | Baseline: 253.31 | Improvement: 4.62 | Win Rate: 65.62% | Actor Loss: -0.4768 | Entropy: 0.6575 | Invalid S/B: 0.00/0.00 | Max Load: 7.0 | Load Gap: 1.0
Epoch [191/500] | Sampled: 246.59 | Baseline: 251.25 | Improvement: 4.66 | Win Rate: 71.88% | Actor Loss: -0.6384 | Entropy: 0.6626 | Invalid S/B: 0.00/0.00 | Max Load: 7.0 | Load Gap: 1.0
Epoch [192/500] | Sampled: 250.31 | Baseline: 251.94 | Improvement: 1.62 | Win Rate: 53.12% | Actor Loss: 0.2402 | Entropy: 0.6613 | Invalid S/B: 0.00/0.00 | Max Load: 7.1 | Load Gap: 1.2
Epoch [193/500] | Sampled: 250.16 | Baseline: 253.84 | Improvement: 3.69 | Win Rate: 56.25% | Actor Loss: 0.6728 | Entropy: 0.6603 | Invalid S/B: 0.00/0.00 | Max Load: 7.1 | Load Gap: 1.1
Epoch [194/500] | Sampled: 247.00 | Baseline: 251.00 | Improvement: 4.00 | Win Rate: 56.25% | Actor Loss: -1.1428 | Entropy: 0.6710 | Invalid S/B: 0.00/0.00 | Max Load: 7.2 | Load Gap: 1.3
Epoch [195/500] | Sampled: 250.06 | Baseline: 251.62 | Improvement: 1.56 | Win Rate: 59.38% | Actor Loss: -1.1820 | Entropy: 0.6786 | Invalid S/B: 0.00/0.00 | Max Load: 7.1 | Load Gap: 1.2
Epoch [196/500] | Sampled: 245.56 | Baseline: 250.53 | Improvement: 4.97 | Win Rate: 59.38% | Actor Loss: 0.3236 | Entropy: 0.6519 | Invalid S/B: 0.00/0.00 | Max Load: 7.2 | Load Gap: 1.2
Epoch [197/500] | Sampled: 246.53 | Baseline: 250.38 | Improvement: 3.84 | Win Rate: 65.62% | Actor Loss: -0.8245 | Entropy: 0.7143 | Invalid S/B: 0.00/0.00 | Max Load: 7.2 | Load Gap: 1.2
Epoch [198/500] | Sampled: 250.78 | Baseline: 252.59 | Improvement: 1.81 | Win Rate: 56.25% | Actor Loss: -0.5722 | Entropy: 0.7165 | Invalid S/B: 0.00/0.00 | Max Load: 7.0 | Load Gap: 1.0
Epoch [199/500] | Sampled: 249.50 | Baseline: 252.62 | Improvement: 3.12 | Win Rate: 59.38% | Actor Loss: 0.4136 | Entropy: 0.7042 | Invalid S/B: 0.00/0.00 | Max Load: 7.1 | Load Gap: 1.1
Epoch [200/500] | Sampled: 246.72 | Baseline: 249.53 | Improvement: 2.81 | Win Rate: 62.50% | Actor Loss: -0.9744 | Entropy: 0.6927 | Invalid S/B: 0.00/0.00 | Max Load: 7.2 | Load Gap: 1.2
   -> Validation | Samples: 50 | Makespan: 247.16 | Invalid Jobs: 0.00
   -> Saved updated training chart to /home/wei/AMR-DFJSP/Static_alogorithm/Attention/attention_precise_training_metrics.png
Epoch [201/500] | Sampled: 246.50 | Baseline: 251.81 | Improvement: 5.31 | Win Rate: 71.88% | Actor Loss: -0.4128 | Entropy: 0.7597 | Invalid S/B: 0.00/0.00 | Max Load: 7.1 | Load Gap: 1.2
Epoch [202/500] | Sampled: 244.84 | Baseline: 249.19 | Improvement: 4.34 | Win Rate: 68.75% | Actor Loss: -0.3689 | Entropy: 0.7200 | Invalid S/B: 0.00/0.00 | Max Load: 7.2 | Load Gap: 1.3
Epoch [203/500] | Sampled: 244.66 | Baseline: 250.91 | Improvement: 6.25 | Win Rate: 75.00% | Actor Loss: -0.6725 | Entropy: 0.7720 | Invalid S/B: 0.00/0.00 | Max Load: 7.1 | Load Gap: 1.2
Epoch [204/500] | Sampled: 247.75 | Baseline: 254.69 | Improvement: 6.94 | Win Rate: 78.12% | Actor Loss: -0.4661 | Entropy: 0.7880 | Invalid S/B: 0.00/0.00 | Max Load: 7.1 | Load Gap: 1.1
Epoch [205/500] | Sampled: 250.84 | Baseline: 253.38 | Improvement: 2.53 | Win Rate: 65.62% | Actor Loss: -0.2084 | Entropy: 0.7480 | Invalid S/B: 0.00/0.00 | Max Load: 7.1 | Load Gap: 1.1
Epoch [206/500] | Sampled: 245.16 | Baseline: 252.91 | Improvement: 7.75 | Win Rate: 81.25% | Actor Loss: 0.0360 | Entropy: 0.7476 | Invalid S/B: 0.00/0.00 | Max Load: 7.1 | Load Gap: 1.1
Epoch [207/500] | Sampled: 249.22 | Baseline: 252.81 | Improvement: 3.59 | Win Rate: 71.88% | Actor Loss: 0.0647 | Entropy: 0.7913 | Invalid S/B: 0.00/0.00 | Max Load: 7.1 | Load Gap: 1.2
Epoch [208/500] | Sampled: 250.09 | Baseline: 251.62 | Improvement: 1.53 | Win Rate: 56.25% | Actor Loss: -1.0523 | Entropy: 0.8491 | Invalid S/B: 0.00/0.00 | Max Load: 7.1 | Load Gap: 1.1
Epoch [209/500] | Sampled: 248.59 | Baseline: 251.28 | Improvement: 2.69 | Win Rate: 53.12% | Actor Loss: -0.8094 | Entropy: 0.8843 | Invalid S/B: 0.00/0.00 | Max Load: 7.1 | Load Gap: 1.1
Epoch [210/500] | Sampled: 248.22 | Baseline: 251.06 | Improvement: 2.84 | Win Rate: 68.75% | Actor Loss: -0.2906 | Entropy: 0.9390 | Invalid S/B: 0.00/0.00 | Max Load: 7.1 | Load Gap: 1.1
Epoch [211/500] | Sampled: 251.16 | Baseline: 254.25 | Improvement: 3.09 | Win Rate: 53.12% | Actor Loss: 1.4388 | Entropy: 1.0211 | Invalid S/B: 0.00/0.00 | Max Load: 7.1 | Load Gap: 1.1
Epoch [212/500] | Sampled: 247.34 | Baseline: 250.94 | Improvement: 3.59 | Win Rate: 62.50% | Actor Loss: -2.3335 | Entropy: 1.1238 | Invalid S/B: 0.00/0.00 | Max Load: 7.1 | Load Gap: 1.1
Epoch [213/500] | Sampled: 249.94 | Baseline: 251.34 | Improvement: 1.41 | Win Rate: 56.25% | Actor Loss: -1.6019 | Entropy: 1.1723 | Invalid S/B: 0.00/0.00 | Max Load: 7.1 | Load Gap: 1.1
Epoch [214/500] | Sampled: 250.28 | Baseline: 251.81 | Improvement: 1.53 | Win Rate: 53.12% | Actor Loss: -2.4422 | Entropy: 1.2134 | Invalid S/B: 0.00/0.00 | Max Load: 7.1 | Load Gap: 1.1
Epoch [215/500] | Sampled: 249.97 | Baseline: 251.31 | Improvement: 1.34 | Win Rate: 56.25% | Actor Loss: -0.8624 | Entropy: 1.2046 | Invalid S/B: 0.00/0.00 | Max Load: 7.0 | Load Gap: 1.0
Epoch [216/500] | Sampled: 250.69 | Baseline: 253.22 | Improvement: 2.53 | Win Rate: 53.12% | Actor Loss: -0.7093 | Entropy: 1.2333 | Invalid S/B: 0.00/0.00 | Max Load: 7.0 | Load Gap: 1.0
Epoch [217/500] | Sampled: 249.03 | Baseline: 250.12 | Improvement: 1.09 | Win Rate: 50.00% | Actor Loss: -1.2279 | Entropy: 1.1445 | Invalid S/B: 0.00/0.00 | Max Load: 7.2 | Load Gap: 1.2
Epoch [218/500] | Sampled: 250.47 | Baseline: 252.75 | Improvement: 2.28 | Win Rate: 65.62% | Actor Loss: -1.6942 | Entropy: 1.1495 | Invalid S/B: 0.00/0.00 | Max Load: 7.1 | Load Gap: 1.1
Epoch [219/500] | Sampled: 251.91 | Baseline: 253.25 | Improvement: 1.34 | Win Rate: 56.25% | Actor Loss: -1.1984 | Entropy: 1.1587 | Invalid S/B: 0.00/0.00 | Max Load: 7.2 | Load Gap: 1.2
Epoch [220/500] | Sampled: 249.28 | Baseline: 252.31 | Improvement: 3.03 | Win Rate: 71.88% | Actor Loss: -1.3669 | Entropy: 1.1327 | Invalid S/B: 0.00/0.00 | Max Load: 7.1 | Load Gap: 1.2
Epoch [221/500] | Sampled: 249.75 | Baseline: 252.78 | Improvement: 3.03 | Win Rate: 65.62% | Actor Loss: -0.1735 | Entropy: 1.0881 | Invalid S/B: 0.00/0.00 | Max Load: 7.2 | Load Gap: 1.2
Epoch [222/500] | Sampled: 249.00 | Baseline: 252.09 | Improvement: 3.09 | Win Rate: 59.38% | Actor Loss: -1.7392 | Entropy: 1.0762 | Invalid S/B: 0.00/0.00 | Max Load: 7.1 | Load Gap: 1.1
Epoch [223/500] | Sampled: 251.81 | Baseline: 253.91 | Improvement: 2.09 | Win Rate: 50.00% | Actor Loss: -1.5258 | Entropy: 1.0809 | Invalid S/B: 0.00/0.00 | Max Load: 7.1 | Load Gap: 1.1
Epoch [224/500] | Sampled: 247.34 | Baseline: 252.59 | Improvement: 5.25 | Win Rate: 75.00% | Actor Loss: -2.1739 | Entropy: 1.0054 | Invalid S/B: 0.00/0.00 | Max Load: 7.0 | Load Gap: 1.0
Epoch [225/500] | Sampled: 246.75 | Baseline: 252.00 | Improvement: 5.25 | Win Rate: 71.88% | Actor Loss: -2.9420 | Entropy: 0.9516 | Invalid S/B: 0.00/0.00 | Max Load: 7.2 | Load Gap: 1.2
Epoch [226/500] | Sampled: 251.06 | Baseline: 254.03 | Improvement: 2.97 | Win Rate: 56.25% | Actor Loss: -1.2798 | Entropy: 0.8999 | Invalid S/B: 0.00/0.00 | Max Load: 7.1 | Load Gap: 1.1
Epoch [227/500] | Sampled: 248.62 | Baseline: 254.16 | Improvement: 5.53 | Win Rate: 65.62% | Actor Loss: -1.1488 | Entropy: 0.8631 | Invalid S/B: 0.00/0.00 | Max Load: 7.1 | Load Gap: 1.1
Epoch [228/500] | Sampled: 245.16 | Baseline: 248.16 | Improvement: 3.00 | Win Rate: 56.25% | Actor Loss: -0.6368 | Entropy: 0.7917 | Invalid S/B: 0.00/0.00 | Max Load: 7.1 | Load Gap: 1.1
Epoch [229/500] | Sampled: 247.53 | Baseline: 251.97 | Improvement: 4.44 | Win Rate: 71.88% | Actor Loss: -1.4944 | Entropy: 0.7929 | Invalid S/B: 0.00/0.00 | Max Load: 7.1 | Load Gap: 1.2
Epoch [230/500] | Sampled: 249.38 | Baseline: 253.66 | Improvement: 4.28 | Win Rate: 59.38% | Actor Loss: -1.2207 | Entropy: 0.7525 | Invalid S/B: 0.00/0.00 | Max Load: 7.0 | Load Gap: 1.0
Epoch [231/500] | Sampled: 248.97 | Baseline: 253.22 | Improvement: 4.25 | Win Rate: 68.75% | Actor Loss: -0.8368 | Entropy: 0.7684 | Invalid S/B: 0.00/0.00 | Max Load: 7.1 | Load Gap: 1.1
Epoch [232/500] | Sampled: 249.34 | Baseline: 253.09 | Improvement: 3.75 | Win Rate: 65.62% | Actor Loss: -0.2199 | Entropy: 0.7557 | Invalid S/B: 0.03/0.00 | Max Load: 7.1 | Load Gap: 1.1
Epoch [233/500] | Sampled: 244.81 | Baseline: 251.16 | Improvement: 6.34 | Win Rate: 75.00% | Actor Loss: -0.8737 | Entropy: 0.7374 | Invalid S/B: 0.00/0.00 | Max Load: 7.1 | Load Gap: 1.1
Epoch [234/500] | Sampled: 247.03 | Baseline: 250.72 | Improvement: 3.69 | Win Rate: 65.62% | Actor Loss: -1.8765 | Entropy: 0.7602 | Invalid S/B: 0.00/0.00 | Max Load: 7.1 | Load Gap: 1.1
Epoch [235/500] | Sampled: 247.66 | Baseline: 249.31 | Improvement: 1.66 | Win Rate: 50.00% | Actor Loss: 0.0024 | Entropy: 0.7007 | Invalid S/B: 0.00/0.00 | Max Load: 7.1 | Load Gap: 1.1
Epoch [236/500] | Sampled: 248.28 | Baseline: 252.88 | Improvement: 4.59 | Win Rate: 62.50% | Actor Loss: 0.1065 | Entropy: 0.6750 | Invalid S/B: 0.00/0.00 | Max Load: 7.1 | Load Gap: 1.1
Epoch [237/500] | Sampled: 248.31 | Baseline: 252.72 | Improvement: 4.41 | Win Rate: 71.88% | Actor Loss: -0.8564 | Entropy: 0.6845 | Invalid S/B: 0.00/0.00 | Max Load: 7.1 | Load Gap: 1.1
Epoch [238/500] | Sampled: 250.94 | Baseline: 249.88 | Improvement: -1.06 | Win Rate: 46.88% | Actor Loss: 0.8187 | Entropy: 0.7086 | Invalid S/B: 0.00/0.00 | Max Load: 7.2 | Load Gap: 1.2
Epoch [239/500] | Sampled: 251.94 | Baseline: 251.78 | Improvement: -0.16 | Win Rate: 40.62% | Actor Loss: -0.2717 | Entropy: 0.6607 | Invalid S/B: 0.00/0.00 | Max Load: 7.2 | Load Gap: 1.2
Epoch [240/500] | Sampled: 252.03 | Baseline: 251.72 | Improvement: -0.31 | Win Rate: 50.00% | Actor Loss: -0.2965 | Entropy: 0.6916 | Invalid S/B: 0.00/0.00 | Max Load: 7.1 | Load Gap: 1.1
Epoch [241/500] | Sampled: 253.53 | Baseline: 251.81 | Improvement: -1.72 | Win Rate: 46.88% | Actor Loss: 0.0061 | Entropy: 0.6416 | Invalid S/B: 0.00/0.00 | Max Load: 7.2 | Load Gap: 1.2
Epoch [242/500] | Sampled: 252.62 | Baseline: 251.84 | Improvement: -0.78 | Win Rate: 50.00% | Actor Loss: -0.1208 | Entropy: 0.6089 | Invalid S/B: 0.00/0.00 | Max Load: 7.1 | Load Gap: 1.1
Epoch [243/500] | Sampled: 249.06 | Baseline: 249.72 | Improvement: 0.66 | Win Rate: 62.50% | Actor Loss: -0.8910 | Entropy: 0.6207 | Invalid S/B: 0.00/0.00 | Max Load: 7.1 | Load Gap: 1.1
Epoch [244/500] | Sampled: 249.41 | Baseline: 250.91 | Improvement: 1.50 | Win Rate: 53.12% | Actor Loss: 0.1824 | Entropy: 0.5603 | Invalid S/B: 0.00/0.00 | Max Load: 7.1 | Load Gap: 1.1
Epoch [245/500] | Sampled: 251.09 | Baseline: 250.88 | Improvement: -0.22 | Win Rate: 50.00% | Actor Loss: 0.5305 | Entropy: 0.5453 | Invalid S/B: 0.00/0.00 | Max Load: 7.1 | Load Gap: 1.1
Epoch [246/500] | Sampled: 247.34 | Baseline: 250.16 | Improvement: 2.81 | Win Rate: 62.50% | Actor Loss: 0.8795 | Entropy: 0.5124 | Invalid S/B: 0.00/0.00 | Max Load: 7.1 | Load Gap: 1.1
Epoch [247/500] | Sampled: 248.84 | Baseline: 252.34 | Improvement: 3.50 | Win Rate: 65.62% | Actor Loss: -0.0773 | Entropy: 0.5254 | Invalid S/B: 0.00/0.00 | Max Load: 7.1 | Load Gap: 1.1
Epoch [248/500] | Sampled: 246.38 | Baseline: 251.09 | Improvement: 4.72 | Win Rate: 68.75% | Actor Loss: -0.5753 | Entropy: 0.5110 | Invalid S/B: 0.00/0.00 | Max Load: 7.1 | Load Gap: 1.1
Epoch [249/500] | Sampled: 248.12 | Baseline: 252.00 | Improvement: 3.88 | Win Rate: 65.62% | Actor Loss: -0.0342 | Entropy: 0.5045 | Invalid S/B: 0.00/0.00 | Max Load: 7.2 | Load Gap: 1.2
Epoch [250/500] | Sampled: 248.06 | Baseline: 253.72 | Improvement: 5.66 | Win Rate: 71.88% | Actor Loss: -0.7235 | Entropy: 0.5457 | Invalid S/B: 0.00/0.00 | Max Load: 7.2 | Load Gap: 1.2
   -> Validation | Samples: 50 | Makespan: 246.04 | Invalid Jobs: 0.00
   -> Saved new best model (Val Makespan: 246.04)
Epoch [251/500] | Sampled: 246.34 | Baseline: 249.84 | Improvement: 3.50 | Win Rate: 53.12% | Actor Loss: 0.5874 | Entropy: 0.5189 | Invalid S/B: 0.00/0.00 | Max Load: 7.1 | Load Gap: 1.1
Epoch [252/500] | Sampled: 244.69 | Baseline: 250.62 | Improvement: 5.94 | Win Rate: 71.88% | Actor Loss: -0.0082 | Entropy: 0.4821 | Invalid S/B: 0.00/0.00 | Max Load: 7.1 | Load Gap: 1.1
Epoch [253/500] | Sampled: 245.09 | Baseline: 251.44 | Improvement: 6.34 | Win Rate: 71.88% | Actor Loss: -0.7596 | Entropy: 0.4719 | Invalid S/B: 0.00/0.00 | Max Load: 7.1 | Load Gap: 1.1
Epoch [254/500] | Sampled: 248.56 | Baseline: 255.28 | Improvement: 6.72 | Win Rate: 84.38% | Actor Loss: 0.1714 | Entropy: 0.4828 | Invalid S/B: 0.00/0.00 | Max Load: 7.2 | Load Gap: 1.2
Epoch [255/500] | Sampled: 246.88 | Baseline: 249.50 | Improvement: 2.62 | Win Rate: 62.50% | Actor Loss: 0.5767 | Entropy: 0.4795 | Invalid S/B: 0.00/0.00 | Max Load: 7.1 | Load Gap: 1.2
Epoch [256/500] | Sampled: 244.84 | Baseline: 251.94 | Improvement: 7.09 | Win Rate: 78.12% | Actor Loss: 0.0136 | Entropy: 0.4754 | Invalid S/B: 0.00/0.00 | Max Load: 7.1 | Load Gap: 1.2
Epoch [257/500] | Sampled: 247.66 | Baseline: 254.19 | Improvement: 6.53 | Win Rate: 78.12% | Actor Loss: -0.2501 | Entropy: 0.5006 | Invalid S/B: 0.00/0.00 | Max Load: 7.2 | Load Gap: 1.2
Epoch [258/500] | Sampled: 248.50 | Baseline: 253.47 | Improvement: 4.97 | Win Rate: 75.00% | Actor Loss: -0.6731 | Entropy: 0.5169 | Invalid S/B: 0.00/0.00 | Max Load: 7.1 | Load Gap: 1.1
Epoch [259/500] | Sampled: 249.62 | Baseline: 255.12 | Improvement: 5.50 | Win Rate: 71.88% | Actor Loss: 0.0789 | Entropy: 0.4912 | Invalid S/B: 0.00/0.00 | Max Load: 7.2 | Load Gap: 1.2
Epoch [260/500] | Sampled: 244.12 | Baseline: 248.22 | Improvement: 4.09 | Win Rate: 65.62% | Actor Loss: -0.3311 | Entropy: 0.4758 | Invalid S/B: 0.00/0.00 | Max Load: 7.2 | Load Gap: 1.2
Epoch [261/500] | Sampled: 249.06 | Baseline: 252.84 | Improvement: 3.78 | Win Rate: 65.62% | Actor Loss: -0.1929 | Entropy: 0.5182 | Invalid S/B: 0.00/0.00 | Max Load: 7.2 | Load Gap: 1.2
Epoch [262/500] | Sampled: 249.53 | Baseline: 254.56 | Improvement: 5.03 | Win Rate: 62.50% | Actor Loss: 0.3849 | Entropy: 0.5128 | Invalid S/B: 0.00/0.00 | Max Load: 7.1 | Load Gap: 1.2
Epoch [263/500] | Sampled: 244.12 | Baseline: 249.69 | Improvement: 5.56 | Win Rate: 68.75% | Actor Loss: -0.4966 | Entropy: 0.5121 | Invalid S/B: 0.00/0.00 | Max Load: 7.2 | Load Gap: 1.2
Epoch [264/500] | Sampled: 245.34 | Baseline: 249.25 | Improvement: 3.91 | Win Rate: 68.75% | Actor Loss: 0.6589 | Entropy: 0.5503 | Invalid S/B: 0.00/0.00 | Max Load: 7.1 | Load Gap: 1.2
Epoch [265/500] | Sampled: 245.22 | Baseline: 249.59 | Improvement: 4.38 | Win Rate: 68.75% | Actor Loss: 1.8936 | Entropy: 0.5870 | Invalid S/B: 0.00/0.00 | Max Load: 7.1 | Load Gap: 1.2
Epoch [266/500] | Sampled: 245.72 | Baseline: 251.09 | Improvement: 5.38 | Win Rate: 71.88% | Actor Loss: 0.4088 | Entropy: 0.5870 | Invalid S/B: 0.00/0.00 | Max Load: 7.1 | Load Gap: 1.1
Epoch [267/500] | Sampled: 247.59 | Baseline: 251.53 | Improvement: 3.94 | Win Rate: 65.62% | Actor Loss: -0.6445 | Entropy: 0.6510 | Invalid S/B: 0.00/0.00 | Max Load: 7.1 | Load Gap: 1.2
Epoch [268/500] | Sampled: 244.22 | Baseline: 249.72 | Improvement: 5.50 | Win Rate: 75.00% | Actor Loss: -0.1979 | Entropy: 0.6777 | Invalid S/B: 0.00/0.00 | Max Load: 7.1 | Load Gap: 1.1
Epoch [269/500] | Sampled: 248.53 | Baseline: 253.16 | Improvement: 4.62 | Win Rate: 65.62% | Actor Loss: -1.2595 | Entropy: 0.7401 | Invalid S/B: 0.00/0.00 | Max Load: 7.2 | Load Gap: 1.2
Epoch [270/500] | Sampled: 247.28 | Baseline: 249.88 | Improvement: 2.59 | Win Rate: 62.50% | Actor Loss: -1.4832 | Entropy: 0.7111 | Invalid S/B: 0.00/0.00 | Max Load: 7.1 | Load Gap: 1.1
Epoch [271/500] | Sampled: 245.31 | Baseline: 250.31 | Improvement: 5.00 | Win Rate: 68.75% | Actor Loss: -0.9513 | Entropy: 0.7300 | Invalid S/B: 0.00/0.00 | Max Load: 7.1 | Load Gap: 1.1
Epoch [272/500] | Sampled: 247.62 | Baseline: 249.47 | Improvement: 1.84 | Win Rate: 56.25% | Actor Loss: 0.0616 | Entropy: 0.7174 | Invalid S/B: 0.00/0.00 | Max Load: 7.1 | Load Gap: 1.1
Epoch [273/500] | Sampled: 247.06 | Baseline: 250.09 | Improvement: 3.03 | Win Rate: 71.88% | Actor Loss: -0.5377 | Entropy: 0.7433 | Invalid S/B: 0.00/0.00 | Max Load: 7.2 | Load Gap: 1.4
Epoch [274/500] | Sampled: 246.94 | Baseline: 250.78 | Improvement: 3.84 | Win Rate: 65.62% | Actor Loss: -1.3903 | Entropy: 0.8118 | Invalid S/B: 0.00/0.00 | Max Load: 7.1 | Load Gap: 1.1
Epoch [275/500] | Sampled: 248.41 | Baseline: 252.38 | Improvement: 3.97 | Win Rate: 65.62% | Actor Loss: 0.5459 | Entropy: 0.7748 | Invalid S/B: 0.00/0.00 | Max Load: 7.0 | Load Gap: 1.0
Epoch [276/500] | Sampled: 247.12 | Baseline: 253.38 | Improvement: 6.25 | Win Rate: 68.75% | Actor Loss: -2.0894 | Entropy: 0.7911 | Invalid S/B: 0.00/0.00 | Max Load: 7.1 | Load Gap: 1.2
Epoch [277/500] | Sampled: 242.94 | Baseline: 250.28 | Improvement: 7.34 | Win Rate: 75.00% | Actor Loss: -0.1210 | Entropy: 0.7755 | Invalid S/B: 0.00/0.00 | Max Load: 7.1 | Load Gap: 1.1
Epoch [278/500] | Sampled: 246.38 | Baseline: 252.03 | Improvement: 5.66 | Win Rate: 71.88% | Actor Loss: -0.8490 | Entropy: 0.7789 | Invalid S/B: 0.00/0.00 | Max Load: 7.1 | Load Gap: 1.1
Epoch [279/500] | Sampled: 250.25 | Baseline: 252.69 | Improvement: 2.44 | Win Rate: 56.25% | Actor Loss: -1.8667 | Entropy: 0.8165 | Invalid S/B: 0.00/0.00 | Max Load: 7.1 | Load Gap: 1.1
Epoch [280/500] | Sampled: 247.19 | Baseline: 253.31 | Improvement: 6.12 | Win Rate: 65.62% | Actor Loss: -0.3168 | Entropy: 0.7709 | Invalid S/B: 0.00/0.00 | Max Load: 7.1 | Load Gap: 1.1
Epoch [281/500] | Sampled: 248.50 | Baseline: 253.22 | Improvement: 4.72 | Win Rate: 62.50% | Actor Loss: -0.5212 | Entropy: 0.7721 | Invalid S/B: 0.00/0.00 | Max Load: 7.1 | Load Gap: 1.1
Epoch [282/500] | Sampled: 246.47 | Baseline: 248.38 | Improvement: 1.91 | Win Rate: 56.25% | Actor Loss: -0.4842 | Entropy: 0.8021 | Invalid S/B: 0.00/0.00 | Max Load: 7.0 | Load Gap: 1.0
Epoch [283/500] | Sampled: 249.28 | Baseline: 255.88 | Improvement: 6.59 | Win Rate: 75.00% | Actor Loss: -0.2187 | Entropy: 0.8479 | Invalid S/B: 0.00/0.00 | Max Load: 7.1 | Load Gap: 1.1
Epoch [284/500] | Sampled: 248.62 | Baseline: 254.31 | Improvement: 5.69 | Win Rate: 71.88% | Actor Loss: -2.2306 | Entropy: 0.8647 | Invalid S/B: 0.00/0.00 | Max Load: 7.1 | Load Gap: 1.1
Epoch [285/500] | Sampled: 249.72 | Baseline: 252.38 | Improvement: 2.66 | Win Rate: 59.38% | Actor Loss: -2.2009 | Entropy: 0.8666 | Invalid S/B: 0.00/0.00 | Max Load: 7.2 | Load Gap: 1.2
Epoch [286/500] | Sampled: 247.28 | Baseline: 251.22 | Improvement: 3.94 | Win Rate: 65.62% | Actor Loss: -1.3506 | Entropy: 0.8561 | Invalid S/B: 0.00/0.00 | Max Load: 7.0 | Load Gap: 1.1
Epoch [287/500] | Sampled: 247.78 | Baseline: 252.75 | Improvement: 4.97 | Win Rate: 68.75% | Actor Loss: -1.2965 | Entropy: 0.8449 | Invalid S/B: 0.00/0.00 | Max Load: 7.0 | Load Gap: 1.0
Epoch [288/500] | Sampled: 246.88 | Baseline: 251.47 | Improvement: 4.59 | Win Rate: 65.62% | Actor Loss: -0.9211 | Entropy: 0.8645 | Invalid S/B: 0.00/0.00 | Max Load: 7.1 | Load Gap: 1.1
Epoch [289/500] | Sampled: 249.25 | Baseline: 253.81 | Improvement: 4.56 | Win Rate: 75.00% | Actor Loss: -1.9177 | Entropy: 0.8419 | Invalid S/B: 0.00/0.00 | Max Load: 7.1 | Load Gap: 1.1
Epoch [290/500] | Sampled: 249.50 | Baseline: 255.12 | Improvement: 5.62 | Win Rate: 78.12% | Actor Loss: -2.0144 | Entropy: 0.8063 | Invalid S/B: 0.00/0.00 | Max Load: 7.1 | Load Gap: 1.1
Epoch [291/500] | Sampled: 246.16 | Baseline: 250.12 | Improvement: 3.97 | Win Rate: 65.62% | Actor Loss: -1.2198 | Entropy: 0.7773 | Invalid S/B: 0.00/0.00 | Max Load: 7.2 | Load Gap: 1.2
Epoch [292/500] | Sampled: 248.19 | Baseline: 251.72 | Improvement: 3.53 | Win Rate: 46.88% | Actor Loss: -2.1088 | Entropy: 0.7403 | Invalid S/B: 0.00/0.00 | Max Load: 7.0 | Load Gap: 1.0
Epoch [293/500] | Sampled: 251.78 | Baseline: 255.53 | Improvement: 3.75 | Win Rate: 62.50% | Actor Loss: -1.4171 | Entropy: 0.6896 | Invalid S/B: 0.00/0.00 | Max Load: 7.1 | Load Gap: 1.1
Epoch [294/500] | Sampled: 244.72 | Baseline: 249.03 | Improvement: 4.31 | Win Rate: 65.62% | Actor Loss: -0.3574 | Entropy: 0.6315 | Invalid S/B: 0.00/0.00 | Max Load: 7.1 | Load Gap: 1.1
Epoch [295/500] | Sampled: 250.44 | Baseline: 253.28 | Improvement: 2.84 | Win Rate: 59.38% | Actor Loss: -0.6369 | Entropy: 0.6338 | Invalid S/B: 0.00/0.00 | Max Load: 7.1 | Load Gap: 1.1
Epoch [296/500] | Sampled: 250.66 | Baseline: 253.88 | Improvement: 3.22 | Win Rate: 65.62% | Actor Loss: 0.6714 | Entropy: 0.5719 | Invalid S/B: 0.00/0.00 | Max Load: 7.1 | Load Gap: 1.1
Epoch [297/500] | Sampled: 247.62 | Baseline: 252.59 | Improvement: 4.97 | Win Rate: 68.75% | Actor Loss: -0.1788 | Entropy: 0.5506 | Invalid S/B: 0.00/0.00 | Max Load: 7.0 | Load Gap: 1.0
Epoch [298/500] | Sampled: 246.62 | Baseline: 251.78 | Improvement: 5.16 | Win Rate: 68.75% | Actor Loss: -0.2472 | Entropy: 0.5421 | Invalid S/B: 0.00/0.00 | Max Load: 7.0 | Load Gap: 1.0
Epoch [299/500] | Sampled: 249.62 | Baseline: 250.53 | Improvement: 0.91 | Win Rate: 46.88% | Actor Loss: -0.1626 | Entropy: 0.5251 | Invalid S/B: 0.00/0.00 | Max Load: 7.1 | Load Gap: 1.1
Epoch [300/500] | Sampled: 250.25 | Baseline: 252.53 | Improvement: 2.28 | Win Rate: 56.25% | Actor Loss: -0.1745 | Entropy: 0.5348 | Invalid S/B: 0.00/0.00 | Max Load: 7.1 | Load Gap: 1.1
   -> Validation | Samples: 50 | Makespan: 247.88 | Invalid Jobs: 0.00
   -> Saved updated training chart to /home/wei/AMR-DFJSP/Static_alogorithm/Attention/attention_precise_training_metrics.png
Epoch [301/500] | Sampled: 251.28 | Baseline: 253.78 | Improvement: 2.50 | Win Rate: 68.75% | Actor Loss: -1.2599 | Entropy: 0.5278 | Invalid S/B: 0.00/0.00 | Max Load: 7.1 | Load Gap: 1.1
Epoch [302/500] | Sampled: 249.59 | Baseline: 251.50 | Improvement: 1.91 | Win Rate: 53.12% | Actor Loss: 0.2042 | Entropy: 0.5107 | Invalid S/B: 0.00/0.00 | Max Load: 7.1 | Load Gap: 1.1
Epoch [303/500] | Sampled: 248.34 | Baseline: 254.12 | Improvement: 5.78 | Win Rate: 68.75% | Actor Loss: -0.1870 | Entropy: 0.5114 | Invalid S/B: 0.00/0.00 | Max Load: 7.1 | Load Gap: 1.1
Epoch [304/500] | Sampled: 251.28 | Baseline: 252.41 | Improvement: 1.12 | Win Rate: 50.00% | Actor Loss: -0.7960 | Entropy: 0.4987 | Invalid S/B: 0.00/0.00 | Max Load: 7.1 | Load Gap: 1.1
Epoch [305/500] | Sampled: 250.53 | Baseline: 250.59 | Improvement: 0.06 | Win Rate: 43.75% | Actor Loss: -0.2943 | Entropy: 0.4827 | Invalid S/B: 0.00/0.00 | Max Load: 7.1 | Load Gap: 1.1
Epoch [306/500] | Sampled: 250.72 | Baseline: 253.44 | Improvement: 2.72 | Win Rate: 53.12% | Actor Loss: -0.0226 | Entropy: 0.4754 | Invalid S/B: 0.00/0.00 | Max Load: 7.1 | Load Gap: 1.1
Epoch [307/500] | Sampled: 247.16 | Baseline: 250.41 | Improvement: 3.25 | Win Rate: 65.62% | Actor Loss: -0.9987 | Entropy: 0.4824 | Invalid S/B: 0.00/0.00 | Max Load: 7.2 | Load Gap: 1.2
Epoch [308/500] | Sampled: 250.59 | Baseline: 250.75 | Improvement: 0.16 | Win Rate: 43.75% | Actor Loss: -0.6660 | Entropy: 0.4543 | Invalid S/B: 0.00/0.00 | Max Load: 7.3 | Load Gap: 1.3
Epoch [309/500] | Sampled: 249.16 | Baseline: 251.50 | Improvement: 2.34 | Win Rate: 59.38% | Actor Loss: -0.2230 | Entropy: 0.4426 | Invalid S/B: 0.00/0.00 | Max Load: 7.2 | Load Gap: 1.2
Epoch [310/500] | Sampled: 247.44 | Baseline: 251.78 | Improvement: 4.34 | Win Rate: 65.62% | Actor Loss: 0.1943 | Entropy: 0.4486 | Invalid S/B: 0.00/0.00 | Max Load: 7.1 | Load Gap: 1.1
Epoch [311/500] | Sampled: 252.19 | Baseline: 253.91 | Improvement: 1.72 | Win Rate: 53.12% | Actor Loss: -1.2507 | Entropy: 0.4437 | Invalid S/B: 0.00/0.00 | Max Load: 7.1 | Load Gap: 1.1
Epoch [312/500] | Sampled: 250.31 | Baseline: 254.66 | Improvement: 4.34 | Win Rate: 68.75% | Actor Loss: 0.1304 | Entropy: 0.4438 | Invalid S/B: 0.00/0.00 | Max Load: 7.1 | Load Gap: 1.1
Epoch [313/500] | Sampled: 246.66 | Baseline: 253.69 | Improvement: 7.03 | Win Rate: 71.88% | Actor Loss: -0.8074 | Entropy: 0.4072 | Invalid S/B: 0.00/0.00 | Max Load: 7.1 | Load Gap: 1.1
Epoch [314/500] | Sampled: 247.94 | Baseline: 254.69 | Improvement: 6.75 | Win Rate: 65.62% | Actor Loss: 0.1253 | Entropy: 0.3878 | Invalid S/B: 0.00/0.00 | Max Load: 7.1 | Load Gap: 1.2
Epoch [315/500] | Sampled: 249.28 | Baseline: 253.81 | Improvement: 4.53 | Win Rate: 65.62% | Actor Loss: -0.9669 | Entropy: 0.4144 | Invalid S/B: 0.00/0.00 | Max Load: 7.1 | Load Gap: 1.1
Epoch [316/500] | Sampled: 245.41 | Baseline: 251.66 | Improvement: 6.25 | Win Rate: 81.25% | Actor Loss: -0.5268 | Entropy: 0.4052 | Invalid S/B: 0.00/0.00 | Max Load: 7.1 | Load Gap: 1.1
Epoch [317/500] | Sampled: 244.72 | Baseline: 249.50 | Improvement: 4.78 | Win Rate: 62.50% | Actor Loss: 0.0044 | Entropy: 0.3585 | Invalid S/B: 0.00/0.00 | Max Load: 7.0 | Load Gap: 1.1
Epoch [318/500] | Sampled: 251.09 | Baseline: 254.72 | Improvement: 3.62 | Win Rate: 75.00% | Actor Loss: 0.7724 | Entropy: 0.3877 | Invalid S/B: 0.00/0.00 | Max Load: 7.0 | Load Gap: 1.0
Epoch [319/500] | Sampled: 247.25 | Baseline: 253.38 | Improvement: 6.12 | Win Rate: 78.12% | Actor Loss: 0.0093 | Entropy: 0.3902 | Invalid S/B: 0.00/0.00 | Max Load: 7.0 | Load Gap: 1.0
Epoch [320/500] | Sampled: 247.31 | Baseline: 254.53 | Improvement: 7.22 | Win Rate: 75.00% | Actor Loss: 1.0357 | Entropy: 0.3956 | Invalid S/B: 0.00/0.00 | Max Load: 7.1 | Load Gap: 1.1
Epoch [321/500] | Sampled: 245.16 | Baseline: 251.56 | Improvement: 6.41 | Win Rate: 75.00% | Actor Loss: -0.0568 | Entropy: 0.3767 | Invalid S/B: 0.00/0.00 | Max Load: 7.1 | Load Gap: 1.1
Epoch [322/500] | Sampled: 247.53 | Baseline: 253.06 | Improvement: 5.53 | Win Rate: 84.38% | Actor Loss: 0.1473 | Entropy: 0.3479 | Invalid S/B: 0.00/0.00 | Max Load: 7.0 | Load Gap: 1.0
Epoch [323/500] | Sampled: 244.84 | Baseline: 250.44 | Improvement: 5.59 | Win Rate: 75.00% | Actor Loss: -0.7685 | Entropy: 0.3566 | Invalid S/B: 0.00/0.00 | Max Load: 7.1 | Load Gap: 1.1
Epoch [324/500] | Sampled: 242.16 | Baseline: 248.78 | Improvement: 6.62 | Win Rate: 75.00% | Actor Loss: 0.2707 | Entropy: 0.3455 | Invalid S/B: 0.00/0.00 | Max Load: 7.2 | Load Gap: 1.2
Epoch [325/500] | Sampled: 246.88 | Baseline: 251.53 | Improvement: 4.66 | Win Rate: 68.75% | Actor Loss: -0.7118 | Entropy: 0.3484 | Invalid S/B: 0.00/0.00 | Max Load: 7.0 | Load Gap: 1.0
Epoch [326/500] | Sampled: 245.09 | Baseline: 249.12 | Improvement: 4.03 | Win Rate: 71.88% | Actor Loss: -0.2909 | Entropy: 0.3660 | Invalid S/B: 0.00/0.00 | Max Load: 7.2 | Load Gap: 1.2
Epoch [327/500] | Sampled: 245.53 | Baseline: 252.31 | Improvement: 6.78 | Win Rate: 75.00% | Actor Loss: 0.5110 | Entropy: 0.3557 | Invalid S/B: 0.00/0.00 | Max Load: 7.1 | Load Gap: 1.1
Epoch [328/500] | Sampled: 242.62 | Baseline: 249.53 | Improvement: 6.91 | Win Rate: 81.25% | Actor Loss: -0.0957 | Entropy: 0.3248 | Invalid S/B: 0.00/0.00 | Max Load: 7.2 | Load Gap: 1.2
Epoch [329/500] | Sampled: 249.72 | Baseline: 252.72 | Improvement: 3.00 | Win Rate: 65.62% | Actor Loss: 0.1837 | Entropy: 0.3597 | Invalid S/B: 0.00/0.00 | Max Load: 7.2 | Load Gap: 1.2
Epoch [330/500] | Sampled: 246.50 | Baseline: 255.12 | Improvement: 8.62 | Win Rate: 93.75% | Actor Loss: -0.5270 | Entropy: 0.3600 | Invalid S/B: 0.00/0.00 | Max Load: 7.2 | Load Gap: 1.2
Epoch [331/500] | Sampled: 248.94 | Baseline: 253.19 | Improvement: 4.25 | Win Rate: 68.75% | Actor Loss: -0.0144 | Entropy: 0.3450 | Invalid S/B: 0.00/0.00 | Max Load: 7.1 | Load Gap: 1.1
Epoch [332/500] | Sampled: 247.25 | Baseline: 255.81 | Improvement: 8.56 | Win Rate: 81.25% | Actor Loss: 0.7275 | Entropy: 0.3634 | Invalid S/B: 0.00/0.00 | Max Load: 7.1 | Load Gap: 1.1
Epoch [333/500] | Sampled: 244.50 | Baseline: 249.69 | Improvement: 5.19 | Win Rate: 75.00% | Actor Loss: -0.4983 | Entropy: 0.3678 | Invalid S/B: 0.00/0.00 | Max Load: 7.2 | Load Gap: 1.2
Epoch [334/500] | Sampled: 244.06 | Baseline: 251.81 | Improvement: 7.75 | Win Rate: 84.38% | Actor Loss: 0.0267 | Entropy: 0.3604 | Invalid S/B: 0.00/0.00 | Max Load: 7.0 | Load Gap: 1.0
Epoch [335/500] | Sampled: 246.81 | Baseline: 250.84 | Improvement: 4.03 | Win Rate: 65.62% | Actor Loss: -0.1307 | Entropy: 0.3534 | Invalid S/B: 0.00/0.00 | Max Load: 7.1 | Load Gap: 1.1
Epoch [336/500] | Sampled: 250.69 | Baseline: 251.59 | Improvement: 0.91 | Win Rate: 59.38% | Actor Loss: 0.4212 | Entropy: 0.3802 | Invalid S/B: 0.00/0.00 | Max Load: 7.1 | Load Gap: 1.2
Epoch [337/500] | Sampled: 245.84 | Baseline: 253.47 | Improvement: 7.62 | Win Rate: 65.62% | Actor Loss: -0.8943 | Entropy: 0.3998 | Invalid S/B: 0.00/0.00 | Max Load: 7.0 | Load Gap: 1.0
Epoch [338/500] | Sampled: 249.38 | Baseline: 252.12 | Improvement: 2.75 | Win Rate: 71.88% | Actor Loss: 0.5757 | Entropy: 0.3811 | Invalid S/B: 0.00/0.00 | Max Load: 7.0 | Load Gap: 1.0
Epoch [339/500] | Sampled: 245.00 | Baseline: 254.28 | Improvement: 9.28 | Win Rate: 90.62% | Actor Loss: -1.0354 | Entropy: 0.4152 | Invalid S/B: 0.00/0.00 | Max Load: 7.1 | Load Gap: 1.1
Epoch [340/500] | Sampled: 243.56 | Baseline: 246.56 | Improvement: 3.00 | Win Rate: 75.00% | Actor Loss: -0.1310 | Entropy: 0.3502 | Invalid S/B: 0.00/0.00 | Max Load: 7.1 | Load Gap: 1.1
Epoch [341/500] | Sampled: 247.22 | Baseline: 250.00 | Improvement: 2.78 | Win Rate: 62.50% | Actor Loss: 0.0533 | Entropy: 0.3765 | Invalid S/B: 0.00/0.00 | Max Load: 7.1 | Load Gap: 1.2
Epoch [342/500] | Sampled: 246.31 | Baseline: 250.72 | Improvement: 4.41 | Win Rate: 65.62% | Actor Loss: -1.0742 | Entropy: 0.3509 | Invalid S/B: 0.00/0.00 | Max Load: 7.1 | Load Gap: 1.2
Epoch [343/500] | Sampled: 248.94 | Baseline: 253.03 | Improvement: 4.09 | Win Rate: 65.62% | Actor Loss: -0.0223 | Entropy: 0.3627 | Invalid S/B: 0.00/0.00 | Max Load: 7.1 | Load Gap: 1.1
Epoch [344/500] | Sampled: 246.44 | Baseline: 247.56 | Improvement: 1.12 | Win Rate: 56.25% | Actor Loss: -1.0218 | Entropy: 0.3527 | Invalid S/B: 0.00/0.00 | Max Load: 7.2 | Load Gap: 1.2
Epoch [345/500] | Sampled: 245.28 | Baseline: 248.91 | Improvement: 3.62 | Win Rate: 65.62% | Actor Loss: -0.7361 | Entropy: 0.3508 | Invalid S/B: 0.00/0.00 | Max Load: 7.1 | Load Gap: 1.1
Epoch [346/500] | Sampled: 242.72 | Baseline: 250.09 | Improvement: 7.38 | Win Rate: 84.38% | Actor Loss: 0.1117 | Entropy: 0.3609 | Invalid S/B: 0.00/0.00 | Max Load: 7.1 | Load Gap: 1.1
Epoch [347/500] | Sampled: 245.72 | Baseline: 252.69 | Improvement: 6.97 | Win Rate: 78.12% | Actor Loss: 0.3443 | Entropy: 0.3391 | Invalid S/B: 0.00/0.00 | Max Load: 7.1 | Load Gap: 1.1
Epoch [348/500] | Sampled: 242.56 | Baseline: 248.59 | Improvement: 6.03 | Win Rate: 78.12% | Actor Loss: -0.5678 | Entropy: 0.3531 | Invalid S/B: 0.00/0.00 | Max Load: 7.1 | Load Gap: 1.1
Epoch [349/500] | Sampled: 245.50 | Baseline: 251.72 | Improvement: 6.22 | Win Rate: 75.00% | Actor Loss: 0.5189 | Entropy: 0.3567 | Invalid S/B: 0.00/0.00 | Max Load: 7.2 | Load Gap: 1.2
Epoch [350/500] | Sampled: 243.44 | Baseline: 250.41 | Improvement: 6.97 | Win Rate: 84.38% | Actor Loss: 0.8451 | Entropy: 0.3201 | Invalid S/B: 0.00/0.00 | Max Load: 7.1 | Load Gap: 1.2
   -> Validation | Samples: 50 | Makespan: 245.08 | Invalid Jobs: 0.00
   -> Saved new best model (Val Makespan: 245.08)
Epoch [351/500] | Sampled: 242.94 | Baseline: 251.59 | Improvement: 8.66 | Win Rate: 81.25% | Actor Loss: -0.3092 | Entropy: 0.3333 | Invalid S/B: 0.00/0.00 | Max Load: 7.2 | Load Gap: 1.2
Epoch [352/500] | Sampled: 247.19 | Baseline: 252.06 | Improvement: 4.88 | Win Rate: 71.88% | Actor Loss: 0.7402 | Entropy: 0.3463 | Invalid S/B: 0.00/0.00 | Max Load: 7.1 | Load Gap: 1.1
Epoch [353/500] | Sampled: 243.78 | Baseline: 248.44 | Improvement: 4.66 | Win Rate: 75.00% | Actor Loss: 0.3326 | Entropy: 0.3115 | Invalid S/B: 0.00/0.00 | Max Load: 7.2 | Load Gap: 1.2
Epoch [354/500] | Sampled: 245.81 | Baseline: 248.88 | Improvement: 3.06 | Win Rate: 68.75% | Actor Loss: 0.5141 | Entropy: 0.3369 | Invalid S/B: 0.00/0.00 | Max Load: 7.2 | Load Gap: 1.3
Epoch [355/500] | Sampled: 250.06 | Baseline: 254.50 | Improvement: 4.44 | Win Rate: 65.62% | Actor Loss: 0.2423 | Entropy: 0.3330 | Invalid S/B: 0.00/0.00 | Max Load: 7.1 | Load Gap: 1.1
Epoch [356/500] | Sampled: 244.47 | Baseline: 249.97 | Improvement: 5.50 | Win Rate: 78.12% | Actor Loss: -0.6301 | Entropy: 0.3526 | Invalid S/B: 0.00/0.00 | Max Load: 7.2 | Load Gap: 1.3
Epoch [357/500] | Sampled: 245.91 | Baseline: 252.16 | Improvement: 6.25 | Win Rate: 65.62% | Actor Loss: 0.2349 | Entropy: 0.3201 | Invalid S/B: 0.00/0.00 | Max Load: 7.1 | Load Gap: 1.1
Epoch [358/500] | Sampled: 244.34 | Baseline: 250.38 | Improvement: 6.03 | Win Rate: 71.88% | Actor Loss: 0.0565 | Entropy: 0.2961 | Invalid S/B: 0.00/0.00 | Max Load: 7.1 | Load Gap: 1.2
Epoch [359/500] | Sampled: 248.28 | Baseline: 252.00 | Improvement: 3.72 | Win Rate: 59.38% | Actor Loss: 1.3166 | Entropy: 0.3223 | Invalid S/B: 0.00/0.00 | Max Load: 7.1 | Load Gap: 1.1
Epoch [360/500] | Sampled: 247.47 | Baseline: 252.41 | Improvement: 4.94 | Win Rate: 78.12% | Actor Loss: 0.4890 | Entropy: 0.3399 | Invalid S/B: 0.00/0.00 | Max Load: 7.1 | Load Gap: 1.1
Epoch [361/500] | Sampled: 246.56 | Baseline: 253.72 | Improvement: 7.16 | Win Rate: 75.00% | Actor Loss: 0.6763 | Entropy: 0.3139 | Invalid S/B: 0.00/0.00 | Max Load: 7.2 | Load Gap: 1.2
Epoch [362/500] | Sampled: 247.97 | Baseline: 253.19 | Improvement: 5.22 | Win Rate: 68.75% | Actor Loss: 0.6937 | Entropy: 0.3293 | Invalid S/B: 0.00/0.00 | Max Load: 7.1 | Load Gap: 1.1
Epoch [363/500] | Sampled: 247.03 | Baseline: 252.78 | Improvement: 5.75 | Win Rate: 78.12% | Actor Loss: -0.1706 | Entropy: 0.3285 | Invalid S/B: 0.00/0.00 | Max Load: 7.1 | Load Gap: 1.1
Epoch [364/500] | Sampled: 248.44 | Baseline: 253.09 | Improvement: 4.66 | Win Rate: 71.88% | Actor Loss: 0.7500 | Entropy: 0.3272 | Invalid S/B: 0.00/0.00 | Max Load: 7.0 | Load Gap: 1.0
Epoch [365/500] | Sampled: 246.38 | Baseline: 250.56 | Improvement: 4.19 | Win Rate: 65.62% | Actor Loss: 0.2569 | Entropy: 0.3435 | Invalid S/B: 0.00/0.00 | Max Load: 7.1 | Load Gap: 1.1
Epoch [366/500] | Sampled: 249.03 | Baseline: 253.50 | Improvement: 4.47 | Win Rate: 68.75% | Actor Loss: 0.5554 | Entropy: 0.3396 | Invalid S/B: 0.00/0.00 | Max Load: 7.1 | Load Gap: 1.2
Epoch [367/500] | Sampled: 248.41 | Baseline: 252.34 | Improvement: 3.94 | Win Rate: 71.88% | Actor Loss: 0.6288 | Entropy: 0.3543 | Invalid S/B: 0.00/0.00 | Max Load: 7.1 | Load Gap: 1.1
Epoch [368/500] | Sampled: 247.75 | Baseline: 253.00 | Improvement: 5.25 | Win Rate: 75.00% | Actor Loss: -0.5490 | Entropy: 0.3604 | Invalid S/B: 0.00/0.00 | Max Load: 7.1 | Load Gap: 1.1
Epoch [369/500] | Sampled: 244.62 | Baseline: 249.53 | Improvement: 4.91 | Win Rate: 75.00% | Actor Loss: -0.5653 | Entropy: 0.3920 | Invalid S/B: 0.00/0.00 | Max Load: 7.0 | Load Gap: 1.0
Epoch [370/500] | Sampled: 246.22 | Baseline: 252.00 | Improvement: 5.78 | Win Rate: 75.00% | Actor Loss: 0.3860 | Entropy: 0.3997 | Invalid S/B: 0.00/0.00 | Max Load: 7.1 | Load Gap: 1.1
Epoch [371/500] | Sampled: 246.44 | Baseline: 251.16 | Improvement: 4.72 | Win Rate: 65.62% | Actor Loss: -0.0388 | Entropy: 0.3773 | Invalid S/B: 0.00/0.00 | Max Load: 7.2 | Load Gap: 1.2
Epoch [372/500] | Sampled: 247.69 | Baseline: 252.72 | Improvement: 5.03 | Win Rate: 84.38% | Actor Loss: -0.2031 | Entropy: 0.3855 | Invalid S/B: 0.00/0.00 | Max Load: 7.1 | Load Gap: 1.1
Epoch [373/500] | Sampled: 245.75 | Baseline: 251.47 | Improvement: 5.72 | Win Rate: 81.25% | Actor Loss: -0.9025 | Entropy: 0.4111 | Invalid S/B: 0.00/0.00 | Max Load: 7.1 | Load Gap: 1.1
Epoch [374/500] | Sampled: 246.72 | Baseline: 249.88 | Improvement: 3.16 | Win Rate: 53.12% | Actor Loss: 0.1380 | Entropy: 0.3914 | Invalid S/B: 0.00/0.00 | Max Load: 7.1 | Load Gap: 1.2
Epoch [375/500] | Sampled: 247.59 | Baseline: 253.03 | Improvement: 5.44 | Win Rate: 78.12% | Actor Loss: 0.1906 | Entropy: 0.3981 | Invalid S/B: 0.00/0.00 | Max Load: 7.2 | Load Gap: 1.2
Epoch [376/500] | Sampled: 246.28 | Baseline: 250.81 | Improvement: 4.53 | Win Rate: 75.00% | Actor Loss: 0.0786 | Entropy: 0.4131 | Invalid S/B: 0.00/0.00 | Max Load: 7.1 | Load Gap: 1.1
Epoch [377/500] | Sampled: 246.22 | Baseline: 253.56 | Improvement: 7.34 | Win Rate: 71.88% | Actor Loss: -0.8938 | Entropy: 0.3663 | Invalid S/B: 0.00/0.00 | Max Load: 7.1 | Load Gap: 1.1
Epoch [378/500] | Sampled: 244.91 | Baseline: 249.53 | Improvement: 4.62 | Win Rate: 59.38% | Actor Loss: -0.7014 | Entropy: 0.3603 | Invalid S/B: 0.00/0.00 | Max Load: 7.2 | Load Gap: 1.2
Epoch [379/500] | Sampled: 249.91 | Baseline: 253.72 | Improvement: 3.81 | Win Rate: 62.50% | Actor Loss: -0.1588 | Entropy: 0.3530 | Invalid S/B: 0.00/0.00 | Max Load: 7.2 | Load Gap: 1.3
Epoch [380/500] | Sampled: 248.00 | Baseline: 252.69 | Improvement: 4.69 | Win Rate: 68.75% | Actor Loss: 0.6938 | Entropy: 0.3382 | Invalid S/B: 0.00/0.00 | Max Load: 7.2 | Load Gap: 1.2
Epoch [381/500] | Sampled: 248.47 | Baseline: 255.69 | Improvement: 7.22 | Win Rate: 78.12% | Actor Loss: 0.9308 | Entropy: 0.3096 | Invalid S/B: 0.00/0.00 | Max Load: 7.2 | Load Gap: 1.2
Epoch [382/500] | Sampled: 247.44 | Baseline: 251.91 | Improvement: 4.47 | Win Rate: 71.88% | Actor Loss: -0.0240 | Entropy: 0.3074 | Invalid S/B: 0.00/0.00 | Max Load: 7.2 | Load Gap: 1.3
Epoch [383/500] | Sampled: 247.84 | Baseline: 252.53 | Improvement: 4.69 | Win Rate: 65.62% | Actor Loss: 0.7921 | Entropy: 0.3149 | Invalid S/B: 0.00/0.00 | Max Load: 7.0 | Load Gap: 1.0
Epoch [384/500] | Sampled: 246.69 | Baseline: 251.44 | Improvement: 4.75 | Win Rate: 65.62% | Actor Loss: -0.1400 | Entropy: 0.3257 | Invalid S/B: 0.00/0.00 | Max Load: 7.1 | Load Gap: 1.1
Epoch [385/500] | Sampled: 248.09 | Baseline: 251.47 | Improvement: 3.38 | Win Rate: 62.50% | Actor Loss: -0.3402 | Entropy: 0.2746 | Invalid S/B: 0.00/0.00 | Max Load: 7.2 | Load Gap: 1.2
Epoch [386/500] | Sampled: 249.12 | Baseline: 253.72 | Improvement: 4.59 | Win Rate: 68.75% | Actor Loss: -0.2213 | Entropy: 0.3180 | Invalid S/B: 0.00/0.00 | Max Load: 7.1 | Load Gap: 1.2
Epoch [387/500] | Sampled: 247.75 | Baseline: 250.12 | Improvement: 2.38 | Win Rate: 65.62% | Actor Loss: 0.8148 | Entropy: 0.2907 | Invalid S/B: 0.00/0.00 | Max Load: 7.2 | Load Gap: 1.2
Epoch [388/500] | Sampled: 247.56 | Baseline: 252.16 | Improvement: 4.59 | Win Rate: 62.50% | Actor Loss: -0.0959 | Entropy: 0.2921 | Invalid S/B: 0.00/0.00 | Max Load: 7.1 | Load Gap: 1.1
Epoch [389/500] | Sampled: 247.75 | Baseline: 250.34 | Improvement: 2.59 | Win Rate: 56.25% | Actor Loss: 0.4623 | Entropy: 0.3140 | Invalid S/B: 0.00/0.00 | Max Load: 7.2 | Load Gap: 1.2
Epoch [390/500] | Sampled: 248.62 | Baseline: 251.25 | Improvement: 2.62 | Win Rate: 62.50% | Actor Loss: 0.0959 | Entropy: 0.3306 | Invalid S/B: 0.00/0.00 | Max Load: 7.1 | Load Gap: 1.1
Epoch [391/500] | Sampled: 251.97 | Baseline: 252.69 | Improvement: 0.72 | Win Rate: 53.12% | Actor Loss: 0.3204 | Entropy: 0.3586 | Invalid S/B: 0.00/0.00 | Max Load: 7.2 | Load Gap: 1.2
Epoch [392/500] | Sampled: 248.50 | Baseline: 252.91 | Improvement: 4.41 | Win Rate: 68.75% | Actor Loss: -0.2491 | Entropy: 0.3378 | Invalid S/B: 0.00/0.00 | Max Load: 7.1 | Load Gap: 1.1
Epoch [393/500] | Sampled: 251.41 | Baseline: 253.62 | Improvement: 2.22 | Win Rate: 59.38% | Actor Loss: -0.4241 | Entropy: 0.3823 | Invalid S/B: 0.00/0.00 | Max Load: 7.1 | Load Gap: 1.1
Epoch [394/500] | Sampled: 247.59 | Baseline: 250.03 | Improvement: 2.44 | Win Rate: 68.75% | Actor Loss: -0.2430 | Entropy: 0.4077 | Invalid S/B: 0.00/0.00 | Max Load: 7.2 | Load Gap: 1.2
Epoch [395/500] | Sampled: 247.53 | Baseline: 251.62 | Improvement: 4.09 | Win Rate: 68.75% | Actor Loss: -0.6155 | Entropy: 0.3956 | Invalid S/B: 0.00/0.00 | Max Load: 7.1 | Load Gap: 1.1
Epoch [396/500] | Sampled: 250.81 | Baseline: 253.44 | Improvement: 2.62 | Win Rate: 65.62% | Actor Loss: -0.8662 | Entropy: 0.4250 | Invalid S/B: 0.00/0.00 | Max Load: 7.2 | Load Gap: 1.2
Epoch [397/500] | Sampled: 246.62 | Baseline: 250.16 | Improvement: 3.53 | Win Rate: 62.50% | Actor Loss: 0.5249 | Entropy: 0.4221 | Invalid S/B: 0.00/0.00 | Max Load: 7.2 | Load Gap: 1.2
Epoch [398/500] | Sampled: 249.41 | Baseline: 254.38 | Improvement: 4.97 | Win Rate: 68.75% | Actor Loss: -1.8510 | Entropy: 0.4464 | Invalid S/B: 0.00/0.00 | Max Load: 7.1 | Load Gap: 1.1
Epoch [399/500] | Sampled: 246.59 | Baseline: 252.78 | Improvement: 6.19 | Win Rate: 68.75% | Actor Loss: 0.0313 | Entropy: 0.4341 | Invalid S/B: 0.00/0.00 | Max Load: 7.1 | Load Gap: 1.1
Epoch [400/500] | Sampled: 245.47 | Baseline: 250.06 | Improvement: 4.59 | Win Rate: 62.50% | Actor Loss: 0.0995 | Entropy: 0.4262 | Invalid S/B: 0.00/0.00 | Max Load: 7.1 | Load Gap: 1.1
   -> Validation | Samples: 50 | Makespan: 246.10 | Invalid Jobs: 0.00
   -> Saved updated training chart to /home/wei/AMR-DFJSP/Static_alogorithm/Attention/attention_precise_training_metrics.png
Epoch [401/500] | Sampled: 245.19 | Baseline: 249.75 | Improvement: 4.56 | Win Rate: 78.12% | Actor Loss: -0.3022 | Entropy: 0.4409 | Invalid S/B: 0.00/0.00 | Max Load: 7.2 | Load Gap: 1.2
Epoch [402/500] | Sampled: 249.72 | Baseline: 255.78 | Improvement: 6.06 | Win Rate: 71.88% | Actor Loss: -0.7620 | Entropy: 0.4569 | Invalid S/B: 0.00/0.00 | Max Load: 7.1 | Load Gap: 1.2
Epoch [403/500] | Sampled: 250.72 | Baseline: 253.53 | Improvement: 2.81 | Win Rate: 59.38% | Actor Loss: -0.3618 | Entropy: 0.5149 | Invalid S/B: 0.00/0.00 | Max Load: 7.1 | Load Gap: 1.2
Epoch [404/500] | Sampled: 245.53 | Baseline: 253.09 | Improvement: 7.56 | Win Rate: 87.50% | Actor Loss: -0.2857 | Entropy: 0.4776 | Invalid S/B: 0.00/0.00 | Max Load: 7.1 | Load Gap: 1.1
Epoch [405/500] | Sampled: 245.25 | Baseline: 248.91 | Improvement: 3.66 | Win Rate: 68.75% | Actor Loss: -1.0151 | Entropy: 0.4965 | Invalid S/B: 0.00/0.00 | Max Load: 7.2 | Load Gap: 1.2
Epoch [406/500] | Sampled: 247.88 | Baseline: 251.97 | Improvement: 4.09 | Win Rate: 65.62% | Actor Loss: -0.0126 | Entropy: 0.4983 | Invalid S/B: 0.03/0.00 | Max Load: 7.1 | Load Gap: 1.1
Epoch [407/500] | Sampled: 245.22 | Baseline: 252.47 | Improvement: 7.25 | Win Rate: 78.12% | Actor Loss: -0.5052 | Entropy: 0.5000 | Invalid S/B: 0.00/0.00 | Max Load: 7.2 | Load Gap: 1.2
Epoch [408/500] | Sampled: 249.12 | Baseline: 252.94 | Improvement: 3.81 | Win Rate: 65.62% | Actor Loss: 0.9393 | Entropy: 0.5159 | Invalid S/B: 0.00/0.00 | Max Load: 7.0 | Load Gap: 1.0
Epoch [409/500] | Sampled: 249.31 | Baseline: 251.34 | Improvement: 2.03 | Win Rate: 59.38% | Actor Loss: -0.1801 | Entropy: 0.5118 | Invalid S/B: 0.00/0.00 | Max Load: 7.1 | Load Gap: 1.1
Epoch [410/500] | Sampled: 245.56 | Baseline: 251.81 | Improvement: 6.25 | Win Rate: 71.88% | Actor Loss: -0.4728 | Entropy: 0.4912 | Invalid S/B: 0.00/0.00 | Max Load: 7.0 | Load Gap: 1.0
Epoch [411/500] | Sampled: 247.53 | Baseline: 253.75 | Improvement: 6.22 | Win Rate: 75.00% | Actor Loss: 0.9613 | Entropy: 0.5411 | Invalid S/B: 0.00/0.00 | Max Load: 7.1 | Load Gap: 1.1
Epoch [412/500] | Sampled: 250.53 | Baseline: 251.72 | Improvement: 1.19 | Win Rate: 46.88% | Actor Loss: -0.7462 | Entropy: 0.5395 | Invalid S/B: 0.00/0.00 | Max Load: 7.1 | Load Gap: 1.1
Epoch [413/500] | Sampled: 244.84 | Baseline: 249.22 | Improvement: 4.38 | Win Rate: 65.62% | Actor Loss: -0.6632 | Entropy: 0.5461 | Invalid S/B: 0.00/0.00 | Max Load: 7.2 | Load Gap: 1.2
Epoch [414/500] | Sampled: 249.75 | Baseline: 250.72 | Improvement: 0.97 | Win Rate: 53.12% | Actor Loss: 0.5432 | Entropy: 0.5774 | Invalid S/B: 0.00/0.00 | Max Load: 7.2 | Load Gap: 1.2
Epoch [415/500] | Sampled: 248.75 | Baseline: 251.81 | Improvement: 3.06 | Win Rate: 65.62% | Actor Loss: 0.2125 | Entropy: 0.6185 | Invalid S/B: 0.00/0.00 | Max Load: 7.0 | Load Gap: 1.0
Epoch [416/500] | Sampled: 250.81 | Baseline: 254.81 | Improvement: 4.00 | Win Rate: 68.75% | Actor Loss: -1.3016 | Entropy: 0.6628 | Invalid S/B: 0.00/0.00 | Max Load: 7.2 | Load Gap: 1.2
Epoch [417/500] | Sampled: 248.84 | Baseline: 249.53 | Improvement: 0.69 | Win Rate: 46.88% | Actor Loss: -0.6916 | Entropy: 0.6279 | Invalid S/B: 0.00/0.00 | Max Load: 7.1 | Load Gap: 1.1
Epoch [418/500] | Sampled: 245.59 | Baseline: 251.44 | Improvement: 5.84 | Win Rate: 75.00% | Actor Loss: -0.4990 | Entropy: 0.6697 | Invalid S/B: 0.00/0.00 | Max Load: 7.1 | Load Gap: 1.1
Epoch [419/500] | Sampled: 251.44 | Baseline: 254.53 | Improvement: 3.09 | Win Rate: 65.62% | Actor Loss: -0.9389 | Entropy: 0.7533 | Invalid S/B: 0.00/0.00 | Max Load: 7.1 | Load Gap: 1.1
Epoch [420/500] | Sampled: 243.69 | Baseline: 248.69 | Improvement: 5.00 | Win Rate: 71.88% | Actor Loss: 0.2466 | Entropy: 0.6567 | Invalid S/B: 0.00/0.00 | Max Load: 7.0 | Load Gap: 1.0
Epoch [421/500] | Sampled: 250.44 | Baseline: 254.12 | Improvement: 3.69 | Win Rate: 65.62% | Actor Loss: -0.8788 | Entropy: 0.7280 | Invalid S/B: 0.00/0.00 | Max Load: 7.1 | Load Gap: 1.1
Epoch [422/500] | Sampled: 252.06 | Baseline: 252.00 | Improvement: -0.06 | Win Rate: 46.88% | Actor Loss: -0.6733 | Entropy: 0.7591 | Invalid S/B: 0.00/0.00 | Max Load: 7.0 | Load Gap: 1.0
Epoch [423/500] | Sampled: 250.41 | Baseline: 251.72 | Improvement: 1.31 | Win Rate: 53.12% | Actor Loss: -1.2032 | Entropy: 0.7444 | Invalid S/B: 0.00/0.00 | Max Load: 7.1 | Load Gap: 1.1
Epoch [424/500] | Sampled: 248.41 | Baseline: 251.84 | Improvement: 3.44 | Win Rate: 65.62% | Actor Loss: -0.2168 | Entropy: 0.7524 | Invalid S/B: 0.00/0.00 | Max Load: 7.1 | Load Gap: 1.1
Epoch [425/500] | Sampled: 250.53 | Baseline: 251.34 | Improvement: 0.81 | Win Rate: 46.88% | Actor Loss: -0.6243 | Entropy: 0.7967 | Invalid S/B: 0.00/0.00 | Max Load: 7.1 | Load Gap: 1.2
Epoch [426/500] | Sampled: 254.00 | Baseline: 253.56 | Improvement: -0.44 | Win Rate: 40.62% | Actor Loss: -1.3398 | Entropy: 0.8486 | Invalid S/B: 0.00/0.00 | Max Load: 7.1 | Load Gap: 1.1
Epoch [427/500] | Sampled: 250.53 | Baseline: 246.97 | Improvement: -3.56 | Win Rate: 25.00% | Actor Loss: -2.2031 | Entropy: 0.9661 | Invalid S/B: 0.00/0.00 | Max Load: 7.1 | Load Gap: 1.1
Epoch [428/500] | Sampled: 251.91 | Baseline: 249.81 | Improvement: -2.09 | Win Rate: 34.38% | Actor Loss: -0.8505 | Entropy: 0.9158 | Invalid S/B: 0.00/0.00 | Max Load: 7.1 | Load Gap: 1.1
Epoch [429/500] | Sampled: 253.59 | Baseline: 252.06 | Improvement: -1.53 | Win Rate: 34.38% | Actor Loss: -0.1244 | Entropy: 0.9746 | Invalid S/B: 0.00/0.00 | Max Load: 7.1 | Load Gap: 1.1
Epoch [430/500] | Sampled: 252.56 | Baseline: 252.47 | Improvement: -0.09 | Win Rate: 56.25% | Actor Loss: -0.9062 | Entropy: 0.9672 | Invalid S/B: 0.00/0.00 | Max Load: 7.2 | Load Gap: 1.2
Epoch [431/500] | Sampled: 253.06 | Baseline: 249.66 | Improvement: -3.41 | Win Rate: 43.75% | Actor Loss: -0.4776 | Entropy: 0.8729 | Invalid S/B: 0.00/0.00 | Max Load: 7.2 | Load Gap: 1.2
Epoch [432/500] | Sampled: 251.97 | Baseline: 249.31 | Improvement: -2.66 | Win Rate: 31.25% | Actor Loss: -1.4634 | Entropy: 0.8927 | Invalid S/B: 0.00/0.00 | Max Load: 7.2 | Load Gap: 1.2
Epoch [433/500] | Sampled: 254.25 | Baseline: 250.56 | Improvement: -3.69 | Win Rate: 21.88% | Actor Loss: -1.6750 | Entropy: 0.8989 | Invalid S/B: 0.00/0.00 | Max Load: 7.1 | Load Gap: 1.1
Epoch [434/500] | Sampled: 254.06 | Baseline: 253.62 | Improvement: -0.44 | Win Rate: 37.50% | Actor Loss: -1.0870 | Entropy: 0.8507 | Invalid S/B: 0.00/0.00 | Max Load: 7.2 | Load Gap: 1.2
Epoch [435/500] | Sampled: 252.50 | Baseline: 255.16 | Improvement: 2.66 | Win Rate: 56.25% | Actor Loss: -1.3027 | Entropy: 0.7436 | Invalid S/B: 0.00/0.00 | Max Load: 7.1 | Load Gap: 1.1
Epoch [436/500] | Sampled: 248.66 | Baseline: 252.12 | Improvement: 3.47 | Win Rate: 59.38% | Actor Loss: -0.3037 | Entropy: 0.6474 | Invalid S/B: 0.00/0.00 | Max Load: 7.0 | Load Gap: 1.0
Epoch [437/500] | Sampled: 248.03 | Baseline: 249.25 | Improvement: 1.22 | Win Rate: 43.75% | Actor Loss: -0.8557 | Entropy: 0.6424 | Invalid S/B: 0.00/0.00 | Max Load: 7.1 | Load Gap: 1.1
Epoch [438/500] | Sampled: 249.97 | Baseline: 251.72 | Improvement: 1.75 | Win Rate: 53.12% | Actor Loss: 0.0395 | Entropy: 0.6196 | Invalid S/B: 0.00/0.00 | Max Load: 7.1 | Load Gap: 1.1
Epoch [439/500] | Sampled: 249.25 | Baseline: 251.22 | Improvement: 1.97 | Win Rate: 59.38% | Actor Loss: -1.6907 | Entropy: 0.5939 | Invalid S/B: 0.00/0.00 | Max Load: 7.1 | Load Gap: 1.1
Epoch [440/500] | Sampled: 248.19 | Baseline: 252.00 | Improvement: 3.81 | Win Rate: 59.38% | Actor Loss: 0.1341 | Entropy: 0.5612 | Invalid S/B: 0.00/0.00 | Max Load: 7.0 | Load Gap: 1.0
Epoch [441/500] | Sampled: 249.81 | Baseline: 252.22 | Improvement: 2.41 | Win Rate: 56.25% | Actor Loss: -0.2938 | Entropy: 0.5791 | Invalid S/B: 0.00/0.00 | Max Load: 7.2 | Load Gap: 1.2
Epoch [442/500] | Sampled: 245.91 | Baseline: 251.94 | Improvement: 6.03 | Win Rate: 81.25% | Actor Loss: -0.0498 | Entropy: 0.5875 | Invalid S/B: 0.00/0.00 | Max Load: 7.1 | Load Gap: 1.1
Epoch [443/500] | Sampled: 245.59 | Baseline: 250.03 | Improvement: 4.44 | Win Rate: 68.75% | Actor Loss: -0.8527 | Entropy: 0.5641 | Invalid S/B: 0.00/0.00 | Max Load: 7.1 | Load Gap: 1.1
Epoch [444/500] | Sampled: 247.47 | Baseline: 251.88 | Improvement: 4.41 | Win Rate: 62.50% | Actor Loss: 0.0678 | Entropy: 0.5455 | Invalid S/B: 0.00/0.00 | Max Load: 7.0 | Load Gap: 1.0
Epoch [445/500] | Sampled: 250.56 | Baseline: 254.06 | Improvement: 3.50 | Win Rate: 46.88% | Actor Loss: -0.4582 | Entropy: 0.5689 | Invalid S/B: 0.00/0.00 | Max Load: 7.0 | Load Gap: 1.0
Epoch [446/500] | Sampled: 248.19 | Baseline: 251.62 | Improvement: 3.44 | Win Rate: 62.50% | Actor Loss: -0.4797 | Entropy: 0.5694 | Invalid S/B: 0.00/0.00 | Max Load: 7.1 | Load Gap: 1.1
Epoch [447/500] | Sampled: 245.72 | Baseline: 252.53 | Improvement: 6.81 | Win Rate: 78.12% | Actor Loss: -0.1860 | Entropy: 0.5541 | Invalid S/B: 0.00/0.00 | Max Load: 7.0 | Load Gap: 1.0
Epoch [448/500] | Sampled: 249.41 | Baseline: 249.16 | Improvement: -0.25 | Win Rate: 46.88% | Actor Loss: 0.8025 | Entropy: 0.5572 | Invalid S/B: 0.00/0.00 | Max Load: 7.0 | Load Gap: 1.0
Epoch [449/500] | Sampled: 250.06 | Baseline: 253.09 | Improvement: 3.03 | Win Rate: 59.38% | Actor Loss: -0.6107 | Entropy: 0.5922 | Invalid S/B: 0.00/0.00 | Max Load: 7.0 | Load Gap: 1.0
Epoch [450/500] | Sampled: 246.19 | Baseline: 254.44 | Improvement: 8.25 | Win Rate: 90.62% | Actor Loss: 0.0244 | Entropy: 0.5867 | Invalid S/B: 0.00/0.00 | Max Load: 7.0 | Load Gap: 1.0
   -> Validation | Samples: 50 | Makespan: 246.90 | Invalid Jobs: 0.00
Epoch [451/500] | Sampled: 250.22 | Baseline: 254.34 | Improvement: 4.12 | Win Rate: 78.12% | Actor Loss: -0.4879 | Entropy: 0.6347 | Invalid S/B: 0.00/0.00 | Max Load: 7.1 | Load Gap: 1.1
Epoch [452/500] | Sampled: 250.75 | Baseline: 251.72 | Improvement: 0.97 | Win Rate: 53.12% | Actor Loss: -0.7887 | Entropy: 0.6522 | Invalid S/B: 0.03/0.00 | Max Load: 7.2 | Load Gap: 1.2
Epoch [453/500] | Sampled: 246.38 | Baseline: 250.84 | Improvement: 4.47 | Win Rate: 65.62% | Actor Loss: -0.8587 | Entropy: 0.6929 | Invalid S/B: 0.00/0.00 | Max Load: 7.0 | Load Gap: 1.0
Epoch [454/500] | Sampled: 248.44 | Baseline: 251.81 | Improvement: 3.38 | Win Rate: 65.62% | Actor Loss: -0.1094 | Entropy: 0.6689 | Invalid S/B: 0.00/0.00 | Max Load: 7.2 | Load Gap: 1.2
Epoch [455/500] | Sampled: 248.97 | Baseline: 252.22 | Improvement: 3.25 | Win Rate: 53.12% | Actor Loss: 0.5040 | Entropy: 0.6991 | Invalid S/B: 0.00/0.00 | Max Load: 7.1 | Load Gap: 1.1
Epoch [456/500] | Sampled: 249.69 | Baseline: 252.09 | Improvement: 2.41 | Win Rate: 59.38% | Actor Loss: -0.7353 | Entropy: 0.7050 | Invalid S/B: 0.00/0.00 | Max Load: 7.0 | Load Gap: 1.0
Epoch [457/500] | Sampled: 249.19 | Baseline: 251.97 | Improvement: 2.78 | Win Rate: 71.88% | Actor Loss: 0.2735 | Entropy: 0.7312 | Invalid S/B: 0.00/0.00 | Max Load: 7.2 | Load Gap: 1.2
Epoch [458/500] | Sampled: 250.75 | Baseline: 248.75 | Improvement: -2.00 | Win Rate: 37.50% | Actor Loss: -0.4148 | Entropy: 0.7523 | Invalid S/B: 0.00/0.00 | Max Load: 7.1 | Load Gap: 1.1
Epoch [459/500] | Sampled: 250.97 | Baseline: 251.16 | Improvement: 0.19 | Win Rate: 50.00% | Actor Loss: -1.7021 | Entropy: 0.7748 | Invalid S/B: 0.00/0.00 | Max Load: 7.1 | Load Gap: 1.1
Epoch [460/500] | Sampled: 249.69 | Baseline: 253.19 | Improvement: 3.50 | Win Rate: 68.75% | Actor Loss: -1.3516 | Entropy: 0.7448 | Invalid S/B: 0.00/0.00 | Max Load: 7.0 | Load Gap: 1.0
Epoch [461/500] | Sampled: 249.44 | Baseline: 251.69 | Improvement: 2.25 | Win Rate: 59.38% | Actor Loss: -0.7600 | Entropy: 0.7670 | Invalid S/B: 0.00/0.00 | Max Load: 7.1 | Load Gap: 1.1
Epoch [462/500] | Sampled: 248.00 | Baseline: 250.91 | Improvement: 2.91 | Win Rate: 68.75% | Actor Loss: -1.2045 | Entropy: 0.7499 | Invalid S/B: 0.00/0.00 | Max Load: 7.0 | Load Gap: 1.0
Epoch [463/500] | Sampled: 248.22 | Baseline: 253.44 | Improvement: 5.22 | Win Rate: 65.62% | Actor Loss: 0.7344 | Entropy: 0.7562 | Invalid S/B: 0.00/0.00 | Max Load: 7.0 | Load Gap: 1.0
Epoch [464/500] | Sampled: 246.41 | Baseline: 247.47 | Improvement: 1.06 | Win Rate: 53.12% | Actor Loss: -1.7658 | Entropy: 0.8365 | Invalid S/B: 0.00/0.00 | Max Load: 7.1 | Load Gap: 1.1
Epoch [465/500] | Sampled: 247.28 | Baseline: 252.44 | Improvement: 5.16 | Win Rate: 65.62% | Actor Loss: -0.3241 | Entropy: 0.8464 | Invalid S/B: 0.00/0.00 | Max Load: 7.0 | Load Gap: 1.0
Epoch [466/500] | Sampled: 251.28 | Baseline: 253.38 | Improvement: 2.09 | Win Rate: 53.12% | Actor Loss: -1.0611 | Entropy: 0.8908 | Invalid S/B: 0.00/0.00 | Max Load: 7.1 | Load Gap: 1.1
Epoch [467/500] | Sampled: 250.12 | Baseline: 254.03 | Improvement: 3.91 | Win Rate: 75.00% | Actor Loss: -1.8699 | Entropy: 0.9530 | Invalid S/B: 0.00/0.00 | Max Load: 7.1 | Load Gap: 1.1
Epoch [468/500] | Sampled: 248.69 | Baseline: 252.44 | Improvement: 3.75 | Win Rate: 62.50% | Actor Loss: -0.9733 | Entropy: 0.9924 | Invalid S/B: 0.00/0.00 | Max Load: 7.1 | Load Gap: 1.1
Epoch [469/500] | Sampled: 250.00 | Baseline: 254.09 | Improvement: 4.09 | Win Rate: 65.62% | Actor Loss: -2.5479 | Entropy: 0.9991 | Invalid S/B: 0.00/0.00 | Max Load: 7.1 | Load Gap: 1.1
Epoch [470/500] | Sampled: 250.16 | Baseline: 250.81 | Improvement: 0.66 | Win Rate: 53.12% | Actor Loss: -0.7497 | Entropy: 0.9103 | Invalid S/B: 0.00/0.00 | Max Load: 7.2 | Load Gap: 1.2
Epoch [471/500] | Sampled: 247.09 | Baseline: 251.66 | Improvement: 4.56 | Win Rate: 68.75% | Actor Loss: -0.4166 | Entropy: 0.8157 | Invalid S/B: 0.00/0.00 | Max Load: 7.1 | Load Gap: 1.1
Epoch [472/500] | Sampled: 248.88 | Baseline: 249.34 | Improvement: 0.47 | Win Rate: 59.38% | Actor Loss: -0.1851 | Entropy: 0.7590 | Invalid S/B: 0.00/0.00 | Max Load: 7.0 | Load Gap: 1.0
Epoch [473/500] | Sampled: 246.69 | Baseline: 250.19 | Improvement: 3.50 | Win Rate: 68.75% | Actor Loss: 1.1013 | Entropy: 0.7091 | Invalid S/B: 0.00/0.00 | Max Load: 7.1 | Load Gap: 1.1
Epoch [474/500] | Sampled: 246.06 | Baseline: 250.41 | Improvement: 4.34 | Win Rate: 75.00% | Actor Loss: -0.5875 | Entropy: 0.6989 | Invalid S/B: 0.00/0.00 | Max Load: 7.0 | Load Gap: 1.0
Epoch [475/500] | Sampled: 249.19 | Baseline: 253.53 | Improvement: 4.34 | Win Rate: 71.88% | Actor Loss: -1.6280 | Entropy: 0.7090 | Invalid S/B: 0.00/0.00 | Max Load: 7.1 | Load Gap: 1.1
Epoch [476/500] | Sampled: 246.12 | Baseline: 250.50 | Improvement: 4.38 | Win Rate: 68.75% | Actor Loss: -1.4273 | Entropy: 0.7174 | Invalid S/B: 0.00/0.00 | Max Load: 7.1 | Load Gap: 1.1
Epoch [477/500] | Sampled: 246.22 | Baseline: 249.31 | Improvement: 3.09 | Win Rate: 56.25% | Actor Loss: -1.0850 | Entropy: 0.6889 | Invalid S/B: 0.00/0.00 | Max Load: 7.1 | Load Gap: 1.1
Epoch [478/500] | Sampled: 247.97 | Baseline: 251.34 | Improvement: 3.38 | Win Rate: 56.25% | Actor Loss: -0.6101 | Entropy: 0.6568 | Invalid S/B: 0.00/0.00 | Max Load: 7.1 | Load Gap: 1.1
Epoch [479/500] | Sampled: 245.50 | Baseline: 251.81 | Improvement: 6.31 | Win Rate: 75.00% | Actor Loss: -2.1457 | Entropy: 0.6508 | Invalid S/B: 0.00/0.00 | Max Load: 7.1 | Load Gap: 1.1
Epoch [480/500] | Sampled: 248.34 | Baseline: 250.81 | Improvement: 2.47 | Win Rate: 65.62% | Actor Loss: 0.1209 | Entropy: 0.6216 | Invalid S/B: 0.00/0.00 | Max Load: 7.1 | Load Gap: 1.2
Epoch [481/500] | Sampled: 245.47 | Baseline: 251.84 | Improvement: 6.38 | Win Rate: 62.50% | Actor Loss: -0.8667 | Entropy: 0.5400 | Invalid S/B: 0.00/0.00 | Max Load: 7.1 | Load Gap: 1.1
Epoch [482/500] | Sampled: 243.16 | Baseline: 248.66 | Improvement: 5.50 | Win Rate: 75.00% | Actor Loss: -0.1231 | Entropy: 0.5180 | Invalid S/B: 0.00/0.00 | Max Load: 7.0 | Load Gap: 1.0
Epoch [483/500] | Sampled: 248.00 | Baseline: 255.06 | Improvement: 7.06 | Win Rate: 68.75% | Actor Loss: -1.8295 | Entropy: 0.5311 | Invalid S/B: 0.00/0.00 | Max Load: 7.0 | Load Gap: 1.0
Epoch [484/500] | Sampled: 247.34 | Baseline: 252.19 | Improvement: 4.84 | Win Rate: 68.75% | Actor Loss: 0.1850 | Entropy: 0.4838 | Invalid S/B: 0.00/0.00 | Max Load: 7.1 | Load Gap: 1.1
Epoch [485/500] | Sampled: 246.78 | Baseline: 249.56 | Improvement: 2.78 | Win Rate: 68.75% | Actor Loss: -0.4148 | Entropy: 0.4966 | Invalid S/B: 0.00/0.00 | Max Load: 7.2 | Load Gap: 1.2
Epoch [486/500] | Sampled: 249.22 | Baseline: 253.34 | Improvement: 4.12 | Win Rate: 65.62% | Actor Loss: -0.5522 | Entropy: 0.4604 | Invalid S/B: 0.00/0.00 | Max Load: 7.1 | Load Gap: 1.1
Epoch [487/500] | Sampled: 250.44 | Baseline: 256.53 | Improvement: 6.09 | Win Rate: 78.12% | Actor Loss: -0.2364 | Entropy: 0.4586 | Invalid S/B: 0.00/0.00 | Max Load: 7.2 | Load Gap: 1.2
Epoch [488/500] | Sampled: 246.41 | Baseline: 253.69 | Improvement: 7.28 | Win Rate: 75.00% | Actor Loss: -0.1496 | Entropy: 0.4448 | Invalid S/B: 0.00/0.00 | Max Load: 7.1 | Load Gap: 1.1
Epoch [489/500] | Sampled: 248.84 | Baseline: 253.38 | Improvement: 4.53 | Win Rate: 65.62% | Actor Loss: 0.0622 | Entropy: 0.4523 | Invalid S/B: 0.00/0.00 | Max Load: 7.0 | Load Gap: 1.0
Epoch [490/500] | Sampled: 244.81 | Baseline: 250.06 | Improvement: 5.25 | Win Rate: 75.00% | Actor Loss: 0.4793 | Entropy: 0.4490 | Invalid S/B: 0.00/0.00 | Max Load: 7.1 | Load Gap: 1.1
Epoch [491/500] | Sampled: 247.47 | Baseline: 254.03 | Improvement: 6.56 | Win Rate: 71.88% | Actor Loss: 0.4492 | Entropy: 0.4328 | Invalid S/B: 0.00/0.00 | Max Load: 7.2 | Load Gap: 1.2
Epoch [492/500] | Sampled: 247.97 | Baseline: 253.97 | Improvement: 6.00 | Win Rate: 81.25% | Actor Loss: 0.6733 | Entropy: 0.4716 | Invalid S/B: 0.00/0.00 | Max Load: 7.1 | Load Gap: 1.1
Epoch [493/500] | Sampled: 248.84 | Baseline: 256.53 | Improvement: 7.69 | Win Rate: 71.88% | Actor Loss: -0.3955 | Entropy: 0.4941 | Invalid S/B: 0.00/0.00 | Max Load: 7.0 | Load Gap: 1.0
Epoch [494/500] | Sampled: 247.31 | Baseline: 251.94 | Improvement: 4.62 | Win Rate: 59.38% | Actor Loss: -0.9510 | Entropy: 0.5063 | Invalid S/B: 0.00/0.00 | Max Load: 7.1 | Load Gap: 1.1
Epoch [495/500] | Sampled: 246.97 | Baseline: 251.09 | Improvement: 4.12 | Win Rate: 62.50% | Actor Loss: 0.4952 | Entropy: 0.5045 | Invalid S/B: 0.00/0.00 | Max Load: 7.1 | Load Gap: 1.1
Epoch [496/500] | Sampled: 250.09 | Baseline: 252.62 | Improvement: 2.53 | Win Rate: 56.25% | Actor Loss: -0.0691 | Entropy: 0.5211 | Invalid S/B: 0.00/0.00 | Max Load: 7.2 | Load Gap: 1.2
Epoch [497/500] | Sampled: 249.22 | Baseline: 254.06 | Improvement: 4.84 | Win Rate: 59.38% | Actor Loss: -0.4245 | Entropy: 0.4761 | Invalid S/B: 0.00/0.00 | Max Load: 7.1 | Load Gap: 1.1
Epoch [498/500] | Sampled: 247.31 | Baseline: 250.62 | Improvement: 3.31 | Win Rate: 59.38% | Actor Loss: -0.0624 | Entropy: 0.4827 | Invalid S/B: 0.00/0.00 | Max Load: 7.1 | Load Gap: 1.1
Epoch [499/500] | Sampled: 247.50 | Baseline: 252.84 | Improvement: 5.34 | Win Rate: 78.12% | Actor Loss: -0.1247 | Entropy: 0.5086 | Invalid S/B: 0.00/0.00 | Max Load: 7.0 | Load Gap: 1.0
Epoch [500/500] | Sampled: 247.59 | Baseline: 252.88 | Improvement: 5.28 | Win Rate: 68.75% | Actor Loss: -0.0794 | Entropy: 0.4990 | Invalid S/B: 0.00/0.00 | Max Load: 7.1 | Load Gap: 1.1
   -> Validation | Samples: 50 | Makespan: 245.74 | Invalid Jobs: 0.00
   -> Saved updated training chart to /home/wei/AMR-DFJSP/Static_alogorithm/Attention/attention_precise_training_metrics.png
