Training on: cuda
Starting GNN REINFORCE training with dispatch baseline 'earliest_completion_job+earliest_completion' (stepwise).
Epoch [1/2000] | Sampled: 778.62 | Baseline: 556.12 | Improvement: -222.50 | Win Rate: 0.00% | Actor Loss: -37.8630 | Entropy: 4.1002 | Invalid S/B: 0.56/0.00 | Max Load: 14.6 | Load Gap: 5.0
   -> Saved new best model (Makespan: 778.62)
   -> Saved updated training chart to /home/wei/AMR-DFJSP/Static_alogorithm/GNN/gnn_training_metrics.png
Epoch [2/2000] | Sampled: 767.31 | Baseline: 559.25 | Improvement: -208.06 | Win Rate: 0.00% | Actor Loss: -53.3370 | Entropy: 4.1554 | Invalid S/B: 0.25/0.00 | Max Load: 14.8 | Load Gap: 5.8
   -> Saved new best model (Makespan: 767.31)
Epoch [3/2000] | Sampled: 794.12 | Baseline: 556.56 | Improvement: -237.56 | Win Rate: 0.00% | Actor Loss: -52.5467 | Entropy: 3.9431 | Invalid S/B: 0.31/0.00 | Max Load: 15.1 | Load Gap: 6.1
Epoch [4/2000] | Sampled: 759.50 | Baseline: 552.38 | Improvement: -207.12 | Win Rate: 0.00% | Actor Loss: -37.5298 | Entropy: 3.5474 | Invalid S/B: 0.19/0.00 | Max Load: 14.6 | Load Gap: 5.1
   -> Saved new best model (Makespan: 759.50)
Epoch [5/2000] | Sampled: 813.94 | Baseline: 555.56 | Improvement: -258.38 | Win Rate: 0.00% | Actor Loss: -41.3530 | Entropy: 3.3447 | Invalid S/B: 0.06/0.00 | Max Load: 14.6 | Load Gap: 5.4
Epoch [6/2000] | Sampled: 832.88 | Baseline: 564.25 | Improvement: -268.62 | Win Rate: 0.00% | Actor Loss: -39.8948 | Entropy: 3.5934 | Invalid S/B: 0.25/0.00 | Max Load: 14.9 | Load Gap: 6.0
Traceback (most recent call last):
  File "/home/wei/AMR-DFJSP/Static_alogorithm/GNN/train_gnn.py", line 717, in <module>
    train(build_parser().parse_args())
  File "/home/wei/AMR-DFJSP/Static_alogorithm/GNN/train_gnn.py", line 669, in train
    train_reinforce(args)
  File "/home/wei/AMR-DFJSP/Static_alogorithm/GNN/train_gnn.py", line 371, in train_reinforce
    comparison = compute_dispatch_baseline_comparison(
  File "/home/wei/AMR-DFJSP/Static_alogorithm/reinforce_baseline.py", line 177, in compute_dispatch_baseline_comparison
    rule_next_individual = complete_with_dispatch_rule(
  File "/home/wei/AMR-DFJSP/Static_alogorithm/reinforce_baseline.py", line 133, in complete_with_dispatch_rule
    action, _ = dr.choose_operation(jobs, state, job_rule, amr_rule, rng)
  File "/home/wei/AMR-DFJSP/Static_alogorithm/dispatching_rules/dispatching_rules.py", line 237, in choose_operation
    estimates = [
  File "/home/wei/AMR-DFJSP/Static_alogorithm/dispatching_rules/dispatching_rules.py", line 238, in <listcomp>
    estimate_action(
  File "/home/wei/AMR-DFJSP/Static_alogorithm/operation_policy.py", line 187, in estimate_action
    def estimate_action(
KeyboardInterrupt
