Training on: cuda
Loaded 100 dispatch events from /home/wei/AMR-DFJSP/test_case/static/dispatch_inbox_20.jsonl
Loaded 100 dispatch events from /home/wei/AMR-DFJSP/test_case/static/dispatch_inbox_40.jsonl
Loaded 100 dispatch events from /home/wei/AMR-DFJSP/test_case/static/dispatch_inbox_60.jsonl
Loaded 100 dispatch events from /home/wei/AMR-DFJSP/test_case/static/dispatch_inbox_80.jsonl
Loaded 100 dispatch events from /home/wei/AMR-DFJSP/test_case/static/dispatch_inbox_100.jsonl
Starting GNN Precise REINFORCE training with dispatch baseline 'earliest_completion_job+earliest_completion' (stepwise).
Epoch [1/2000] | Sampled: 1100.06 | Baseline: 778.38 | Improvement: -321.69 | Win Rate: 0.00% | Job Loss: 5.1102 | AMR Loss: -0.2459 | Entropy: 4.1292
   -> Saved new best model (Makespan: 1100.06)
   -> Saved updated training chart to /home/wei/AMR-DFJSP/Static_alogorithm/GNN/gnn_precise_training_metrics.png
Epoch [2/2000] | Sampled: 1319.38 | Baseline: 852.19 | Improvement: -467.19 | Win Rate: 0.00% | Job Loss: 5.9210 | AMR Loss: -2.1794 | Entropy: 4.2141
Epoch [3/2000] | Sampled: 1253.31 | Baseline: 747.19 | Improvement: -506.12 | Win Rate: 0.00% | Job Loss: 8.7680 | AMR Loss: -3.3856 | Entropy: 3.9150
Epoch [4/2000] | Sampled: 1611.38 | Baseline: 779.31 | Improvement: -832.06 | Win Rate: 0.00% | Job Loss: 7.8560 | AMR Loss: 3.3063 | Entropy: 3.7332
Epoch [5/2000] | Sampled: 1461.69 | Baseline: 713.00 | Improvement: -748.69 | Win Rate: 0.00% | Job Loss: 9.0435 | AMR Loss: 4.8713 | Entropy: 3.5624
Epoch [6/2000] | Sampled: 1460.06 | Baseline: 658.94 | Improvement: -801.12 | Win Rate: 0.00% | Job Loss: 5.8689 | AMR Loss: 1.5509 | Entropy: 3.3609
Epoch [7/2000] | Sampled: 1821.12 | Baseline: 712.94 | Improvement: -1108.19 | Win Rate: 0.00% | Job Loss: 3.0088 | AMR Loss: 5.2649 | Entropy: 3.2447
Epoch [8/2000] | Sampled: 1797.00 | Baseline: 685.38 | Improvement: -1111.62 | Win Rate: 0.00% | Job Loss: 7.0590 | AMR Loss: 5.1503 | Entropy: 3.0224
Epoch [9/2000] | Sampled: 1986.06 | Baseline: 723.88 | Improvement: -1262.19 | Win Rate: 0.00% | Job Loss: 0.9893 | AMR Loss: 5.0372 | Entropy: 2.8141
Epoch [10/2000] | Sampled: 2017.62 | Baseline: 742.19 | Improvement: -1275.44 | Win Rate: 0.00% | Job Loss: 3.3937 | AMR Loss: 3.5960 | Entropy: 2.7288
Epoch [11/2000] | Sampled: 2102.31 | Baseline: 760.94 | Improvement: -1341.38 | Win Rate: 0.00% | Job Loss: 0.4094 | AMR Loss: 3.7774 | Entropy: 2.6304
Epoch [12/2000] | Sampled: 2050.81 | Baseline: 761.31 | Improvement: -1289.50 | Win Rate: 0.00% | Job Loss: -4.5966 | AMR Loss: 4.0961 | Entropy: 2.4889
Epoch [13/2000] | Sampled: 2090.56 | Baseline: 752.06 | Improvement: -1338.50 | Win Rate: 0.00% | Job Loss: -3.1904 | AMR Loss: 3.9409 | Entropy: 2.2743
Epoch [14/2000] | Sampled: 1974.06 | Baseline: 716.12 | Improvement: -1257.94 | Win Rate: 0.00% | Job Loss: -17.1258 | AMR Loss: 3.9560 | Entropy: 2.0455
Epoch [15/2000] | Sampled: 2283.00 | Baseline: 807.75 | Improvement: -1475.25 | Win Rate: 0.00% | Job Loss: -8.4664 | AMR Loss: 2.5544 | Entropy: 2.0141
Epoch [16/2000] | Sampled: 2053.19 | Baseline: 743.25 | Improvement: -1309.94 | Win Rate: 0.00% | Job Loss: -9.8838 | AMR Loss: 3.1465 | Entropy: 1.8762
Epoch [17/2000] | Sampled: 1992.88 | Baseline: 726.25 | Improvement: -1266.62 | Win Rate: 0.00% | Job Loss: 2.4499 | AMR Loss: 4.1329 | Entropy: 1.8110
Epoch [18/2000] | Sampled: 2079.31 | Baseline: 752.56 | Improvement: -1326.75 | Win Rate: 0.00% | Job Loss: 2.0683 | AMR Loss: 4.5841 | Entropy: 2.3581
Epoch [19/2000] | Sampled: 2136.56 | Baseline: 758.31 | Improvement: -1378.25 | Win Rate: 0.00% | Job Loss: 1.7217 | AMR Loss: 3.4685 | Entropy: 2.5533
Epoch [20/2000] | Sampled: 2295.56 | Baseline: 820.00 | Improvement: -1475.56 | Win Rate: 0.00% | Job Loss: 2.9064 | AMR Loss: 3.3804 | Entropy: 2.5143
Epoch [21/2000] | Sampled: 2045.62 | Baseline: 717.44 | Improvement: -1328.19 | Win Rate: 0.00% | Job Loss: 7.4054 | AMR Loss: 2.9377 | Entropy: 2.1597
Epoch [22/2000] | Sampled: 2170.38 | Baseline: 780.31 | Improvement: -1390.06 | Win Rate: 0.00% | Job Loss: 9.5451 | AMR Loss: 2.9123 | Entropy: 2.1812
Epoch [23/2000] | Sampled: 1726.31 | Baseline: 613.75 | Improvement: -1112.56 | Win Rate: 0.00% | Job Loss: 1.0001 | AMR Loss: 2.3676 | Entropy: 1.8861
Epoch [24/2000] | Sampled: 1974.19 | Baseline: 707.00 | Improvement: -1267.19 | Win Rate: 0.00% | Job Loss: 5.4161 | AMR Loss: 3.9566 | Entropy: 1.8553
Epoch [25/2000] | Sampled: 2254.75 | Baseline: 782.69 | Improvement: -1472.06 | Win Rate: 0.00% | Job Loss: 5.5469 | AMR Loss: 1.8623 | Entropy: 1.8392
Epoch [26/2000] | Sampled: 2522.25 | Baseline: 882.19 | Improvement: -1640.06 | Win Rate: 0.00% | Job Loss: 5.8463 | AMR Loss: 3.1239 | Entropy: 2.0095
Epoch [27/2000] | Sampled: 2023.75 | Baseline: 709.88 | Improvement: -1313.88 | Win Rate: 0.00% | Job Loss: 1.6183 | AMR Loss: 1.7059 | Entropy: 1.9445
Epoch [28/2000] | Sampled: 2205.75 | Baseline: 757.31 | Improvement: -1448.44 | Win Rate: 0.00% | Job Loss: -3.7900 | AMR Loss: 3.1022 | Entropy: 2.0839
Epoch [29/2000] | Sampled: 2302.25 | Baseline: 806.88 | Improvement: -1495.38 | Win Rate: 0.00% | Job Loss: -7.3882 | AMR Loss: 1.7156 | Entropy: 2.1228
Epoch [30/2000] | Sampled: 1846.75 | Baseline: 646.75 | Improvement: -1200.00 | Win Rate: 0.00% | Job Loss: 4.0817 | AMR Loss: 1.7673 | Entropy: 1.9938
Epoch [31/2000] | Sampled: 1791.81 | Baseline: 637.81 | Improvement: -1154.00 | Win Rate: 0.00% | Job Loss: -0.7194 | AMR Loss: 2.3741 | Entropy: 2.0296
Epoch [32/2000] | Sampled: 1926.31 | Baseline: 679.38 | Improvement: -1246.94 | Win Rate: 0.00% | Job Loss: 0.0035 | AMR Loss: 2.2973 | Entropy: 2.0268
Epoch [33/2000] | Sampled: 2301.44 | Baseline: 796.44 | Improvement: -1505.00 | Win Rate: 0.00% | Job Loss: -2.0534 | AMR Loss: 1.6710 | Entropy: 2.0803
Epoch [34/2000] | Sampled: 2227.50 | Baseline: 771.62 | Improvement: -1455.88 | Win Rate: 0.00% | Job Loss: -3.6570 | AMR Loss: 1.1677 | Entropy: 2.0220
Epoch [35/2000] | Sampled: 2357.81 | Baseline: 808.50 | Improvement: -1549.31 | Win Rate: 0.00% | Job Loss: -4.0668 | AMR Loss: 1.2072 | Entropy: 2.0376
Epoch [36/2000] | Sampled: 1477.00 | Baseline: 519.00 | Improvement: -958.00 | Win Rate: 0.00% | Job Loss: 1.2026 | AMR Loss: 1.9112 | Entropy: 1.8334
Epoch [37/2000] | Sampled: 1830.00 | Baseline: 643.81 | Improvement: -1186.19 | Win Rate: 0.00% | Job Loss: -1.1687 | AMR Loss: 1.8423 | Entropy: 1.9329
Epoch [38/2000] | Sampled: 2433.75 | Baseline: 842.62 | Improvement: -1591.12 | Win Rate: 0.00% | Job Loss: -2.8087 | AMR Loss: 2.5286 | Entropy: 2.0354
Epoch [39/2000] | Sampled: 2229.94 | Baseline: 782.81 | Improvement: -1447.12 | Win Rate: 0.00% | Job Loss: -5.8831 | AMR Loss: 1.8562 | Entropy: 1.9692
Epoch [40/2000] | Sampled: 2374.12 | Baseline: 844.69 | Improvement: -1529.44 | Win Rate: 0.00% | Job Loss: -7.0185 | AMR Loss: 2.2931 | Entropy: 2.0317
Epoch [41/2000] | Sampled: 2283.00 | Baseline: 801.38 | Improvement: -1481.62 | Win Rate: 0.00% | Job Loss: -4.7309 | AMR Loss: 1.9826 | Entropy: 1.9158
Epoch [42/2000] | Sampled: 2042.88 | Baseline: 712.44 | Improvement: -1330.44 | Win Rate: 0.00% | Job Loss: -7.8893 | AMR Loss: 1.4225 | Entropy: 1.8940
Epoch [43/2000] | Sampled: 2306.06 | Baseline: 808.38 | Improvement: -1497.69 | Win Rate: 0.00% | Job Loss: -7.6977 | AMR Loss: 1.5894 | Entropy: 1.9087
Epoch [44/2000] | Sampled: 2396.50 | Baseline: 828.19 | Improvement: -1568.31 | Win Rate: 0.00% | Job Loss: -7.8553 | AMR Loss: 0.7853 | Entropy: 1.8993
Epoch [45/2000] | Sampled: 2068.06 | Baseline: 717.38 | Improvement: -1350.69 | Win Rate: 0.00% | Job Loss: -7.2848 | AMR Loss: 1.5688 | Entropy: 1.8070
Epoch [46/2000] | Sampled: 2071.75 | Baseline: 701.50 | Improvement: -1370.25 | Win Rate: 0.00% | Job Loss: -7.2054 | AMR Loss: 1.3121 | Entropy: 1.8167
Epoch [47/2000] | Sampled: 2220.62 | Baseline: 771.81 | Improvement: -1448.81 | Win Rate: 0.00% | Job Loss: -7.4695 | AMR Loss: 1.9708 | Entropy: 1.8814
Epoch [48/2000] | Sampled: 2011.19 | Baseline: 711.50 | Improvement: -1299.69 | Win Rate: 0.00% | Job Loss: -6.9966 | AMR Loss: 1.6446 | Entropy: 1.8188
Epoch [49/2000] | Sampled: 1852.69 | Baseline: 650.50 | Improvement: -1202.19 | Win Rate: 0.00% | Job Loss: -6.3489 | AMR Loss: -0.5317 | Entropy: 1.7600
Epoch [50/2000] | Sampled: 2204.12 | Baseline: 762.88 | Improvement: -1441.25 | Win Rate: 0.00% | Job Loss: -5.9401 | AMR Loss: 1.2416 | Entropy: 1.7377
Epoch [51/2000] | Sampled: 2211.62 | Baseline: 760.81 | Improvement: -1450.81 | Win Rate: 0.00% | Job Loss: -11.1626 | AMR Loss: 1.0948 | Entropy: 1.6853
Epoch [52/2000] | Sampled: 1725.81 | Baseline: 605.25 | Improvement: -1120.56 | Win Rate: 0.00% | Job Loss: -7.8638 | AMR Loss: 1.5916 | Entropy: 1.5732
Epoch [53/2000] | Sampled: 1866.19 | Baseline: 649.00 | Improvement: -1217.19 | Win Rate: 0.00% | Job Loss: -8.4625 | AMR Loss: 0.9403 | Entropy: 1.5787
Epoch [54/2000] | Sampled: 2038.62 | Baseline: 704.25 | Improvement: -1334.38 | Win Rate: 0.00% | Job Loss: -3.9376 | AMR Loss: 1.4963 | Entropy: 1.5481
Epoch [55/2000] | Sampled: 2441.38 | Baseline: 833.94 | Improvement: -1607.44 | Win Rate: 0.00% | Job Loss: -10.4528 | AMR Loss: 0.4962 | Entropy: 1.6057
Epoch [56/2000] | Sampled: 1778.81 | Baseline: 619.75 | Improvement: -1159.06 | Win Rate: 0.00% | Job Loss: -9.2672 | AMR Loss: 1.3312 | Entropy: 1.4451
Epoch [57/2000] | Sampled: 2299.50 | Baseline: 807.56 | Improvement: -1491.94 | Win Rate: 0.00% | Job Loss: -11.2889 | AMR Loss: 1.7469 | Entropy: 1.6327
Epoch [58/2000] | Sampled: 2255.25 | Baseline: 783.50 | Improvement: -1471.75 | Win Rate: 0.00% | Job Loss: -11.7223 | AMR Loss: 0.3621 | Entropy: 1.5450
Epoch [59/2000] | Sampled: 2051.06 | Baseline: 710.56 | Improvement: -1340.50 | Win Rate: 0.00% | Job Loss: -3.7842 | AMR Loss: 1.9540 | Entropy: 1.4380
Epoch [60/2000] | Sampled: 2603.94 | Baseline: 900.38 | Improvement: -1703.56 | Win Rate: 0.00% | Job Loss: -5.2823 | AMR Loss: 1.1356 | Entropy: 1.5252
Epoch [61/2000] | Sampled: 2260.94 | Baseline: 792.19 | Improvement: -1468.75 | Win Rate: 0.00% | Job Loss: -4.0883 | AMR Loss: 0.7299 | Entropy: 1.4519
Epoch [62/2000] | Sampled: 1912.88 | Baseline: 659.50 | Improvement: -1253.38 | Win Rate: 0.00% | Job Loss: -6.0524 | AMR Loss: 2.1344 | Entropy: 1.3692
Epoch [63/2000] | Sampled: 1861.94 | Baseline: 639.00 | Improvement: -1222.94 | Win Rate: 0.00% | Job Loss: -6.0257 | AMR Loss: 0.6029 | Entropy: 1.2626
Epoch [64/2000] | Sampled: 2004.25 | Baseline: 700.94 | Improvement: -1303.31 | Win Rate: 0.00% | Job Loss: -5.4997 | AMR Loss: 1.3364 | Entropy: 1.3274
Epoch [65/2000] | Sampled: 2052.00 | Baseline: 714.00 | Improvement: -1338.00 | Win Rate: 0.00% | Job Loss: -5.0315 | AMR Loss: 0.7891 | Entropy: 1.3261
Epoch [66/2000] | Sampled: 1904.00 | Baseline: 656.31 | Improvement: -1247.69 | Win Rate: 0.00% | Job Loss: -3.8917 | AMR Loss: 0.8925 | Entropy: 1.2107
Epoch [67/2000] | Sampled: 2276.38 | Baseline: 800.00 | Improvement: -1476.38 | Win Rate: 0.00% | Job Loss: -11.6827 | AMR Loss: 1.0228 | Entropy: 1.2978
Epoch [68/2000] | Sampled: 2152.62 | Baseline: 739.75 | Improvement: -1412.88 | Win Rate: 0.00% | Job Loss: -2.8595 | AMR Loss: 0.5301 | Entropy: 1.2024
Epoch [69/2000] | Sampled: 2061.06 | Baseline: 713.94 | Improvement: -1347.12 | Win Rate: 0.00% | Job Loss: 2.6255 | AMR Loss: 1.1440 | Entropy: 1.1016
Epoch [70/2000] | Sampled: 2041.56 | Baseline: 694.94 | Improvement: -1346.62 | Win Rate: 0.00% | Job Loss: 0.6396 | AMR Loss: 0.8597 | Entropy: 1.0647
Epoch [71/2000] | Sampled: 2701.88 | Baseline: 934.88 | Improvement: -1767.00 | Win Rate: 0.00% | Job Loss: -4.9342 | AMR Loss: 0.8712 | Entropy: 1.2816
Epoch [72/2000] | Sampled: 2682.81 | Baseline: 927.50 | Improvement: -1755.31 | Win Rate: 0.00% | Job Loss: 4.0349 | AMR Loss: 0.7892 | Entropy: 1.2146
Epoch [73/2000] | Sampled: 2230.25 | Baseline: 762.88 | Improvement: -1467.38 | Win Rate: 0.00% | Job Loss: -10.0551 | AMR Loss: 0.5482 | Entropy: 1.0546
Epoch [74/2000] | Sampled: 2235.38 | Baseline: 772.50 | Improvement: -1462.88 | Win Rate: 0.00% | Job Loss: -5.8692 | AMR Loss: 0.8415 | Entropy: 1.0894
Epoch [75/2000] | Sampled: 1955.06 | Baseline: 676.75 | Improvement: -1278.31 | Win Rate: 0.00% | Job Loss: 0.4061 | AMR Loss: 1.2071 | Entropy: 0.9731
Epoch [76/2000] | Sampled: 2213.12 | Baseline: 767.06 | Improvement: -1446.06 | Win Rate: 0.00% | Job Loss: -5.3340 | AMR Loss: 1.1669 | Entropy: 1.0511
Epoch [77/2000] | Sampled: 2236.25 | Baseline: 777.62 | Improvement: -1458.62 | Win Rate: 0.00% | Job Loss: -0.7154 | AMR Loss: 0.8543 | Entropy: 1.0522
Epoch [78/2000] | Sampled: 2423.62 | Baseline: 836.62 | Improvement: -1587.00 | Win Rate: 0.00% | Job Loss: -1.9131 | AMR Loss: 1.1130 | Entropy: 1.1103
Epoch [79/2000] | Sampled: 2300.50 | Baseline: 796.56 | Improvement: -1503.94 | Win Rate: 0.00% | Job Loss: -2.4645 | AMR Loss: 1.0898 | Entropy: 1.0677
Epoch [80/2000] | Sampled: 2466.81 | Baseline: 853.56 | Improvement: -1613.25 | Win Rate: 0.00% | Job Loss: 0.3731 | AMR Loss: 1.1375 | Entropy: 1.1199
Epoch [81/2000] | Sampled: 2500.50 | Baseline: 858.94 | Improvement: -1641.56 | Win Rate: 0.00% | Job Loss: 3.5431 | AMR Loss: 0.6555 | Entropy: 1.1619
Epoch [82/2000] | Sampled: 2182.06 | Baseline: 761.94 | Improvement: -1420.12 | Win Rate: 0.00% | Job Loss: 0.7581 | AMR Loss: 1.7241 | Entropy: 1.0842
Epoch [83/2000] | Sampled: 2066.88 | Baseline: 701.38 | Improvement: -1365.50 | Win Rate: 0.00% | Job Loss: 1.5181 | AMR Loss: 0.9372 | Entropy: 1.0149
Epoch [84/2000] | Sampled: 2587.12 | Baseline: 888.31 | Improvement: -1698.81 | Win Rate: 0.00% | Job Loss: 6.4494 | AMR Loss: 0.8676 | Entropy: 1.1956
Epoch [85/2000] | Sampled: 2322.00 | Baseline: 801.12 | Improvement: -1520.88 | Win Rate: 0.00% | Job Loss: 4.1422 | AMR Loss: 0.3110 | Entropy: 1.1359
Epoch [86/2000] | Sampled: 2465.88 | Baseline: 849.31 | Improvement: -1616.56 | Win Rate: 0.00% | Job Loss: 2.8483 | AMR Loss: 1.0523 | Entropy: 1.2269
Epoch [87/2000] | Sampled: 2032.88 | Baseline: 711.69 | Improvement: -1321.19 | Win Rate: 0.00% | Job Loss: 0.7405 | AMR Loss: 1.7936 | Entropy: 1.1304
Epoch [88/2000] | Sampled: 2660.81 | Baseline: 923.25 | Improvement: -1737.56 | Win Rate: 0.00% | Job Loss: 3.2525 | AMR Loss: 0.8547 | Entropy: 1.3330
Epoch [89/2000] | Sampled: 2017.81 | Baseline: 705.12 | Improvement: -1312.69 | Win Rate: 0.00% | Job Loss: 5.4676 | AMR Loss: 0.8176 | Entropy: 1.0851
Epoch [90/2000] | Sampled: 1924.81 | Baseline: 672.50 | Improvement: -1252.31 | Win Rate: 0.00% | Job Loss: 1.1905 | AMR Loss: 0.4626 | Entropy: 1.0678
Epoch [91/2000] | Sampled: 2396.38 | Baseline: 821.75 | Improvement: -1574.62 | Win Rate: 0.00% | Job Loss: -1.3341 | AMR Loss: 0.5432 | Entropy: 1.2574
Epoch [92/2000] | Sampled: 2510.38 | Baseline: 861.56 | Improvement: -1648.81 | Win Rate: 0.00% | Job Loss: 2.5301 | AMR Loss: 0.5938 | Entropy: 1.2858
Epoch [93/2000] | Sampled: 2395.44 | Baseline: 824.00 | Improvement: -1571.44 | Win Rate: 0.00% | Job Loss: 0.4936 | AMR Loss: 1.3669 | Entropy: 1.2565
Epoch [94/2000] | Sampled: 2671.81 | Baseline: 919.88 | Improvement: -1751.94 | Win Rate: 0.00% | Job Loss: 0.7485 | AMR Loss: 0.3724 | Entropy: 1.3527
Epoch [95/2000] | Sampled: 1919.38 | Baseline: 663.06 | Improvement: -1256.31 | Win Rate: 0.00% | Job Loss: 2.1619 | AMR Loss: 0.5699 | Entropy: 1.0709
Epoch [96/2000] | Sampled: 1974.94 | Baseline: 680.88 | Improvement: -1294.06 | Win Rate: 0.00% | Job Loss: 0.1242 | AMR Loss: 0.7068 | Entropy: 1.1116
Epoch [97/2000] | Sampled: 2395.81 | Baseline: 824.38 | Improvement: -1571.44 | Win Rate: 0.00% | Job Loss: 1.0752 | AMR Loss: 0.1316 | Entropy: 1.2421
Epoch [98/2000] | Sampled: 2510.50 | Baseline: 862.00 | Improvement: -1648.50 | Win Rate: 0.00% | Job Loss: 6.6474 | AMR Loss: 0.7702 | Entropy: 1.2997
Epoch [99/2000] | Sampled: 2314.25 | Baseline: 783.44 | Improvement: -1530.81 | Win Rate: 0.00% | Job Loss: 5.9997 | AMR Loss: 0.1584 | Entropy: 1.2244
Epoch [100/2000] | Sampled: 2216.50 | Baseline: 774.38 | Improvement: -1442.12 | Win Rate: 0.00% | Job Loss: 6.4766 | AMR Loss: 1.0336 | Entropy: 1.2276
   -> Saved updated training chart to /home/wei/AMR-DFJSP/Static_alogorithm/GNN/gnn_precise_training_metrics.png
Epoch [101/2000] | Sampled: 1766.69 | Baseline: 626.06 | Improvement: -1140.62 | Win Rate: 0.00% | Job Loss: 4.3356 | AMR Loss: 0.0478 | Entropy: 1.0548
Epoch [102/2000] | Sampled: 2315.44 | Baseline: 789.00 | Improvement: -1526.44 | Win Rate: 0.00% | Job Loss: 9.5333 | AMR Loss: 0.4151 | Entropy: 1.2771
Epoch [103/2000] | Sampled: 2353.56 | Baseline: 810.44 | Improvement: -1543.12 | Win Rate: 0.00% | Job Loss: 3.9444 | AMR Loss: 0.5035 | Entropy: 1.3464
Epoch [104/2000] | Sampled: 1998.31 | Baseline: 698.56 | Improvement: -1299.75 | Win Rate: 0.00% | Job Loss: 1.8219 | AMR Loss: 0.3459 | Entropy: 1.2662
Epoch [105/2000] | Sampled: 2216.88 | Baseline: 766.56 | Improvement: -1450.31 | Win Rate: 0.00% | Job Loss: 8.3619 | AMR Loss: 0.9387 | Entropy: 1.3641
Epoch [106/2000] | Sampled: 2269.44 | Baseline: 774.94 | Improvement: -1494.50 | Win Rate: 0.00% | Job Loss: 1.6402 | AMR Loss: 0.8364 | Entropy: 1.4145
Epoch [107/2000] | Sampled: 2159.19 | Baseline: 741.75 | Improvement: -1417.44 | Win Rate: 0.00% | Job Loss: 3.1719 | AMR Loss: 0.3860 | Entropy: 1.4111
Epoch [108/2000] | Sampled: 2096.50 | Baseline: 732.31 | Improvement: -1364.19 | Win Rate: 0.00% | Job Loss: 4.9107 | AMR Loss: 0.5636 | Entropy: 1.4042
Epoch [109/2000] | Sampled: 2647.81 | Baseline: 908.62 | Improvement: -1739.19 | Win Rate: 0.00% | Job Loss: 4.6351 | AMR Loss: 0.5148 | Entropy: 1.5516
Epoch [110/2000] | Sampled: 2121.06 | Baseline: 736.88 | Improvement: -1384.19 | Win Rate: 0.00% | Job Loss: -0.6117 | AMR Loss: 0.2448 | Entropy: 1.3896
Epoch [111/2000] | Sampled: 2129.44 | Baseline: 738.75 | Improvement: -1390.69 | Win Rate: 0.00% | Job Loss: -1.2066 | AMR Loss: 0.0128 | Entropy: 1.3645
Epoch [112/2000] | Sampled: 2262.94 | Baseline: 776.88 | Improvement: -1486.06 | Win Rate: 0.00% | Job Loss: 2.0388 | AMR Loss: 0.4645 | Entropy: 1.3788
Epoch [113/2000] | Sampled: 2221.44 | Baseline: 773.88 | Improvement: -1447.56 | Win Rate: 0.00% | Job Loss: 1.3936 | AMR Loss: -0.2795 | Entropy: 1.3361
Epoch [114/2000] | Sampled: 2226.94 | Baseline: 759.88 | Improvement: -1467.06 | Win Rate: 0.00% | Job Loss: 3.2563 | AMR Loss: 0.4493 | Entropy: 1.3176
Epoch [115/2000] | Sampled: 2491.25 | Baseline: 864.81 | Improvement: -1626.44 | Win Rate: 0.00% | Job Loss: 5.4239 | AMR Loss: 0.7323 | Entropy: 1.3882
Epoch [116/2000] | Sampled: 2710.56 | Baseline: 936.38 | Improvement: -1774.19 | Win Rate: 0.00% | Job Loss: 3.0659 | AMR Loss: 0.6827 | Entropy: 1.4495
Epoch [117/2000] | Sampled: 2243.50 | Baseline: 779.81 | Improvement: -1463.69 | Win Rate: 0.00% | Job Loss: 6.5723 | AMR Loss: 0.4380 | Entropy: 1.2750
Epoch [118/2000] | Sampled: 2159.38 | Baseline: 741.81 | Improvement: -1417.56 | Win Rate: 0.00% | Job Loss: -0.0349 | AMR Loss: 0.3771 | Entropy: 1.2093
Epoch [119/2000] | Sampled: 1717.88 | Baseline: 605.00 | Improvement: -1112.88 | Win Rate: 0.00% | Job Loss: 0.2592 | AMR Loss: 0.5601 | Entropy: 1.0846
Epoch [120/2000] | Sampled: 2407.88 | Baseline: 828.69 | Improvement: -1579.19 | Win Rate: 0.00% | Job Loss: 2.2644 | AMR Loss: 0.3851 | Entropy: 1.2345
Epoch [121/2000] | Sampled: 2574.38 | Baseline: 893.12 | Improvement: -1681.25 | Win Rate: 0.00% | Job Loss: -4.6479 | AMR Loss: 0.7983 | Entropy: 1.3254
Epoch [122/2000] | Sampled: 1972.81 | Baseline: 677.12 | Improvement: -1295.69 | Win Rate: 0.00% | Job Loss: -2.3995 | AMR Loss: 0.6030 | Entropy: 1.1054
Epoch [123/2000] | Sampled: 2248.38 | Baseline: 769.69 | Improvement: -1478.69 | Win Rate: 0.00% | Job Loss: -1.4443 | AMR Loss: 0.4955 | Entropy: 1.1682
Epoch [124/2000] | Sampled: 2156.00 | Baseline: 745.75 | Improvement: -1410.25 | Win Rate: 0.00% | Job Loss: 2.2381 | AMR Loss: 0.8226 | Entropy: 1.1265
Epoch [125/2000] | Sampled: 2428.12 | Baseline: 836.31 | Improvement: -1591.81 | Win Rate: 0.00% | Job Loss: -2.3179 | AMR Loss: 0.5825 | Entropy: 1.2261
Epoch [126/2000] | Sampled: 2893.75 | Baseline: 982.56 | Improvement: -1911.19 | Win Rate: 0.00% | Job Loss: 1.3558 | AMR Loss: -0.0136 | Entropy: 1.3435
Epoch [127/2000] | Sampled: 2138.06 | Baseline: 732.62 | Improvement: -1405.44 | Win Rate: 0.00% | Job Loss: -0.0622 | AMR Loss: 0.3261 | Entropy: 1.0669
Epoch [128/2000] | Sampled: 2118.56 | Baseline: 743.56 | Improvement: -1375.00 | Win Rate: 0.00% | Job Loss: -2.7044 | AMR Loss: 1.2319 | Entropy: 1.1588
Epoch [129/2000] | Sampled: 2614.19 | Baseline: 888.81 | Improvement: -1725.38 | Win Rate: 0.00% | Job Loss: -0.1291 | AMR Loss: 0.6583 | Entropy: 1.2306
Epoch [130/2000] | Sampled: 2003.38 | Baseline: 692.75 | Improvement: -1310.62 | Win Rate: 0.00% | Job Loss: -1.1791 | AMR Loss: 1.0685 | Entropy: 1.1281
Epoch [131/2000] | Sampled: 1647.50 | Baseline: 572.31 | Improvement: -1075.19 | Win Rate: 0.00% | Job Loss: -2.5684 | AMR Loss: 0.5765 | Entropy: 1.0421
Epoch [132/2000] | Sampled: 2505.38 | Baseline: 857.38 | Improvement: -1648.00 | Win Rate: 0.00% | Job Loss: -1.4965 | AMR Loss: 0.5098 | Entropy: 1.2137
Epoch [133/2000] | Sampled: 1787.62 | Baseline: 623.50 | Improvement: -1164.12 | Win Rate: 0.00% | Job Loss: -1.8656 | AMR Loss: 1.0115 | Entropy: 1.0298
Epoch [134/2000] | Sampled: 2192.62 | Baseline: 749.44 | Improvement: -1443.19 | Win Rate: 0.00% | Job Loss: 3.6003 | AMR Loss: 0.2788 | Entropy: 1.0980
Epoch [135/2000] | Sampled: 2485.38 | Baseline: 865.75 | Improvement: -1619.62 | Win Rate: 0.00% | Job Loss: 3.6256 | AMR Loss: 0.4002 | Entropy: 1.1562
Epoch [136/2000] | Sampled: 2440.25 | Baseline: 835.31 | Improvement: -1604.94 | Win Rate: 0.00% | Job Loss: 3.1473 | AMR Loss: 0.6568 | Entropy: 1.1785
Epoch [137/2000] | Sampled: 2138.25 | Baseline: 735.88 | Improvement: -1402.38 | Win Rate: 0.00% | Job Loss: 0.7258 | AMR Loss: 1.2778 | Entropy: 1.0650
Epoch [138/2000] | Sampled: 1948.31 | Baseline: 674.06 | Improvement: -1274.25 | Win Rate: 0.00% | Job Loss: -2.7940 | AMR Loss: 1.2892 | Entropy: 1.0299
Epoch [139/2000] | Sampled: 2492.69 | Baseline: 853.12 | Improvement: -1639.56 | Win Rate: 0.00% | Job Loss: 0.3367 | AMR Loss: 0.3753 | Entropy: 1.2080
Epoch [140/2000] | Sampled: 2090.00 | Baseline: 717.88 | Improvement: -1372.12 | Win Rate: 0.00% | Job Loss: -2.9041 | AMR Loss: 0.4274 | Entropy: 1.1181
Epoch [141/2000] | Sampled: 2045.31 | Baseline: 717.88 | Improvement: -1327.44 | Win Rate: 0.00% | Job Loss: -1.6773 | AMR Loss: 0.5828 | Entropy: 1.1237
Epoch [142/2000] | Sampled: 2272.06 | Baseline: 780.12 | Improvement: -1491.94 | Win Rate: 0.00% | Job Loss: -2.3835 | AMR Loss: 0.3290 | Entropy: 1.2124
Epoch [143/2000] | Sampled: 2315.75 | Baseline: 807.56 | Improvement: -1508.19 | Win Rate: 0.00% | Job Loss: -4.9032 | AMR Loss: 1.4179 | Entropy: 1.2659
Epoch [144/2000] | Sampled: 2330.50 | Baseline: 797.19 | Improvement: -1533.31 | Win Rate: 0.00% | Job Loss: -1.1466 | AMR Loss: 0.1823 | Entropy: 1.2598
Epoch [145/2000] | Sampled: 2296.06 | Baseline: 793.25 | Improvement: -1502.81 | Win Rate: 0.00% | Job Loss: 0.7513 | AMR Loss: 0.0986 | Entropy: 1.2347
Epoch [146/2000] | Sampled: 1960.31 | Baseline: 685.19 | Improvement: -1275.12 | Win Rate: 0.00% | Job Loss: -0.7588 | AMR Loss: 1.0466 | Entropy: 1.1509
Epoch [147/2000] | Sampled: 2461.50 | Baseline: 859.81 | Improvement: -1601.69 | Win Rate: 0.00% | Job Loss: -3.0240 | AMR Loss: 0.4649 | Entropy: 1.3188
Epoch [148/2000] | Sampled: 2217.38 | Baseline: 759.88 | Improvement: -1457.50 | Win Rate: 0.00% | Job Loss: -3.0706 | AMR Loss: 0.4299 | Entropy: 1.2413
Epoch [149/2000] | Sampled: 2550.12 | Baseline: 876.19 | Improvement: -1673.94 | Win Rate: 0.00% | Job Loss: -2.1612 | AMR Loss: 0.5191 | Entropy: 1.3122
Epoch [150/2000] | Sampled: 1621.56 | Baseline: 569.19 | Improvement: -1052.38 | Win Rate: 0.00% | Job Loss: -1.9677 | AMR Loss: 1.5886 | Entropy: 1.0230
Epoch [151/2000] | Sampled: 1859.38 | Baseline: 642.62 | Improvement: -1216.75 | Win Rate: 0.00% | Job Loss: -1.6770 | AMR Loss: 0.3125 | Entropy: 1.0684
Epoch [152/2000] | Sampled: 2160.75 | Baseline: 747.00 | Improvement: -1413.75 | Win Rate: 0.00% | Job Loss: -5.4712 | AMR Loss: 0.8586 | Entropy: 1.1186
Epoch [153/2000] | Sampled: 2808.06 | Baseline: 967.75 | Improvement: -1840.31 | Win Rate: 0.00% | Job Loss: -3.2562 | AMR Loss: 0.3431 | Entropy: 1.2938
Epoch [154/2000] | Sampled: 1955.62 | Baseline: 690.19 | Improvement: -1265.44 | Win Rate: 0.00% | Job Loss: -3.2968 | AMR Loss: 1.2339 | Entropy: 1.1063
Epoch [155/2000] | Sampled: 2358.56 | Baseline: 815.44 | Improvement: -1543.12 | Win Rate: 0.00% | Job Loss: -2.6774 | AMR Loss: 0.5886 | Entropy: 1.1650
Epoch [156/2000] | Sampled: 1691.12 | Baseline: 590.69 | Improvement: -1100.44 | Win Rate: 0.00% | Job Loss: -4.8762 | AMR Loss: 1.2382 | Entropy: 1.0208
Epoch [157/2000] | Sampled: 2319.25 | Baseline: 797.38 | Improvement: -1521.88 | Win Rate: 0.00% | Job Loss: -8.1959 | AMR Loss: 1.0830 | Entropy: 1.2287
Epoch [158/2000] | Sampled: 1846.69 | Baseline: 625.69 | Improvement: -1221.00 | Win Rate: 0.00% | Job Loss: -6.8646 | AMR Loss: -0.1556 | Entropy: 1.1667
Epoch [159/2000] | Sampled: 2202.94 | Baseline: 752.06 | Improvement: -1450.88 | Win Rate: 0.00% | Job Loss: -6.4766 | AMR Loss: 1.6551 | Entropy: 1.2750
Epoch [160/2000] | Sampled: 1641.69 | Baseline: 561.75 | Improvement: -1079.94 | Win Rate: 0.00% | Job Loss: -5.7989 | AMR Loss: 1.3307 | Entropy: 1.0689
Epoch [161/2000] | Sampled: 2300.69 | Baseline: 783.19 | Improvement: -1517.50 | Win Rate: 0.00% | Job Loss: -3.9708 | AMR Loss: 1.0470 | Entropy: 1.3507
Epoch [162/2000] | Sampled: 2052.56 | Baseline: 715.69 | Improvement: -1336.88 | Win Rate: 0.00% | Job Loss: -4.4386 | AMR Loss: 0.9072 | Entropy: 1.2784
Epoch [163/2000] | Sampled: 2643.81 | Baseline: 915.50 | Improvement: -1728.31 | Win Rate: 0.00% | Job Loss: -7.0619 | AMR Loss: 0.7599 | Entropy: 1.5276
Epoch [164/2000] | Sampled: 2149.00 | Baseline: 755.69 | Improvement: -1393.31 | Win Rate: 0.00% | Job Loss: -5.6754 | AMR Loss: 0.8547 | Entropy: 1.3392
Epoch [165/2000] | Sampled: 1846.31 | Baseline: 636.44 | Improvement: -1209.88 | Win Rate: 0.00% | Job Loss: -2.6301 | AMR Loss: 0.7657 | Entropy: 1.2265
Epoch [166/2000] | Sampled: 2461.50 | Baseline: 843.88 | Improvement: -1617.62 | Win Rate: 0.00% | Job Loss: -5.1318 | AMR Loss: 0.8940 | Entropy: 1.4195
Epoch [167/2000] | Sampled: 1881.62 | Baseline: 652.12 | Improvement: -1229.50 | Win Rate: 0.00% | Job Loss: -2.0728 | AMR Loss: 1.4704 | Entropy: 1.1995
Epoch [168/2000] | Sampled: 2103.38 | Baseline: 731.94 | Improvement: -1371.44 | Win Rate: 0.00% | Job Loss: -2.0312 | AMR Loss: 1.2549 | Entropy: 1.2766
Epoch [169/2000] | Sampled: 1780.50 | Baseline: 623.31 | Improvement: -1157.19 | Win Rate: 0.00% | Job Loss: -1.1873 | AMR Loss: 1.1705 | Entropy: 1.1542
Epoch [170/2000] | Sampled: 2183.19 | Baseline: 759.81 | Improvement: -1423.38 | Win Rate: 0.00% | Job Loss: 1.6205 | AMR Loss: 0.7102 | Entropy: 1.3377
Epoch [171/2000] | Sampled: 1420.12 | Baseline: 503.00 | Improvement: -917.12 | Win Rate: 0.00% | Job Loss: 2.5594 | AMR Loss: 1.1661 | Entropy: 1.0468
Epoch [172/2000] | Sampled: 1984.19 | Baseline: 686.88 | Improvement: -1297.31 | Win Rate: 0.00% | Job Loss: 0.5180 | AMR Loss: 2.6903 | Entropy: 1.2608
Epoch [173/2000] | Sampled: 2463.44 | Baseline: 852.81 | Improvement: -1610.62 | Win Rate: 0.00% | Job Loss: -0.9160 | AMR Loss: 0.8628 | Entropy: 1.4603
Epoch [174/2000] | Sampled: 2676.19 | Baseline: 923.75 | Improvement: -1752.44 | Win Rate: 0.00% | Job Loss: 0.3762 | AMR Loss: 1.8808 | Entropy: 1.5239
Epoch [175/2000] | Sampled: 2036.00 | Baseline: 710.62 | Improvement: -1325.38 | Win Rate: 0.00% | Job Loss: 3.4083 | AMR Loss: 1.5319 | Entropy: 1.2708
Epoch [176/2000] | Sampled: 2178.88 | Baseline: 758.12 | Improvement: -1420.75 | Win Rate: 0.00% | Job Loss: 1.4828 | AMR Loss: 0.2037 | Entropy: 1.3750
Epoch [177/2000] | Sampled: 2419.25 | Baseline: 840.06 | Improvement: -1579.19 | Win Rate: 0.00% | Job Loss: 0.8486 | AMR Loss: 0.5982 | Entropy: 1.4034
Epoch [178/2000] | Sampled: 1760.81 | Baseline: 625.69 | Improvement: -1135.12 | Win Rate: 0.00% | Job Loss: 3.9806 | AMR Loss: 1.2615 | Entropy: 1.1982
Epoch [179/2000] | Sampled: 2145.69 | Baseline: 733.38 | Improvement: -1412.31 | Win Rate: 0.00% | Job Loss: 7.2620 | AMR Loss: 0.8974 | Entropy: 1.2471
Epoch [180/2000] | Sampled: 2575.06 | Baseline: 881.81 | Improvement: -1693.25 | Win Rate: 0.00% | Job Loss: 7.3359 | AMR Loss: 2.0906 | Entropy: 1.3773
Epoch [181/2000] | Sampled: 2265.62 | Baseline: 802.62 | Improvement: -1463.00 | Win Rate: 0.00% | Job Loss: 4.6379 | AMR Loss: 1.8243 | Entropy: 1.3284
Epoch [182/2000] | Sampled: 1738.38 | Baseline: 625.12 | Improvement: -1113.25 | Win Rate: 0.00% | Job Loss: 5.7724 | AMR Loss: 1.2124 | Entropy: 1.1166
Epoch [183/2000] | Sampled: 1731.19 | Baseline: 629.38 | Improvement: -1101.81 | Win Rate: 0.00% | Job Loss: 4.2362 | AMR Loss: 2.7396 | Entropy: 1.1961
Epoch [184/2000] | Sampled: 2274.38 | Baseline: 801.06 | Improvement: -1473.31 | Win Rate: 0.00% | Job Loss: 12.0786 | AMR Loss: 0.3913 | Entropy: 1.3796
Epoch [185/2000] | Sampled: 2178.06 | Baseline: 762.31 | Improvement: -1415.75 | Win Rate: 0.00% | Job Loss: 8.9286 | AMR Loss: 1.7225 | Entropy: 1.3853
Epoch [186/2000] | Sampled: 2202.00 | Baseline: 762.88 | Improvement: -1439.12 | Win Rate: 0.00% | Job Loss: 8.1528 | AMR Loss: 2.3782 | Entropy: 1.4458
Epoch [187/2000] | Sampled: 2050.81 | Baseline: 717.12 | Improvement: -1333.69 | Win Rate: 0.00% | Job Loss: 3.1782 | AMR Loss: -0.6829 | Entropy: 1.4457
Epoch [188/2000] | Sampled: 2368.62 | Baseline: 831.00 | Improvement: -1537.62 | Win Rate: 0.00% | Job Loss: 10.0393 | AMR Loss: 1.8226 | Entropy: 1.5801
Epoch [189/2000] | Sampled: 2055.50 | Baseline: 705.81 | Improvement: -1349.69 | Win Rate: 0.00% | Job Loss: 6.2309 | AMR Loss: 1.5848 | Entropy: 1.3689
Epoch [190/2000] | Sampled: 2129.31 | Baseline: 730.88 | Improvement: -1398.44 | Win Rate: 0.00% | Job Loss: 7.6661 | AMR Loss: 1.2615 | Entropy: 1.3943
Epoch [191/2000] | Sampled: 2255.75 | Baseline: 780.44 | Improvement: -1475.31 | Win Rate: 0.00% | Job Loss: 7.1789 | AMR Loss: 2.2851 | Entropy: 1.4628
Epoch [192/2000] | Sampled: 2147.75 | Baseline: 750.88 | Improvement: -1396.88 | Win Rate: 0.00% | Job Loss: 3.2274 | AMR Loss: 3.9190 | Entropy: 1.4559
Epoch [193/2000] | Sampled: 2290.56 | Baseline: 779.44 | Improvement: -1511.12 | Win Rate: 0.00% | Job Loss: 11.6134 | AMR Loss: 1.8376 | Entropy: 1.4742
Epoch [194/2000] | Sampled: 2792.19 | Baseline: 966.56 | Improvement: -1825.62 | Win Rate: 0.00% | Job Loss: 6.8678 | AMR Loss: 2.4094 | Entropy: 1.6809
Epoch [195/2000] | Sampled: 2368.31 | Baseline: 815.00 | Improvement: -1553.31 | Win Rate: 0.00% | Job Loss: 7.6736 | AMR Loss: 2.4428 | Entropy: 1.5089
Epoch [196/2000] | Sampled: 2566.94 | Baseline: 903.06 | Improvement: -1663.88 | Win Rate: 0.00% | Job Loss: 3.2045 | AMR Loss: 3.1571 | Entropy: 1.6304
Epoch [197/2000] | Sampled: 2464.06 | Baseline: 875.75 | Improvement: -1588.31 | Win Rate: 0.00% | Job Loss: 8.4135 | AMR Loss: 1.5250 | Entropy: 1.6007
Epoch [198/2000] | Sampled: 2019.38 | Baseline: 735.94 | Improvement: -1283.44 | Win Rate: 0.00% | Job Loss: 6.7897 | AMR Loss: 3.3047 | Entropy: 1.5451
Epoch [199/2000] | Sampled: 2135.62 | Baseline: 760.62 | Improvement: -1375.00 | Win Rate: 0.00% | Job Loss: 5.5667 | AMR Loss: -0.1599 | Entropy: 1.5132
Epoch [200/2000] | Sampled: 1965.06 | Baseline: 711.31 | Improvement: -1253.75 | Win Rate: 0.00% | Job Loss: 5.8730 | AMR Loss: 2.7155 | Entropy: 1.3865
   -> Saved updated training chart to /home/wei/AMR-DFJSP/Static_alogorithm/GNN/gnn_precise_training_metrics.png
Epoch [201/2000] | Sampled: 2486.31 | Baseline: 864.06 | Improvement: -1622.25 | Win Rate: 0.00% | Job Loss: 4.4625 | AMR Loss: 1.4717 | Entropy: 1.4682
Epoch [202/2000] | Sampled: 2484.44 | Baseline: 842.94 | Improvement: -1641.50 | Win Rate: 0.00% | Job Loss: 0.2185 | AMR Loss: 1.1126 | Entropy: 1.4475
Epoch [203/2000] | Sampled: 2271.12 | Baseline: 795.50 | Improvement: -1475.62 | Win Rate: 0.00% | Job Loss: -1.3478 | AMR Loss: 1.6013 | Entropy: 1.4040
Epoch [204/2000] | Sampled: 2091.19 | Baseline: 730.88 | Improvement: -1360.31 | Win Rate: 0.00% | Job Loss: 2.5261 | AMR Loss: 3.0299 | Entropy: 1.2832
Epoch [205/2000] | Sampled: 2139.75 | Baseline: 742.00 | Improvement: -1397.75 | Win Rate: 0.00% | Job Loss: 0.1748 | AMR Loss: 1.9585 | Entropy: 1.2234
Epoch [206/2000] | Sampled: 2542.81 | Baseline: 864.44 | Improvement: -1678.38 | Win Rate: 0.00% | Job Loss: -2.4137 | AMR Loss: 0.9349 | Entropy: 1.2286
Epoch [207/2000] | Sampled: 2514.75 | Baseline: 885.12 | Improvement: -1629.62 | Win Rate: 0.00% | Job Loss: 1.4651 | AMR Loss: 1.3779 | Entropy: 1.1967
Epoch [208/2000] | Sampled: 1799.50 | Baseline: 635.44 | Improvement: -1164.06 | Win Rate: 0.00% | Job Loss: 2.0385 | AMR Loss: 1.7683 | Entropy: 0.9655
Epoch [209/2000] | Sampled: 2033.25 | Baseline: 707.88 | Improvement: -1325.38 | Win Rate: 0.00% | Job Loss: 1.8512 | AMR Loss: 0.2144 | Entropy: 1.0031
Epoch [210/2000] | Sampled: 2303.75 | Baseline: 795.12 | Improvement: -1508.62 | Win Rate: 0.00% | Job Loss: 0.4091 | AMR Loss: 0.7168 | Entropy: 1.1055
Epoch [211/2000] | Sampled: 1946.00 | Baseline: 671.75 | Improvement: -1274.25 | Win Rate: 0.00% | Job Loss: -2.5334 | AMR Loss: 1.0385 | Entropy: 0.9685
Epoch [212/2000] | Sampled: 1802.56 | Baseline: 617.81 | Improvement: -1184.75 | Win Rate: 0.00% | Job Loss: 1.2788 | AMR Loss: 0.8563 | Entropy: 0.9038
Epoch [213/2000] | Sampled: 2061.62 | Baseline: 716.50 | Improvement: -1345.12 | Win Rate: 0.00% | Job Loss: -1.8335 | AMR Loss: 1.1276 | Entropy: 1.0407
Epoch [214/2000] | Sampled: 2400.00 | Baseline: 828.06 | Improvement: -1571.94 | Win Rate: 0.00% | Job Loss: -0.7234 | AMR Loss: 0.2229 | Entropy: 1.1776
Epoch [215/2000] | Sampled: 2129.06 | Baseline: 736.38 | Improvement: -1392.69 | Win Rate: 0.00% | Job Loss: 0.3301 | AMR Loss: 0.9388 | Entropy: 1.0707
Epoch [216/2000] | Sampled: 2124.62 | Baseline: 728.75 | Improvement: -1395.88 | Win Rate: 0.00% | Job Loss: 1.0608 | AMR Loss: 0.5333 | Entropy: 1.0081
Epoch [217/2000] | Sampled: 2140.94 | Baseline: 733.81 | Improvement: -1407.12 | Win Rate: 0.00% | Job Loss: 1.6372 | AMR Loss: 0.5409 | Entropy: 1.0588
Epoch [218/2000] | Sampled: 2639.94 | Baseline: 901.19 | Improvement: -1738.75 | Win Rate: 0.00% | Job Loss: 0.7338 | AMR Loss: 0.1911 | Entropy: 1.2478
Epoch [219/2000] | Sampled: 2027.50 | Baseline: 707.50 | Improvement: -1320.00 | Win Rate: 0.00% | Job Loss: -0.2708 | AMR Loss: 1.4252 | Entropy: 1.0233
Epoch [220/2000] | Sampled: 2077.25 | Baseline: 715.94 | Improvement: -1361.31 | Win Rate: 0.00% | Job Loss: -2.0340 | AMR Loss: 0.7663 | Entropy: 1.0781
Epoch [221/2000] | Sampled: 2155.94 | Baseline: 748.44 | Improvement: -1407.50 | Win Rate: 0.00% | Job Loss: -3.4816 | AMR Loss: 1.1210 | Entropy: 1.1068
Epoch [222/2000] | Sampled: 2163.38 | Baseline: 743.62 | Improvement: -1419.75 | Win Rate: 0.00% | Job Loss: -2.5679 | AMR Loss: 1.2972 | Entropy: 1.0808
Epoch [223/2000] | Sampled: 2490.31 | Baseline: 875.94 | Improvement: -1614.38 | Win Rate: 0.00% | Job Loss: -4.7556 | AMR Loss: 1.1744 | Entropy: 1.2059
Epoch [224/2000] | Sampled: 1953.00 | Baseline: 671.00 | Improvement: -1282.00 | Win Rate: 0.00% | Job Loss: -2.4550 | AMR Loss: -0.0907 | Entropy: 1.0169
Epoch [225/2000] | Sampled: 2299.75 | Baseline: 793.19 | Improvement: -1506.56 | Win Rate: 0.00% | Job Loss: -0.8058 | AMR Loss: 0.7605 | Entropy: 1.1187
Epoch [226/2000] | Sampled: 2091.62 | Baseline: 723.06 | Improvement: -1368.56 | Win Rate: 0.00% | Job Loss: -2.5460 | AMR Loss: 1.1959 | Entropy: 1.0743
Epoch [227/2000] | Sampled: 2691.12 | Baseline: 906.88 | Improvement: -1784.25 | Win Rate: 0.00% | Job Loss: -5.6590 | AMR Loss: 0.1917 | Entropy: 1.2669
Epoch [228/2000] | Sampled: 2113.31 | Baseline: 727.31 | Improvement: -1386.00 | Win Rate: 0.00% | Job Loss: -1.0523 | AMR Loss: 1.1098 | Entropy: 1.0956
Epoch [229/2000] | Sampled: 2358.19 | Baseline: 804.56 | Improvement: -1553.62 | Win Rate: 0.00% | Job Loss: -0.9389 | AMR Loss: 0.4793 | Entropy: 1.1872
Epoch [230/2000] | Sampled: 2133.69 | Baseline: 736.06 | Improvement: -1397.62 | Win Rate: 0.00% | Job Loss: -1.1359 | AMR Loss: 1.1532 | Entropy: 1.0791
Epoch [231/2000] | Sampled: 2454.62 | Baseline: 852.75 | Improvement: -1601.88 | Win Rate: 0.00% | Job Loss: -5.3179 | AMR Loss: 1.1664 | Entropy: 1.2618
Epoch [232/2000] | Sampled: 2229.88 | Baseline: 773.75 | Improvement: -1456.12 | Win Rate: 0.00% | Job Loss: -2.6261 | AMR Loss: 0.9101 | Entropy: 1.1250
Epoch [233/2000] | Sampled: 2008.50 | Baseline: 690.44 | Improvement: -1318.06 | Win Rate: 0.00% | Job Loss: -3.7376 | AMR Loss: 0.8147 | Entropy: 1.0511
Epoch [234/2000] | Sampled: 2110.19 | Baseline: 723.88 | Improvement: -1386.31 | Win Rate: 0.00% | Job Loss: -2.4558 | AMR Loss: -0.2290 | Entropy: 1.1362
Epoch [235/2000] | Sampled: 2731.19 | Baseline: 934.62 | Improvement: -1796.56 | Win Rate: 0.00% | Job Loss: -4.8427 | AMR Loss: 0.8711 | Entropy: 1.3163
Epoch [236/2000] | Sampled: 2363.31 | Baseline: 799.38 | Improvement: -1563.94 | Win Rate: 0.00% | Job Loss: -14.1094 | AMR Loss: 1.6597 | Entropy: 1.2346
Epoch [237/2000] | Sampled: 2445.31 | Baseline: 838.62 | Improvement: -1606.69 | Win Rate: 0.00% | Job Loss: -14.3504 | AMR Loss: 1.1941 | Entropy: 1.2873
Epoch [238/2000] | Sampled: 1790.31 | Baseline: 619.31 | Improvement: -1171.00 | Win Rate: 0.00% | Job Loss: -12.0944 | AMR Loss: 2.0037 | Entropy: 1.1399
Epoch [239/2000] | Sampled: 2246.94 | Baseline: 772.44 | Improvement: -1474.50 | Win Rate: 0.00% | Job Loss: -11.3132 | AMR Loss: 0.7262 | Entropy: 1.2184
Epoch [240/2000] | Sampled: 1956.25 | Baseline: 684.50 | Improvement: -1271.75 | Win Rate: 0.00% | Job Loss: -9.3556 | AMR Loss: 1.5074 | Entropy: 1.1190
Epoch [241/2000] | Sampled: 2268.88 | Baseline: 775.12 | Improvement: -1493.75 | Win Rate: 0.00% | Job Loss: -5.7315 | AMR Loss: 1.2024 | Entropy: 1.1870
Epoch [242/2000] | Sampled: 2657.50 | Baseline: 915.94 | Improvement: -1741.56 | Win Rate: 0.00% | Job Loss: -8.4491 | AMR Loss: 1.0333 | Entropy: 1.2276
Epoch [243/2000] | Sampled: 2309.88 | Baseline: 799.69 | Improvement: -1510.19 | Win Rate: 0.00% | Job Loss: -6.9260 | AMR Loss: -0.2650 | Entropy: 1.1902
Epoch [244/2000] | Sampled: 2199.12 | Baseline: 758.81 | Improvement: -1440.31 | Win Rate: 0.00% | Job Loss: -11.6865 | AMR Loss: 1.0385 | Entropy: 1.1751
Epoch [245/2000] | Sampled: 2438.00 | Baseline: 831.62 | Improvement: -1606.38 | Win Rate: 0.00% | Job Loss: -6.8350 | AMR Loss: 0.8608 | Entropy: 1.1641
Epoch [246/2000] | Sampled: 2129.75 | Baseline: 736.81 | Improvement: -1392.94 | Win Rate: 0.00% | Job Loss: -6.1781 | AMR Loss: 1.6006 | Entropy: 1.0968
Epoch [247/2000] | Sampled: 2498.06 | Baseline: 861.75 | Improvement: -1636.31 | Win Rate: 0.00% | Job Loss: -6.9658 | AMR Loss: 0.9935 | Entropy: 1.1633
Epoch [248/2000] | Sampled: 2270.88 | Baseline: 777.25 | Improvement: -1493.62 | Win Rate: 0.00% | Job Loss: -4.7382 | AMR Loss: 1.3918 | Entropy: 1.1255
Epoch [249/2000] | Sampled: 2108.44 | Baseline: 724.94 | Improvement: -1383.50 | Win Rate: 0.00% | Job Loss: -4.5054 | AMR Loss: 1.0758 | Entropy: 1.0589
Epoch [250/2000] | Sampled: 2271.38 | Baseline: 778.69 | Improvement: -1492.69 | Win Rate: 0.00% | Job Loss: -3.0456 | AMR Loss: 1.5067 | Entropy: 1.0552
Epoch [251/2000] | Sampled: 2102.44 | Baseline: 748.12 | Improvement: -1354.31 | Win Rate: 0.00% | Job Loss: -5.8388 | AMR Loss: 1.6679 | Entropy: 1.0952
Epoch [252/2000] | Sampled: 2059.69 | Baseline: 693.81 | Improvement: -1365.88 | Win Rate: 0.00% | Job Loss: -7.7220 | AMR Loss: 0.6335 | Entropy: 1.0035
Epoch [253/2000] | Sampled: 2666.81 | Baseline: 917.00 | Improvement: -1749.81 | Win Rate: 0.00% | Job Loss: -6.0458 | AMR Loss: 1.4625 | Entropy: 1.1599
Epoch [254/2000] | Sampled: 2456.25 | Baseline: 838.69 | Improvement: -1617.56 | Win Rate: 0.00% | Job Loss: -4.5869 | AMR Loss: 1.4564 | Entropy: 1.1025
Epoch [255/2000] | Sampled: 2296.88 | Baseline: 793.81 | Improvement: -1503.06 | Win Rate: 0.00% | Job Loss: -2.7123 | AMR Loss: 1.7646 | Entropy: 1.0567
Epoch [256/2000] | Sampled: 2308.31 | Baseline: 799.50 | Improvement: -1508.81 | Win Rate: 0.00% | Job Loss: 1.0515 | AMR Loss: 0.1558 | Entropy: 1.0845
Epoch [257/2000] | Sampled: 2298.00 | Baseline: 791.38 | Improvement: -1506.62 | Win Rate: 0.00% | Job Loss: -2.7749 | AMR Loss: 1.0533 | Entropy: 1.0183
Epoch [258/2000] | Sampled: 2384.31 | Baseline: 826.00 | Improvement: -1558.31 | Win Rate: 0.00% | Job Loss: -0.6053 | AMR Loss: 1.3549 | Entropy: 1.0880
Epoch [259/2000] | Sampled: 2139.44 | Baseline: 741.62 | Improvement: -1397.81 | Win Rate: 0.00% | Job Loss: -1.7576 | AMR Loss: 1.2989 | Entropy: 0.9724
Epoch [260/2000] | Sampled: 1877.50 | Baseline: 644.94 | Improvement: -1232.56 | Win Rate: 0.00% | Job Loss: -0.2875 | AMR Loss: 1.7876 | Entropy: 0.9826
Epoch [261/2000] | Sampled: 2188.38 | Baseline: 764.06 | Improvement: -1424.31 | Win Rate: 0.00% | Job Loss: -0.8535 | AMR Loss: 1.1563 | Entropy: 1.0058
Epoch [262/2000] | Sampled: 2142.38 | Baseline: 736.00 | Improvement: -1406.38 | Win Rate: 0.00% | Job Loss: -0.3598 | AMR Loss: 1.4090 | Entropy: 0.9909
Epoch [263/2000] | Sampled: 2269.44 | Baseline: 786.75 | Improvement: -1482.69 | Win Rate: 0.00% | Job Loss: 2.6137 | AMR Loss: 1.9680 | Entropy: 1.0824
Epoch [264/2000] | Sampled: 2108.69 | Baseline: 726.44 | Improvement: -1382.25 | Win Rate: 0.00% | Job Loss: 2.4317 | AMR Loss: 1.6620 | Entropy: 1.0337
Epoch [265/2000] | Sampled: 2329.25 | Baseline: 807.81 | Improvement: -1521.44 | Win Rate: 0.00% | Job Loss: -0.4837 | AMR Loss: 0.8777 | Entropy: 1.1085
Epoch [266/2000] | Sampled: 2376.31 | Baseline: 833.69 | Improvement: -1542.62 | Win Rate: 0.00% | Job Loss: 2.4757 | AMR Loss: 3.4688 | Entropy: 1.1342
Epoch [267/2000] | Sampled: 2276.31 | Baseline: 788.25 | Improvement: -1488.06 | Win Rate: 0.00% | Job Loss: -0.0607 | AMR Loss: 1.2037 | Entropy: 1.0941
Epoch [268/2000] | Sampled: 2615.25 | Baseline: 900.31 | Improvement: -1714.94 | Win Rate: 0.00% | Job Loss: -2.7946 | AMR Loss: 1.8083 | Entropy: 1.1572
Epoch [269/2000] | Sampled: 2088.56 | Baseline: 721.56 | Improvement: -1367.00 | Win Rate: 0.00% | Job Loss: -0.5233 | AMR Loss: 2.5174 | Entropy: 0.9983
Epoch [270/2000] | Sampled: 2032.25 | Baseline: 692.88 | Improvement: -1339.38 | Win Rate: 0.00% | Job Loss: -5.6829 | AMR Loss: 1.5835 | Entropy: 0.9702
Epoch [271/2000] | Sampled: 2211.69 | Baseline: 762.38 | Improvement: -1449.31 | Win Rate: 0.00% | Job Loss: -2.8064 | AMR Loss: 1.1288 | Entropy: 0.9617
Epoch [272/2000] | Sampled: 2262.62 | Baseline: 799.88 | Improvement: -1462.75 | Win Rate: 0.00% | Job Loss: -5.4316 | AMR Loss: 2.8469 | Entropy: 0.9993
Epoch [273/2000] | Sampled: 1698.88 | Baseline: 593.75 | Improvement: -1105.12 | Win Rate: 0.00% | Job Loss: -2.0928 | AMR Loss: 2.4072 | Entropy: 0.8322
Epoch [274/2000] | Sampled: 2275.94 | Baseline: 793.81 | Improvement: -1482.12 | Win Rate: 0.00% | Job Loss: 3.1175 | AMR Loss: 2.5248 | Entropy: 0.9765
Epoch [275/2000] | Sampled: 1798.62 | Baseline: 635.88 | Improvement: -1162.75 | Win Rate: 0.00% | Job Loss: -1.9203 | AMR Loss: 2.5703 | Entropy: 0.7797
Epoch [276/2000] | Sampled: 2527.19 | Baseline: 874.75 | Improvement: -1652.44 | Win Rate: 0.00% | Job Loss: -4.2660 | AMR Loss: 1.6475 | Entropy: 0.9776
Epoch [277/2000] | Sampled: 2062.31 | Baseline: 727.00 | Improvement: -1335.31 | Win Rate: 0.00% | Job Loss: -4.7755 | AMR Loss: 1.6711 | Entropy: 0.9415
Epoch [278/2000] | Sampled: 2505.94 | Baseline: 869.31 | Improvement: -1636.62 | Win Rate: 0.00% | Job Loss: -4.8674 | AMR Loss: 1.9484 | Entropy: 1.0303
Epoch [279/2000] | Sampled: 2721.81 | Baseline: 942.12 | Improvement: -1779.69 | Win Rate: 0.00% | Job Loss: -10.7298 | AMR Loss: 1.3852 | Entropy: 0.9719
Epoch [280/2000] | Sampled: 1837.31 | Baseline: 644.50 | Improvement: -1192.81 | Win Rate: 0.00% | Job Loss: -5.6855 | AMR Loss: 2.0665 | Entropy: 0.8580
Epoch [281/2000] | Sampled: 2093.62 | Baseline: 735.50 | Improvement: -1358.12 | Win Rate: 0.00% | Job Loss: -5.1301 | AMR Loss: 1.7204 | Entropy: 0.8954
Epoch [282/2000] | Sampled: 2061.56 | Baseline: 725.50 | Improvement: -1336.06 | Win Rate: 0.00% | Job Loss: -2.1256 | AMR Loss: 2.3973 | Entropy: 0.8787
Epoch [283/2000] | Sampled: 1845.31 | Baseline: 638.56 | Improvement: -1206.75 | Win Rate: 0.00% | Job Loss: -4.0265 | AMR Loss: 1.7582 | Entropy: 0.7524
Epoch [284/2000] | Sampled: 1997.12 | Baseline: 707.19 | Improvement: -1289.94 | Win Rate: 0.00% | Job Loss: 3.7152 | AMR Loss: 2.5198 | Entropy: 0.8735
Epoch [285/2000] | Sampled: 1632.19 | Baseline: 574.50 | Improvement: -1057.69 | Win Rate: 0.00% | Job Loss: -2.8432 | AMR Loss: 1.8670 | Entropy: 0.7560
Epoch [286/2000] | Sampled: 2110.31 | Baseline: 722.50 | Improvement: -1387.81 | Win Rate: 0.00% | Job Loss: 1.5242 | AMR Loss: 1.8263 | Entropy: 0.8388
Epoch [287/2000] | Sampled: 2155.62 | Baseline: 743.19 | Improvement: -1412.44 | Win Rate: 0.00% | Job Loss: -1.9752 | AMR Loss: 0.4124 | Entropy: 0.8665
Epoch [288/2000] | Sampled: 2439.12 | Baseline: 844.88 | Improvement: -1594.25 | Win Rate: 0.00% | Job Loss: 1.2840 | AMR Loss: 2.3783 | Entropy: 0.9698
Epoch [289/2000] | Sampled: 1556.06 | Baseline: 540.62 | Improvement: -1015.44 | Win Rate: 0.00% | Job Loss: -2.8270 | AMR Loss: 1.5888 | Entropy: 0.7347
Epoch [290/2000] | Sampled: 2383.69 | Baseline: 824.19 | Improvement: -1559.50 | Win Rate: 0.00% | Job Loss: -15.4105 | AMR Loss: 2.0325 | Entropy: 0.9072
Epoch [291/2000] | Sampled: 1532.69 | Baseline: 525.19 | Improvement: -1007.50 | Win Rate: 0.00% | Job Loss: -7.0204 | AMR Loss: 2.2530 | Entropy: 0.7237
Epoch [292/2000] | Sampled: 2178.44 | Baseline: 747.69 | Improvement: -1430.75 | Win Rate: 0.00% | Job Loss: 3.6918 | AMR Loss: 0.9190 | Entropy: 0.8772
Epoch [293/2000] | Sampled: 1532.88 | Baseline: 521.81 | Improvement: -1011.06 | Win Rate: 0.00% | Job Loss: -2.9151 | AMR Loss: 1.3197 | Entropy: 0.6955
Epoch [294/2000] | Sampled: 2037.12 | Baseline: 698.94 | Improvement: -1338.19 | Win Rate: 0.00% | Job Loss: -10.9847 | AMR Loss: 1.3094 | Entropy: 0.8516
Epoch [295/2000] | Sampled: 1532.88 | Baseline: 526.69 | Improvement: -1006.19 | Win Rate: 0.00% | Job Loss: -7.3425 | AMR Loss: 2.1072 | Entropy: 0.6811
Epoch [296/2000] | Sampled: 2403.50 | Baseline: 827.00 | Improvement: -1576.50 | Win Rate: 0.00% | Job Loss: -5.7034 | AMR Loss: 0.9119 | Entropy: 0.8750
Epoch [297/2000] | Sampled: 2031.44 | Baseline: 691.19 | Improvement: -1340.25 | Win Rate: 0.00% | Job Loss: -5.1676 | AMR Loss: 0.8947 | Entropy: 0.7655
Epoch [298/2000] | Sampled: 2008.31 | Baseline: 678.00 | Improvement: -1330.31 | Win Rate: 0.00% | Job Loss: -4.6566 | AMR Loss: 0.5647 | Entropy: 0.7557
Epoch [299/2000] | Sampled: 2596.69 | Baseline: 886.88 | Improvement: -1709.81 | Win Rate: 0.00% | Job Loss: -5.7563 | AMR Loss: 1.1730 | Entropy: 0.9373
Epoch [300/2000] | Sampled: 2196.75 | Baseline: 745.44 | Improvement: -1451.31 | Win Rate: 0.00% | Job Loss: -2.8732 | AMR Loss: 1.5872 | Entropy: 0.8888
   -> Saved updated training chart to /home/wei/AMR-DFJSP/Static_alogorithm/GNN/gnn_precise_training_metrics.png
Epoch [301/2000] | Sampled: 2310.56 | Baseline: 796.56 | Improvement: -1514.00 | Win Rate: 0.00% | Job Loss: 2.0265 | AMR Loss: 1.4791 | Entropy: 0.9270
Epoch [302/2000] | Sampled: 2275.69 | Baseline: 791.00 | Improvement: -1484.69 | Win Rate: 0.00% | Job Loss: -0.7893 | AMR Loss: 1.5522 | Entropy: 0.9759
Epoch [303/2000] | Sampled: 2319.38 | Baseline: 795.00 | Improvement: -1524.38 | Win Rate: 0.00% | Job Loss: -1.8479 | AMR Loss: -0.0418 | Entropy: 0.8987
Epoch [304/2000] | Sampled: 2388.00 | Baseline: 824.88 | Improvement: -1563.12 | Win Rate: 0.00% | Job Loss: -0.0961 | AMR Loss: 1.3846 | Entropy: 0.9457
Epoch [305/2000] | Sampled: 2413.56 | Baseline: 824.00 | Improvement: -1589.56 | Win Rate: 0.00% | Job Loss: -1.5713 | AMR Loss: 0.6403 | Entropy: 0.9709
Epoch [306/2000] | Sampled: 2077.69 | Baseline: 726.19 | Improvement: -1351.50 | Win Rate: 0.00% | Job Loss: -1.9591 | AMR Loss: 1.3232 | Entropy: 0.8397
Epoch [307/2000] | Sampled: 2600.44 | Baseline: 895.12 | Improvement: -1705.31 | Win Rate: 0.00% | Job Loss: 0.6976 | AMR Loss: 1.2760 | Entropy: 1.0405
Epoch [308/2000] | Sampled: 2129.62 | Baseline: 725.88 | Improvement: -1403.75 | Win Rate: 0.00% | Job Loss: -2.6200 | AMR Loss: 1.3474 | Entropy: 0.8605
Epoch [309/2000] | Sampled: 2529.25 | Baseline: 872.94 | Improvement: -1656.31 | Win Rate: 0.00% | Job Loss: -4.7095 | AMR Loss: 1.0418 | Entropy: 1.0317
Epoch [310/2000] | Sampled: 2237.69 | Baseline: 765.56 | Improvement: -1472.12 | Win Rate: 0.00% | Job Loss: -4.0261 | AMR Loss: 0.3610 | Entropy: 0.9334
Epoch [311/2000] | Sampled: 1757.56 | Baseline: 609.88 | Improvement: -1147.69 | Win Rate: 0.00% | Job Loss: -7.4176 | AMR Loss: 2.1548 | Entropy: 0.8118
Epoch [312/2000] | Sampled: 2496.44 | Baseline: 859.12 | Improvement: -1637.31 | Win Rate: 0.00% | Job Loss: -5.8342 | AMR Loss: 1.2537 | Entropy: 1.0367
Epoch [313/2000] | Sampled: 1843.38 | Baseline: 637.81 | Improvement: -1205.56 | Win Rate: 0.00% | Job Loss: -5.4046 | AMR Loss: -0.3674 | Entropy: 0.8208
Epoch [314/2000] | Sampled: 2271.94 | Baseline: 779.31 | Improvement: -1492.62 | Win Rate: 0.00% | Job Loss: -11.1803 | AMR Loss: 0.6061 | Entropy: 0.9524
Epoch [315/2000] | Sampled: 2314.38 | Baseline: 797.00 | Improvement: -1517.38 | Win Rate: 0.00% | Job Loss: -9.8933 | AMR Loss: 1.1525 | Entropy: 0.9805
Epoch [316/2000] | Sampled: 2543.06 | Baseline: 858.25 | Improvement: -1684.81 | Win Rate: 0.00% | Job Loss: -12.0474 | AMR Loss: 1.1597 | Entropy: 1.0475
Epoch [317/2000] | Sampled: 2210.12 | Baseline: 768.81 | Improvement: -1441.31 | Win Rate: 0.00% | Job Loss: -8.7850 | AMR Loss: 1.0293 | Entropy: 0.9222
Epoch [318/2000] | Sampled: 2135.62 | Baseline: 717.75 | Improvement: -1417.88 | Win Rate: 0.00% | Job Loss: -3.9475 | AMR Loss: 0.8673 | Entropy: 0.9323
Epoch [319/2000] | Sampled: 1816.06 | Baseline: 621.25 | Improvement: -1194.81 | Win Rate: 0.00% | Job Loss: -4.0351 | AMR Loss: 0.7143 | Entropy: 0.8124
Epoch [320/2000] | Sampled: 1935.00 | Baseline: 664.12 | Improvement: -1270.88 | Win Rate: 0.00% | Job Loss: -5.2114 | AMR Loss: 0.7325 | Entropy: 0.8653
Epoch [321/2000] | Sampled: 2634.56 | Baseline: 893.62 | Improvement: -1740.94 | Win Rate: 0.00% | Job Loss: -6.1230 | AMR Loss: 0.8973 | Entropy: 1.1464
Epoch [322/2000] | Sampled: 2216.50 | Baseline: 768.62 | Improvement: -1447.88 | Win Rate: 0.00% | Job Loss: -4.2727 | AMR Loss: 0.8238 | Entropy: 1.0211
Epoch [323/2000] | Sampled: 1952.88 | Baseline: 671.44 | Improvement: -1281.44 | Win Rate: 0.00% | Job Loss: -1.3481 | AMR Loss: 1.3179 | Entropy: 0.8762
Epoch [324/2000] | Sampled: 2400.38 | Baseline: 837.50 | Improvement: -1562.88 | Win Rate: 0.00% | Job Loss: -4.1063 | AMR Loss: 1.3234 | Entropy: 1.0782
Epoch [325/2000] | Sampled: 2570.81 | Baseline: 868.19 | Improvement: -1702.62 | Win Rate: 0.00% | Job Loss: -5.0177 | AMR Loss: 0.4360 | Entropy: 1.0752
Epoch [326/2000] | Sampled: 2193.62 | Baseline: 744.12 | Improvement: -1449.50 | Win Rate: 0.00% | Job Loss: -3.4443 | AMR Loss: 0.8642 | Entropy: 0.9575
Epoch [327/2000] | Sampled: 1822.31 | Baseline: 629.56 | Improvement: -1192.75 | Win Rate: 0.00% | Job Loss: -3.3466 | AMR Loss: 1.3169 | Entropy: 0.8139
Epoch [328/2000] | Sampled: 2212.06 | Baseline: 757.81 | Improvement: -1454.25 | Win Rate: 0.00% | Job Loss: -4.8817 | AMR Loss: 1.5695 | Entropy: 0.9361
Epoch [329/2000] | Sampled: 2354.12 | Baseline: 817.25 | Improvement: -1536.88 | Win Rate: 0.00% | Job Loss: -6.2865 | AMR Loss: 0.5949 | Entropy: 1.0122
Epoch [330/2000] | Sampled: 2222.88 | Baseline: 761.88 | Improvement: -1461.00 | Win Rate: 0.00% | Job Loss: -4.4331 | AMR Loss: 1.4007 | Entropy: 0.9279
Epoch [331/2000] | Sampled: 2384.44 | Baseline: 809.69 | Improvement: -1574.75 | Win Rate: 0.00% | Job Loss: -4.5299 | AMR Loss: -0.0898 | Entropy: 0.9536
Epoch [332/2000] | Sampled: 2494.88 | Baseline: 845.88 | Improvement: -1649.00 | Win Rate: 0.00% | Job Loss: -4.9120 | AMR Loss: 0.7164 | Entropy: 1.0217
Epoch [333/2000] | Sampled: 1982.62 | Baseline: 681.50 | Improvement: -1301.12 | Win Rate: 0.00% | Job Loss: -3.4577 | AMR Loss: 1.3074 | Entropy: 0.8385
Epoch [334/2000] | Sampled: 2177.50 | Baseline: 756.31 | Improvement: -1421.19 | Win Rate: 0.00% | Job Loss: -4.4511 | AMR Loss: 0.2470 | Entropy: 0.9154
Epoch [335/2000] | Sampled: 1609.38 | Baseline: 558.25 | Improvement: -1051.12 | Win Rate: 0.00% | Job Loss: -4.1151 | AMR Loss: 1.7782 | Entropy: 0.7145
Epoch [336/2000] | Sampled: 2056.31 | Baseline: 709.12 | Improvement: -1347.19 | Win Rate: 0.00% | Job Loss: -0.8267 | AMR Loss: 1.6385 | Entropy: 0.9151
Epoch [337/2000] | Sampled: 2108.62 | Baseline: 726.06 | Improvement: -1382.56 | Win Rate: 0.00% | Job Loss: 0.3164 | AMR Loss: 1.4352 | Entropy: 0.9635
Epoch [338/2000] | Sampled: 2526.56 | Baseline: 856.69 | Improvement: -1669.88 | Win Rate: 0.00% | Job Loss: 3.8519 | AMR Loss: 0.4229 | Entropy: 1.0476
Epoch [339/2000] | Sampled: 2157.19 | Baseline: 729.50 | Improvement: -1427.69 | Win Rate: 0.00% | Job Loss: 1.4332 | AMR Loss: 0.4899 | Entropy: 0.9508
Epoch [340/2000] | Sampled: 2221.62 | Baseline: 765.69 | Improvement: -1455.94 | Win Rate: 0.00% | Job Loss: 2.8369 | AMR Loss: 0.5419 | Entropy: 1.0395
Epoch [341/2000] | Sampled: 2022.94 | Baseline: 680.94 | Improvement: -1342.00 | Win Rate: 0.00% | Job Loss: 2.8881 | AMR Loss: 0.2176 | Entropy: 0.8752
Epoch [342/2000] | Sampled: 1815.19 | Baseline: 632.31 | Improvement: -1182.88 | Win Rate: 0.00% | Job Loss: 2.7248 | AMR Loss: 1.3051 | Entropy: 0.8675
Epoch [343/2000] | Sampled: 2462.81 | Baseline: 841.19 | Improvement: -1621.62 | Win Rate: 0.00% | Job Loss: 7.3190 | AMR Loss: 1.2452 | Entropy: 1.0584
Epoch [344/2000] | Sampled: 2383.38 | Baseline: 805.94 | Improvement: -1577.44 | Win Rate: 0.00% | Job Loss: 3.9087 | AMR Loss: 1.1940 | Entropy: 1.0216
Epoch [345/2000] | Sampled: 1933.88 | Baseline: 657.38 | Improvement: -1276.50 | Win Rate: 0.00% | Job Loss: 2.5856 | AMR Loss: 0.4337 | Entropy: 0.8535
Epoch [346/2000] | Sampled: 1664.44 | Baseline: 564.31 | Improvement: -1100.12 | Win Rate: 0.00% | Job Loss: 4.8165 | AMR Loss: 1.1397 | Entropy: 0.7701
Epoch [347/2000] | Sampled: 1891.31 | Baseline: 643.12 | Improvement: -1248.19 | Win Rate: 0.00% | Job Loss: 2.4895 | AMR Loss: 0.9209 | Entropy: 0.8518
Epoch [348/2000] | Sampled: 1878.31 | Baseline: 645.19 | Improvement: -1233.12 | Win Rate: 0.00% | Job Loss: -2.4973 | AMR Loss: 0.9410 | Entropy: 0.9091
Epoch [349/2000] | Sampled: 2231.62 | Baseline: 770.06 | Improvement: -1461.56 | Win Rate: 0.00% | Job Loss: 3.6253 | AMR Loss: 1.7554 | Entropy: 1.0051
Epoch [350/2000] | Sampled: 2590.75 | Baseline: 887.44 | Improvement: -1703.31 | Win Rate: 0.00% | Job Loss: 7.2312 | AMR Loss: 0.6154 | Entropy: 1.0921
Epoch [351/2000] | Sampled: 2436.88 | Baseline: 841.94 | Improvement: -1594.94 | Win Rate: 0.00% | Job Loss: 4.9193 | AMR Loss: 2.3818 | Entropy: 1.0509
Epoch [352/2000] | Sampled: 1926.19 | Baseline: 672.19 | Improvement: -1254.00 | Win Rate: 0.00% | Job Loss: 5.4271 | AMR Loss: 0.9962 | Entropy: 0.8856
Epoch [353/2000] | Sampled: 2468.56 | Baseline: 834.75 | Improvement: -1633.81 | Win Rate: 0.00% | Job Loss: 4.4302 | AMR Loss: 0.5622 | Entropy: 1.0497
Epoch [354/2000] | Sampled: 2429.25 | Baseline: 820.62 | Improvement: -1608.62 | Win Rate: 0.00% | Job Loss: 1.0403 | AMR Loss: 0.9432 | Entropy: 1.0108
Epoch [355/2000] | Sampled: 1933.31 | Baseline: 662.50 | Improvement: -1270.81 | Win Rate: 0.00% | Job Loss: 1.5123 | AMR Loss: 1.5573 | Entropy: 0.8866
Epoch [356/2000] | Sampled: 2307.06 | Baseline: 792.94 | Improvement: -1514.12 | Win Rate: 0.00% | Job Loss: 2.1006 | AMR Loss: 1.9310 | Entropy: 1.0248
Epoch [357/2000] | Sampled: 2789.62 | Baseline: 945.62 | Improvement: -1844.00 | Win Rate: 0.00% | Job Loss: 4.5367 | AMR Loss: 1.0412 | Entropy: 1.1468
Epoch [358/2000] | Sampled: 2354.00 | Baseline: 819.75 | Improvement: -1534.25 | Win Rate: 0.00% | Job Loss: 1.1871 | AMR Loss: 1.3684 | Entropy: 1.0454
Epoch [359/2000] | Sampled: 2290.56 | Baseline: 779.50 | Improvement: -1511.06 | Win Rate: 0.00% | Job Loss: -0.6120 | AMR Loss: 1.3575 | Entropy: 1.0035
Epoch [360/2000] | Sampled: 2254.56 | Baseline: 788.44 | Improvement: -1466.12 | Win Rate: 0.00% | Job Loss: 0.8968 | AMR Loss: 2.5310 | Entropy: 1.0200
Epoch [361/2000] | Sampled: 1902.12 | Baseline: 649.44 | Improvement: -1252.69 | Win Rate: 0.00% | Job Loss: 0.2487 | AMR Loss: 1.3654 | Entropy: 0.8267
Epoch [362/2000] | Sampled: 1840.25 | Baseline: 620.19 | Improvement: -1220.06 | Win Rate: 0.00% | Job Loss: -0.0882 | AMR Loss: 0.5246 | Entropy: 0.7586
Epoch [363/2000] | Sampled: 2011.00 | Baseline: 688.88 | Improvement: -1322.12 | Win Rate: 0.00% | Job Loss: 0.3252 | AMR Loss: 1.6404 | Entropy: 0.8295
Epoch [364/2000] | Sampled: 2338.25 | Baseline: 808.19 | Improvement: -1530.06 | Win Rate: 0.00% | Job Loss: -3.3731 | AMR Loss: 0.5746 | Entropy: 0.9399
Epoch [365/2000] | Sampled: 2088.06 | Baseline: 716.06 | Improvement: -1372.00 | Win Rate: 0.00% | Job Loss: 0.6954 | AMR Loss: 1.9546 | Entropy: 0.8704
Epoch [366/2000] | Sampled: 1761.56 | Baseline: 601.94 | Improvement: -1159.62 | Win Rate: 0.00% | Job Loss: -4.5669 | AMR Loss: 1.8283 | Entropy: 0.7628
Epoch [367/2000] | Sampled: 2246.12 | Baseline: 762.81 | Improvement: -1483.31 | Win Rate: 0.00% | Job Loss: -4.4485 | AMR Loss: 1.5369 | Entropy: 0.8707
Epoch [368/2000] | Sampled: 1772.38 | Baseline: 603.69 | Improvement: -1168.69 | Win Rate: 0.00% | Job Loss: -1.5184 | AMR Loss: 1.3099 | Entropy: 0.7543
Epoch [369/2000] | Sampled: 2105.44 | Baseline: 719.81 | Improvement: -1385.62 | Win Rate: 0.00% | Job Loss: -3.6465 | AMR Loss: 1.4933 | Entropy: 0.8546
Epoch [370/2000] | Sampled: 2181.44 | Baseline: 756.44 | Improvement: -1425.00 | Win Rate: 0.00% | Job Loss: -4.9280 | AMR Loss: 2.4353 | Entropy: 0.8604
Epoch [371/2000] | Sampled: 2181.88 | Baseline: 741.19 | Improvement: -1440.69 | Win Rate: 0.00% | Job Loss: -8.4852 | AMR Loss: 0.7462 | Entropy: 0.8913
Epoch [372/2000] | Sampled: 1919.25 | Baseline: 663.94 | Improvement: -1255.31 | Win Rate: 0.00% | Job Loss: -0.4617 | AMR Loss: 2.2783 | Entropy: 0.8916
Epoch [373/2000] | Sampled: 2220.44 | Baseline: 751.50 | Improvement: -1468.94 | Win Rate: 0.00% | Job Loss: -4.8147 | AMR Loss: 1.0929 | Entropy: 0.8417
Epoch [374/2000] | Sampled: 2080.38 | Baseline: 710.06 | Improvement: -1370.31 | Win Rate: 0.00% | Job Loss: -9.6103 | AMR Loss: 1.1450 | Entropy: 0.8438
Epoch [375/2000] | Sampled: 1603.50 | Baseline: 559.25 | Improvement: -1044.25 | Win Rate: 0.00% | Job Loss: -2.1922 | AMR Loss: 1.6804 | Entropy: 0.7329
Epoch [376/2000] | Sampled: 1739.38 | Baseline: 611.50 | Improvement: -1127.88 | Win Rate: 0.00% | Job Loss: -10.1276 | AMR Loss: 2.5168 | Entropy: 0.8774
Epoch [377/2000] | Sampled: 2027.56 | Baseline: 709.44 | Improvement: -1318.12 | Win Rate: 0.00% | Job Loss: -8.9227 | AMR Loss: 2.6868 | Entropy: 0.9055
Epoch [378/2000] | Sampled: 2344.12 | Baseline: 806.12 | Improvement: -1538.00 | Win Rate: 0.00% | Job Loss: -2.0350 | AMR Loss: 1.7302 | Entropy: 0.9352
Epoch [379/2000] | Sampled: 1995.44 | Baseline: 688.38 | Improvement: -1307.06 | Win Rate: 0.00% | Job Loss: -4.0410 | AMR Loss: 1.0629 | Entropy: 0.8154
Epoch [380/2000] | Sampled: 2257.56 | Baseline: 780.75 | Improvement: -1476.81 | Win Rate: 0.00% | Job Loss: -14.6820 | AMR Loss: 3.3889 | Entropy: 0.9350
Epoch [381/2000] | Sampled: 2428.75 | Baseline: 824.12 | Improvement: -1604.62 | Win Rate: 0.00% | Job Loss: -4.0856 | AMR Loss: 0.8966 | Entropy: 0.9336
Epoch [382/2000] | Sampled: 2317.69 | Baseline: 787.12 | Improvement: -1530.56 | Win Rate: 0.00% | Job Loss: -4.9340 | AMR Loss: 1.1103 | Entropy: 0.8682
Epoch [383/2000] | Sampled: 2078.69 | Baseline: 717.00 | Improvement: -1361.69 | Win Rate: 0.00% | Job Loss: -18.0166 | AMR Loss: 1.8055 | Entropy: 0.8936
Epoch [384/2000] | Sampled: 1995.50 | Baseline: 688.94 | Improvement: -1306.56 | Win Rate: 0.00% | Job Loss: -12.8963 | AMR Loss: 1.1927 | Entropy: 0.8309
Traceback (most recent call last):
  File "/home/wei/AMR-DFJSP/Static_alogorithm/GNN/train_gnn_precise.py", line 646, in <module>
    train(build_parser().parse_args())
  File "/home/wei/AMR-DFJSP/Static_alogorithm/GNN/train_gnn_precise.py", line 615, in train
    train_reinforce(args)
  File "/home/wei/AMR-DFJSP/Static_alogorithm/GNN/train_gnn_precise.py", line 401, in train_reinforce
    comparison = compute_dispatch_baseline_comparison(
  File "/home/wei/AMR-DFJSP/Static_alogorithm/reinforce_baseline.py", line 175, in compute_dispatch_baseline_comparison
    rule_next_makespan, _ = evaluate_makespan(
  File "/home/wei/AMR-DFJSP/Static_alogorithm/reinforce_baseline.py", line 78, in evaluate_makespan
    availability, _, _, _, invalid_count = decode_schedule_tick_by_tick(
  File "/home/wei/AMR-DFJSP/Static_alogorithm/GA/GA.py", line 1188, in decode_schedule_tick_by_tick
    return decode_schedule(individual, jobs, need_log=need_log, check_collision=check_collision, init_state=init_state)
  File "/home/wei/AMR-DFJSP/Static_alogorithm/GA/GA.py", line 1182, in decode_schedule
    execute_unload(op)
  File "/home/wei/AMR-DFJSP/Static_alogorithm/GA/GA.py", line 1133, in execute_unload
    move_amr(
  File "/home/wei/AMR-DFJSP/Static_alogorithm/GA/GA.py", line 1074, in move_amr
    path = find_dynamic_path(origin, destination, start_time, reservations, amr_states, amr)
  File "/home/wei/AMR-DFJSP/Static_alogorithm/GA/GA.py", line 239, in find_dynamic_path
    if not _is_within_bounds(neighbor): continue
  File "/home/wei/AMR-DFJSP/Static_alogorithm/GA/GA.py", line 94, in _is_within_bounds
    def _is_within_bounds(point: Tuple[int, int]) -> bool:
KeyboardInterrupt
