Training on: cuda
Loaded 100 dispatch events from /home/wei/AMR-DFJSP/test_case/static/dispatch_inbox_60.jsonl
Starting Attention REINFORCE training with dispatch baseline 'earliest_completion_job+earliest_completion' (stepwise).
Epoch [1/1000] | Sampled: 875.06 | Baseline: 678.44 | Improvement: -196.62 | Win Rate: 0.00% | Actor Loss: -0.4597 | Entropy: 4.2394
   -> Saved new best model (Makespan: 875.06)
   -> Saved updated training chart to /home/wei/AMR-DFJSP/Static_alogorithm/Attention/attention_training_metrics.png
Epoch [2/1000] | Sampled: 950.69 | Baseline: 667.38 | Improvement: -283.31 | Win Rate: 0.00% | Actor Loss: -0.2874 | Entropy: 4.1622
Epoch [3/1000] | Sampled: 1403.75 | Baseline: 683.38 | Improvement: -720.38 | Win Rate: 0.00% | Actor Loss: 13.7430 | Entropy: 3.7951
Epoch [4/1000] | Sampled: 1492.50 | Baseline: 693.94 | Improvement: -798.56 | Win Rate: 0.00% | Actor Loss: 15.7443 | Entropy: 3.6584
Epoch [5/1000] | Sampled: 1472.00 | Baseline: 693.00 | Improvement: -779.00 | Win Rate: 0.00% | Actor Loss: 12.3468 | Entropy: 3.6967
Epoch [6/1000] | Sampled: 1537.69 | Baseline: 682.69 | Improvement: -855.00 | Win Rate: 0.00% | Actor Loss: 14.6658 | Entropy: 3.6657
Epoch [7/1000] | Sampled: 1486.62 | Baseline: 688.25 | Improvement: -798.38 | Win Rate: 0.00% | Actor Loss: 12.1256 | Entropy: 3.7107
Epoch [8/1000] | Sampled: 1208.00 | Baseline: 683.31 | Improvement: -524.69 | Win Rate: 0.00% | Actor Loss: 3.1677 | Entropy: 3.8580
Epoch [9/1000] | Sampled: 1172.00 | Baseline: 691.88 | Improvement: -480.12 | Win Rate: 0.00% | Actor Loss: 6.7047 | Entropy: 3.9061
Epoch [10/1000] | Sampled: 1131.19 | Baseline: 679.56 | Improvement: -451.62 | Win Rate: 0.00% | Actor Loss: 4.7252 | Entropy: 3.8852
Epoch [11/1000] | Sampled: 1150.88 | Baseline: 691.44 | Improvement: -459.44 | Win Rate: 0.00% | Actor Loss: 5.6251 | Entropy: 3.8883
Epoch [12/1000] | Sampled: 1138.38 | Baseline: 682.62 | Improvement: -455.75 | Win Rate: 0.00% | Actor Loss: 2.0214 | Entropy: 3.9436
Epoch [13/1000] | Sampled: 1114.44 | Baseline: 676.62 | Improvement: -437.81 | Win Rate: 0.00% | Actor Loss: 3.3590 | Entropy: 3.9064
Epoch [14/1000] | Sampled: 1166.56 | Baseline: 677.44 | Improvement: -489.12 | Win Rate: 0.00% | Actor Loss: 4.0167 | Entropy: 3.8641
Epoch [15/1000] | Sampled: 1301.69 | Baseline: 699.31 | Improvement: -602.38 | Win Rate: 0.00% | Actor Loss: 5.8080 | Entropy: 3.7591
Epoch [16/1000] | Sampled: 1525.12 | Baseline: 691.38 | Improvement: -833.75 | Win Rate: 0.00% | Actor Loss: 10.7926 | Entropy: 3.5869
Epoch [17/1000] | Sampled: 1917.81 | Baseline: 688.62 | Improvement: -1229.19 | Win Rate: 0.00% | Actor Loss: 12.1641 | Entropy: 3.3067
Epoch [18/1000] | Sampled: 2079.56 | Baseline: 703.12 | Improvement: -1376.44 | Win Rate: 0.00% | Actor Loss: 9.8905 | Entropy: 3.2010
Epoch [19/1000] | Sampled: 2053.81 | Baseline: 693.75 | Improvement: -1360.06 | Win Rate: 0.00% | Actor Loss: 11.5555 | Entropy: 3.2054
Epoch [20/1000] | Sampled: 2032.25 | Baseline: 673.88 | Improvement: -1358.38 | Win Rate: 0.00% | Actor Loss: 9.8432 | Entropy: 3.1918
Epoch [21/1000] | Sampled: 2046.12 | Baseline: 681.94 | Improvement: -1364.19 | Win Rate: 0.00% | Actor Loss: 9.8507 | Entropy: 3.1872
Epoch [22/1000] | Sampled: 2074.88 | Baseline: 672.56 | Improvement: -1402.31 | Win Rate: 0.00% | Actor Loss: 8.2597 | Entropy: 3.1802
Epoch [23/1000] | Sampled: 2067.38 | Baseline: 691.00 | Improvement: -1376.38 | Win Rate: 0.00% | Actor Loss: 10.2465 | Entropy: 3.1807
Epoch [24/1000] | Sampled: 2087.19 | Baseline: 717.44 | Improvement: -1369.75 | Win Rate: 0.00% | Actor Loss: 10.7848 | Entropy: 3.1831
Epoch [25/1000] | Sampled: 2090.00 | Baseline: 703.00 | Improvement: -1387.00 | Win Rate: 0.00% | Actor Loss: 8.0486 | Entropy: 3.1711
Epoch [26/1000] | Sampled: 2090.12 | Baseline: 693.62 | Improvement: -1396.50 | Win Rate: 0.00% | Actor Loss: 9.0497 | Entropy: 3.1782
Epoch [27/1000] | Sampled: 2048.31 | Baseline: 695.75 | Improvement: -1352.56 | Win Rate: 0.00% | Actor Loss: 9.2677 | Entropy: 3.1808
Epoch [28/1000] | Sampled: 2062.06 | Baseline: 673.12 | Improvement: -1388.94 | Win Rate: 0.00% | Actor Loss: 10.4490 | Entropy: 3.1702
Epoch [29/1000] | Sampled: 2050.31 | Baseline: 692.69 | Improvement: -1357.62 | Win Rate: 0.00% | Actor Loss: 11.0460 | Entropy: 3.1678
Epoch [30/1000] | Sampled: 2070.56 | Baseline: 680.62 | Improvement: -1389.94 | Win Rate: 0.00% | Actor Loss: 8.6885 | Entropy: 3.1644
Epoch [31/1000] | Sampled: 2067.69 | Baseline: 677.31 | Improvement: -1390.38 | Win Rate: 0.00% | Actor Loss: 9.3645 | Entropy: 3.1581
Epoch [32/1000] | Sampled: 2106.69 | Baseline: 696.94 | Improvement: -1409.75 | Win Rate: 0.00% | Actor Loss: 6.9497 | Entropy: 3.1507
Epoch [33/1000] | Sampled: 2073.69 | Baseline: 687.38 | Improvement: -1386.31 | Win Rate: 0.00% | Actor Loss: 9.2830 | Entropy: 3.1420
Epoch [34/1000] | Sampled: 2100.62 | Baseline: 693.94 | Improvement: -1406.69 | Win Rate: 0.00% | Actor Loss: 8.1041 | Entropy: 3.1277
Epoch [35/1000] | Sampled: 2053.44 | Baseline: 678.75 | Improvement: -1374.69 | Win Rate: 0.00% | Actor Loss: 7.9973 | Entropy: 3.1067
Epoch [36/1000] | Sampled: 2081.44 | Baseline: 694.38 | Improvement: -1387.06 | Win Rate: 0.00% | Actor Loss: 7.7783 | Entropy: 3.0737
Epoch [37/1000] | Sampled: 2060.62 | Baseline: 688.38 | Improvement: -1372.25 | Win Rate: 0.00% | Actor Loss: 10.2300 | Entropy: 3.0334
Epoch [38/1000] | Sampled: 2061.94 | Baseline: 693.38 | Improvement: -1368.56 | Win Rate: 0.00% | Actor Loss: 10.1834 | Entropy: 2.9799
Epoch [39/1000] | Sampled: 2081.88 | Baseline: 710.19 | Improvement: -1371.69 | Win Rate: 0.00% | Actor Loss: 7.6921 | Entropy: 2.9336
Epoch [40/1000] | Sampled: 2063.94 | Baseline: 683.44 | Improvement: -1380.50 | Win Rate: 0.00% | Actor Loss: 6.3351 | Entropy: 2.8478
Epoch [41/1000] | Sampled: 2090.44 | Baseline: 700.25 | Improvement: -1390.19 | Win Rate: 0.00% | Actor Loss: 1.0188 | Entropy: 2.4484
Epoch [42/1000] | Sampled: 2060.06 | Baseline: 680.06 | Improvement: -1380.00 | Win Rate: 0.00% | Actor Loss: 4.9314 | Entropy: 2.4339
Epoch [43/1000] | Sampled: 2091.94 | Baseline: 698.62 | Improvement: -1393.31 | Win Rate: 0.00% | Actor Loss: 3.8749 | Entropy: 2.5217
Epoch [44/1000] | Sampled: 2076.00 | Baseline: 688.38 | Improvement: -1387.62 | Win Rate: 0.00% | Actor Loss: -2.0097 | Entropy: 2.1211
Epoch [45/1000] | Sampled: 2085.50 | Baseline: 697.06 | Improvement: -1388.44 | Win Rate: 0.00% | Actor Loss: 5.3309 | Entropy: 1.6029
Epoch [46/1000] | Sampled: 2080.44 | Baseline: 704.12 | Improvement: -1376.31 | Win Rate: 0.00% | Actor Loss: 2.9542 | Entropy: 1.6915
Epoch [47/1000] | Sampled: 2066.56 | Baseline: 677.56 | Improvement: -1389.00 | Win Rate: 0.00% | Actor Loss: -2.1669 | Entropy: 1.7188
Epoch [48/1000] | Sampled: 2070.88 | Baseline: 676.00 | Improvement: -1394.88 | Win Rate: 0.00% | Actor Loss: 9.8737 | Entropy: 1.3578
Epoch [49/1000] | Sampled: 2092.12 | Baseline: 686.56 | Improvement: -1405.56 | Win Rate: 0.00% | Actor Loss: 5.7089 | Entropy: 1.2870
Epoch [50/1000] | Sampled: 2111.38 | Baseline: 682.25 | Improvement: -1429.12 | Win Rate: 0.00% | Actor Loss: 6.0802 | Entropy: 1.3910
Epoch [51/1000] | Sampled: 2086.00 | Baseline: 691.88 | Improvement: -1394.12 | Win Rate: 0.00% | Actor Loss: -5.2290 | Entropy: 1.4184
Epoch [52/1000] | Sampled: 2137.19 | Baseline: 696.19 | Improvement: -1441.00 | Win Rate: 0.00% | Actor Loss: 4.9227 | Entropy: 1.2320
Epoch [53/1000] | Sampled: 2075.06 | Baseline: 682.12 | Improvement: -1392.94 | Win Rate: 0.00% | Actor Loss: 4.1841 | Entropy: 1.1884
Epoch [54/1000] | Sampled: 2093.69 | Baseline: 688.69 | Improvement: -1405.00 | Win Rate: 0.00% | Actor Loss: 4.9344 | Entropy: 1.3072
Epoch [55/1000] | Sampled: 2084.31 | Baseline: 681.81 | Improvement: -1402.50 | Win Rate: 0.00% | Actor Loss: 0.9055 | Entropy: 1.2608
Epoch [56/1000] | Sampled: 2054.69 | Baseline: 679.50 | Improvement: -1375.19 | Win Rate: 0.00% | Actor Loss: -0.6073 | Entropy: 1.2994
Epoch [57/1000] | Sampled: 2082.12 | Baseline: 692.81 | Improvement: -1389.31 | Win Rate: 0.00% | Actor Loss: -0.1380 | Entropy: 1.3127
Epoch [58/1000] | Sampled: 2094.12 | Baseline: 692.00 | Improvement: -1402.12 | Win Rate: 0.00% | Actor Loss: -1.2628 | Entropy: 1.3356
Epoch [59/1000] | Sampled: 2104.69 | Baseline: 703.81 | Improvement: -1400.88 | Win Rate: 0.00% | Actor Loss: -1.0320 | Entropy: 1.2748
Epoch [60/1000] | Sampled: 2067.19 | Baseline: 699.31 | Improvement: -1367.88 | Win Rate: 0.00% | Actor Loss: 0.2481 | Entropy: 1.2919
Epoch [61/1000] | Sampled: 2087.94 | Baseline: 679.50 | Improvement: -1408.44 | Win Rate: 0.00% | Actor Loss: 0.3334 | Entropy: 1.2009
Epoch [62/1000] | Sampled: 2098.69 | Baseline: 690.81 | Improvement: -1407.88 | Win Rate: 0.00% | Actor Loss: 1.8249 | Entropy: 1.0871
Epoch [63/1000] | Sampled: 2075.56 | Baseline: 691.56 | Improvement: -1384.00 | Win Rate: 0.00% | Actor Loss: 3.9649 | Entropy: 1.0722
Epoch [64/1000] | Sampled: 2118.69 | Baseline: 696.06 | Improvement: -1422.62 | Win Rate: 0.00% | Actor Loss: 3.6922 | Entropy: 1.1401
Epoch [65/1000] | Sampled: 2110.81 | Baseline: 698.50 | Improvement: -1412.31 | Win Rate: 0.00% | Actor Loss: 5.2244 | Entropy: 1.1107
Epoch [66/1000] | Sampled: 2089.81 | Baseline: 692.62 | Improvement: -1397.19 | Win Rate: 0.00% | Actor Loss: 0.8620 | Entropy: 1.0858
Epoch [67/1000] | Sampled: 2094.06 | Baseline: 691.19 | Improvement: -1402.88 | Win Rate: 0.00% | Actor Loss: -0.0397 | Entropy: 1.1917
Epoch [68/1000] | Sampled: 2123.06 | Baseline: 695.69 | Improvement: -1427.38 | Win Rate: 0.00% | Actor Loss: 3.6140 | Entropy: 1.1121
Epoch [69/1000] | Sampled: 2098.81 | Baseline: 687.75 | Improvement: -1411.06 | Win Rate: 0.00% | Actor Loss: 0.6582 | Entropy: 1.1799
Epoch [70/1000] | Sampled: 2108.12 | Baseline: 699.19 | Improvement: -1408.94 | Win Rate: 0.00% | Actor Loss: -1.3580 | Entropy: 1.3915
Epoch [71/1000] | Sampled: 2099.19 | Baseline: 693.12 | Improvement: -1406.06 | Win Rate: 0.00% | Actor Loss: 2.9990 | Entropy: 1.2722
Epoch [72/1000] | Sampled: 2110.94 | Baseline: 714.00 | Improvement: -1396.94 | Win Rate: 0.00% | Actor Loss: 2.2580 | Entropy: 1.1396
Epoch [73/1000] | Sampled: 2099.31 | Baseline: 692.00 | Improvement: -1407.31 | Win Rate: 0.00% | Actor Loss: -3.2204 | Entropy: 1.1911
Epoch [74/1000] | Sampled: 2114.50 | Baseline: 684.75 | Improvement: -1429.75 | Win Rate: 0.00% | Actor Loss: 0.3549 | Entropy: 1.0310
Epoch [75/1000] | Sampled: 2082.75 | Baseline: 681.62 | Improvement: -1401.12 | Win Rate: 0.00% | Actor Loss: 1.7793 | Entropy: 1.0248
Epoch [76/1000] | Sampled: 2089.19 | Baseline: 686.75 | Improvement: -1402.44 | Win Rate: 0.00% | Actor Loss: 1.5765 | Entropy: 1.0650
Epoch [77/1000] | Sampled: 2094.38 | Baseline: 710.12 | Improvement: -1384.25 | Win Rate: 0.00% | Actor Loss: 4.1423 | Entropy: 1.0562
Epoch [78/1000] | Sampled: 2101.50 | Baseline: 703.19 | Improvement: -1398.31 | Win Rate: 0.00% | Actor Loss: 1.1010 | Entropy: 1.0277
Epoch [79/1000] | Sampled: 2080.88 | Baseline: 694.31 | Improvement: -1386.56 | Win Rate: 0.00% | Actor Loss: -1.6594 | Entropy: 1.1115
Epoch [80/1000] | Sampled: 2080.31 | Baseline: 689.19 | Improvement: -1391.12 | Win Rate: 0.00% | Actor Loss: -1.8375 | Entropy: 1.0893
Epoch [81/1000] | Sampled: 2091.06 | Baseline: 683.69 | Improvement: -1407.38 | Win Rate: 0.00% | Actor Loss: -3.1075 | Entropy: 1.1513
Epoch [82/1000] | Sampled: 2085.12 | Baseline: 686.12 | Improvement: -1399.00 | Win Rate: 0.00% | Actor Loss: -1.8276 | Entropy: 1.1477
Epoch [83/1000] | Sampled: 2083.25 | Baseline: 673.81 | Improvement: -1409.44 | Win Rate: 0.00% | Actor Loss: 1.2306 | Entropy: 1.0944
Epoch [84/1000] | Sampled: 2099.31 | Baseline: 695.94 | Improvement: -1403.38 | Win Rate: 0.00% | Actor Loss: -0.2483 | Entropy: 1.2363
Epoch [85/1000] | Sampled: 2106.12 | Baseline: 694.38 | Improvement: -1411.75 | Win Rate: 0.00% | Actor Loss: -8.0412 | Entropy: 1.2814
Epoch [86/1000] | Sampled: 2137.56 | Baseline: 699.06 | Improvement: -1438.50 | Win Rate: 0.00% | Actor Loss: -2.1940 | Entropy: 1.2409
Epoch [87/1000] | Sampled: 2087.25 | Baseline: 706.19 | Improvement: -1381.06 | Win Rate: 0.00% | Actor Loss: -0.7795 | Entropy: 1.2786
Epoch [88/1000] | Sampled: 2124.38 | Baseline: 700.44 | Improvement: -1423.94 | Win Rate: 0.00% | Actor Loss: -6.2305 | Entropy: 1.3206
Epoch [89/1000] | Sampled: 2102.81 | Baseline: 686.25 | Improvement: -1416.56 | Win Rate: 0.00% | Actor Loss: -5.6533 | Entropy: 1.3063
Epoch [90/1000] | Sampled: 2104.75 | Baseline: 699.81 | Improvement: -1404.94 | Win Rate: 0.00% | Actor Loss: -1.8387 | Entropy: 1.2451
Epoch [91/1000] | Sampled: 2092.62 | Baseline: 701.12 | Improvement: -1391.50 | Win Rate: 0.00% | Actor Loss: 1.4436 | Entropy: 1.1460
Epoch [92/1000] | Sampled: 2107.19 | Baseline: 681.56 | Improvement: -1425.62 | Win Rate: 0.00% | Actor Loss: 3.9716 | Entropy: 1.0989
Epoch [93/1000] | Sampled: 2115.81 | Baseline: 700.56 | Improvement: -1415.25 | Win Rate: 0.00% | Actor Loss: 2.4689 | Entropy: 1.1155
Epoch [94/1000] | Sampled: 2081.88 | Baseline: 699.50 | Improvement: -1382.38 | Win Rate: 0.00% | Actor Loss: -0.9359 | Entropy: 1.1815
Epoch [95/1000] | Sampled: 2139.25 | Baseline: 682.31 | Improvement: -1456.94 | Win Rate: 0.00% | Actor Loss: 1.5420 | Entropy: 1.0904
Epoch [96/1000] | Sampled: 2097.56 | Baseline: 689.69 | Improvement: -1407.88 | Win Rate: 0.00% | Actor Loss: -0.3262 | Entropy: 1.1309
Epoch [97/1000] | Sampled: 2113.50 | Baseline: 692.31 | Improvement: -1421.19 | Win Rate: 0.00% | Actor Loss: 2.8242 | Entropy: 1.1370
Epoch [98/1000] | Sampled: 2090.12 | Baseline: 689.69 | Improvement: -1400.44 | Win Rate: 0.00% | Actor Loss: 3.4516 | Entropy: 1.2057
Epoch [99/1000] | Sampled: 2106.25 | Baseline: 690.00 | Improvement: -1416.25 | Win Rate: 0.00% | Actor Loss: -3.2778 | Entropy: 1.1464
Epoch [100/1000] | Sampled: 2102.56 | Baseline: 684.81 | Improvement: -1417.75 | Win Rate: 0.00% | Actor Loss: -3.1795 | Entropy: 1.0649
   -> Saved updated training chart to /home/wei/AMR-DFJSP/Static_alogorithm/Attention/attention_training_metrics.png
Epoch [101/1000] | Sampled: 2082.81 | Baseline: 683.25 | Improvement: -1399.56 | Win Rate: 0.00% | Actor Loss: -0.6933 | Entropy: 1.0672
Epoch [102/1000] | Sampled: 2095.44 | Baseline: 680.94 | Improvement: -1414.50 | Win Rate: 0.00% | Actor Loss: -0.0684 | Entropy: 1.0160
Epoch [103/1000] | Sampled: 2104.25 | Baseline: 694.00 | Improvement: -1410.25 | Win Rate: 0.00% | Actor Loss: -1.0492 | Entropy: 1.0071
Epoch [104/1000] | Sampled: 2079.44 | Baseline: 690.00 | Improvement: -1389.44 | Win Rate: 0.00% | Actor Loss: -5.1009 | Entropy: 1.0690
Epoch [105/1000] | Sampled: 2080.31 | Baseline: 679.06 | Improvement: -1401.25 | Win Rate: 0.00% | Actor Loss: 3.0117 | Entropy: 1.0263
Epoch [106/1000] | Sampled: 2089.12 | Baseline: 684.81 | Improvement: -1404.31 | Win Rate: 0.00% | Actor Loss: -4.0870 | Entropy: 1.0466
Epoch [107/1000] | Sampled: 2109.00 | Baseline: 699.38 | Improvement: -1409.62 | Win Rate: 0.00% | Actor Loss: 0.9151 | Entropy: 1.1643
Epoch [108/1000] | Sampled: 2071.62 | Baseline: 682.56 | Improvement: -1389.06 | Win Rate: 0.00% | Actor Loss: -2.3100 | Entropy: 1.1463
Epoch [109/1000] | Sampled: 2066.00 | Baseline: 688.56 | Improvement: -1377.44 | Win Rate: 0.00% | Actor Loss: -3.8332 | Entropy: 1.0547
Epoch [110/1000] | Sampled: 2098.69 | Baseline: 689.69 | Improvement: -1409.00 | Win Rate: 0.00% | Actor Loss: -2.0516 | Entropy: 1.0552
Epoch [111/1000] | Sampled: 2083.12 | Baseline: 679.81 | Improvement: -1403.31 | Win Rate: 0.00% | Actor Loss: 1.2708 | Entropy: 1.0367
Epoch [112/1000] | Sampled: 2100.56 | Baseline: 695.69 | Improvement: -1404.88 | Win Rate: 0.00% | Actor Loss: -1.2247 | Entropy: 1.0764
Epoch [113/1000] | Sampled: 2074.88 | Baseline: 683.81 | Improvement: -1391.06 | Win Rate: 0.00% | Actor Loss: -1.2655 | Entropy: 1.0030
Epoch [114/1000] | Sampled: 2086.62 | Baseline: 672.75 | Improvement: -1413.88 | Win Rate: 0.00% | Actor Loss: -1.1282 | Entropy: 1.0387
Epoch [115/1000] | Sampled: 2115.19 | Baseline: 696.12 | Improvement: -1419.06 | Win Rate: 0.00% | Actor Loss: -0.7399 | Entropy: 1.0589
Epoch [116/1000] | Sampled: 2057.44 | Baseline: 668.44 | Improvement: -1389.00 | Win Rate: 0.00% | Actor Loss: -3.0571 | Entropy: 1.0403
Epoch [117/1000] | Sampled: 2099.62 | Baseline: 682.25 | Improvement: -1417.38 | Win Rate: 0.00% | Actor Loss: -1.5250 | Entropy: 1.0305
Epoch [118/1000] | Sampled: 2081.19 | Baseline: 702.69 | Improvement: -1378.50 | Win Rate: 0.00% | Actor Loss: 0.2941 | Entropy: 1.1183
Epoch [119/1000] | Sampled: 2081.44 | Baseline: 695.75 | Improvement: -1385.69 | Win Rate: 0.00% | Actor Loss: -1.3840 | Entropy: 1.1693
Epoch [120/1000] | Sampled: 2109.38 | Baseline: 697.25 | Improvement: -1412.12 | Win Rate: 0.00% | Actor Loss: -1.8195 | Entropy: 1.0726
Epoch [121/1000] | Sampled: 2102.00 | Baseline: 694.38 | Improvement: -1407.62 | Win Rate: 0.00% | Actor Loss: -3.4971 | Entropy: 1.0408
Epoch [122/1000] | Sampled: 2088.00 | Baseline: 692.62 | Improvement: -1395.38 | Win Rate: 0.00% | Actor Loss: -0.6262 | Entropy: 0.9785
Epoch [123/1000] | Sampled: 2092.38 | Baseline: 686.62 | Improvement: -1405.75 | Win Rate: 0.00% | Actor Loss: -0.5272 | Entropy: 0.9719
Epoch [124/1000] | Sampled: 2109.81 | Baseline: 694.94 | Improvement: -1414.88 | Win Rate: 0.00% | Actor Loss: 1.7205 | Entropy: 0.9955
Epoch [125/1000] | Sampled: 2079.88 | Baseline: 670.00 | Improvement: -1409.88 | Win Rate: 0.00% | Actor Loss: -1.1482 | Entropy: 1.0419
Epoch [126/1000] | Sampled: 2094.88 | Baseline: 695.12 | Improvement: -1399.75 | Win Rate: 0.00% | Actor Loss: 1.2200 | Entropy: 1.0390
Epoch [127/1000] | Sampled: 2123.75 | Baseline: 694.31 | Improvement: -1429.44 | Win Rate: 0.00% | Actor Loss: 0.8215 | Entropy: 1.0831
Epoch [128/1000] | Sampled: 2107.06 | Baseline: 687.44 | Improvement: -1419.62 | Win Rate: 0.00% | Actor Loss: 0.0263 | Entropy: 1.0266
Epoch [129/1000] | Sampled: 2048.44 | Baseline: 684.12 | Improvement: -1364.31 | Win Rate: 0.00% | Actor Loss: 3.2332 | Entropy: 1.0564
Epoch [130/1000] | Sampled: 2103.00 | Baseline: 697.00 | Improvement: -1406.00 | Win Rate: 0.00% | Actor Loss: 3.3561 | Entropy: 1.0301
Epoch [131/1000] | Sampled: 2074.31 | Baseline: 712.38 | Improvement: -1361.94 | Win Rate: 0.00% | Actor Loss: 2.7781 | Entropy: 1.0413
Epoch [132/1000] | Sampled: 2054.12 | Baseline: 685.81 | Improvement: -1368.31 | Win Rate: 0.00% | Actor Loss: 3.0774 | Entropy: 1.1064
Epoch [133/1000] | Sampled: 2071.75 | Baseline: 671.56 | Improvement: -1400.19 | Win Rate: 0.00% | Actor Loss: 3.2346 | Entropy: 1.1285
Epoch [134/1000] | Sampled: 2059.62 | Baseline: 674.12 | Improvement: -1385.50 | Win Rate: 0.00% | Actor Loss: 2.1251 | Entropy: 1.1467
Epoch [135/1000] | Sampled: 2076.19 | Baseline: 679.81 | Improvement: -1396.38 | Win Rate: 0.00% | Actor Loss: 6.6675 | Entropy: 1.1632
Epoch [136/1000] | Sampled: 2086.19 | Baseline: 692.94 | Improvement: -1393.25 | Win Rate: 0.00% | Actor Loss: -1.9639 | Entropy: 1.3366
Epoch [137/1000] | Sampled: 2067.62 | Baseline: 687.69 | Improvement: -1379.94 | Win Rate: 0.00% | Actor Loss: -3.2326 | Entropy: 1.3823
Epoch [138/1000] | Sampled: 2058.12 | Baseline: 675.06 | Improvement: -1383.06 | Win Rate: 0.00% | Actor Loss: 0.3405 | Entropy: 1.3764
Epoch [139/1000] | Sampled: 2080.31 | Baseline: 696.94 | Improvement: -1383.38 | Win Rate: 0.00% | Actor Loss: -0.8377 | Entropy: 1.3474
Epoch [140/1000] | Sampled: 2047.69 | Baseline: 700.38 | Improvement: -1347.31 | Win Rate: 0.00% | Actor Loss: 4.8069 | Entropy: 1.4264
Epoch [141/1000] | Sampled: 1944.56 | Baseline: 690.31 | Improvement: -1254.25 | Win Rate: 0.00% | Actor Loss: 6.5887 | Entropy: 1.3920
Epoch [142/1000] | Sampled: 2013.31 | Baseline: 690.50 | Improvement: -1322.81 | Win Rate: 0.00% | Actor Loss: 4.6558 | Entropy: 1.2783
Epoch [143/1000] | Sampled: 2030.94 | Baseline: 708.62 | Improvement: -1322.31 | Win Rate: 0.00% | Actor Loss: 6.4898 | Entropy: 1.3445
Epoch [144/1000] | Sampled: 1910.75 | Baseline: 692.50 | Improvement: -1218.25 | Win Rate: 0.00% | Actor Loss: 10.9195 | Entropy: 1.4982
Epoch [145/1000] | Sampled: 1804.25 | Baseline: 687.56 | Improvement: -1116.69 | Win Rate: 0.00% | Actor Loss: 8.3830 | Entropy: 1.5877
Epoch [146/1000] | Sampled: 2012.69 | Baseline: 690.69 | Improvement: -1322.00 | Win Rate: 0.00% | Actor Loss: 12.6400 | Entropy: 1.4116
Epoch [147/1000] | Sampled: 1947.81 | Baseline: 693.44 | Improvement: -1254.38 | Win Rate: 0.00% | Actor Loss: 11.6129 | Entropy: 1.5455
Epoch [148/1000] | Sampled: 1917.44 | Baseline: 683.50 | Improvement: -1233.94 | Win Rate: 0.00% | Actor Loss: 11.9665 | Entropy: 1.5664
Epoch [149/1000] | Sampled: 2073.75 | Baseline: 703.50 | Improvement: -1370.25 | Win Rate: 0.00% | Actor Loss: 14.1241 | Entropy: 1.4542
Epoch [150/1000] | Sampled: 2032.19 | Baseline: 706.12 | Improvement: -1326.06 | Win Rate: 0.00% | Actor Loss: 10.1803 | Entropy: 1.4520
Epoch [151/1000] | Sampled: 2004.12 | Baseline: 683.12 | Improvement: -1321.00 | Win Rate: 0.00% | Actor Loss: 10.6461 | Entropy: 1.4637
Epoch [152/1000] | Sampled: 2047.50 | Baseline: 683.94 | Improvement: -1363.56 | Win Rate: 0.00% | Actor Loss: 12.4868 | Entropy: 1.3147
Epoch [153/1000] | Sampled: 2047.12 | Baseline: 694.31 | Improvement: -1352.81 | Win Rate: 0.00% | Actor Loss: 6.7907 | Entropy: 1.3999
Epoch [154/1000] | Sampled: 2001.12 | Baseline: 683.56 | Improvement: -1317.56 | Win Rate: 0.00% | Actor Loss: 9.5792 | Entropy: 1.3664
Epoch [155/1000] | Sampled: 2023.25 | Baseline: 690.75 | Improvement: -1332.50 | Win Rate: 0.00% | Actor Loss: 9.2843 | Entropy: 1.2935
Epoch [156/1000] | Sampled: 2039.06 | Baseline: 690.19 | Improvement: -1348.88 | Win Rate: 0.00% | Actor Loss: 7.5829 | Entropy: 1.2953
Epoch [157/1000] | Sampled: 2056.69 | Baseline: 684.56 | Improvement: -1372.12 | Win Rate: 0.00% | Actor Loss: 5.5031 | Entropy: 1.2282
Epoch [158/1000] | Sampled: 1998.75 | Baseline: 693.19 | Improvement: -1305.56 | Win Rate: 0.00% | Actor Loss: 8.4759 | Entropy: 1.3264
Epoch [159/1000] | Sampled: 2020.12 | Baseline: 681.50 | Improvement: -1338.62 | Win Rate: 0.00% | Actor Loss: 9.7447 | Entropy: 1.2261
Epoch [160/1000] | Sampled: 1985.19 | Baseline: 685.38 | Improvement: -1299.81 | Win Rate: 0.00% | Actor Loss: 6.6724 | Entropy: 1.3034
Epoch [161/1000] | Sampled: 1924.81 | Baseline: 679.00 | Improvement: -1245.81 | Win Rate: 0.00% | Actor Loss: 7.1208 | Entropy: 1.3191
Epoch [162/1000] | Sampled: 1930.50 | Baseline: 698.81 | Improvement: -1231.69 | Win Rate: 0.00% | Actor Loss: 5.4984 | Entropy: 1.2923
Epoch [163/1000] | Sampled: 2077.75 | Baseline: 704.50 | Improvement: -1373.25 | Win Rate: 0.00% | Actor Loss: 7.3946 | Entropy: 1.1600
Epoch [164/1000] | Sampled: 2059.88 | Baseline: 674.25 | Improvement: -1385.62 | Win Rate: 0.00% | Actor Loss: 6.3102 | Entropy: 1.1507
Epoch [165/1000] | Sampled: 2047.38 | Baseline: 687.94 | Improvement: -1359.44 | Win Rate: 0.00% | Actor Loss: 4.0487 | Entropy: 1.1952
Epoch [166/1000] | Sampled: 2026.81 | Baseline: 679.25 | Improvement: -1347.56 | Win Rate: 0.00% | Actor Loss: 5.2849 | Entropy: 1.2836
Epoch [167/1000] | Sampled: 2082.75 | Baseline: 680.44 | Improvement: -1402.31 | Win Rate: 0.00% | Actor Loss: 7.5506 | Entropy: 1.2765
Epoch [168/1000] | Sampled: 2073.31 | Baseline: 696.38 | Improvement: -1376.94 | Win Rate: 0.00% | Actor Loss: 5.6350 | Entropy: 1.3770
Epoch [169/1000] | Sampled: 2067.31 | Baseline: 682.88 | Improvement: -1384.44 | Win Rate: 0.00% | Actor Loss: 7.6635 | Entropy: 1.3847
Epoch [170/1000] | Sampled: 2072.62 | Baseline: 683.19 | Improvement: -1389.44 | Win Rate: 0.00% | Actor Loss: 5.4554 | Entropy: 1.2673
Epoch [171/1000] | Sampled: 2052.44 | Baseline: 688.62 | Improvement: -1363.81 | Win Rate: 0.00% | Actor Loss: 4.1529 | Entropy: 1.3496
Epoch [172/1000] | Sampled: 2101.25 | Baseline: 682.88 | Improvement: -1418.38 | Win Rate: 0.00% | Actor Loss: 7.5112 | Entropy: 1.2758
Epoch [173/1000] | Sampled: 2083.31 | Baseline: 690.50 | Improvement: -1392.81 | Win Rate: 0.00% | Actor Loss: 9.0173 | Entropy: 1.3083
Epoch [174/1000] | Sampled: 2108.19 | Baseline: 700.19 | Improvement: -1408.00 | Win Rate: 0.00% | Actor Loss: 6.2671 | Entropy: 1.2363
Epoch [175/1000] | Sampled: 2082.75 | Baseline: 681.81 | Improvement: -1400.94 | Win Rate: 0.00% | Actor Loss: 7.6398 | Entropy: 1.1886
Epoch [176/1000] | Sampled: 2095.25 | Baseline: 678.75 | Improvement: -1416.50 | Win Rate: 0.00% | Actor Loss: 7.1747 | Entropy: 1.2117
Epoch [177/1000] | Sampled: 2071.69 | Baseline: 686.56 | Improvement: -1385.12 | Win Rate: 0.00% | Actor Loss: 4.6904 | Entropy: 1.2644
Epoch [178/1000] | Sampled: 2049.00 | Baseline: 683.19 | Improvement: -1365.81 | Win Rate: 0.00% | Actor Loss: 5.1464 | Entropy: 1.1670
Epoch [179/1000] | Sampled: 2061.19 | Baseline: 693.44 | Improvement: -1367.75 | Win Rate: 0.00% | Actor Loss: 5.1041 | Entropy: 1.1769
Epoch [180/1000] | Sampled: 2078.69 | Baseline: 684.31 | Improvement: -1394.38 | Win Rate: 0.00% | Actor Loss: 4.2832 | Entropy: 1.2043
Epoch [181/1000] | Sampled: 2078.19 | Baseline: 695.94 | Improvement: -1382.25 | Win Rate: 0.00% | Actor Loss: 8.4322 | Entropy: 1.3245
Epoch [182/1000] | Sampled: 2079.94 | Baseline: 693.00 | Improvement: -1386.94 | Win Rate: 0.00% | Actor Loss: -3.2465 | Entropy: 2.0242
Epoch [183/1000] | Sampled: 2034.25 | Baseline: 673.50 | Improvement: -1360.75 | Win Rate: 0.00% | Actor Loss: -5.1073 | Entropy: 1.9517
Epoch [184/1000] | Sampled: 2095.94 | Baseline: 698.88 | Improvement: -1397.06 | Win Rate: 0.00% | Actor Loss: -2.7317 | Entropy: 1.8406
Epoch [185/1000] | Sampled: 2086.56 | Baseline: 698.81 | Improvement: -1387.75 | Win Rate: 0.00% | Actor Loss: 9.9563 | Entropy: 1.6097
Epoch [186/1000] | Sampled: 2064.94 | Baseline: 683.00 | Improvement: -1381.94 | Win Rate: 0.00% | Actor Loss: 6.5241 | Entropy: 1.2653
Epoch [187/1000] | Sampled: 2051.31 | Baseline: 679.56 | Improvement: -1371.75 | Win Rate: 0.00% | Actor Loss: 7.5647 | Entropy: 1.2447
Epoch [188/1000] | Sampled: 2057.94 | Baseline: 694.44 | Improvement: -1363.50 | Win Rate: 0.00% | Actor Loss: 9.2045 | Entropy: 1.2863
Epoch [189/1000] | Sampled: 2087.50 | Baseline: 680.56 | Improvement: -1406.94 | Win Rate: 0.00% | Actor Loss: 8.7518 | Entropy: 1.2988
Epoch [190/1000] | Sampled: 2056.19 | Baseline: 685.12 | Improvement: -1371.06 | Win Rate: 0.00% | Actor Loss: 9.9883 | Entropy: 1.3689
Epoch [191/1000] | Sampled: 2121.06 | Baseline: 696.44 | Improvement: -1424.62 | Win Rate: 0.00% | Actor Loss: 10.4194 | Entropy: 1.4605
Epoch [192/1000] | Sampled: 2074.56 | Baseline: 687.94 | Improvement: -1386.62 | Win Rate: 0.00% | Actor Loss: 8.8406 | Entropy: 1.4778
Epoch [193/1000] | Sampled: 2112.31 | Baseline: 716.06 | Improvement: -1396.25 | Win Rate: 0.00% | Actor Loss: 7.9816 | Entropy: 1.4999
Epoch [194/1000] | Sampled: 2089.50 | Baseline: 686.19 | Improvement: -1403.31 | Win Rate: 0.00% | Actor Loss: 5.4951 | Entropy: 1.5135
Epoch [195/1000] | Sampled: 2055.94 | Baseline: 693.81 | Improvement: -1362.12 | Win Rate: 0.00% | Actor Loss: 8.5312 | Entropy: 1.5480
Epoch [196/1000] | Sampled: 2121.19 | Baseline: 700.38 | Improvement: -1420.81 | Win Rate: 0.00% | Actor Loss: 4.2547 | Entropy: 1.4942
Epoch [197/1000] | Sampled: 2085.06 | Baseline: 684.62 | Improvement: -1400.44 | Win Rate: 0.00% | Actor Loss: 6.0822 | Entropy: 1.4060
Epoch [198/1000] | Sampled: 2071.75 | Baseline: 691.12 | Improvement: -1380.62 | Win Rate: 0.00% | Actor Loss: 6.2294 | Entropy: 1.1913
Epoch [199/1000] | Sampled: 2066.81 | Baseline: 691.25 | Improvement: -1375.56 | Win Rate: 0.00% | Actor Loss: 6.2081 | Entropy: 1.0860
Epoch [200/1000] | Sampled: 2100.31 | Baseline: 696.50 | Improvement: -1403.81 | Win Rate: 0.00% | Actor Loss: 7.8846 | Entropy: 1.0692
   -> Saved updated training chart to /home/wei/AMR-DFJSP/Static_alogorithm/Attention/attention_training_metrics.png
Epoch [201/1000] | Sampled: 2059.25 | Baseline: 688.94 | Improvement: -1370.31 | Win Rate: 0.00% | Actor Loss: 5.5695 | Entropy: 1.0813
Epoch [202/1000] | Sampled: 2107.25 | Baseline: 703.44 | Improvement: -1403.81 | Win Rate: 0.00% | Actor Loss: 5.6542 | Entropy: 1.1874
Epoch [203/1000] | Sampled: 2088.38 | Baseline: 676.75 | Improvement: -1411.62 | Win Rate: 0.00% | Actor Loss: 3.0825 | Entropy: 1.1010
Epoch [204/1000] | Sampled: 2108.69 | Baseline: 700.75 | Improvement: -1407.94 | Win Rate: 0.00% | Actor Loss: 2.3533 | Entropy: 1.1618
Epoch [205/1000] | Sampled: 2104.50 | Baseline: 709.50 | Improvement: -1395.00 | Win Rate: 0.00% | Actor Loss: 2.0231 | Entropy: 1.1402
Epoch [206/1000] | Sampled: 2071.44 | Baseline: 694.69 | Improvement: -1376.75 | Win Rate: 0.00% | Actor Loss: 7.4828 | Entropy: 1.1074
Epoch [207/1000] | Sampled: 2104.06 | Baseline: 692.06 | Improvement: -1412.00 | Win Rate: 0.00% | Actor Loss: 5.4253 | Entropy: 1.0962
Epoch [208/1000] | Sampled: 2073.62 | Baseline: 696.38 | Improvement: -1377.25 | Win Rate: 0.00% | Actor Loss: 6.3113 | Entropy: 1.0820
Epoch [209/1000] | Sampled: 2080.50 | Baseline: 680.56 | Improvement: -1399.94 | Win Rate: 0.00% | Actor Loss: 5.5388 | Entropy: 1.0849
Epoch [210/1000] | Sampled: 2067.31 | Baseline: 687.06 | Improvement: -1380.25 | Win Rate: 0.00% | Actor Loss: 6.6084 | Entropy: 1.1276
Epoch [211/1000] | Sampled: 2074.25 | Baseline: 696.25 | Improvement: -1378.00 | Win Rate: 0.00% | Actor Loss: 6.2431 | Entropy: 1.2541
Epoch [212/1000] | Sampled: 2096.75 | Baseline: 712.75 | Improvement: -1384.00 | Win Rate: 0.00% | Actor Loss: 7.9912 | Entropy: 1.2856
Epoch [213/1000] | Sampled: 2072.50 | Baseline: 697.56 | Improvement: -1374.94 | Win Rate: 0.00% | Actor Loss: 9.4649 | Entropy: 1.1824
Epoch [214/1000] | Sampled: 2090.81 | Baseline: 707.31 | Improvement: -1383.50 | Win Rate: 0.00% | Actor Loss: 10.3076 | Entropy: 1.1667
Epoch [215/1000] | Sampled: 2064.44 | Baseline: 686.19 | Improvement: -1378.25 | Win Rate: 0.00% | Actor Loss: 10.7770 | Entropy: 1.2222
Epoch [216/1000] | Sampled: 2091.50 | Baseline: 705.69 | Improvement: -1385.81 | Win Rate: 0.00% | Actor Loss: 6.8743 | Entropy: 1.1899
Epoch [217/1000] | Sampled: 2067.25 | Baseline: 706.25 | Improvement: -1361.00 | Win Rate: 0.00% | Actor Loss: 10.8551 | Entropy: 1.1673
Epoch [218/1000] | Sampled: 2082.88 | Baseline: 698.62 | Improvement: -1384.25 | Win Rate: 0.00% | Actor Loss: 5.8225 | Entropy: 1.1514
Epoch [219/1000] | Sampled: 2079.75 | Baseline: 696.88 | Improvement: -1382.88 | Win Rate: 0.00% | Actor Loss: 6.1316 | Entropy: 1.1418
Epoch [220/1000] | Sampled: 2105.00 | Baseline: 705.50 | Improvement: -1399.50 | Win Rate: 0.00% | Actor Loss: 7.1087 | Entropy: 1.1593
Epoch [221/1000] | Sampled: 2091.19 | Baseline: 700.62 | Improvement: -1390.56 | Win Rate: 0.00% | Actor Loss: 7.1769 | Entropy: 1.1689
Epoch [222/1000] | Sampled: 2083.38 | Baseline: 710.31 | Improvement: -1373.06 | Win Rate: 0.00% | Actor Loss: 2.5865 | Entropy: 1.2515
Epoch [223/1000] | Sampled: 2060.38 | Baseline: 693.19 | Improvement: -1367.19 | Win Rate: 0.00% | Actor Loss: 8.7645 | Entropy: 1.2311
Epoch [224/1000] | Sampled: 2107.44 | Baseline: 699.50 | Improvement: -1407.94 | Win Rate: 0.00% | Actor Loss: 7.3369 | Entropy: 1.1864
Epoch [225/1000] | Sampled: 2093.12 | Baseline: 707.56 | Improvement: -1385.56 | Win Rate: 0.00% | Actor Loss: 6.6613 | Entropy: 1.1974
Epoch [226/1000] | Sampled: 2073.50 | Baseline: 695.62 | Improvement: -1377.88 | Win Rate: 0.00% | Actor Loss: 5.8648 | Entropy: 1.1897
Epoch [227/1000] | Sampled: 2052.75 | Baseline: 681.75 | Improvement: -1371.00 | Win Rate: 0.00% | Actor Loss: 4.6286 | Entropy: 1.1611
Epoch [228/1000] | Sampled: 2036.50 | Baseline: 683.38 | Improvement: -1353.12 | Win Rate: 0.00% | Actor Loss: 6.3604 | Entropy: 1.1476
Epoch [229/1000] | Sampled: 2075.50 | Baseline: 696.56 | Improvement: -1378.94 | Win Rate: 0.00% | Actor Loss: 6.7295 | Entropy: 1.0933
Epoch [230/1000] | Sampled: 2071.69 | Baseline: 691.31 | Improvement: -1380.38 | Win Rate: 0.00% | Actor Loss: 7.1069 | Entropy: 1.1422
Epoch [231/1000] | Sampled: 2099.31 | Baseline: 697.25 | Improvement: -1402.06 | Win Rate: 0.00% | Actor Loss: 6.2077 | Entropy: 1.1350
Epoch [232/1000] | Sampled: 2089.19 | Baseline: 692.94 | Improvement: -1396.25 | Win Rate: 0.00% | Actor Loss: 5.1061 | Entropy: 1.1349
Epoch [233/1000] | Sampled: 2102.44 | Baseline: 689.25 | Improvement: -1413.19 | Win Rate: 0.00% | Actor Loss: 2.9623 | Entropy: 1.1129
Epoch [234/1000] | Sampled: 2084.31 | Baseline: 691.06 | Improvement: -1393.25 | Win Rate: 0.00% | Actor Loss: 7.1116 | Entropy: 1.1138
Epoch [235/1000] | Sampled: 2079.88 | Baseline: 698.50 | Improvement: -1381.38 | Win Rate: 0.00% | Actor Loss: 2.8787 | Entropy: 1.1458
Epoch [236/1000] | Sampled: 2089.38 | Baseline: 692.75 | Improvement: -1396.62 | Win Rate: 0.00% | Actor Loss: 4.1276 | Entropy: 1.1144
Epoch [237/1000] | Sampled: 2063.81 | Baseline: 683.75 | Improvement: -1380.06 | Win Rate: 0.00% | Actor Loss: 5.4669 | Entropy: 1.1562
Epoch [238/1000] | Sampled: 2071.19 | Baseline: 688.94 | Improvement: -1382.25 | Win Rate: 0.00% | Actor Loss: 3.0798 | Entropy: 1.1344
Epoch [239/1000] | Sampled: 2074.06 | Baseline: 684.25 | Improvement: -1389.81 | Win Rate: 0.00% | Actor Loss: 3.1361 | Entropy: 1.1124
Epoch [240/1000] | Sampled: 2085.00 | Baseline: 682.00 | Improvement: -1403.00 | Win Rate: 0.00% | Actor Loss: 0.3353 | Entropy: 1.1173
Epoch [241/1000] | Sampled: 2063.81 | Baseline: 692.69 | Improvement: -1371.12 | Win Rate: 0.00% | Actor Loss: 3.1427 | Entropy: 1.1105
Epoch [242/1000] | Sampled: 2077.19 | Baseline: 697.38 | Improvement: -1379.81 | Win Rate: 0.00% | Actor Loss: 1.3344 | Entropy: 1.1169
Epoch [243/1000] | Sampled: 2067.56 | Baseline: 694.88 | Improvement: -1372.69 | Win Rate: 0.00% | Actor Loss: 5.3119 | Entropy: 1.1440
Epoch [244/1000] | Sampled: 2101.75 | Baseline: 694.69 | Improvement: -1407.06 | Win Rate: 0.00% | Actor Loss: 1.4470 | Entropy: 1.1064
Epoch [245/1000] | Sampled: 2106.75 | Baseline: 701.50 | Improvement: -1405.25 | Win Rate: 0.00% | Actor Loss: 2.0082 | Entropy: 1.0938
Epoch [246/1000] | Sampled: 2085.75 | Baseline: 688.06 | Improvement: -1397.69 | Win Rate: 0.00% | Actor Loss: 2.7005 | Entropy: 1.1024
Epoch [247/1000] | Sampled: 2106.62 | Baseline: 694.81 | Improvement: -1411.81 | Win Rate: 0.00% | Actor Loss: 3.8517 | Entropy: 1.0750
Epoch [248/1000] | Sampled: 2104.56 | Baseline: 688.25 | Improvement: -1416.31 | Win Rate: 0.00% | Actor Loss: 2.7342 | Entropy: 1.0628
Epoch [249/1000] | Sampled: 2081.00 | Baseline: 688.88 | Improvement: -1392.12 | Win Rate: 0.00% | Actor Loss: 2.5081 | Entropy: 1.1039
Epoch [250/1000] | Sampled: 2065.38 | Baseline: 683.50 | Improvement: -1381.88 | Win Rate: 0.00% | Actor Loss: 4.2839 | Entropy: 1.1122
Epoch [251/1000] | Sampled: 2110.88 | Baseline: 695.94 | Improvement: -1414.94 | Win Rate: 0.00% | Actor Loss: 3.5937 | Entropy: 1.1013
Epoch [252/1000] | Sampled: 2066.00 | Baseline: 706.94 | Improvement: -1359.06 | Win Rate: 0.00% | Actor Loss: 6.7248 | Entropy: 1.1308
Epoch [253/1000] | Sampled: 2074.31 | Baseline: 691.56 | Improvement: -1382.75 | Win Rate: 0.00% | Actor Loss: 2.7031 | Entropy: 1.0988
Epoch [254/1000] | Sampled: 2109.94 | Baseline: 698.50 | Improvement: -1411.44 | Win Rate: 0.00% | Actor Loss: 3.8035 | Entropy: 1.0956
Epoch [255/1000] | Sampled: 2091.31 | Baseline: 701.31 | Improvement: -1390.00 | Win Rate: 0.00% | Actor Loss: 4.9034 | Entropy: 1.0828
Epoch [256/1000] | Sampled: 2094.12 | Baseline: 681.62 | Improvement: -1412.50 | Win Rate: 0.00% | Actor Loss: 4.6862 | Entropy: 1.0721
Epoch [257/1000] | Sampled: 2069.88 | Baseline: 687.62 | Improvement: -1382.25 | Win Rate: 0.00% | Actor Loss: 4.0916 | Entropy: 1.0988
Epoch [258/1000] | Sampled: 2096.31 | Baseline: 692.12 | Improvement: -1404.19 | Win Rate: 0.00% | Actor Loss: 7.0444 | Entropy: 1.0928
Epoch [259/1000] | Sampled: 2104.56 | Baseline: 699.31 | Improvement: -1405.25 | Win Rate: 0.00% | Actor Loss: 3.5036 | Entropy: 1.1001
Epoch [260/1000] | Sampled: 2088.31 | Baseline: 681.00 | Improvement: -1407.31 | Win Rate: 0.00% | Actor Loss: 0.2362 | Entropy: 1.1482
Epoch [261/1000] | Sampled: 2099.25 | Baseline: 691.19 | Improvement: -1408.06 | Win Rate: 0.00% | Actor Loss: -1.1393 | Entropy: 1.2499
Epoch [262/1000] | Sampled: 2110.62 | Baseline: 704.25 | Improvement: -1406.38 | Win Rate: 0.00% | Actor Loss: -3.9057 | Entropy: 1.3352
Epoch [263/1000] | Sampled: 2122.94 | Baseline: 706.88 | Improvement: -1416.06 | Win Rate: 0.00% | Actor Loss: -2.9234 | Entropy: 1.4126
Epoch [264/1000] | Sampled: 2081.44 | Baseline: 692.00 | Improvement: -1389.44 | Win Rate: 0.00% | Actor Loss: -2.1361 | Entropy: 1.4663
Epoch [265/1000] | Sampled: 2072.19 | Baseline: 669.81 | Improvement: -1402.38 | Win Rate: 0.00% | Actor Loss: 2.2625 | Entropy: 1.3419
Epoch [266/1000] | Sampled: 2085.19 | Baseline: 678.62 | Improvement: -1406.56 | Win Rate: 0.00% | Actor Loss: 3.6061 | Entropy: 1.2758
Epoch [267/1000] | Sampled: 2040.75 | Baseline: 677.69 | Improvement: -1363.06 | Win Rate: 0.00% | Actor Loss: 0.6356 | Entropy: 1.3381
Epoch [268/1000] | Sampled: 2068.62 | Baseline: 686.06 | Improvement: -1382.56 | Win Rate: 0.00% | Actor Loss: 4.8472 | Entropy: 1.1775
Epoch [269/1000] | Sampled: 2073.25 | Baseline: 686.00 | Improvement: -1387.25 | Win Rate: 0.00% | Actor Loss: 4.9649 | Entropy: 1.1470
Epoch [270/1000] | Sampled: 2103.00 | Baseline: 683.81 | Improvement: -1419.19 | Win Rate: 0.00% | Actor Loss: 6.6004 | Entropy: 1.1281
Epoch [271/1000] | Sampled: 2083.06 | Baseline: 699.56 | Improvement: -1383.50 | Win Rate: 0.00% | Actor Loss: 6.3133 | Entropy: 1.1061
Epoch [272/1000] | Sampled: 2093.06 | Baseline: 689.56 | Improvement: -1403.50 | Win Rate: 0.00% | Actor Loss: 6.2952 | Entropy: 1.1020
Epoch [273/1000] | Sampled: 2048.56 | Baseline: 694.38 | Improvement: -1354.19 | Win Rate: 0.00% | Actor Loss: 7.6390 | Entropy: 1.1734
Epoch [274/1000] | Sampled: 2059.94 | Baseline: 672.25 | Improvement: -1387.69 | Win Rate: 0.00% | Actor Loss: 4.3915 | Entropy: 1.1011
Epoch [275/1000] | Sampled: 2086.75 | Baseline: 702.00 | Improvement: -1384.75 | Win Rate: 0.00% | Actor Loss: 9.3049 | Entropy: 1.1284
Epoch [276/1000] | Sampled: 2095.44 | Baseline: 693.06 | Improvement: -1402.38 | Win Rate: 0.00% | Actor Loss: 5.4017 | Entropy: 1.1025
Epoch [277/1000] | Sampled: 2071.19 | Baseline: 686.69 | Improvement: -1384.50 | Win Rate: 0.00% | Actor Loss: 5.4127 | Entropy: 1.1209
Epoch [278/1000] | Sampled: 2084.75 | Baseline: 699.69 | Improvement: -1385.06 | Win Rate: 0.00% | Actor Loss: 7.7276 | Entropy: 1.1314
Epoch [279/1000] | Sampled: 2094.69 | Baseline: 706.31 | Improvement: -1388.38 | Win Rate: 0.00% | Actor Loss: 7.3203 | Entropy: 1.1802
Epoch [280/1000] | Sampled: 2066.50 | Baseline: 681.00 | Improvement: -1385.50 | Win Rate: 0.00% | Actor Loss: 5.7521 | Entropy: 1.2102
Epoch [281/1000] | Sampled: 2109.19 | Baseline: 696.81 | Improvement: -1412.38 | Win Rate: 0.00% | Actor Loss: 3.1917 | Entropy: 1.2016
Epoch [282/1000] | Sampled: 2057.38 | Baseline: 683.44 | Improvement: -1373.94 | Win Rate: 0.00% | Actor Loss: 1.7336 | Entropy: 1.1352
Epoch [283/1000] | Sampled: 2068.12 | Baseline: 695.75 | Improvement: -1372.38 | Win Rate: 0.00% | Actor Loss: 4.5341 | Entropy: 1.1099
Epoch [284/1000] | Sampled: 2095.75 | Baseline: 692.75 | Improvement: -1403.00 | Win Rate: 0.00% | Actor Loss: 2.7000 | Entropy: 1.0936
Epoch [285/1000] | Sampled: 2075.06 | Baseline: 698.88 | Improvement: -1376.19 | Win Rate: 0.00% | Actor Loss: -0.1778 | Entropy: 1.0960
Epoch [286/1000] | Sampled: 2106.94 | Baseline: 701.31 | Improvement: -1405.62 | Win Rate: 0.00% | Actor Loss: 4.0467 | Entropy: 1.1223
Epoch [287/1000] | Sampled: 2131.94 | Baseline: 695.12 | Improvement: -1436.81 | Win Rate: 0.00% | Actor Loss: 0.6123 | Entropy: 1.0945
Epoch [288/1000] | Sampled: 2087.88 | Baseline: 693.31 | Improvement: -1394.56 | Win Rate: 0.00% | Actor Loss: 3.1995 | Entropy: 1.1345
Epoch [289/1000] | Sampled: 2085.19 | Baseline: 690.00 | Improvement: -1395.19 | Win Rate: 0.00% | Actor Loss: 0.6251 | Entropy: 1.0963
Epoch [290/1000] | Sampled: 2090.88 | Baseline: 686.12 | Improvement: -1404.75 | Win Rate: 0.00% | Actor Loss: 0.6085 | Entropy: 1.0343
Epoch [291/1000] | Sampled: 2126.31 | Baseline: 694.50 | Improvement: -1431.81 | Win Rate: 0.00% | Actor Loss: 1.1299 | Entropy: 1.0497
Epoch [292/1000] | Sampled: 2069.38 | Baseline: 677.06 | Improvement: -1392.31 | Win Rate: 0.00% | Actor Loss: 2.0793 | Entropy: 1.0823
Epoch [293/1000] | Sampled: 2097.62 | Baseline: 693.94 | Improvement: -1403.69 | Win Rate: 0.00% | Actor Loss: -0.1504 | Entropy: 1.0547
Epoch [294/1000] | Sampled: 2065.94 | Baseline: 699.44 | Improvement: -1366.50 | Win Rate: 0.00% | Actor Loss: 4.8646 | Entropy: 1.0643
Epoch [295/1000] | Sampled: 2083.75 | Baseline: 688.19 | Improvement: -1395.56 | Win Rate: 0.00% | Actor Loss: -0.1295 | Entropy: 1.0578
Epoch [296/1000] | Sampled: 2045.88 | Baseline: 680.00 | Improvement: -1365.88 | Win Rate: 0.00% | Actor Loss: 1.5411 | Entropy: 1.0450
Epoch [297/1000] | Sampled: 2120.31 | Baseline: 705.25 | Improvement: -1415.06 | Win Rate: 0.00% | Actor Loss: -1.8509 | Entropy: 1.1043
Epoch [298/1000] | Sampled: 2117.44 | Baseline: 688.44 | Improvement: -1429.00 | Win Rate: 0.00% | Actor Loss: -1.5637 | Entropy: 1.0422
Epoch [299/1000] | Sampled: 2112.88 | Baseline: 694.75 | Improvement: -1418.12 | Win Rate: 0.00% | Actor Loss: -2.6336 | Entropy: 1.1004
Epoch [300/1000] | Sampled: 2080.44 | Baseline: 691.31 | Improvement: -1389.12 | Win Rate: 0.00% | Actor Loss: -1.6520 | Entropy: 1.1119
   -> Saved updated training chart to /home/wei/AMR-DFJSP/Static_alogorithm/Attention/attention_training_metrics.png
Epoch [301/1000] | Sampled: 2062.50 | Baseline: 692.50 | Improvement: -1370.00 | Win Rate: 0.00% | Actor Loss: -4.4374 | Entropy: 1.1463
Epoch [302/1000] | Sampled: 2044.75 | Baseline: 676.94 | Improvement: -1367.81 | Win Rate: 0.00% | Actor Loss: -3.6274 | Entropy: 1.1063
Epoch [303/1000] | Sampled: 2056.25 | Baseline: 683.06 | Improvement: -1373.19 | Win Rate: 0.00% | Actor Loss: -2.5741 | Entropy: 1.0745
Epoch [304/1000] | Sampled: 2091.50 | Baseline: 702.38 | Improvement: -1389.12 | Win Rate: 0.00% | Actor Loss: 0.4472 | Entropy: 1.0603
Epoch [305/1000] | Sampled: 2093.88 | Baseline: 697.19 | Improvement: -1396.69 | Win Rate: 0.00% | Actor Loss: -2.1118 | Entropy: 1.0495
Epoch [306/1000] | Sampled: 2079.81 | Baseline: 695.44 | Improvement: -1384.38 | Win Rate: 0.00% | Actor Loss: -0.1847 | Entropy: 1.0400
Epoch [307/1000] | Sampled: 2074.06 | Baseline: 696.69 | Improvement: -1377.38 | Win Rate: 0.00% | Actor Loss: -1.2304 | Entropy: 1.0984
Epoch [308/1000] | Sampled: 2096.62 | Baseline: 695.25 | Improvement: -1401.38 | Win Rate: 0.00% | Actor Loss: 0.8442 | Entropy: 1.0853
Epoch [309/1000] | Sampled: 2083.62 | Baseline: 692.25 | Improvement: -1391.38 | Win Rate: 0.00% | Actor Loss: 2.3716 | Entropy: 1.0786
Epoch [310/1000] | Sampled: 2085.56 | Baseline: 681.88 | Improvement: -1403.69 | Win Rate: 0.00% | Actor Loss: -2.2563 | Entropy: 1.0918
Epoch [311/1000] | Sampled: 2074.56 | Baseline: 678.69 | Improvement: -1395.88 | Win Rate: 0.00% | Actor Loss: -2.5089 | Entropy: 1.1153
Epoch [312/1000] | Sampled: 2102.62 | Baseline: 704.19 | Improvement: -1398.44 | Win Rate: 0.00% | Actor Loss: -3.3241 | Entropy: 1.1617
Epoch [313/1000] | Sampled: 2062.62 | Baseline: 682.31 | Improvement: -1380.31 | Win Rate: 0.00% | Actor Loss: -4.6492 | Entropy: 1.1225
Epoch [314/1000] | Sampled: 2026.56 | Baseline: 695.81 | Improvement: -1330.75 | Win Rate: 0.00% | Actor Loss: -2.5279 | Entropy: 1.1538
Epoch [315/1000] | Sampled: 2090.81 | Baseline: 696.62 | Improvement: -1394.19 | Win Rate: 0.00% | Actor Loss: -2.6783 | Entropy: 1.1356
Epoch [316/1000] | Sampled: 2082.81 | Baseline: 683.19 | Improvement: -1399.62 | Win Rate: 0.00% | Actor Loss: -1.9707 | Entropy: 1.1266
Epoch [317/1000] | Sampled: 2060.81 | Baseline: 689.62 | Improvement: -1371.19 | Win Rate: 0.00% | Actor Loss: -2.7957 | Entropy: 1.1340
Epoch [318/1000] | Sampled: 2082.69 | Baseline: 679.69 | Improvement: -1403.00 | Win Rate: 0.00% | Actor Loss: -5.0992 | Entropy: 1.1844
Epoch [319/1000] | Sampled: 2061.75 | Baseline: 695.75 | Improvement: -1366.00 | Win Rate: 0.00% | Actor Loss: -2.8778 | Entropy: 1.1913
Epoch [320/1000] | Sampled: 2092.75 | Baseline: 698.19 | Improvement: -1394.56 | Win Rate: 0.00% | Actor Loss: -2.1475 | Entropy: 1.2030
Epoch [321/1000] | Sampled: 2085.69 | Baseline: 682.88 | Improvement: -1402.81 | Win Rate: 0.00% | Actor Loss: -3.3037 | Entropy: 1.1947
Epoch [322/1000] | Sampled: 2097.38 | Baseline: 691.94 | Improvement: -1405.44 | Win Rate: 0.00% | Actor Loss: -0.1242 | Entropy: 1.2347
Epoch [323/1000] | Sampled: 2057.31 | Baseline: 688.06 | Improvement: -1369.25 | Win Rate: 0.00% | Actor Loss: 3.4944 | Entropy: 1.2572
Epoch [324/1000] | Sampled: 2049.19 | Baseline: 678.94 | Improvement: -1370.25 | Win Rate: 0.00% | Actor Loss: -4.8145 | Entropy: 1.2071
Epoch [325/1000] | Sampled: 2067.00 | Baseline: 696.81 | Improvement: -1370.19 | Win Rate: 0.00% | Actor Loss: -2.9482 | Entropy: 1.2159
Epoch [326/1000] | Sampled: 2095.31 | Baseline: 699.00 | Improvement: -1396.31 | Win Rate: 0.00% | Actor Loss: -2.2226 | Entropy: 1.2557
Epoch [327/1000] | Sampled: 2068.06 | Baseline: 674.56 | Improvement: -1393.50 | Win Rate: 0.00% | Actor Loss: -0.8256 | Entropy: 1.2211
Epoch [328/1000] | Sampled: 2038.81 | Baseline: 674.06 | Improvement: -1364.75 | Win Rate: 0.00% | Actor Loss: -4.2810 | Entropy: 1.2314
Epoch [329/1000] | Sampled: 2101.44 | Baseline: 682.69 | Improvement: -1418.75 | Win Rate: 0.00% | Actor Loss: -1.7594 | Entropy: 1.2733
Epoch [330/1000] | Sampled: 2082.12 | Baseline: 690.12 | Improvement: -1392.00 | Win Rate: 0.00% | Actor Loss: -2.8410 | Entropy: 1.2490
Epoch [331/1000] | Sampled: 2071.38 | Baseline: 681.75 | Improvement: -1389.62 | Win Rate: 0.00% | Actor Loss: 0.2982 | Entropy: 1.2758
Epoch [332/1000] | Sampled: 2083.06 | Baseline: 689.00 | Improvement: -1394.06 | Win Rate: 0.00% | Actor Loss: -3.1956 | Entropy: 1.2766
Epoch [333/1000] | Sampled: 2064.44 | Baseline: 690.56 | Improvement: -1373.88 | Win Rate: 0.00% | Actor Loss: -2.4014 | Entropy: 1.2920
Epoch [334/1000] | Sampled: 2069.38 | Baseline: 676.81 | Improvement: -1392.56 | Win Rate: 0.00% | Actor Loss: -2.2449 | Entropy: 1.2723
Epoch [335/1000] | Sampled: 2100.00 | Baseline: 682.94 | Improvement: -1417.06 | Win Rate: 0.00% | Actor Loss: -3.6105 | Entropy: 1.3162
Epoch [336/1000] | Sampled: 2083.25 | Baseline: 688.50 | Improvement: -1394.75 | Win Rate: 0.00% | Actor Loss: -7.2429 | Entropy: 1.2734
Epoch [337/1000] | Sampled: 2097.50 | Baseline: 695.88 | Improvement: -1401.62 | Win Rate: 0.00% | Actor Loss: -2.3212 | Entropy: 1.3091
Epoch [338/1000] | Sampled: 2081.75 | Baseline: 690.81 | Improvement: -1390.94 | Win Rate: 0.00% | Actor Loss: -6.2855 | Entropy: 1.3258
Epoch [339/1000] | Sampled: 2112.06 | Baseline: 699.25 | Improvement: -1412.81 | Win Rate: 0.00% | Actor Loss: 1.2773 | Entropy: 1.2968
Epoch [340/1000] | Sampled: 2112.88 | Baseline: 688.25 | Improvement: -1424.62 | Win Rate: 0.00% | Actor Loss: 1.6072 | Entropy: 1.3022
Epoch [341/1000] | Sampled: 2075.69 | Baseline: 697.44 | Improvement: -1378.25 | Win Rate: 0.00% | Actor Loss: -10.9507 | Entropy: 1.3256
Epoch [342/1000] | Sampled: 2106.62 | Baseline: 699.12 | Improvement: -1407.50 | Win Rate: 0.00% | Actor Loss: -3.6493 | Entropy: 1.3906
Epoch [343/1000] | Sampled: 2058.56 | Baseline: 683.00 | Improvement: -1375.56 | Win Rate: 0.00% | Actor Loss: -6.5556 | Entropy: 1.3608
Epoch [344/1000] | Sampled: 2066.62 | Baseline: 673.19 | Improvement: -1393.44 | Win Rate: 0.00% | Actor Loss: -4.6988 | Entropy: 1.3269
Epoch [345/1000] | Sampled: 2100.75 | Baseline: 689.12 | Improvement: -1411.62 | Win Rate: 0.00% | Actor Loss: -3.1046 | Entropy: 1.3458
Epoch [346/1000] | Sampled: 2087.38 | Baseline: 703.88 | Improvement: -1383.50 | Win Rate: 0.00% | Actor Loss: -6.1502 | Entropy: 1.3547
Epoch [347/1000] | Sampled: 2113.44 | Baseline: 685.44 | Improvement: -1428.00 | Win Rate: 0.00% | Actor Loss: -5.1200 | Entropy: 1.2875
Epoch [348/1000] | Sampled: 2118.19 | Baseline: 690.12 | Improvement: -1428.06 | Win Rate: 0.00% | Actor Loss: -2.8968 | Entropy: 1.3032
Epoch [349/1000] | Sampled: 2082.12 | Baseline: 673.25 | Improvement: -1408.88 | Win Rate: 0.00% | Actor Loss: -12.2609 | Entropy: 1.3055
Epoch [350/1000] | Sampled: 2084.56 | Baseline: 702.19 | Improvement: -1382.38 | Win Rate: 0.00% | Actor Loss: -6.1574 | Entropy: 1.3353
Epoch [351/1000] | Sampled: 2068.31 | Baseline: 684.25 | Improvement: -1384.06 | Win Rate: 0.00% | Actor Loss: -3.9070 | Entropy: 1.3458
Epoch [352/1000] | Sampled: 2065.81 | Baseline: 692.25 | Improvement: -1373.56 | Win Rate: 0.00% | Actor Loss: -4.1945 | Entropy: 1.3258
Epoch [353/1000] | Sampled: 2094.88 | Baseline: 688.50 | Improvement: -1406.38 | Win Rate: 0.00% | Actor Loss: -5.7109 | Entropy: 1.3491
Epoch [354/1000] | Sampled: 2094.31 | Baseline: 691.25 | Improvement: -1403.06 | Win Rate: 0.00% | Actor Loss: -7.5573 | Entropy: 1.3403
Epoch [355/1000] | Sampled: 2062.56 | Baseline: 676.94 | Improvement: -1385.62 | Win Rate: 0.00% | Actor Loss: -5.2192 | Entropy: 1.3256
Epoch [356/1000] | Sampled: 2093.25 | Baseline: 685.69 | Improvement: -1407.56 | Win Rate: 0.00% | Actor Loss: -5.6176 | Entropy: 1.3387
Epoch [357/1000] | Sampled: 2049.06 | Baseline: 686.81 | Improvement: -1362.25 | Win Rate: 0.00% | Actor Loss: -4.5227 | Entropy: 1.3690
Epoch [358/1000] | Sampled: 2075.38 | Baseline: 700.44 | Improvement: -1374.94 | Win Rate: 0.00% | Actor Loss: -7.0284 | Entropy: 1.3753
Epoch [359/1000] | Sampled: 2094.12 | Baseline: 685.69 | Improvement: -1408.44 | Win Rate: 0.00% | Actor Loss: -5.4129 | Entropy: 1.3618
Epoch [360/1000] | Sampled: 2086.19 | Baseline: 683.56 | Improvement: -1402.62 | Win Rate: 0.00% | Actor Loss: -8.6619 | Entropy: 1.3691
Epoch [361/1000] | Sampled: 2098.75 | Baseline: 695.56 | Improvement: -1403.19 | Win Rate: 0.00% | Actor Loss: -6.4649 | Entropy: 1.3847
Epoch [362/1000] | Sampled: 2069.38 | Baseline: 688.88 | Improvement: -1380.50 | Win Rate: 0.00% | Actor Loss: -7.4805 | Entropy: 1.3820
Epoch [363/1000] | Sampled: 2107.12 | Baseline: 695.31 | Improvement: -1411.81 | Win Rate: 0.00% | Actor Loss: -5.7988 | Entropy: 1.3255
Epoch [364/1000] | Sampled: 2071.81 | Baseline: 677.06 | Improvement: -1394.75 | Win Rate: 0.00% | Actor Loss: -7.7829 | Entropy: 1.3490
Epoch [365/1000] | Sampled: 2077.50 | Baseline: 683.94 | Improvement: -1393.56 | Win Rate: 0.00% | Actor Loss: -7.6596 | Entropy: 1.3723
Epoch [366/1000] | Sampled: 2037.31 | Baseline: 682.31 | Improvement: -1355.00 | Win Rate: 0.00% | Actor Loss: -5.3947 | Entropy: 1.3711
Epoch [367/1000] | Sampled: 2095.31 | Baseline: 699.31 | Improvement: -1396.00 | Win Rate: 0.00% | Actor Loss: -8.4766 | Entropy: 1.3702
Epoch [368/1000] | Sampled: 2109.12 | Baseline: 690.19 | Improvement: -1418.94 | Win Rate: 0.00% | Actor Loss: -6.2743 | Entropy: 1.3176
Epoch [369/1000] | Sampled: 2116.94 | Baseline: 701.62 | Improvement: -1415.31 | Win Rate: 0.00% | Actor Loss: -4.8950 | Entropy: 1.3216
Epoch [370/1000] | Sampled: 2068.06 | Baseline: 695.81 | Improvement: -1372.25 | Win Rate: 0.00% | Actor Loss: -6.4242 | Entropy: 1.3092
Epoch [371/1000] | Sampled: 2060.81 | Baseline: 688.88 | Improvement: -1371.94 | Win Rate: 0.00% | Actor Loss: -4.2392 | Entropy: 1.2637
Epoch [372/1000] | Sampled: 2113.25 | Baseline: 700.94 | Improvement: -1412.31 | Win Rate: 0.00% | Actor Loss: -9.4121 | Entropy: 1.2779
Epoch [373/1000] | Sampled: 2089.12 | Baseline: 696.38 | Improvement: -1392.75 | Win Rate: 0.00% | Actor Loss: -6.4547 | Entropy: 1.2842
Epoch [374/1000] | Sampled: 2092.88 | Baseline: 696.50 | Improvement: -1396.38 | Win Rate: 0.00% | Actor Loss: -7.5955 | Entropy: 1.2361
Epoch [375/1000] | Sampled: 2081.25 | Baseline: 690.75 | Improvement: -1390.50 | Win Rate: 0.00% | Actor Loss: -10.1552 | Entropy: 1.2857
Epoch [376/1000] | Sampled: 2063.62 | Baseline: 700.62 | Improvement: -1363.00 | Win Rate: 0.00% | Actor Loss: -6.4577 | Entropy: 1.2899
Epoch [377/1000] | Sampled: 2094.44 | Baseline: 693.44 | Improvement: -1401.00 | Win Rate: 0.00% | Actor Loss: -7.3945 | Entropy: 1.2674
Epoch [378/1000] | Sampled: 2072.56 | Baseline: 684.94 | Improvement: -1387.62 | Win Rate: 0.00% | Actor Loss: -4.2539 | Entropy: 1.3254
Epoch [379/1000] | Sampled: 2082.12 | Baseline: 691.94 | Improvement: -1390.19 | Win Rate: 0.00% | Actor Loss: -9.0715 | Entropy: 1.2954
Epoch [380/1000] | Sampled: 2071.19 | Baseline: 692.75 | Improvement: -1378.44 | Win Rate: 0.00% | Actor Loss: -7.5260 | Entropy: 1.3149
Epoch [381/1000] | Sampled: 2084.25 | Baseline: 697.50 | Improvement: -1386.75 | Win Rate: 0.00% | Actor Loss: -0.7159 | Entropy: 1.3207
Epoch [382/1000] | Sampled: 2043.94 | Baseline: 679.38 | Improvement: -1364.56 | Win Rate: 0.00% | Actor Loss: -5.1618 | Entropy: 1.2918
Epoch [383/1000] | Sampled: 2093.25 | Baseline: 700.94 | Improvement: -1392.31 | Win Rate: 0.00% | Actor Loss: -4.3993 | Entropy: 1.3118
Epoch [384/1000] | Sampled: 2096.44 | Baseline: 691.94 | Improvement: -1404.50 | Win Rate: 0.00% | Actor Loss: -4.1582 | Entropy: 1.2965
Epoch [385/1000] | Sampled: 2089.38 | Baseline: 701.81 | Improvement: -1387.56 | Win Rate: 0.00% | Actor Loss: -4.7353 | Entropy: 1.3066
Epoch [386/1000] | Sampled: 2080.44 | Baseline: 672.31 | Improvement: -1408.12 | Win Rate: 0.00% | Actor Loss: -8.2570 | Entropy: 1.2844
Epoch [387/1000] | Sampled: 2087.62 | Baseline: 685.06 | Improvement: -1402.56 | Win Rate: 0.00% | Actor Loss: -4.0279 | Entropy: 1.2853
Epoch [388/1000] | Sampled: 2063.50 | Baseline: 686.69 | Improvement: -1376.81 | Win Rate: 0.00% | Actor Loss: -4.3341 | Entropy: 1.3119
Epoch [389/1000] | Sampled: 2102.44 | Baseline: 690.25 | Improvement: -1412.19 | Win Rate: 0.00% | Actor Loss: -3.7011 | Entropy: 1.3277
Epoch [390/1000] | Sampled: 2071.94 | Baseline: 686.19 | Improvement: -1385.75 | Win Rate: 0.00% | Actor Loss: -2.2102 | Entropy: 1.3560
Epoch [391/1000] | Sampled: 2083.06 | Baseline: 699.44 | Improvement: -1383.62 | Win Rate: 0.00% | Actor Loss: -6.8505 | Entropy: 1.3024
Epoch [392/1000] | Sampled: 2087.38 | Baseline: 675.50 | Improvement: -1411.88 | Win Rate: 0.00% | Actor Loss: -4.6003 | Entropy: 1.3394
Epoch [393/1000] | Sampled: 2090.44 | Baseline: 679.00 | Improvement: -1411.44 | Win Rate: 0.00% | Actor Loss: -8.9037 | Entropy: 1.3688
Epoch [394/1000] | Sampled: 2096.75 | Baseline: 694.00 | Improvement: -1402.75 | Win Rate: 0.00% | Actor Loss: -2.6719 | Entropy: 1.3339
Epoch [395/1000] | Sampled: 2099.25 | Baseline: 704.88 | Improvement: -1394.38 | Win Rate: 0.00% | Actor Loss: -5.9836 | Entropy: 1.3654
Epoch [396/1000] | Sampled: 2101.62 | Baseline: 708.19 | Improvement: -1393.44 | Win Rate: 0.00% | Actor Loss: -3.7896 | Entropy: 1.3803
Epoch [397/1000] | Sampled: 2101.88 | Baseline: 686.50 | Improvement: -1415.38 | Win Rate: 0.00% | Actor Loss: -4.4388 | Entropy: 1.3688
Epoch [398/1000] | Sampled: 2118.12 | Baseline: 701.19 | Improvement: -1416.94 | Win Rate: 0.00% | Actor Loss: -2.9301 | Entropy: 1.2414
Epoch [399/1000] | Sampled: 2081.69 | Baseline: 679.56 | Improvement: -1402.12 | Win Rate: 0.00% | Actor Loss: -9.2408 | Entropy: 1.3680
Epoch [400/1000] | Sampled: 2058.25 | Baseline: 686.50 | Improvement: -1371.75 | Win Rate: 0.00% | Actor Loss: -4.7341 | Entropy: 1.2916
   -> Saved updated training chart to /home/wei/AMR-DFJSP/Static_alogorithm/Attention/attention_training_metrics.png
Epoch [401/1000] | Sampled: 2073.69 | Baseline: 688.50 | Improvement: -1385.19 | Win Rate: 0.00% | Actor Loss: -5.1092 | Entropy: 1.3468
Epoch [402/1000] | Sampled: 2085.25 | Baseline: 695.50 | Improvement: -1389.75 | Win Rate: 0.00% | Actor Loss: -7.8266 | Entropy: 1.3297
Epoch [403/1000] | Sampled: 2082.69 | Baseline: 694.25 | Improvement: -1388.44 | Win Rate: 0.00% | Actor Loss: -9.7352 | Entropy: 1.3894
Epoch [404/1000] | Sampled: 2065.00 | Baseline: 689.44 | Improvement: -1375.56 | Win Rate: 0.00% | Actor Loss: -5.5456 | Entropy: 1.3826
Epoch [405/1000] | Sampled: 2121.06 | Baseline: 706.44 | Improvement: -1414.62 | Win Rate: 0.00% | Actor Loss: -6.2036 | Entropy: 1.3965
Epoch [406/1000] | Sampled: 2088.50 | Baseline: 692.75 | Improvement: -1395.75 | Win Rate: 0.00% | Actor Loss: -7.8141 | Entropy: 1.4035
Epoch [407/1000] | Sampled: 2063.56 | Baseline: 695.12 | Improvement: -1368.44 | Win Rate: 0.00% | Actor Loss: -8.4033 | Entropy: 1.4298
Epoch [408/1000] | Sampled: 2092.50 | Baseline: 699.69 | Improvement: -1392.81 | Win Rate: 0.00% | Actor Loss: -5.2883 | Entropy: 1.4114
Epoch [409/1000] | Sampled: 2105.62 | Baseline: 696.88 | Improvement: -1408.75 | Win Rate: 0.00% | Actor Loss: -5.9264 | Entropy: 1.4067
Epoch [410/1000] | Sampled: 2084.25 | Baseline: 691.94 | Improvement: -1392.31 | Win Rate: 0.00% | Actor Loss: -8.2839 | Entropy: 1.4107
Epoch [411/1000] | Sampled: 2092.94 | Baseline: 680.56 | Improvement: -1412.38 | Win Rate: 0.00% | Actor Loss: -5.6383 | Entropy: 1.3976
Epoch [412/1000] | Sampled: 2063.94 | Baseline: 674.00 | Improvement: -1389.94 | Win Rate: 0.00% | Actor Loss: -9.5887 | Entropy: 1.3557
Epoch [413/1000] | Sampled: 2084.19 | Baseline: 675.81 | Improvement: -1408.38 | Win Rate: 0.00% | Actor Loss: -7.6863 | Entropy: 1.4015
Epoch [414/1000] | Sampled: 2064.00 | Baseline: 686.12 | Improvement: -1377.88 | Win Rate: 0.00% | Actor Loss: -6.8467 | Entropy: 1.3752
Epoch [415/1000] | Sampled: 2073.62 | Baseline: 690.69 | Improvement: -1382.94 | Win Rate: 0.00% | Actor Loss: -5.9872 | Entropy: 1.3656
Epoch [416/1000] | Sampled: 2071.94 | Baseline: 680.81 | Improvement: -1391.12 | Win Rate: 0.00% | Actor Loss: -4.3855 | Entropy: 1.3434
Epoch [417/1000] | Sampled: 2042.75 | Baseline: 686.94 | Improvement: -1355.81 | Win Rate: 0.00% | Actor Loss: -6.8868 | Entropy: 1.3482
Epoch [418/1000] | Sampled: 2090.81 | Baseline: 688.75 | Improvement: -1402.06 | Win Rate: 0.00% | Actor Loss: -7.1342 | Entropy: 1.3415
Epoch [419/1000] | Sampled: 2077.56 | Baseline: 696.31 | Improvement: -1381.25 | Win Rate: 0.00% | Actor Loss: -5.6213 | Entropy: 1.3564
Epoch [420/1000] | Sampled: 2065.81 | Baseline: 671.56 | Improvement: -1394.25 | Win Rate: 0.00% | Actor Loss: -8.4555 | Entropy: 1.3370
Epoch [421/1000] | Sampled: 2093.56 | Baseline: 693.00 | Improvement: -1400.56 | Win Rate: 0.00% | Actor Loss: -6.2701 | Entropy: 1.3568
Epoch [422/1000] | Sampled: 2075.06 | Baseline: 672.12 | Improvement: -1402.94 | Win Rate: 0.00% | Actor Loss: -4.7625 | Entropy: 1.3407
Epoch [423/1000] | Sampled: 2053.38 | Baseline: 706.12 | Improvement: -1347.25 | Win Rate: 0.00% | Actor Loss: -10.7262 | Entropy: 1.3555
Epoch [424/1000] | Sampled: 2089.81 | Baseline: 705.56 | Improvement: -1384.25 | Win Rate: 0.00% | Actor Loss: -11.3588 | Entropy: 1.3560
Epoch [425/1000] | Sampled: 2020.31 | Baseline: 659.62 | Improvement: -1360.69 | Win Rate: 0.00% | Actor Loss: -8.1729 | Entropy: 1.3364
Epoch [426/1000] | Sampled: 2069.44 | Baseline: 688.50 | Improvement: -1380.94 | Win Rate: 0.00% | Actor Loss: -9.4286 | Entropy: 1.3525
Epoch [427/1000] | Sampled: 2082.94 | Baseline: 695.06 | Improvement: -1387.88 | Win Rate: 0.00% | Actor Loss: -8.5577 | Entropy: 1.3278
Epoch [428/1000] | Sampled: 2046.44 | Baseline: 690.81 | Improvement: -1355.62 | Win Rate: 0.00% | Actor Loss: -6.7875 | Entropy: 1.3192
Epoch [429/1000] | Sampled: 2081.38 | Baseline: 692.75 | Improvement: -1388.62 | Win Rate: 0.00% | Actor Loss: -4.4116 | Entropy: 1.3672
Epoch [430/1000] | Sampled: 2092.94 | Baseline: 678.75 | Improvement: -1414.19 | Win Rate: 0.00% | Actor Loss: -5.5160 | Entropy: 1.3366
Epoch [431/1000] | Sampled: 2066.94 | Baseline: 670.50 | Improvement: -1396.44 | Win Rate: 0.00% | Actor Loss: -8.0586 | Entropy: 1.3130
Epoch [432/1000] | Sampled: 2091.00 | Baseline: 718.44 | Improvement: -1372.56 | Win Rate: 0.00% | Actor Loss: -2.7367 | Entropy: 1.3549
Epoch [433/1000] | Sampled: 2065.00 | Baseline: 683.38 | Improvement: -1381.62 | Win Rate: 0.00% | Actor Loss: -6.2272 | Entropy: 1.3210
Epoch [434/1000] | Sampled: 2078.00 | Baseline: 685.75 | Improvement: -1392.25 | Win Rate: 0.00% | Actor Loss: -3.8703 | Entropy: 1.3364
Epoch [435/1000] | Sampled: 2089.62 | Baseline: 680.12 | Improvement: -1409.50 | Win Rate: 0.00% | Actor Loss: -6.3531 | Entropy: 1.3559
Epoch [436/1000] | Sampled: 2066.75 | Baseline: 683.94 | Improvement: -1382.81 | Win Rate: 0.00% | Actor Loss: -4.1522 | Entropy: 1.2847
Epoch [437/1000] | Sampled: 2099.44 | Baseline: 688.50 | Improvement: -1410.94 | Win Rate: 0.00% | Actor Loss: -7.1264 | Entropy: 1.3287
Epoch [438/1000] | Sampled: 2112.25 | Baseline: 697.25 | Improvement: -1415.00 | Win Rate: 0.00% | Actor Loss: -4.6117 | Entropy: 1.3100
Epoch [439/1000] | Sampled: 2059.69 | Baseline: 687.06 | Improvement: -1372.62 | Win Rate: 0.00% | Actor Loss: -11.5580 | Entropy: 1.3097
Epoch [440/1000] | Sampled: 2079.25 | Baseline: 676.31 | Improvement: -1402.94 | Win Rate: 0.00% | Actor Loss: -3.6038 | Entropy: 1.3130
Epoch [441/1000] | Sampled: 2077.81 | Baseline: 690.12 | Improvement: -1387.69 | Win Rate: 0.00% | Actor Loss: -3.7721 | Entropy: 1.2786
Epoch [442/1000] | Sampled: 2115.19 | Baseline: 691.94 | Improvement: -1423.25 | Win Rate: 0.00% | Actor Loss: -7.3043 | Entropy: 1.3076
Epoch [443/1000] | Sampled: 2062.00 | Baseline: 692.81 | Improvement: -1369.19 | Win Rate: 0.00% | Actor Loss: -7.4002 | Entropy: 1.2797
Epoch [444/1000] | Sampled: 2061.88 | Baseline: 685.44 | Improvement: -1376.44 | Win Rate: 0.00% | Actor Loss: -3.2748 | Entropy: 1.2366
Epoch [445/1000] | Sampled: 2084.81 | Baseline: 710.12 | Improvement: -1374.69 | Win Rate: 0.00% | Actor Loss: -6.3384 | Entropy: 1.2662
Epoch [446/1000] | Sampled: 2067.38 | Baseline: 703.94 | Improvement: -1363.44 | Win Rate: 0.00% | Actor Loss: -4.9529 | Entropy: 1.1965
Epoch [447/1000] | Sampled: 2095.38 | Baseline: 702.31 | Improvement: -1393.06 | Win Rate: 0.00% | Actor Loss: -5.9929 | Entropy: 1.2490
Epoch [448/1000] | Sampled: 2063.88 | Baseline: 685.12 | Improvement: -1378.75 | Win Rate: 0.00% | Actor Loss: -5.5132 | Entropy: 1.1895
Epoch [449/1000] | Sampled: 2087.19 | Baseline: 685.19 | Improvement: -1402.00 | Win Rate: 0.00% | Actor Loss: -7.8719 | Entropy: 1.2159
Epoch [450/1000] | Sampled: 2063.69 | Baseline: 678.38 | Improvement: -1385.31 | Win Rate: 0.00% | Actor Loss: -8.9272 | Entropy: 1.1785
Epoch [451/1000] | Sampled: 2115.94 | Baseline: 685.81 | Improvement: -1430.12 | Win Rate: 0.00% | Actor Loss: -9.0928 | Entropy: 1.2167
Epoch [452/1000] | Sampled: 2069.31 | Baseline: 689.69 | Improvement: -1379.62 | Win Rate: 0.00% | Actor Loss: -9.1766 | Entropy: 1.1633
Epoch [453/1000] | Sampled: 2083.38 | Baseline: 682.50 | Improvement: -1400.88 | Win Rate: 0.00% | Actor Loss: -8.3939 | Entropy: 1.1977
Epoch [454/1000] | Sampled: 2077.94 | Baseline: 699.44 | Improvement: -1378.50 | Win Rate: 0.00% | Actor Loss: -6.3135 | Entropy: 1.2098
Epoch [455/1000] | Sampled: 2118.81 | Baseline: 706.38 | Improvement: -1412.44 | Win Rate: 0.00% | Actor Loss: -5.8201 | Entropy: 1.2577
Epoch [456/1000] | Sampled: 2076.25 | Baseline: 687.12 | Improvement: -1389.12 | Win Rate: 0.00% | Actor Loss: -4.9646 | Entropy: 1.2867
Traceback (most recent call last):
  File "/home/wei/AMR-DFJSP/Static_alogorithm/Attention/train.py", line 538, in <module>
    train(build_parser().parse_args())
  File "/home/wei/AMR-DFJSP/Static_alogorithm/Attention/train.py", line 508, in train
