Training on: cuda
Loaded 1000 dispatch events from /home/wei/AMR-DFJSP/test_case/static/dispatch_inbox_60.jsonl
Loaded 50 dispatch events from /home/wei/AMR-DFJSP/test_case/static/dispatch_validation_60.jsonl
Loaded 50 validation event(s).
Starting GNN REINFORCE training with dispatch baseline 'earliest_completion_job+earliest_completion' (stepwise).
Epoch [1/1000] | Sampled: 794.31 | Baseline: 573.50 | Improvement: -220.81 | Win Rate: 0.00% | Actor Loss: 2.8107 | Entropy: 4.1032 | Invalid S/B: 0.25/0.00 | Max Load: 15.1 | Load Gap: 5.5
   -> Validation | Samples: 50 | Makespan: 1024.00 | Invalid Jobs: 0.44
   -> Saved new best model (Val Makespan: 1024.00)
   -> Saved updated training chart to /home/wei/AMR-DFJSP/Static_alogorithm/GNN/gnn_training_metrics.png
Epoch [2/1000] | Sampled: 824.00 | Baseline: 581.62 | Improvement: -242.38 | Win Rate: 0.00% | Actor Loss: -1.5404 | Entropy: 3.9682 | Invalid S/B: 0.38/0.00 | Max Load: 13.8 | Load Gap: 3.6
Epoch [3/1000] | Sampled: 844.06 | Baseline: 584.19 | Improvement: -259.88 | Win Rate: 0.00% | Actor Loss: -0.1947 | Entropy: 3.8112 | Invalid S/B: 0.31/0.00 | Max Load: 14.1 | Load Gap: 3.9
Epoch [4/1000] | Sampled: 904.06 | Baseline: 584.00 | Improvement: -320.06 | Win Rate: 0.00% | Actor Loss: -5.0551 | Entropy: 3.6564 | Invalid S/B: 0.12/0.00 | Max Load: 14.6 | Load Gap: 4.8
Epoch [5/1000] | Sampled: 857.25 | Baseline: 574.56 | Improvement: -282.69 | Win Rate: 0.00% | Actor Loss: -0.7620 | Entropy: 3.5084 | Invalid S/B: 0.19/0.00 | Max Load: 14.1 | Load Gap: 3.8
Epoch [6/1000] | Sampled: 881.56 | Baseline: 574.06 | Improvement: -307.50 | Win Rate: 0.00% | Actor Loss: -1.2939 | Entropy: 3.4168 | Invalid S/B: 0.69/0.00 | Max Load: 13.9 | Load Gap: 3.5
Epoch [7/1000] | Sampled: 913.81 | Baseline: 577.38 | Improvement: -336.44 | Win Rate: 0.00% | Actor Loss: -3.2394 | Entropy: 3.3230 | Invalid S/B: 0.50/0.00 | Max Load: 14.0 | Load Gap: 3.9
Epoch [8/1000] | Sampled: 882.38 | Baseline: 578.75 | Improvement: -303.62 | Win Rate: 0.00% | Actor Loss: -3.8970 | Entropy: 3.2674 | Invalid S/B: 0.56/0.00 | Max Load: 14.8 | Load Gap: 5.2
Epoch [9/1000] | Sampled: 872.69 | Baseline: 576.75 | Improvement: -295.94 | Win Rate: 0.00% | Actor Loss: -0.1082 | Entropy: 3.2800 | Invalid S/B: 0.88/0.00 | Max Load: 13.9 | Load Gap: 3.8
Epoch [10/1000] | Sampled: 849.62 | Baseline: 571.69 | Improvement: -277.94 | Win Rate: 0.00% | Actor Loss: -4.6509 | Entropy: 3.3115 | Invalid S/B: 0.88/0.00 | Max Load: 13.9 | Load Gap: 3.2
Epoch [11/1000] | Sampled: 896.44 | Baseline: 585.25 | Improvement: -311.19 | Win Rate: 0.00% | Actor Loss: 1.6031 | Entropy: 3.2819 | Invalid S/B: 0.38/0.00 | Max Load: 13.9 | Load Gap: 3.6
Epoch [12/1000] | Sampled: 839.69 | Baseline: 578.75 | Improvement: -260.94 | Win Rate: 0.00% | Actor Loss: -1.0467 | Entropy: 3.2974 | Invalid S/B: 0.31/0.00 | Max Load: 13.8 | Load Gap: 3.3
Epoch [13/1000] | Sampled: 874.38 | Baseline: 579.06 | Improvement: -295.31 | Win Rate: 0.00% | Actor Loss: 0.2983 | Entropy: 3.3222 | Invalid S/B: 0.44/0.00 | Max Load: 13.8 | Load Gap: 3.6
Epoch [14/1000] | Sampled: 869.75 | Baseline: 573.31 | Improvement: -296.44 | Win Rate: 0.00% | Actor Loss: -3.0314 | Entropy: 3.3358 | Invalid S/B: 0.62/0.00 | Max Load: 13.9 | Load Gap: 3.2
Epoch [15/1000] | Sampled: 859.56 | Baseline: 579.81 | Improvement: -279.75 | Win Rate: 0.00% | Actor Loss: -0.8662 | Entropy: 3.3609 | Invalid S/B: 0.69/0.00 | Max Load: 14.2 | Load Gap: 4.1
Epoch [16/1000] | Sampled: 870.25 | Baseline: 578.94 | Improvement: -291.31 | Win Rate: 0.00% | Actor Loss: 1.5951 | Entropy: 3.3650 | Invalid S/B: 0.75/0.00 | Max Load: 13.9 | Load Gap: 3.9
Traceback (most recent call last):
  File "/home/wei/AMR-DFJSP/Static_alogorithm/GNN/train_gnn.py", line 717, in <module>
    train(build_parser().parse_args())
  File "/home/wei/AMR-DFJSP/Static_alogorithm/GNN/train_gnn.py", line 669, in train
