Training on: cuda
Loaded 1000 dispatch events from /home/wei/AMR-DFJSP/test_case/static/dispatch_inbox_60.jsonl
Loaded 50 dispatch events from /home/wei/AMR-DFJSP/test_case/static/dispatch_validation_60.jsonl
Loaded 50 validation event(s).
Starting GNN Precise REINFORCE training with dispatch baseline 'fifo+earliest_available' (stepwise).
Epoch [1/1000] | Sampled: 801.44 | Baseline: 616.94 | Improvement: -184.50 | Win Rate: 0.00% | Actor Loss: -3.4337 | Entropy: 4.1066 | Invalid S/B: 0.56/0.00 | Max Load: 15.0 | Load Gap: 5.6
   -> Validation | Samples: 50 | Makespan: 786.50 | Invalid Jobs: 0.02
   -> Saved new best model (Val Makespan: 786.50)
   -> Saved updated training chart to /home/wei/AMR-DFJSP/Static_alogorithm/GNN/gnn_precise_training_metrics.png
Epoch [2/1000] | Sampled: 803.19 | Baseline: 625.19 | Improvement: -178.00 | Win Rate: 0.00% | Actor Loss: -8.8893 | Entropy: 4.1041 | Invalid S/B: 0.06/0.00 | Max Load: 14.7 | Load Gap: 5.7
Epoch [3/1000] | Sampled: 825.19 | Baseline: 620.38 | Improvement: -204.81 | Win Rate: 0.00% | Actor Loss: -20.2225 | Entropy: 3.7508 | Invalid S/B: 0.31/0.00 | Max Load: 15.1 | Load Gap: 6.1
Epoch [4/1000] | Sampled: 816.69 | Baseline: 622.94 | Improvement: -193.75 | Win Rate: 0.00% | Actor Loss: -17.2214 | Entropy: 3.2855 | Invalid S/B: 0.06/0.00 | Max Load: 14.7 | Load Gap: 5.5
Epoch [5/1000] | Sampled: 885.06 | Baseline: 619.81 | Improvement: -265.25 | Win Rate: 0.00% | Actor Loss: -26.3246 | Entropy: 2.9056 | Invalid S/B: 0.06/0.00 | Max Load: 14.5 | Load Gap: 5.1
Traceback (most recent call last):
  File "/home/wei/AMR-DFJSP/Static_alogorithm/GNN/train_gnn_precise.py", line 762, in <module>
    train(build_parser().parse_args())
  File "/home/wei/AMR-DFJSP/Static_alogorithm/GNN/train_gnn_precise.py", line 714, in train
    train_reinforce(args)
  File "/home/wei/AMR-DFJSP/Static_alogorithm/GNN/train_gnn_precise.py", line 427, in train_reinforce
    individual, _, _ = solve_with_gnn(jobs, gnn_model, deterministic=False)
  File "/home/wei/AMR-DFJSP/Static_alogorithm/GNN/GNN_precise.py", line 407, in solve_with_gnn
    best_action = dist.sample().item()
  File "/opt/conda/envs/DFJSSP/lib/python3.10/site-packages/torch/distributions/categorical.py", line 148, in sample
