Training on: cuda
Loaded 100 dispatch events from /home/wei/AMR-DFJSP/test_case/static/dispatch_inbox_20.jsonl
Loaded 100 dispatch events from /home/wei/AMR-DFJSP/test_case/static/dispatch_inbox_40.jsonl
Loaded 100 dispatch events from /home/wei/AMR-DFJSP/test_case/static/dispatch_inbox_60.jsonl
Loaded 100 dispatch events from /home/wei/AMR-DFJSP/test_case/static/dispatch_inbox_80.jsonl
Loaded 100 dispatch events from /home/wei/AMR-DFJSP/test_case/static/dispatch_inbox_100.jsonl
Starting Attention REINFORCE training with dispatch baseline 'earliest_completion_job+earliest_completion' (stepwise).
Epoch [1/2000] | Sampled: 1178.62 | Baseline: 778.38 | Improvement: -400.25 | Win Rate: 0.00% | Actor Loss: 5.3029 | Entropy: 4.1282
   -> Saved new best model (Makespan: 1178.62)
   -> Saved updated training chart to /home/wei/AMR-DFJSP/Static_alogorithm/Attention/attention_training_metrics.png
Epoch [2/2000] | Sampled: 1577.62 | Baseline: 852.19 | Improvement: -725.44 | Win Rate: 0.00% | Actor Loss: 5.9927 | Entropy: 4.1167
Epoch [3/2000] | Sampled: 1892.94 | Baseline: 747.19 | Improvement: -1145.75 | Win Rate: 0.00% | Actor Loss: 14.0769 | Entropy: 3.5465
Epoch [4/2000] | Sampled: 2095.94 | Baseline: 779.31 | Improvement: -1316.62 | Win Rate: 0.00% | Actor Loss: 16.8936 | Entropy: 3.3246
Epoch [5/2000] | Sampled: 1997.75 | Baseline: 713.00 | Improvement: -1284.75 | Win Rate: 0.00% | Actor Loss: 12.4614 | Entropy: 3.1694
Epoch [6/2000] | Sampled: 1856.31 | Baseline: 658.94 | Improvement: -1197.38 | Win Rate: 0.00% | Actor Loss: 11.2515 | Entropy: 3.0002
Epoch [7/2000] | Sampled: 2019.62 | Baseline: 712.94 | Improvement: -1306.69 | Win Rate: 0.00% | Actor Loss: 12.5294 | Entropy: 3.0209
Epoch [8/2000] | Sampled: 1956.44 | Baseline: 685.38 | Improvement: -1271.06 | Win Rate: 0.00% | Actor Loss: 9.3037 | Entropy: 2.9965
Epoch [9/2000] | Sampled: 2099.69 | Baseline: 723.88 | Improvement: -1375.81 | Win Rate: 0.00% | Actor Loss: 8.1558 | Entropy: 2.9514
Epoch [10/2000] | Sampled: 2193.69 | Baseline: 742.19 | Improvement: -1451.50 | Win Rate: 0.00% | Actor Loss: 10.4471 | Entropy: 2.9909
Epoch [11/2000] | Sampled: 2216.94 | Baseline: 760.94 | Improvement: -1456.00 | Win Rate: 0.00% | Actor Loss: 10.5782 | Entropy: 2.9317
Epoch [12/2000] | Sampled: 2198.44 | Baseline: 761.31 | Improvement: -1437.12 | Win Rate: 0.00% | Actor Loss: 10.1909 | Entropy: 2.9616
Epoch [13/2000] | Sampled: 2157.50 | Baseline: 752.06 | Improvement: -1405.44 | Win Rate: 0.00% | Actor Loss: 11.5905 | Entropy: 2.9512
Epoch [14/2000] | Sampled: 2092.81 | Baseline: 716.12 | Improvement: -1376.69 | Win Rate: 0.00% | Actor Loss: 10.0320 | Entropy: 2.9462
Epoch [15/2000] | Sampled: 2318.12 | Baseline: 807.75 | Improvement: -1510.38 | Win Rate: 0.00% | Actor Loss: 10.0630 | Entropy: 3.0932
Epoch [16/2000] | Sampled: 2145.25 | Baseline: 743.25 | Improvement: -1402.00 | Win Rate: 0.00% | Actor Loss: 9.0280 | Entropy: 2.9738
Epoch [17/2000] | Sampled: 2089.56 | Baseline: 726.25 | Improvement: -1363.31 | Win Rate: 0.00% | Actor Loss: 8.1500 | Entropy: 2.9305
Epoch [18/2000] | Sampled: 2158.06 | Baseline: 752.56 | Improvement: -1405.50 | Win Rate: 0.00% | Actor Loss: 10.7272 | Entropy: 2.8572
Epoch [19/2000] | Sampled: 2199.88 | Baseline: 758.31 | Improvement: -1441.56 | Win Rate: 0.00% | Actor Loss: 11.6612 | Entropy: 2.9065
Epoch [20/2000] | Sampled: 2375.00 | Baseline: 820.00 | Improvement: -1555.00 | Win Rate: 0.00% | Actor Loss: 8.1709 | Entropy: 2.9264
Epoch [21/2000] | Sampled: 2094.06 | Baseline: 717.44 | Improvement: -1376.62 | Win Rate: 0.00% | Actor Loss: 0.4705 | Entropy: 2.6783
Epoch [22/2000] | Sampled: 2297.19 | Baseline: 780.31 | Improvement: -1516.88 | Win Rate: 0.00% | Actor Loss: -3.5523 | Entropy: 2.7823
Epoch [23/2000] | Sampled: 1798.56 | Baseline: 613.75 | Improvement: -1184.81 | Win Rate: 0.00% | Actor Loss: -1.9406 | Entropy: 2.5657
Epoch [24/2000] | Sampled: 2034.44 | Baseline: 707.00 | Improvement: -1327.44 | Win Rate: 0.00% | Actor Loss: -1.2150 | Entropy: 2.3981
Epoch [25/2000] | Sampled: 2294.69 | Baseline: 782.69 | Improvement: -1512.00 | Win Rate: 0.00% | Actor Loss: 0.1871 | Entropy: 2.3074
Epoch [26/2000] | Sampled: 2598.94 | Baseline: 882.19 | Improvement: -1716.75 | Win Rate: 0.00% | Actor Loss: 0.3170 | Entropy: 2.3003
Epoch [27/2000] | Sampled: 2048.25 | Baseline: 709.88 | Improvement: -1338.38 | Win Rate: 0.00% | Actor Loss: -1.1080 | Entropy: 2.1746
Epoch [28/2000] | Sampled: 2231.75 | Baseline: 757.31 | Improvement: -1474.44 | Win Rate: 0.00% | Actor Loss: 2.4657 | Entropy: 2.1862
Epoch [29/2000] | Sampled: 2380.56 | Baseline: 806.88 | Improvement: -1573.69 | Win Rate: 0.00% | Actor Loss: 0.0114 | Entropy: 2.0508
Epoch [30/2000] | Sampled: 1906.31 | Baseline: 646.75 | Improvement: -1259.56 | Win Rate: 0.00% | Actor Loss: 3.8790 | Entropy: 1.8692
Epoch [31/2000] | Sampled: 1822.44 | Baseline: 637.81 | Improvement: -1184.62 | Win Rate: 0.00% | Actor Loss: 1.7534 | Entropy: 1.7952
Epoch [32/2000] | Sampled: 1963.06 | Baseline: 679.38 | Improvement: -1283.69 | Win Rate: 0.00% | Actor Loss: 6.9918 | Entropy: 1.6809
Epoch [33/2000] | Sampled: 2314.12 | Baseline: 796.44 | Improvement: -1517.69 | Win Rate: 0.00% | Actor Loss: 9.0640 | Entropy: 1.6220
Epoch [34/2000] | Sampled: 2268.38 | Baseline: 771.62 | Improvement: -1496.75 | Win Rate: 0.00% | Actor Loss: 12.1835 | Entropy: 1.4908
Epoch [35/2000] | Sampled: 2375.38 | Baseline: 808.50 | Improvement: -1566.88 | Win Rate: 0.00% | Actor Loss: 5.6788 | Entropy: 1.5044
Epoch [36/2000] | Sampled: 1486.00 | Baseline: 519.00 | Improvement: -967.00 | Win Rate: 0.00% | Actor Loss: 8.5958 | Entropy: 1.3555
Epoch [37/2000] | Sampled: 1875.94 | Baseline: 643.81 | Improvement: -1232.12 | Win Rate: 0.00% | Actor Loss: 10.6918 | Entropy: 1.2388
Epoch [38/2000] | Sampled: 2455.00 | Baseline: 842.62 | Improvement: -1612.38 | Win Rate: 0.00% | Actor Loss: 8.8087 | Entropy: 1.1327
Epoch [39/2000] | Sampled: 2264.62 | Baseline: 782.81 | Improvement: -1481.81 | Win Rate: 0.00% | Actor Loss: 5.6012 | Entropy: 1.1756
Epoch [40/2000] | Sampled: 2436.75 | Baseline: 844.69 | Improvement: -1592.06 | Win Rate: 0.00% | Actor Loss: 14.2190 | Entropy: 1.1331
Epoch [41/2000] | Sampled: 2333.31 | Baseline: 801.38 | Improvement: -1531.94 | Win Rate: 0.00% | Actor Loss: 8.5005 | Entropy: 1.1775
Epoch [42/2000] | Sampled: 2084.06 | Baseline: 712.44 | Improvement: -1371.62 | Win Rate: 0.00% | Actor Loss: 13.4078 | Entropy: 1.0043
Epoch [43/2000] | Sampled: 2395.25 | Baseline: 808.38 | Improvement: -1586.88 | Win Rate: 0.00% | Actor Loss: 9.4146 | Entropy: 1.0278
Epoch [44/2000] | Sampled: 2452.44 | Baseline: 828.19 | Improvement: -1624.25 | Win Rate: 0.00% | Actor Loss: 8.0796 | Entropy: 1.0768
Epoch [45/2000] | Sampled: 2048.38 | Baseline: 717.38 | Improvement: -1331.00 | Win Rate: 0.00% | Actor Loss: 0.8787 | Entropy: 1.1413
Epoch [46/2000] | Sampled: 2058.25 | Baseline: 701.50 | Improvement: -1356.75 | Win Rate: 0.00% | Actor Loss: -5.2344 | Entropy: 1.2182
Epoch [47/2000] | Sampled: 2243.62 | Baseline: 771.81 | Improvement: -1471.81 | Win Rate: 0.00% | Actor Loss: -4.0772 | Entropy: 1.1653
Epoch [48/2000] | Sampled: 2055.25 | Baseline: 711.50 | Improvement: -1343.75 | Win Rate: 0.00% | Actor Loss: 3.0979 | Entropy: 1.0210
Epoch [49/2000] | Sampled: 1866.25 | Baseline: 650.50 | Improvement: -1215.75 | Win Rate: 0.00% | Actor Loss: 6.4802 | Entropy: 1.0201
Epoch [50/2000] | Sampled: 2213.94 | Baseline: 762.88 | Improvement: -1451.06 | Win Rate: 0.00% | Actor Loss: 4.4248 | Entropy: 1.1721
Epoch [51/2000] | Sampled: 2224.69 | Baseline: 760.81 | Improvement: -1463.88 | Win Rate: 0.00% | Actor Loss: -1.8300 | Entropy: 1.3013
Epoch [52/2000] | Sampled: 1779.06 | Baseline: 605.25 | Improvement: -1173.81 | Win Rate: 0.00% | Actor Loss: 8.7217 | Entropy: 1.1031
Epoch [53/2000] | Sampled: 1857.00 | Baseline: 649.00 | Improvement: -1208.00 | Win Rate: 0.00% | Actor Loss: -3.0782 | Entropy: 1.1723
Epoch [54/2000] | Sampled: 2024.00 | Baseline: 704.25 | Improvement: -1319.75 | Win Rate: 0.00% | Actor Loss: 8.8403 | Entropy: 1.1106
Epoch [55/2000] | Sampled: 2420.06 | Baseline: 833.94 | Improvement: -1586.12 | Win Rate: 0.00% | Actor Loss: 7.4620 | Entropy: 1.0967
Epoch [56/2000] | Sampled: 1796.94 | Baseline: 619.75 | Improvement: -1177.19 | Win Rate: 0.00% | Actor Loss: 7.5112 | Entropy: 0.8375
Epoch [57/2000] | Sampled: 2343.06 | Baseline: 807.56 | Improvement: -1535.50 | Win Rate: 0.00% | Actor Loss: 6.0434 | Entropy: 0.7969
Epoch [58/2000] | Sampled: 2310.81 | Baseline: 783.50 | Improvement: -1527.31 | Win Rate: 0.00% | Actor Loss: 2.9410 | Entropy: 0.7359
Epoch [59/2000] | Sampled: 2066.88 | Baseline: 710.56 | Improvement: -1356.31 | Win Rate: 0.00% | Actor Loss: 6.1507 | Entropy: 0.8005
Epoch [60/2000] | Sampled: 2612.31 | Baseline: 900.38 | Improvement: -1711.94 | Win Rate: 0.00% | Actor Loss: 2.3469 | Entropy: 0.7868
Epoch [61/2000] | Sampled: 2307.69 | Baseline: 792.19 | Improvement: -1515.50 | Win Rate: 0.00% | Actor Loss: 3.8730 | Entropy: 0.7676
Epoch [62/2000] | Sampled: 1940.88 | Baseline: 659.50 | Improvement: -1281.38 | Win Rate: 0.00% | Actor Loss: 3.8837 | Entropy: 0.7168
Epoch [63/2000] | Sampled: 1868.38 | Baseline: 639.00 | Improvement: -1229.38 | Win Rate: 0.00% | Actor Loss: -0.7785 | Entropy: 0.6463
Epoch [64/2000] | Sampled: 2052.50 | Baseline: 700.94 | Improvement: -1351.56 | Win Rate: 0.00% | Actor Loss: 4.4463 | Entropy: 0.6933
Epoch [65/2000] | Sampled: 2096.88 | Baseline: 714.00 | Improvement: -1382.88 | Win Rate: 0.00% | Actor Loss: 2.5798 | Entropy: 0.7328
Epoch [66/2000] | Sampled: 1913.31 | Baseline: 656.31 | Improvement: -1257.00 | Win Rate: 0.00% | Actor Loss: 2.3943 | Entropy: 0.6248
Epoch [67/2000] | Sampled: 2311.06 | Baseline: 800.00 | Improvement: -1511.06 | Win Rate: 0.00% | Actor Loss: 5.2643 | Entropy: 0.6751
Epoch [68/2000] | Sampled: 2177.31 | Baseline: 739.75 | Improvement: -1437.56 | Win Rate: 0.00% | Actor Loss: 2.8208 | Entropy: 0.6590
Epoch [69/2000] | Sampled: 2091.50 | Baseline: 713.94 | Improvement: -1377.56 | Win Rate: 0.00% | Actor Loss: 4.5718 | Entropy: 0.6567
Epoch [70/2000] | Sampled: 2049.94 | Baseline: 694.94 | Improvement: -1355.00 | Win Rate: 0.00% | Actor Loss: 4.7375 | Entropy: 0.7419
Epoch [71/2000] | Sampled: 2723.88 | Baseline: 934.88 | Improvement: -1789.00 | Win Rate: 0.00% | Actor Loss: 3.1331 | Entropy: 0.8175
Epoch [72/2000] | Sampled: 2734.50 | Baseline: 927.50 | Improvement: -1807.00 | Win Rate: 0.00% | Actor Loss: 1.8925 | Entropy: 0.6813
Epoch [73/2000] | Sampled: 2228.44 | Baseline: 762.88 | Improvement: -1465.56 | Win Rate: 0.00% | Actor Loss: 3.5684 | Entropy: 0.6572
Epoch [74/2000] | Sampled: 2223.69 | Baseline: 772.50 | Improvement: -1451.19 | Win Rate: 0.00% | Actor Loss: 3.3774 | Entropy: 0.6235
Epoch [75/2000] | Sampled: 1977.94 | Baseline: 676.75 | Improvement: -1301.19 | Win Rate: 0.00% | Actor Loss: 4.1423 | Entropy: 0.6222
Epoch [76/2000] | Sampled: 2225.50 | Baseline: 767.06 | Improvement: -1458.44 | Win Rate: 0.00% | Actor Loss: 3.5267 | Entropy: 0.6157
Epoch [77/2000] | Sampled: 2268.56 | Baseline: 777.62 | Improvement: -1490.94 | Win Rate: 0.00% | Actor Loss: 1.8918 | Entropy: 0.6188
Epoch [78/2000] | Sampled: 2455.75 | Baseline: 836.62 | Improvement: -1619.12 | Win Rate: 0.00% | Actor Loss: 7.9802 | Entropy: 0.7462
Epoch [79/2000] | Sampled: 2323.38 | Baseline: 796.56 | Improvement: -1526.81 | Win Rate: 0.00% | Actor Loss: 6.3920 | Entropy: 0.7410
Epoch [80/2000] | Sampled: 2473.38 | Baseline: 853.56 | Improvement: -1619.81 | Win Rate: 0.00% | Actor Loss: 5.0580 | Entropy: 0.7774
Epoch [81/2000] | Sampled: 2527.31 | Baseline: 858.94 | Improvement: -1668.38 | Win Rate: 0.00% | Actor Loss: 1.4958 | Entropy: 0.8445
Epoch [82/2000] | Sampled: 2202.75 | Baseline: 761.94 | Improvement: -1440.81 | Win Rate: 0.00% | Actor Loss: 6.3052 | Entropy: 0.6929
Epoch [83/2000] | Sampled: 2054.12 | Baseline: 701.38 | Improvement: -1352.75 | Win Rate: 0.00% | Actor Loss: 3.5101 | Entropy: 0.6364
Epoch [84/2000] | Sampled: 2614.00 | Baseline: 888.31 | Improvement: -1725.69 | Win Rate: 0.00% | Actor Loss: 6.8670 | Entropy: 0.6680
Epoch [85/2000] | Sampled: 2385.50 | Baseline: 801.12 | Improvement: -1584.38 | Win Rate: 0.00% | Actor Loss: 5.9057 | Entropy: 0.6058
Epoch [86/2000] | Sampled: 2512.94 | Baseline: 849.31 | Improvement: -1663.62 | Win Rate: 0.00% | Actor Loss: 4.2570 | Entropy: 0.6417
Epoch [87/2000] | Sampled: 2060.25 | Baseline: 711.69 | Improvement: -1348.56 | Win Rate: 0.00% | Actor Loss: 0.3686 | Entropy: 0.7910
Epoch [88/2000] | Sampled: 2731.00 | Baseline: 923.25 | Improvement: -1807.75 | Win Rate: 0.00% | Actor Loss: -3.9094 | Entropy: 0.9398
Epoch [89/2000] | Sampled: 2069.75 | Baseline: 705.12 | Improvement: -1364.62 | Win Rate: 0.00% | Actor Loss: 5.4044 | Entropy: 0.5972
Epoch [90/2000] | Sampled: 1975.50 | Baseline: 672.50 | Improvement: -1303.00 | Win Rate: 0.00% | Actor Loss: 3.9217 | Entropy: 0.5716
Epoch [91/2000] | Sampled: 2432.25 | Baseline: 821.75 | Improvement: -1610.50 | Win Rate: 0.00% | Actor Loss: 6.0529 | Entropy: 0.6343
Epoch [92/2000] | Sampled: 2514.94 | Baseline: 861.56 | Improvement: -1653.38 | Win Rate: 0.00% | Actor Loss: 3.6457 | Entropy: 0.6535
Epoch [93/2000] | Sampled: 2450.25 | Baseline: 824.00 | Improvement: -1626.25 | Win Rate: 0.00% | Actor Loss: 1.0766 | Entropy: 0.8550
Epoch [94/2000] | Sampled: 2728.19 | Baseline: 919.88 | Improvement: -1808.31 | Win Rate: 0.00% | Actor Loss: 1.2623 | Entropy: 0.9169
Epoch [95/2000] | Sampled: 1966.31 | Baseline: 663.06 | Improvement: -1303.25 | Win Rate: 0.00% | Actor Loss: 3.8052 | Entropy: 0.7566
Epoch [96/2000] | Sampled: 2024.75 | Baseline: 680.88 | Improvement: -1343.88 | Win Rate: 0.00% | Actor Loss: -2.0530 | Entropy: 0.7805
Epoch [97/2000] | Sampled: 2437.81 | Baseline: 824.38 | Improvement: -1613.44 | Win Rate: 0.00% | Actor Loss: -1.4840 | Entropy: 0.8170
Epoch [98/2000] | Sampled: 2543.31 | Baseline: 862.00 | Improvement: -1681.31 | Win Rate: 0.00% | Actor Loss: -1.1019 | Entropy: 0.9584
Epoch [99/2000] | Sampled: 2313.12 | Baseline: 783.44 | Improvement: -1529.69 | Win Rate: 0.00% | Actor Loss: 1.9100 | Entropy: 0.9374
Epoch [100/2000] | Sampled: 2255.88 | Baseline: 774.38 | Improvement: -1481.50 | Win Rate: 0.00% | Actor Loss: 7.0701 | Entropy: 0.8156
   -> Saved updated training chart to /home/wei/AMR-DFJSP/Static_alogorithm/Attention/attention_training_metrics.png
Epoch [101/2000] | Sampled: 1829.88 | Baseline: 626.06 | Improvement: -1203.81 | Win Rate: 0.00% | Actor Loss: 1.2149 | Entropy: 0.7068
Epoch [102/2000] | Sampled: 2355.00 | Baseline: 789.00 | Improvement: -1566.00 | Win Rate: 0.00% | Actor Loss: 5.6483 | Entropy: 0.7364
Epoch [103/2000] | Sampled: 2384.31 | Baseline: 810.44 | Improvement: -1573.88 | Win Rate: 0.00% | Actor Loss: 2.6810 | Entropy: 0.6982
Epoch [104/2000] | Sampled: 2066.12 | Baseline: 698.56 | Improvement: -1367.56 | Win Rate: 0.00% | Actor Loss: 4.3878 | Entropy: 0.5428
Epoch [105/2000] | Sampled: 2256.19 | Baseline: 766.56 | Improvement: -1489.62 | Win Rate: 0.00% | Actor Loss: 2.2891 | Entropy: 0.5813
Epoch [106/2000] | Sampled: 2291.19 | Baseline: 774.94 | Improvement: -1516.25 | Win Rate: 0.00% | Actor Loss: 3.4556 | Entropy: 0.6204
Epoch [107/2000] | Sampled: 2188.69 | Baseline: 741.75 | Improvement: -1446.94 | Win Rate: 0.00% | Actor Loss: 2.7722 | Entropy: 0.6004
Epoch [108/2000] | Sampled: 2138.69 | Baseline: 732.31 | Improvement: -1406.38 | Win Rate: 0.00% | Actor Loss: 3.8796 | Entropy: 0.6382
Epoch [109/2000] | Sampled: 2665.00 | Baseline: 908.62 | Improvement: -1756.38 | Win Rate: 0.00% | Actor Loss: 2.1405 | Entropy: 0.6938
Epoch [110/2000] | Sampled: 2175.94 | Baseline: 736.88 | Improvement: -1439.06 | Win Rate: 0.00% | Actor Loss: -1.6414 | Entropy: 0.6468
Epoch [111/2000] | Sampled: 2199.12 | Baseline: 738.75 | Improvement: -1460.38 | Win Rate: 0.00% | Actor Loss: -0.0109 | Entropy: 0.6018
Epoch [112/2000] | Sampled: 2294.81 | Baseline: 776.88 | Improvement: -1517.94 | Win Rate: 0.00% | Actor Loss: 0.8137 | Entropy: 0.6221
Epoch [113/2000] | Sampled: 2267.88 | Baseline: 773.88 | Improvement: -1494.00 | Win Rate: 0.00% | Actor Loss: 3.2882 | Entropy: 0.6171
Epoch [114/2000] | Sampled: 2254.50 | Baseline: 759.88 | Improvement: -1494.62 | Win Rate: 0.00% | Actor Loss: 3.0433 | Entropy: 0.6341
Epoch [115/2000] | Sampled: 2565.75 | Baseline: 864.81 | Improvement: -1700.94 | Win Rate: 0.00% | Actor Loss: 1.4774 | Entropy: 0.6306
Epoch [116/2000] | Sampled: 2779.12 | Baseline: 936.38 | Improvement: -1842.75 | Win Rate: 0.00% | Actor Loss: 3.2600 | Entropy: 0.6466
Epoch [117/2000] | Sampled: 2291.25 | Baseline: 779.81 | Improvement: -1511.44 | Win Rate: 0.00% | Actor Loss: 5.5663 | Entropy: 0.6559
Epoch [118/2000] | Sampled: 2215.94 | Baseline: 741.81 | Improvement: -1474.12 | Win Rate: 0.00% | Actor Loss: 2.9561 | Entropy: 0.6052
Epoch [119/2000] | Sampled: 1754.00 | Baseline: 605.00 | Improvement: -1149.00 | Win Rate: 0.00% | Actor Loss: 3.9654 | Entropy: 0.5616
Epoch [120/2000] | Sampled: 2425.19 | Baseline: 828.69 | Improvement: -1596.50 | Win Rate: 0.00% | Actor Loss: 4.1288 | Entropy: 0.6157
Epoch [121/2000] | Sampled: 2636.12 | Baseline: 893.12 | Improvement: -1743.00 | Win Rate: 0.00% | Actor Loss: 4.9529 | Entropy: 0.6922
Epoch [122/2000] | Sampled: 1982.81 | Baseline: 677.12 | Improvement: -1305.69 | Win Rate: 0.00% | Actor Loss: 1.5196 | Entropy: 0.6003
Epoch [123/2000] | Sampled: 2252.12 | Baseline: 769.69 | Improvement: -1482.44 | Win Rate: 0.00% | Actor Loss: 2.2174 | Entropy: 0.5840
Epoch [124/2000] | Sampled: 2195.94 | Baseline: 745.75 | Improvement: -1450.19 | Win Rate: 0.00% | Actor Loss: 3.8897 | Entropy: 0.6115
Epoch [125/2000] | Sampled: 2482.62 | Baseline: 836.31 | Improvement: -1646.31 | Win Rate: 0.00% | Actor Loss: 6.9784 | Entropy: 0.6616
Epoch [126/2000] | Sampled: 2952.38 | Baseline: 982.56 | Improvement: -1969.81 | Win Rate: 0.00% | Actor Loss: 5.1166 | Entropy: 0.7526
Epoch [127/2000] | Sampled: 2154.81 | Baseline: 732.62 | Improvement: -1422.19 | Win Rate: 0.00% | Actor Loss: 5.6116 | Entropy: 0.6639
Epoch [128/2000] | Sampled: 2182.12 | Baseline: 743.56 | Improvement: -1438.56 | Win Rate: 0.00% | Actor Loss: 4.4847 | Entropy: 0.7237
Epoch [129/2000] | Sampled: 2608.56 | Baseline: 888.81 | Improvement: -1719.75 | Win Rate: 0.00% | Actor Loss: 5.4548 | Entropy: 0.7259
Epoch [130/2000] | Sampled: 2016.88 | Baseline: 692.75 | Improvement: -1324.12 | Win Rate: 0.00% | Actor Loss: 2.0017 | Entropy: 0.7532
Epoch [131/2000] | Sampled: 1645.25 | Baseline: 572.31 | Improvement: -1072.94 | Win Rate: 0.00% | Actor Loss: 2.9048 | Entropy: 0.7839
Epoch [132/2000] | Sampled: 2515.31 | Baseline: 857.38 | Improvement: -1657.94 | Win Rate: 0.00% | Actor Loss: -4.1758 | Entropy: 0.8937
Epoch [133/2000] | Sampled: 1799.62 | Baseline: 623.50 | Improvement: -1176.12 | Win Rate: 0.00% | Actor Loss: -0.9493 | Entropy: 0.7826
Epoch [134/2000] | Sampled: 2183.25 | Baseline: 749.44 | Improvement: -1433.81 | Win Rate: 0.00% | Actor Loss: 5.5935 | Entropy: 0.7192
Epoch [135/2000] | Sampled: 2534.81 | Baseline: 865.75 | Improvement: -1669.06 | Win Rate: 0.00% | Actor Loss: 2.7838 | Entropy: 0.7787
Epoch [136/2000] | Sampled: 2472.44 | Baseline: 835.31 | Improvement: -1637.12 | Win Rate: 0.00% | Actor Loss: 0.5497 | Entropy: 0.7094
Epoch [137/2000] | Sampled: 2144.00 | Baseline: 735.88 | Improvement: -1408.12 | Win Rate: 0.00% | Actor Loss: 0.6562 | Entropy: 0.6861
Epoch [138/2000] | Sampled: 1946.06 | Baseline: 674.06 | Improvement: -1272.00 | Win Rate: 0.00% | Actor Loss: 3.2012 | Entropy: 0.6802
Epoch [139/2000] | Sampled: 2510.88 | Baseline: 853.12 | Improvement: -1657.75 | Win Rate: 0.00% | Actor Loss: 5.7695 | Entropy: 0.7980
Epoch [140/2000] | Sampled: 2112.00 | Baseline: 717.88 | Improvement: -1394.12 | Win Rate: 0.00% | Actor Loss: 0.5846 | Entropy: 0.7556
Epoch [141/2000] | Sampled: 2099.50 | Baseline: 717.88 | Improvement: -1381.62 | Win Rate: 0.00% | Actor Loss: -3.3492 | Entropy: 0.7392
Epoch [142/2000] | Sampled: 2293.81 | Baseline: 780.12 | Improvement: -1513.69 | Win Rate: 0.00% | Actor Loss: -1.3363 | Entropy: 0.7702
Epoch [143/2000] | Sampled: 2378.88 | Baseline: 807.56 | Improvement: -1571.31 | Win Rate: 0.00% | Actor Loss: 5.8265 | Entropy: 0.7523
Epoch [144/2000] | Sampled: 2341.81 | Baseline: 797.19 | Improvement: -1544.62 | Win Rate: 0.00% | Actor Loss: 8.5565 | Entropy: 0.7452
Epoch [145/2000] | Sampled: 2345.69 | Baseline: 793.25 | Improvement: -1552.44 | Win Rate: 0.00% | Actor Loss: 4.2738 | Entropy: 0.6926
Epoch [146/2000] | Sampled: 1975.38 | Baseline: 685.19 | Improvement: -1290.19 | Win Rate: 0.00% | Actor Loss: 3.6455 | Entropy: 0.6446
Epoch [147/2000] | Sampled: 2500.38 | Baseline: 859.81 | Improvement: -1640.56 | Win Rate: 0.00% | Actor Loss: 3.8050 | Entropy: 0.7427
Epoch [148/2000] | Sampled: 2241.56 | Baseline: 759.88 | Improvement: -1481.69 | Win Rate: 0.00% | Actor Loss: 4.1934 | Entropy: 0.6671
Epoch [149/2000] | Sampled: 2544.88 | Baseline: 876.19 | Improvement: -1668.69 | Win Rate: 0.00% | Actor Loss: 2.6537 | Entropy: 0.7168
Epoch [150/2000] | Sampled: 1656.56 | Baseline: 569.19 | Improvement: -1087.38 | Win Rate: 0.00% | Actor Loss: 6.2703 | Entropy: 0.5422
Epoch [151/2000] | Sampled: 1879.56 | Baseline: 642.62 | Improvement: -1236.94 | Win Rate: 0.00% | Actor Loss: 4.4587 | Entropy: 0.5731
Epoch [152/2000] | Sampled: 2207.94 | Baseline: 747.00 | Improvement: -1460.94 | Win Rate: 0.00% | Actor Loss: 7.3797 | Entropy: 0.5962
Epoch [153/2000] | Sampled: 2868.12 | Baseline: 967.75 | Improvement: -1900.38 | Win Rate: 0.00% | Actor Loss: 2.6355 | Entropy: 0.7170
Epoch [154/2000] | Sampled: 2025.25 | Baseline: 690.19 | Improvement: -1335.06 | Win Rate: 0.00% | Actor Loss: 3.9916 | Entropy: 0.6232
Epoch [155/2000] | Sampled: 2377.56 | Baseline: 815.44 | Improvement: -1562.12 | Win Rate: 0.00% | Actor Loss: 4.9842 | Entropy: 0.7254
Epoch [156/2000] | Sampled: 1733.00 | Baseline: 590.69 | Improvement: -1142.31 | Win Rate: 0.00% | Actor Loss: 4.5552 | Entropy: 0.5646
Epoch [157/2000] | Sampled: 2345.19 | Baseline: 797.38 | Improvement: -1547.81 | Win Rate: 0.00% | Actor Loss: -0.0259 | Entropy: 0.6355
Epoch [158/2000] | Sampled: 1824.44 | Baseline: 625.69 | Improvement: -1198.75 | Win Rate: 0.00% | Actor Loss: 0.0786 | Entropy: 0.5671
Epoch [159/2000] | Sampled: 2227.69 | Baseline: 752.06 | Improvement: -1475.62 | Win Rate: 0.00% | Actor Loss: 1.4580 | Entropy: 0.6766
Epoch [160/2000] | Sampled: 1641.75 | Baseline: 561.75 | Improvement: -1080.00 | Win Rate: 0.00% | Actor Loss: 2.7319 | Entropy: 0.5391
Epoch [161/2000] | Sampled: 2305.12 | Baseline: 783.19 | Improvement: -1521.94 | Win Rate: 0.00% | Actor Loss: 0.9534 | Entropy: 0.7057
Epoch [162/2000] | Sampled: 2093.94 | Baseline: 715.69 | Improvement: -1378.25 | Win Rate: 0.00% | Actor Loss: 0.5051 | Entropy: 0.6421
Epoch [163/2000] | Sampled: 2704.50 | Baseline: 915.50 | Improvement: -1789.00 | Win Rate: 0.00% | Actor Loss: 3.9300 | Entropy: 0.6657
Epoch [164/2000] | Sampled: 2186.88 | Baseline: 755.69 | Improvement: -1431.19 | Win Rate: 0.00% | Actor Loss: 4.3384 | Entropy: 0.5911
Epoch [165/2000] | Sampled: 1836.44 | Baseline: 636.44 | Improvement: -1200.00 | Win Rate: 0.00% | Actor Loss: 3.8929 | Entropy: 0.5726
Epoch [166/2000] | Sampled: 2468.50 | Baseline: 843.88 | Improvement: -1624.62 | Win Rate: 0.00% | Actor Loss: 1.9695 | Entropy: 0.7493
Epoch [167/2000] | Sampled: 1901.38 | Baseline: 652.12 | Improvement: -1249.25 | Win Rate: 0.00% | Actor Loss: -0.5876 | Entropy: 0.7981
Epoch [168/2000] | Sampled: 2143.06 | Baseline: 731.94 | Improvement: -1411.12 | Win Rate: 0.00% | Actor Loss: -1.1542 | Entropy: 0.8858
Epoch [169/2000] | Sampled: 1810.12 | Baseline: 623.31 | Improvement: -1186.81 | Win Rate: 0.00% | Actor Loss: 2.3222 | Entropy: 0.8014
Epoch [170/2000] | Sampled: 2241.25 | Baseline: 759.81 | Improvement: -1481.44 | Win Rate: 0.00% | Actor Loss: 4.5714 | Entropy: 0.7607
Epoch [171/2000] | Sampled: 1456.94 | Baseline: 503.00 | Improvement: -953.94 | Win Rate: 0.00% | Actor Loss: 4.3050 | Entropy: 0.7207
Epoch [172/2000] | Sampled: 1977.00 | Baseline: 686.88 | Improvement: -1290.12 | Win Rate: 0.00% | Actor Loss: 6.1182 | Entropy: 0.8377
Epoch [173/2000] | Sampled: 2518.81 | Baseline: 852.81 | Improvement: -1666.00 | Win Rate: 0.00% | Actor Loss: 6.6199 | Entropy: 0.7766
Epoch [174/2000] | Sampled: 2652.88 | Baseline: 923.75 | Improvement: -1729.12 | Win Rate: 0.00% | Actor Loss: 4.3172 | Entropy: 0.7275
Epoch [175/2000] | Sampled: 2085.88 | Baseline: 710.62 | Improvement: -1375.25 | Win Rate: 0.00% | Actor Loss: 3.6379 | Entropy: 0.7153
Epoch [176/2000] | Sampled: 2251.06 | Baseline: 758.12 | Improvement: -1492.94 | Win Rate: 0.00% | Actor Loss: 5.2041 | Entropy: 0.6911
Epoch [177/2000] | Sampled: 2480.12 | Baseline: 840.06 | Improvement: -1640.06 | Win Rate: 0.00% | Actor Loss: 3.6512 | Entropy: 0.8199
Epoch [178/2000] | Sampled: 1824.44 | Baseline: 625.69 | Improvement: -1198.75 | Win Rate: 0.00% | Actor Loss: 4.4737 | Entropy: 0.6294
Epoch [179/2000] | Sampled: 2162.50 | Baseline: 733.38 | Improvement: -1429.12 | Win Rate: 0.00% | Actor Loss: 4.0970 | Entropy: 0.6221
Epoch [180/2000] | Sampled: 2598.19 | Baseline: 881.81 | Improvement: -1716.38 | Win Rate: 0.00% | Actor Loss: 4.0871 | Entropy: 0.7097
Epoch [181/2000] | Sampled: 2348.88 | Baseline: 802.62 | Improvement: -1546.25 | Win Rate: 0.00% | Actor Loss: 5.9880 | Entropy: 0.7022
Epoch [182/2000] | Sampled: 1814.31 | Baseline: 625.12 | Improvement: -1189.19 | Win Rate: 0.00% | Actor Loss: 2.1978 | Entropy: 0.6359
Epoch [183/2000] | Sampled: 1798.94 | Baseline: 629.38 | Improvement: -1169.56 | Win Rate: 0.00% | Actor Loss: 4.1950 | Entropy: 0.6430
Epoch [184/2000] | Sampled: 2348.25 | Baseline: 801.06 | Improvement: -1547.19 | Win Rate: 0.00% | Actor Loss: 4.4898 | Entropy: 0.7114
Epoch [185/2000] | Sampled: 2250.75 | Baseline: 762.31 | Improvement: -1488.44 | Win Rate: 0.00% | Actor Loss: 5.5839 | Entropy: 0.7058
Epoch [186/2000] | Sampled: 2249.00 | Baseline: 762.88 | Improvement: -1486.12 | Win Rate: 0.00% | Actor Loss: 5.5962 | Entropy: 0.7026
Epoch [187/2000] | Sampled: 2095.31 | Baseline: 717.12 | Improvement: -1378.19 | Win Rate: 0.00% | Actor Loss: 7.0140 | Entropy: 0.6913
Epoch [188/2000] | Sampled: 2437.50 | Baseline: 831.00 | Improvement: -1606.50 | Win Rate: 0.00% | Actor Loss: 6.8877 | Entropy: 0.6985
Epoch [189/2000] | Sampled: 2050.50 | Baseline: 705.81 | Improvement: -1344.69 | Win Rate: 0.00% | Actor Loss: 5.3662 | Entropy: 0.6882
Epoch [190/2000] | Sampled: 2156.12 | Baseline: 730.88 | Improvement: -1425.25 | Win Rate: 0.00% | Actor Loss: 0.9952 | Entropy: 0.6896
Epoch [191/2000] | Sampled: 2295.38 | Baseline: 780.44 | Improvement: -1514.94 | Win Rate: 0.00% | Actor Loss: 4.3086 | Entropy: 0.6973
Epoch [192/2000] | Sampled: 2182.44 | Baseline: 750.88 | Improvement: -1431.56 | Win Rate: 0.00% | Actor Loss: 6.9289 | Entropy: 0.7212
Epoch [193/2000] | Sampled: 2285.19 | Baseline: 779.44 | Improvement: -1505.75 | Win Rate: 0.00% | Actor Loss: 4.5119 | Entropy: 0.6698
Epoch [194/2000] | Sampled: 2836.50 | Baseline: 966.56 | Improvement: -1869.94 | Win Rate: 0.00% | Actor Loss: 4.5630 | Entropy: 0.7322
Epoch [195/2000] | Sampled: 2406.81 | Baseline: 815.00 | Improvement: -1591.81 | Win Rate: 0.00% | Actor Loss: 5.5006 | Entropy: 0.6932
Epoch [196/2000] | Sampled: 2637.12 | Baseline: 903.06 | Improvement: -1734.06 | Win Rate: 0.00% | Actor Loss: 5.9215 | Entropy: 0.7642
Epoch [197/2000] | Sampled: 2585.06 | Baseline: 875.75 | Improvement: -1709.31 | Win Rate: 0.00% | Actor Loss: 4.7794 | Entropy: 0.8891
Epoch [198/2000] | Sampled: 2163.88 | Baseline: 735.94 | Improvement: -1427.94 | Win Rate: 0.00% | Actor Loss: 1.9250 | Entropy: 0.9426
Epoch [199/2000] | Sampled: 2226.56 | Baseline: 760.62 | Improvement: -1465.94 | Win Rate: 0.00% | Actor Loss: -7.1309 | Entropy: 0.9403
Epoch [200/2000] | Sampled: 2060.44 | Baseline: 711.31 | Improvement: -1349.12 | Win Rate: 0.00% | Actor Loss: -9.2453 | Entropy: 0.8942
   -> Saved updated training chart to /home/wei/AMR-DFJSP/Static_alogorithm/Attention/attention_training_metrics.png
Epoch [201/2000] | Sampled: 2550.19 | Baseline: 864.06 | Improvement: -1686.12 | Win Rate: 0.00% | Actor Loss: 0.2284 | Entropy: 0.7406
Epoch [202/2000] | Sampled: 2520.75 | Baseline: 842.94 | Improvement: -1677.81 | Win Rate: 0.00% | Actor Loss: 0.5646 | Entropy: 0.7479
Epoch [203/2000] | Sampled: 2347.06 | Baseline: 795.50 | Improvement: -1551.56 | Win Rate: 0.00% | Actor Loss: -8.6510 | Entropy: 0.8517
Epoch [204/2000] | Sampled: 2162.88 | Baseline: 730.88 | Improvement: -1432.00 | Win Rate: 0.00% | Actor Loss: -5.5252 | Entropy: 0.8109
Epoch [205/2000] | Sampled: 2210.81 | Baseline: 742.00 | Improvement: -1468.81 | Win Rate: 0.00% | Actor Loss: -5.3581 | Entropy: 0.6983
Epoch [206/2000] | Sampled: 2554.19 | Baseline: 864.44 | Improvement: -1689.75 | Win Rate: 0.00% | Actor Loss: 3.0247 | Entropy: 0.6635
Epoch [207/2000] | Sampled: 2626.31 | Baseline: 885.12 | Improvement: -1741.19 | Win Rate: 0.00% | Actor Loss: 1.6791 | Entropy: 0.7018
Epoch [208/2000] | Sampled: 1873.19 | Baseline: 635.44 | Improvement: -1237.75 | Win Rate: 0.00% | Actor Loss: 3.6743 | Entropy: 0.5871
Epoch [209/2000] | Sampled: 2051.31 | Baseline: 707.88 | Improvement: -1343.44 | Win Rate: 0.00% | Actor Loss: 4.4653 | Entropy: 0.6535
Epoch [210/2000] | Sampled: 2356.88 | Baseline: 795.12 | Improvement: -1561.75 | Win Rate: 0.00% | Actor Loss: 4.2571 | Entropy: 0.7200
Epoch [211/2000] | Sampled: 1959.25 | Baseline: 671.75 | Improvement: -1287.50 | Win Rate: 0.00% | Actor Loss: 0.7306 | Entropy: 0.6415
Epoch [212/2000] | Sampled: 1805.19 | Baseline: 617.81 | Improvement: -1187.38 | Win Rate: 0.00% | Actor Loss: -0.7154 | Entropy: 0.6000
Epoch [213/2000] | Sampled: 2109.56 | Baseline: 716.50 | Improvement: -1393.06 | Win Rate: 0.00% | Actor Loss: 2.8694 | Entropy: 0.6015
Epoch [214/2000] | Sampled: 2454.50 | Baseline: 828.06 | Improvement: -1626.44 | Win Rate: 0.00% | Actor Loss: 2.6793 | Entropy: 0.6376
Epoch [215/2000] | Sampled: 2156.56 | Baseline: 736.38 | Improvement: -1420.19 | Win Rate: 0.00% | Actor Loss: 0.3034 | Entropy: 0.7588
Epoch [216/2000] | Sampled: 2161.56 | Baseline: 728.75 | Improvement: -1432.81 | Win Rate: 0.00% | Actor Loss: 3.3757 | Entropy: 0.7294
Epoch [217/2000] | Sampled: 2143.75 | Baseline: 733.81 | Improvement: -1409.94 | Win Rate: 0.00% | Actor Loss: 4.1942 | Entropy: 0.7498
Epoch [218/2000] | Sampled: 2695.12 | Baseline: 901.19 | Improvement: -1793.94 | Win Rate: 0.00% | Actor Loss: -2.0063 | Entropy: 0.8520
Epoch [219/2000] | Sampled: 2051.56 | Baseline: 707.50 | Improvement: -1344.06 | Win Rate: 0.00% | Actor Loss: 1.9607 | Entropy: 0.5199
Epoch [220/2000] | Sampled: 2116.31 | Baseline: 715.94 | Improvement: -1400.38 | Win Rate: 0.00% | Actor Loss: 5.5216 | Entropy: 0.5856
Epoch [221/2000] | Sampled: 2213.12 | Baseline: 748.44 | Improvement: -1464.69 | Win Rate: 0.00% | Actor Loss: 3.2663 | Entropy: 0.5395
Epoch [222/2000] | Sampled: 2206.62 | Baseline: 743.62 | Improvement: -1463.00 | Win Rate: 0.00% | Actor Loss: 0.9659 | Entropy: 0.5384
Epoch [223/2000] | Sampled: 2571.00 | Baseline: 875.94 | Improvement: -1695.06 | Win Rate: 0.00% | Actor Loss: -0.0617 | Entropy: 0.5829
Epoch [224/2000] | Sampled: 1963.00 | Baseline: 671.00 | Improvement: -1292.00 | Win Rate: 0.00% | Actor Loss: 3.3136 | Entropy: 0.4896
Epoch [225/2000] | Sampled: 2341.75 | Baseline: 793.19 | Improvement: -1548.56 | Win Rate: 0.00% | Actor Loss: 2.5446 | Entropy: 0.5403
Epoch [226/2000] | Sampled: 2130.62 | Baseline: 723.06 | Improvement: -1407.56 | Win Rate: 0.00% | Actor Loss: 0.8733 | Entropy: 0.4857
Epoch [227/2000] | Sampled: 2718.44 | Baseline: 906.88 | Improvement: -1811.56 | Win Rate: 0.00% | Actor Loss: 2.9857 | Entropy: 0.5804
Epoch [228/2000] | Sampled: 2144.88 | Baseline: 727.31 | Improvement: -1417.56 | Win Rate: 0.00% | Actor Loss: 0.3673 | Entropy: 0.5377
Epoch [229/2000] | Sampled: 2393.62 | Baseline: 804.56 | Improvement: -1589.06 | Win Rate: 0.00% | Actor Loss: 0.2994 | Entropy: 0.6004
Epoch [230/2000] | Sampled: 2169.19 | Baseline: 736.06 | Improvement: -1433.12 | Win Rate: 0.00% | Actor Loss: 2.3748 | Entropy: 0.6081
Epoch [231/2000] | Sampled: 2523.00 | Baseline: 852.75 | Improvement: -1670.25 | Win Rate: 0.00% | Actor Loss: 2.4862 | Entropy: 0.6363
Epoch [232/2000] | Sampled: 2256.88 | Baseline: 773.75 | Improvement: -1483.12 | Win Rate: 0.00% | Actor Loss: 1.5951 | Entropy: 0.6985
Epoch [233/2000] | Sampled: 2060.44 | Baseline: 690.44 | Improvement: -1370.00 | Win Rate: 0.00% | Actor Loss: 2.3423 | Entropy: 0.6231
Epoch [234/2000] | Sampled: 2154.38 | Baseline: 723.88 | Improvement: -1430.50 | Win Rate: 0.00% | Actor Loss: 1.8788 | Entropy: 0.5797
Epoch [235/2000] | Sampled: 2790.00 | Baseline: 934.62 | Improvement: -1855.38 | Win Rate: 0.00% | Actor Loss: 0.5751 | Entropy: 0.6680
Epoch [236/2000] | Sampled: 2393.31 | Baseline: 799.38 | Improvement: -1593.94 | Win Rate: 0.00% | Actor Loss: -0.7951 | Entropy: 0.6118
Epoch [237/2000] | Sampled: 2432.25 | Baseline: 838.62 | Improvement: -1593.62 | Win Rate: 0.00% | Actor Loss: -4.0146 | Entropy: 0.6270
Epoch [238/2000] | Sampled: 1829.00 | Baseline: 619.31 | Improvement: -1209.69 | Win Rate: 0.00% | Actor Loss: -1.4102 | Entropy: 0.5009
Epoch [239/2000] | Sampled: 2289.38 | Baseline: 772.44 | Improvement: -1516.94 | Win Rate: 0.00% | Actor Loss: -0.9189 | Entropy: 0.5781
Epoch [240/2000] | Sampled: 1997.69 | Baseline: 684.50 | Improvement: -1313.19 | Win Rate: 0.00% | Actor Loss: 0.7473 | Entropy: 0.4864
Epoch [241/2000] | Sampled: 2292.12 | Baseline: 775.12 | Improvement: -1517.00 | Win Rate: 0.00% | Actor Loss: 2.0742 | Entropy: 0.6039
Epoch [242/2000] | Sampled: 2732.12 | Baseline: 915.94 | Improvement: -1816.19 | Win Rate: 0.00% | Actor Loss: -6.4073 | Entropy: 0.7998
Epoch [243/2000] | Sampled: 2387.69 | Baseline: 799.69 | Improvement: -1588.00 | Win Rate: 0.00% | Actor Loss: -3.7158 | Entropy: 0.7591
Epoch [244/2000] | Sampled: 2256.50 | Baseline: 758.81 | Improvement: -1497.69 | Win Rate: 0.00% | Actor Loss: -2.1154 | Entropy: 0.7071
Epoch [245/2000] | Sampled: 2485.12 | Baseline: 831.62 | Improvement: -1653.50 | Win Rate: 0.00% | Actor Loss: 3.9891 | Entropy: 0.6323
Epoch [246/2000] | Sampled: 2211.25 | Baseline: 736.81 | Improvement: -1474.44 | Win Rate: 0.00% | Actor Loss: 2.3253 | Entropy: 0.5351
Epoch [247/2000] | Sampled: 2537.31 | Baseline: 861.75 | Improvement: -1675.56 | Win Rate: 0.00% | Actor Loss: -0.8864 | Entropy: 0.5851
Epoch [248/2000] | Sampled: 2304.38 | Baseline: 777.25 | Improvement: -1527.12 | Win Rate: 0.00% | Actor Loss: -0.8510 | Entropy: 0.5420
Epoch [249/2000] | Sampled: 2143.00 | Baseline: 724.94 | Improvement: -1418.06 | Win Rate: 0.00% | Actor Loss: -1.3809 | Entropy: 0.5298
Epoch [250/2000] | Sampled: 2305.06 | Baseline: 778.69 | Improvement: -1526.38 | Win Rate: 0.00% | Actor Loss: 0.0908 | Entropy: 0.6096
Epoch [251/2000] | Sampled: 2203.19 | Baseline: 748.12 | Improvement: -1455.06 | Win Rate: 0.00% | Actor Loss: 2.1043 | Entropy: 0.6030
Epoch [252/2000] | Sampled: 2067.25 | Baseline: 693.81 | Improvement: -1373.44 | Win Rate: 0.00% | Actor Loss: 0.8525 | Entropy: 0.5517
Epoch [253/2000] | Sampled: 2722.38 | Baseline: 917.00 | Improvement: -1805.38 | Win Rate: 0.00% | Actor Loss: -4.4752 | Entropy: 0.6115
Epoch [254/2000] | Sampled: 2499.00 | Baseline: 838.69 | Improvement: -1660.31 | Win Rate: 0.00% | Actor Loss: -9.1797 | Entropy: 0.5498
Epoch [255/2000] | Sampled: 2352.69 | Baseline: 793.81 | Improvement: -1558.88 | Win Rate: 0.00% | Actor Loss: -6.3542 | Entropy: 0.5669
Epoch [256/2000] | Sampled: 2391.06 | Baseline: 799.50 | Improvement: -1591.56 | Win Rate: 0.00% | Actor Loss: -1.5308 | Entropy: 0.5442
Epoch [257/2000] | Sampled: 2299.31 | Baseline: 791.38 | Improvement: -1507.94 | Win Rate: 0.00% | Actor Loss: 1.2127 | Entropy: 0.4998
Epoch [258/2000] | Sampled: 2459.75 | Baseline: 826.00 | Improvement: -1633.75 | Win Rate: 0.00% | Actor Loss: -4.3232 | Entropy: 0.5678
Epoch [259/2000] | Sampled: 2202.06 | Baseline: 741.62 | Improvement: -1460.44 | Win Rate: 0.00% | Actor Loss: -1.0414 | Entropy: 0.5890
Epoch [260/2000] | Sampled: 1906.12 | Baseline: 644.94 | Improvement: -1261.19 | Win Rate: 0.00% | Actor Loss: -3.8094 | Entropy: 0.5496
Epoch [261/2000] | Sampled: 2212.94 | Baseline: 764.06 | Improvement: -1448.88 | Win Rate: 0.00% | Actor Loss: 2.0224 | Entropy: 0.5980
Epoch [262/2000] | Sampled: 2152.31 | Baseline: 736.00 | Improvement: -1416.31 | Win Rate: 0.00% | Actor Loss: 2.8711 | Entropy: 0.4978
Epoch [263/2000] | Sampled: 2305.69 | Baseline: 786.75 | Improvement: -1518.94 | Win Rate: 0.00% | Actor Loss: 1.1055 | Entropy: 0.5687
Epoch [264/2000] | Sampled: 2156.38 | Baseline: 726.44 | Improvement: -1429.94 | Win Rate: 0.00% | Actor Loss: 0.0737 | Entropy: 0.5015
Epoch [265/2000] | Sampled: 2392.19 | Baseline: 807.81 | Improvement: -1584.38 | Win Rate: 0.00% | Actor Loss: 5.2133 | Entropy: 0.6454
Epoch [266/2000] | Sampled: 2461.75 | Baseline: 833.69 | Improvement: -1628.06 | Win Rate: 0.00% | Actor Loss: -0.1238 | Entropy: 0.7791
Epoch [267/2000] | Sampled: 2349.62 | Baseline: 788.25 | Improvement: -1561.38 | Win Rate: 0.00% | Actor Loss: 1.2628 | Entropy: 0.5413
Epoch [268/2000] | Sampled: 2677.19 | Baseline: 900.31 | Improvement: -1776.88 | Win Rate: 0.00% | Actor Loss: 1.4263 | Entropy: 0.5508
Epoch [269/2000] | Sampled: 2149.50 | Baseline: 721.56 | Improvement: -1427.94 | Win Rate: 0.00% | Actor Loss: 0.9785 | Entropy: 0.4848
Epoch [270/2000] | Sampled: 2068.25 | Baseline: 692.88 | Improvement: -1375.38 | Win Rate: 0.00% | Actor Loss: -0.0699 | Entropy: 0.4737
Epoch [271/2000] | Sampled: 2243.62 | Baseline: 762.38 | Improvement: -1481.25 | Win Rate: 0.00% | Actor Loss: -5.7583 | Entropy: 0.5477
Epoch [272/2000] | Sampled: 2364.56 | Baseline: 799.88 | Improvement: -1564.69 | Win Rate: 0.00% | Actor Loss: -8.4542 | Entropy: 0.6071
Epoch [273/2000] | Sampled: 1742.81 | Baseline: 593.75 | Improvement: -1149.06 | Win Rate: 0.00% | Actor Loss: -4.0920 | Entropy: 0.5061
Epoch [274/2000] | Sampled: 2335.38 | Baseline: 793.81 | Improvement: -1541.56 | Win Rate: 0.00% | Actor Loss: -8.1757 | Entropy: 0.6089
Epoch [275/2000] | Sampled: 1889.62 | Baseline: 635.88 | Improvement: -1253.75 | Win Rate: 0.00% | Actor Loss: -3.8849 | Entropy: 0.4839
Epoch [276/2000] | Sampled: 2599.88 | Baseline: 874.75 | Improvement: -1725.12 | Win Rate: 0.00% | Actor Loss: -5.8973 | Entropy: 0.5910
Epoch [277/2000] | Sampled: 2158.44 | Baseline: 727.00 | Improvement: -1431.44 | Win Rate: 0.00% | Actor Loss: -2.2272 | Entropy: 0.4552
Epoch [278/2000] | Sampled: 2586.88 | Baseline: 869.31 | Improvement: -1717.56 | Win Rate: 0.00% | Actor Loss: 1.9283 | Entropy: 0.4947
Epoch [279/2000] | Sampled: 2773.88 | Baseline: 942.12 | Improvement: -1831.75 | Win Rate: 0.00% | Actor Loss: -0.9574 | Entropy: 0.5331
Epoch [280/2000] | Sampled: 1882.25 | Baseline: 644.50 | Improvement: -1237.75 | Win Rate: 0.00% | Actor Loss: 1.2440 | Entropy: 0.4435
Epoch [281/2000] | Sampled: 2160.75 | Baseline: 735.50 | Improvement: -1425.25 | Win Rate: 0.00% | Actor Loss: 2.4537 | Entropy: 0.5247
Epoch [282/2000] | Sampled: 2131.81 | Baseline: 725.50 | Improvement: -1406.31 | Win Rate: 0.00% | Actor Loss: -47.2372 | Entropy: 0.7095
Epoch [283/2000] | Sampled: 1865.38 | Baseline: 638.56 | Improvement: -1226.81 | Win Rate: 0.00% | Actor Loss: -6.0356 | Entropy: 0.6707
Epoch [284/2000] | Sampled: 2082.38 | Baseline: 707.19 | Improvement: -1375.19 | Win Rate: 0.00% | Actor Loss: -11.6453 | Entropy: 0.7596
Epoch [285/2000] | Sampled: 1694.56 | Baseline: 574.50 | Improvement: -1120.06 | Win Rate: 0.00% | Actor Loss: -0.6749 | Entropy: 0.4627
Epoch [286/2000] | Sampled: 2120.25 | Baseline: 722.50 | Improvement: -1397.75 | Win Rate: 0.00% | Actor Loss: -4.6915 | Entropy: 0.5667
Epoch [287/2000] | Sampled: 2202.19 | Baseline: 743.19 | Improvement: -1459.00 | Win Rate: 0.00% | Actor Loss: 1.1855 | Entropy: 0.4661
Epoch [288/2000] | Sampled: 2516.19 | Baseline: 844.88 | Improvement: -1671.31 | Win Rate: 0.00% | Actor Loss: -0.9648 | Entropy: 0.4835
Epoch [289/2000] | Sampled: 1593.62 | Baseline: 540.62 | Improvement: -1053.00 | Win Rate: 0.00% | Actor Loss: 1.3404 | Entropy: 0.3341
Epoch [290/2000] | Sampled: 2454.19 | Baseline: 824.19 | Improvement: -1630.00 | Win Rate: 0.00% | Actor Loss: -1.1628 | Entropy: 0.4192
Epoch [291/2000] | Sampled: 1543.69 | Baseline: 525.19 | Improvement: -1018.50 | Win Rate: 0.00% | Actor Loss: -0.2436 | Entropy: 0.2753
Epoch [292/2000] | Sampled: 2203.12 | Baseline: 747.69 | Improvement: -1455.44 | Win Rate: 0.00% | Actor Loss: 0.8699 | Entropy: 0.4127
Epoch [293/2000] | Sampled: 1547.88 | Baseline: 521.81 | Improvement: -1026.06 | Win Rate: 0.00% | Actor Loss: -0.1158 | Entropy: 0.2946
Epoch [294/2000] | Sampled: 2065.56 | Baseline: 698.94 | Improvement: -1366.62 | Win Rate: 0.00% | Actor Loss: -0.3297 | Entropy: 0.3586
Epoch [295/2000] | Sampled: 1534.75 | Baseline: 526.69 | Improvement: -1008.06 | Win Rate: 0.00% | Actor Loss: -0.0387 | Entropy: 0.2988
Epoch [296/2000] | Sampled: 2458.56 | Baseline: 827.00 | Improvement: -1631.56 | Win Rate: 0.00% | Actor Loss: -3.9145 | Entropy: 0.4766
Epoch [297/2000] | Sampled: 2044.94 | Baseline: 691.19 | Improvement: -1353.75 | Win Rate: 0.00% | Actor Loss: -2.8891 | Entropy: 0.3900
Epoch [298/2000] | Sampled: 2007.31 | Baseline: 678.00 | Improvement: -1329.31 | Win Rate: 0.00% | Actor Loss: -3.7394 | Entropy: 0.4252
Epoch [299/2000] | Sampled: 2638.94 | Baseline: 886.88 | Improvement: -1752.06 | Win Rate: 0.00% | Actor Loss: -4.6404 | Entropy: 0.5270
Epoch [300/2000] | Sampled: 2200.38 | Baseline: 745.44 | Improvement: -1454.94 | Win Rate: 0.00% | Actor Loss: -1.6390 | Entropy: 0.4433
   -> Saved updated training chart to /home/wei/AMR-DFJSP/Static_alogorithm/Attention/attention_training_metrics.png
Epoch [301/2000] | Sampled: 2345.56 | Baseline: 796.56 | Improvement: -1549.00 | Win Rate: 0.00% | Actor Loss: -2.6860 | Entropy: 0.4607
Epoch [302/2000] | Sampled: 2332.56 | Baseline: 791.00 | Improvement: -1541.56 | Win Rate: 0.00% | Actor Loss: -5.0808 | Entropy: 0.4807
Epoch [303/2000] | Sampled: 2351.81 | Baseline: 795.00 | Improvement: -1556.81 | Win Rate: 0.00% | Actor Loss: -2.4967 | Entropy: 0.4885
Epoch [304/2000] | Sampled: 2410.81 | Baseline: 824.88 | Improvement: -1585.94 | Win Rate: 0.00% | Actor Loss: -0.8341 | Entropy: 0.5039
Epoch [305/2000] | Sampled: 2427.00 | Baseline: 824.00 | Improvement: -1603.00 | Win Rate: 0.00% | Actor Loss: -2.6611 | Entropy: 0.5021
Epoch [306/2000] | Sampled: 2132.12 | Baseline: 726.19 | Improvement: -1405.94 | Win Rate: 0.00% | Actor Loss: -5.5363 | Entropy: 0.4311
Epoch [307/2000] | Sampled: 2648.38 | Baseline: 895.12 | Improvement: -1753.25 | Win Rate: 0.00% | Actor Loss: -5.2293 | Entropy: 0.5212
Epoch [308/2000] | Sampled: 2165.75 | Baseline: 725.88 | Improvement: -1439.88 | Win Rate: 0.00% | Actor Loss: -2.9519 | Entropy: 0.4172
Epoch [309/2000] | Sampled: 2577.12 | Baseline: 872.94 | Improvement: -1704.19 | Win Rate: 0.00% | Actor Loss: -0.3352 | Entropy: 0.5000
Epoch [310/2000] | Sampled: 2265.75 | Baseline: 765.56 | Improvement: -1500.19 | Win Rate: 0.00% | Actor Loss: -9.8382 | Entropy: 0.4187
Epoch [311/2000] | Sampled: 1766.56 | Baseline: 609.88 | Improvement: -1156.69 | Win Rate: 0.00% | Actor Loss: -3.5491 | Entropy: 0.3590
Epoch [312/2000] | Sampled: 2536.56 | Baseline: 859.12 | Improvement: -1677.44 | Win Rate: 0.00% | Actor Loss: -3.2291 | Entropy: 0.4854
Epoch [313/2000] | Sampled: 1879.50 | Baseline: 637.81 | Improvement: -1241.69 | Win Rate: 0.00% | Actor Loss: -1.6347 | Entropy: 0.3492
Epoch [314/2000] | Sampled: 2301.81 | Baseline: 779.31 | Improvement: -1522.50 | Win Rate: 0.00% | Actor Loss: -2.8201 | Entropy: 0.4232
Epoch [315/2000] | Sampled: 2318.25 | Baseline: 797.00 | Improvement: -1521.25 | Win Rate: 0.00% | Actor Loss: -0.3594 | Entropy: 0.4285
Epoch [316/2000] | Sampled: 2577.88 | Baseline: 858.25 | Improvement: -1719.62 | Win Rate: 0.00% | Actor Loss: -0.8098 | Entropy: 0.4941
Epoch [317/2000] | Sampled: 2242.88 | Baseline: 768.81 | Improvement: -1474.06 | Win Rate: 0.00% | Actor Loss: -2.7009 | Entropy: 0.4466
Epoch [318/2000] | Sampled: 2132.62 | Baseline: 717.75 | Improvement: -1414.88 | Win Rate: 0.00% | Actor Loss: -1.1958 | Entropy: 0.4416
Epoch [319/2000] | Sampled: 1828.62 | Baseline: 621.25 | Improvement: -1207.38 | Win Rate: 0.00% | Actor Loss: 2.6887 | Entropy: 0.3707
Epoch [320/2000] | Sampled: 1981.56 | Baseline: 664.12 | Improvement: -1317.44 | Win Rate: 0.00% | Actor Loss: -0.0743 | Entropy: 0.4350
Epoch [321/2000] | Sampled: 2631.50 | Baseline: 893.62 | Improvement: -1737.88 | Win Rate: 0.00% | Actor Loss: 1.5951 | Entropy: 0.5522
Epoch [322/2000] | Sampled: 2253.06 | Baseline: 768.62 | Improvement: -1484.44 | Win Rate: 0.00% | Actor Loss: 1.2635 | Entropy: 0.4740
Epoch [323/2000] | Sampled: 1969.62 | Baseline: 671.44 | Improvement: -1298.19 | Win Rate: 0.00% | Actor Loss: 1.5178 | Entropy: 0.4060
Epoch [324/2000] | Sampled: 2445.69 | Baseline: 837.50 | Improvement: -1608.19 | Win Rate: 0.00% | Actor Loss: -1.5910 | Entropy: 0.5202
Epoch [325/2000] | Sampled: 2564.00 | Baseline: 868.19 | Improvement: -1695.81 | Win Rate: 0.00% | Actor Loss: -3.3621 | Entropy: 0.5471
Epoch [326/2000] | Sampled: 2174.62 | Baseline: 744.12 | Improvement: -1430.50 | Win Rate: 0.00% | Actor Loss: -1.6021 | Entropy: 0.4693
Epoch [327/2000] | Sampled: 1880.62 | Baseline: 629.56 | Improvement: -1251.06 | Win Rate: 0.00% | Actor Loss: 3.1489 | Entropy: 0.4012
Epoch [328/2000] | Sampled: 2255.25 | Baseline: 757.81 | Improvement: -1497.44 | Win Rate: 0.00% | Actor Loss: -3.1957 | Entropy: 0.4737
Epoch [329/2000] | Sampled: 2426.38 | Baseline: 817.25 | Improvement: -1609.12 | Win Rate: 0.00% | Actor Loss: 3.6835 | Entropy: 0.5080
Epoch [330/2000] | Sampled: 2235.31 | Baseline: 761.88 | Improvement: -1473.44 | Win Rate: 0.00% | Actor Loss: 0.8246 | Entropy: 0.4554
Epoch [331/2000] | Sampled: 2372.12 | Baseline: 809.69 | Improvement: -1562.44 | Win Rate: 0.00% | Actor Loss: 1.0098 | Entropy: 0.5091
Epoch [332/2000] | Sampled: 2514.19 | Baseline: 845.88 | Improvement: -1668.31 | Win Rate: 0.00% | Actor Loss: 6.7390 | Entropy: 0.5305
Epoch [333/2000] | Sampled: 2023.38 | Baseline: 681.50 | Improvement: -1341.88 | Win Rate: 0.00% | Actor Loss: -2.7093 | Entropy: 0.4511
Epoch [334/2000] | Sampled: 2247.75 | Baseline: 756.31 | Improvement: -1491.44 | Win Rate: 0.00% | Actor Loss: -0.7080 | Entropy: 0.4612
Epoch [335/2000] | Sampled: 1622.38 | Baseline: 558.25 | Improvement: -1064.12 | Win Rate: 0.00% | Actor Loss: 11.9431 | Entropy: 0.3602
Epoch [336/2000] | Sampled: 2078.31 | Baseline: 709.12 | Improvement: -1369.19 | Win Rate: 0.00% | Actor Loss: -2.3936 | Entropy: 0.4538
Epoch [337/2000] | Sampled: 2162.69 | Baseline: 726.06 | Improvement: -1436.62 | Win Rate: 0.00% | Actor Loss: 5.5016 | Entropy: 0.4667
Epoch [338/2000] | Sampled: 2538.38 | Baseline: 856.69 | Improvement: -1681.69 | Win Rate: 0.00% | Actor Loss: -2.4969 | Entropy: 0.5283
Epoch [339/2000] | Sampled: 2138.25 | Baseline: 729.50 | Improvement: -1408.75 | Win Rate: 0.00% | Actor Loss: -1.0019 | Entropy: 0.4862
Epoch [340/2000] | Sampled: 2236.62 | Baseline: 765.69 | Improvement: -1470.94 | Win Rate: 0.00% | Actor Loss: 3.6618 | Entropy: 0.5024
Epoch [341/2000] | Sampled: 1977.94 | Baseline: 680.94 | Improvement: -1297.00 | Win Rate: 0.00% | Actor Loss: 0.2757 | Entropy: 0.4513
Epoch [342/2000] | Sampled: 1864.12 | Baseline: 632.31 | Improvement: -1231.81 | Win Rate: 0.00% | Actor Loss: 2.7212 | Entropy: 0.4292
Epoch [343/2000] | Sampled: 2499.62 | Baseline: 841.19 | Improvement: -1658.44 | Win Rate: 0.00% | Actor Loss: -0.8768 | Entropy: 0.5220
Epoch [344/2000] | Sampled: 2378.00 | Baseline: 805.94 | Improvement: -1572.06 | Win Rate: 0.00% | Actor Loss: -0.7263 | Entropy: 0.5177
Epoch [345/2000] | Sampled: 1931.44 | Baseline: 657.38 | Improvement: -1274.06 | Win Rate: 0.00% | Actor Loss: 0.6414 | Entropy: 0.4292
Epoch [346/2000] | Sampled: 1667.88 | Baseline: 564.31 | Improvement: -1103.56 | Win Rate: 0.00% | Actor Loss: 3.2147 | Entropy: 0.3502
Epoch [347/2000] | Sampled: 1866.00 | Baseline: 643.12 | Improvement: -1222.88 | Win Rate: 0.00% | Actor Loss: -1.7273 | Entropy: 0.4070
Epoch [348/2000] | Sampled: 1916.62 | Baseline: 645.19 | Improvement: -1271.44 | Win Rate: 0.00% | Actor Loss: -2.4244 | Entropy: 0.4297
Epoch [349/2000] | Sampled: 2290.00 | Baseline: 770.06 | Improvement: -1519.94 | Win Rate: 0.00% | Actor Loss: -1.4044 | Entropy: 0.4942
Epoch [350/2000] | Sampled: 2607.81 | Baseline: 887.44 | Improvement: -1720.38 | Win Rate: 0.00% | Actor Loss: 0.4898 | Entropy: 0.5693
Epoch [351/2000] | Sampled: 2468.88 | Baseline: 841.94 | Improvement: -1626.94 | Win Rate: 0.00% | Actor Loss: -0.9170 | Entropy: 0.5442
Epoch [352/2000] | Sampled: 1971.69 | Baseline: 672.19 | Improvement: -1299.50 | Win Rate: 0.00% | Actor Loss: -1.6514 | Entropy: 0.4249
Epoch [353/2000] | Sampled: 2484.00 | Baseline: 834.75 | Improvement: -1649.25 | Win Rate: 0.00% | Actor Loss: -2.8260 | Entropy: 0.5407
Epoch [354/2000] | Sampled: 2439.62 | Baseline: 820.62 | Improvement: -1619.00 | Win Rate: 0.00% | Actor Loss: 0.5791 | Entropy: 0.5055
Epoch [355/2000] | Sampled: 1934.69 | Baseline: 662.50 | Improvement: -1272.19 | Win Rate: 0.00% | Actor Loss: -1.2299 | Entropy: 0.4444
Epoch [356/2000] | Sampled: 2311.06 | Baseline: 792.94 | Improvement: -1518.12 | Win Rate: 0.00% | Actor Loss: 1.2159 | Entropy: 0.5176
Epoch [357/2000] | Sampled: 2828.00 | Baseline: 945.62 | Improvement: -1882.38 | Win Rate: 0.00% | Actor Loss: -0.3748 | Entropy: 0.5910
Epoch [358/2000] | Sampled: 2418.56 | Baseline: 819.75 | Improvement: -1598.81 | Win Rate: 0.00% | Actor Loss: 2.5818 | Entropy: 0.5162
Epoch [359/2000] | Sampled: 2282.62 | Baseline: 779.50 | Improvement: -1503.12 | Win Rate: 0.00% | Actor Loss: -0.1608 | Entropy: 0.5086
Epoch [360/2000] | Sampled: 2312.62 | Baseline: 788.44 | Improvement: -1524.19 | Win Rate: 0.00% | Actor Loss: -1.0049 | Entropy: 0.5025
Epoch [361/2000] | Sampled: 1925.56 | Baseline: 649.44 | Improvement: -1276.12 | Win Rate: 0.00% | Actor Loss: -0.2040 | Entropy: 0.4170
Epoch [362/2000] | Sampled: 1827.19 | Baseline: 620.19 | Improvement: -1207.00 | Win Rate: 0.00% | Actor Loss: 2.0045 | Entropy: 0.4013
Epoch [363/2000] | Sampled: 2041.19 | Baseline: 688.88 | Improvement: -1352.31 | Win Rate: 0.00% | Actor Loss: 1.3576 | Entropy: 0.4472
Epoch [364/2000] | Sampled: 2390.44 | Baseline: 808.19 | Improvement: -1582.25 | Win Rate: 0.00% | Actor Loss: -1.2285 | Entropy: 0.5049
Epoch [365/2000] | Sampled: 2107.12 | Baseline: 716.06 | Improvement: -1391.06 | Win Rate: 0.00% | Actor Loss: -0.3147 | Entropy: 0.4625
Epoch [366/2000] | Sampled: 1773.00 | Baseline: 601.94 | Improvement: -1171.06 | Win Rate: 0.00% | Actor Loss: -0.1850 | Entropy: 0.4060
Epoch [367/2000] | Sampled: 2226.69 | Baseline: 762.81 | Improvement: -1463.88 | Win Rate: 0.00% | Actor Loss: 1.2823 | Entropy: 0.4809
Epoch [368/2000] | Sampled: 1771.81 | Baseline: 603.69 | Improvement: -1168.12 | Win Rate: 0.00% | Actor Loss: 1.4187 | Entropy: 0.4019
Epoch [369/2000] | Sampled: 2144.88 | Baseline: 719.81 | Improvement: -1425.06 | Win Rate: 0.00% | Actor Loss: 2.5477 | Entropy: 0.4708
Epoch [370/2000] | Sampled: 2209.25 | Baseline: 756.44 | Improvement: -1452.81 | Win Rate: 0.00% | Actor Loss: 3.2480 | Entropy: 0.4657
Epoch [371/2000] | Sampled: 2193.69 | Baseline: 741.19 | Improvement: -1452.50 | Win Rate: 0.00% | Actor Loss: 0.6099 | Entropy: 0.4572
Epoch [372/2000] | Sampled: 1958.81 | Baseline: 663.94 | Improvement: -1294.88 | Win Rate: 0.00% | Actor Loss: 0.6248 | Entropy: 0.4514
Epoch [373/2000] | Sampled: 2244.69 | Baseline: 751.50 | Improvement: -1493.19 | Win Rate: 0.00% | Actor Loss: 1.9238 | Entropy: 0.4972
Epoch [374/2000] | Sampled: 2112.25 | Baseline: 710.06 | Improvement: -1402.19 | Win Rate: 0.00% | Actor Loss: 1.1508 | Entropy: 0.4486
Epoch [375/2000] | Sampled: 1642.31 | Baseline: 559.25 | Improvement: -1083.06 | Win Rate: 0.00% | Actor Loss: 3.2280 | Entropy: 0.3633
Epoch [376/2000] | Sampled: 1783.50 | Baseline: 611.50 | Improvement: -1172.00 | Win Rate: 0.00% | Actor Loss: -0.0480 | Entropy: 0.4007
Epoch [377/2000] | Sampled: 2060.19 | Baseline: 709.44 | Improvement: -1350.75 | Win Rate: 0.00% | Actor Loss: -0.6835 | Entropy: 0.4709
Epoch [378/2000] | Sampled: 2391.88 | Baseline: 806.12 | Improvement: -1585.75 | Win Rate: 0.00% | Actor Loss: -0.4381 | Entropy: 0.5211
Epoch [379/2000] | Sampled: 2028.62 | Baseline: 688.38 | Improvement: -1340.25 | Win Rate: 0.00% | Actor Loss: 2.5655 | Entropy: 0.4241
Epoch [380/2000] | Sampled: 2278.31 | Baseline: 780.75 | Improvement: -1497.56 | Win Rate: 0.00% | Actor Loss: 1.5195 | Entropy: 0.5008
Epoch [381/2000] | Sampled: 2425.94 | Baseline: 824.12 | Improvement: -1601.81 | Win Rate: 0.00% | Actor Loss: 1.3683 | Entropy: 0.5191
Epoch [382/2000] | Sampled: 2330.12 | Baseline: 787.12 | Improvement: -1543.00 | Win Rate: 0.00% | Actor Loss: -0.7205 | Entropy: 0.4903
Epoch [383/2000] | Sampled: 2094.75 | Baseline: 717.00 | Improvement: -1377.75 | Win Rate: 0.00% | Actor Loss: -0.9712 | Entropy: 0.4691
Epoch [384/2000] | Sampled: 2035.19 | Baseline: 688.94 | Improvement: -1346.25 | Win Rate: 0.00% | Actor Loss: 7.1223 | Entropy: 0.4591
Epoch [385/2000] | Sampled: 2342.25 | Baseline: 791.56 | Improvement: -1550.69 | Win Rate: 0.00% | Actor Loss: 9.2830 | Entropy: 0.4965
Epoch [386/2000] | Sampled: 1704.12 | Baseline: 576.56 | Improvement: -1127.56 | Win Rate: 0.00% | Actor Loss: 3.4368 | Entropy: 0.3977
Traceback (most recent call last):
  File "/home/wei/AMR-DFJSP/Static_alogorithm/Attention/train.py", line 537, in <module>
    train(build_parser().parse_args())
  File "/home/wei/AMR-DFJSP/Static_alogorithm/Attention/train.py", line 507, in train
    train_reinforce(args)
  File "/home/wei/AMR-DFJSP/Static_alogorithm/Attention/train.py", line 306, in train_reinforce
    comparison = compute_dispatch_baseline_comparison(
  File "/home/wei/AMR-DFJSP/Static_alogorithm/reinforce_baseline.py", line 175, in compute_dispatch_baseline_comparison
    rule_next_makespan, _ = evaluate_makespan(
  File "/home/wei/AMR-DFJSP/Static_alogorithm/reinforce_baseline.py", line 78, in evaluate_makespan
    availability, _, _, _, invalid_count = decode_schedule_tick_by_tick(
  File "/home/wei/AMR-DFJSP/Static_alogorithm/GA/GA.py", line 1188, in decode_schedule_tick_by_tick
