Training on: cuda
Loaded 1000 dispatch events from /home/wei/AMR-DFJSP/test_case/static/dispatch_inbox_60.jsonl
Loaded 50 dispatch events from /home/wei/AMR-DFJSP/test_case/static/dispatch_validation_60.jsonl
Loaded 50 validation event(s).
Starting Attention REINFORCE training with dispatch baseline 'fifo+earliest_available' (stepwise).
Epoch [1/1000] | Sampled: 801.00 | Baseline: 616.94 | Improvement: -184.06 | Win Rate: 0.00% | Actor Loss: -3.5054 | Entropy: 4.0678 | Invalid S/B: 0.44/0.00 | Max Load: 14.7 | Load Gap: 5.0
   -> Validation | Samples: 50 | Makespan: 655.34 | Invalid Jobs: 0.00
   -> Saved new best model (Val Makespan: 655.34)
   -> Saved updated training chart to /home/wei/AMR-DFJSP/Static_alogorithm/Attention/attention_training_metrics.png
Epoch [2/1000] | Sampled: 836.38 | Baseline: 625.19 | Improvement: -211.19 | Win Rate: 0.00% | Actor Loss: -5.2272 | Entropy: 4.1788 | Invalid S/B: 0.38/0.00 | Max Load: 14.8 | Load Gap: 5.4
Epoch [3/1000] | Sampled: 786.25 | Baseline: 620.38 | Improvement: -165.88 | Win Rate: 0.00% | Actor Loss: -7.8629 | Entropy: 4.1661 | Invalid S/B: 0.19/0.00 | Max Load: 14.6 | Load Gap: 5.4
Epoch [4/1000] | Sampled: 819.94 | Baseline: 622.94 | Improvement: -197.00 | Win Rate: 0.00% | Actor Loss: -5.2432 | Entropy: 4.1182 | Invalid S/B: 0.31/0.00 | Max Load: 14.6 | Load Gap: 5.2
Epoch [5/1000] | Sampled: 771.25 | Baseline: 619.81 | Improvement: -151.44 | Win Rate: 0.00% | Actor Loss: -11.7943 | Entropy: 4.0060 | Invalid S/B: 0.06/0.00 | Max Load: 14.8 | Load Gap: 5.2
Epoch [6/1000] | Sampled: 769.00 | Baseline: 616.38 | Improvement: -152.62 | Win Rate: 0.00% | Actor Loss: -14.9838 | Entropy: 3.8325 | Invalid S/B: 0.25/0.00 | Max Load: 14.4 | Load Gap: 4.6
Traceback (most recent call last):
  File "/home/wei/AMR-DFJSP/Static_alogorithm/Attention/train.py", line 700, in <module>
    train(build_parser().parse_args())
  File "/home/wei/AMR-DFJSP/Static_alogorithm/Attention/train.py", line 653, in train
    train_reinforce(args)
  File "/home/wei/AMR-DFJSP/Static_alogorithm/Attention/train.py", line 351, in train_reinforce
    comparison = compute_dispatch_baseline_comparison(
  File "/home/wei/AMR-DFJSP/Static_alogorithm/reinforce_baseline.py", line 177, in compute_dispatch_baseline_comparison
