Training on: cuda
Starting GNN Precise REINFORCE training with dispatch baseline 'earliest_completion_job+earliest_completion' (stepwise).
Epoch [1/2000] | Sampled: 796.50 | Baseline: 556.12 | Improvement: -240.38 | Win Rate: 0.00% | Actor Loss: -39.1991 | Entropy: 4.1034 | Invalid S/B: 0.62/0.00 | Max Load: 14.8 | Load Gap: 5.2
   -> Saved new best model (Makespan: 796.50)
   -> Saved updated training chart to /home/wei/AMR-DFJSP/Static_alogorithm/GNN/gnn_precise_training_metrics.png
Epoch [2/2000] | Sampled: 801.31 | Baseline: 559.25 | Improvement: -242.06 | Win Rate: 0.00% | Actor Loss: -54.7288 | Entropy: 4.1451 | Invalid S/B: 0.12/0.00 | Max Load: 14.9 | Load Gap: 5.9
Epoch [3/2000] | Sampled: 789.31 | Baseline: 556.56 | Improvement: -232.75 | Win Rate: 0.00% | Actor Loss: -49.0259 | Entropy: 3.8396 | Invalid S/B: 0.38/0.00 | Max Load: 15.1 | Load Gap: 5.9
   -> Saved new best model (Makespan: 789.31)
Epoch [4/2000] | Sampled: 818.44 | Baseline: 552.38 | Improvement: -266.06 | Win Rate: 0.00% | Actor Loss: -36.5814 | Entropy: 3.5886 | Invalid S/B: 0.31/0.00 | Max Load: 15.2 | Load Gap: 6.0
Epoch [5/2000] | Sampled: 788.75 | Baseline: 555.56 | Improvement: -233.19 | Win Rate: 0.00% | Actor Loss: -35.9104 | Entropy: 3.6450 | Invalid S/B: 0.19/0.00 | Max Load: 14.6 | Load Gap: 5.0
   -> Saved new best model (Makespan: 788.75)
Traceback (most recent call last):
  File "/home/wei/AMR-DFJSP/Static_alogorithm/GNN/train_gnn_precise.py", line 762, in <module>
    train(build_parser().parse_args())
  File "/home/wei/AMR-DFJSP/Static_alogorithm/GNN/train_gnn_precise.py", line 714, in train
    train_reinforce(args)
  File "/home/wei/AMR-DFJSP/Static_alogorithm/GNN/train_gnn_precise.py", line 429, in train_reinforce
    comparison = compute_dispatch_baseline_comparison(
  File "/home/wei/AMR-DFJSP/Static_alogorithm/reinforce_baseline.py", line 191, in compute_dispatch_baseline_comparison
    sampled_next_individual = complete_with_dispatch_rule(
  File "/home/wei/AMR-DFJSP/Static_alogorithm/reinforce_baseline.py", line 133, in complete_with_dispatch_rule
    action, _ = dr.choose_operation(jobs, state, job_rule, amr_rule, rng)
  File "/home/wei/AMR-DFJSP/Static_alogorithm/dispatching_rules/dispatching_rules.py", line 237, in choose_operation
    estimates = [
  File "/home/wei/AMR-DFJSP/Static_alogorithm/dispatching_rules/dispatching_rules.py", line 238, in <listcomp>
    estimate_action(
  File "/home/wei/AMR-DFJSP/Static_alogorithm/operation_policy.py", line 208, in estimate_action
    float(job.arrival_time),
KeyboardInterrupt
