Training on: cuda
Loaded 1000 dispatch events from /home/wei/AMR-DFJSP/test_case/static/dispatch_inbox_60.jsonl
Loaded 50 dispatch events from /home/wei/AMR-DFJSP/test_case/static/dispatch_validation_60.jsonl
Loaded 50 validation event(s).
Starting Attention Precise REINFORCE training with dispatch baseline 'earliest_completion_job+earliest_completion' (stepwise).
Epoch [1/1000] | Sampled: 810.56 | Baseline: 573.50 | Improvement: -237.06 | Win Rate: 0.00% | Actor Loss: 2.0022 | Entropy: 4.0692 | Invalid S/B: 0.38/0.00 | Max Load: 14.6 | Load Gap: 4.6
   -> Validation | Samples: 50 | Makespan: 1254.22 | Invalid Jobs: 0.04
   -> Saved new best model (Val Makespan: 1254.22)
   -> Saved updated training chart to /home/wei/AMR-DFJSP/Static_alogorithm/Attention/attention_precise_training_metrics.png
Epoch [2/1000] | Sampled: 848.38 | Baseline: 581.62 | Improvement: -266.75 | Win Rate: 0.00% | Actor Loss: 0.6104 | Entropy: 3.9675 | Invalid S/B: 0.50/0.00 | Max Load: 14.6 | Load Gap: 5.2
Epoch [3/1000] | Sampled: 843.38 | Baseline: 584.19 | Improvement: -259.19 | Win Rate: 0.00% | Actor Loss: -1.5424 | Entropy: 3.8623 | Invalid S/B: 0.75/0.00 | Max Load: 13.9 | Load Gap: 3.8
Epoch [4/1000] | Sampled: 829.75 | Baseline: 584.00 | Improvement: -245.75 | Win Rate: 0.00% | Actor Loss: -3.1195 | Entropy: 3.7541 | Invalid S/B: 0.69/0.00 | Max Load: 14.5 | Load Gap: 4.3
Epoch [5/1000] | Sampled: 858.12 | Baseline: 574.56 | Improvement: -283.56 | Win Rate: 0.00% | Actor Loss: -1.3786 | Entropy: 3.6497 | Invalid S/B: 0.38/0.00 | Max Load: 14.1 | Load Gap: 4.3
Epoch [6/1000] | Sampled: 909.00 | Baseline: 574.06 | Improvement: -334.94 | Win Rate: 0.00% | Actor Loss: -3.1118 | Entropy: 3.5480 | Invalid S/B: 0.56/0.00 | Max Load: 14.1 | Load Gap: 4.4
Epoch [7/1000] | Sampled: 879.44 | Baseline: 577.38 | Improvement: -302.06 | Win Rate: 0.00% | Actor Loss: 5.1072 | Entropy: 3.4593 | Invalid S/B: 0.12/0.00 | Max Load: 14.2 | Load Gap: 4.4
Epoch [8/1000] | Sampled: 979.88 | Baseline: 578.75 | Improvement: -401.12 | Win Rate: 0.00% | Actor Loss: 4.0413 | Entropy: 3.2097 | Invalid S/B: 0.19/0.00 | Max Load: 15.0 | Load Gap: 7.2
Epoch [9/1000] | Sampled: 946.44 | Baseline: 576.75 | Improvement: -369.69 | Win Rate: 0.00% | Actor Loss: -5.6092 | Entropy: 3.2460 | Invalid S/B: 0.19/0.00 | Max Load: 14.8 | Load Gap: 5.5
Epoch [10/1000] | Sampled: 972.56 | Baseline: 571.69 | Improvement: -400.88 | Win Rate: 0.00% | Actor Loss: 0.3651 | Entropy: 3.0650 | Invalid S/B: 0.19/0.00 | Max Load: 15.2 | Load Gap: 7.3
Epoch [11/1000] | Sampled: 987.88 | Baseline: 585.25 | Improvement: -402.62 | Win Rate: 0.00% | Actor Loss: 2.0958 | Entropy: 3.1076 | Invalid S/B: 0.12/0.00 | Max Load: 15.0 | Load Gap: 6.0
Traceback (most recent call last):
  File "/home/wei/AMR-DFJSP/Static_alogorithm/Attention/train_precise.py", line 744, in <module>
    train(build_parser().parse_args())
  File "/home/wei/AMR-DFJSP/Static_alogorithm/Attention/train_precise.py", line 697, in train
