Training on: cuda
Loaded 1000 dispatch events from /home/wei/AMR-DFJSP/test_case/static/dispatch_inbox_60.jsonl
Loaded 50 dispatch events from /home/wei/AMR-DFJSP/test_case/static/dispatch_validation_60.jsonl
Loaded 50 validation event(s).
Starting GNN Precise REINFORCE training with dispatch baseline 'earliest_completion_job+earliest_completion' (stepwise).
Epoch [1/1000] | Sampled: 801.44 | Baseline: 573.50 | Improvement: -227.94 | Win Rate: 0.00% | Actor Loss: 3.6715 | Entropy: 4.1066 | Invalid S/B: 0.56/0.00 | Max Load: 15.0 | Load Gap: 5.6
   -> Validation | Samples: 50 | Makespan: 1437.94 | Invalid Jobs: 0.26
   -> Saved new best model (Val Makespan: 1437.94)
   -> Saved updated training chart to /home/wei/AMR-DFJSP/Static_alogorithm/GNN/gnn_precise_training_metrics.png
Epoch [2/1000] | Sampled: 835.81 | Baseline: 581.62 | Improvement: -254.19 | Win Rate: 0.00% | Actor Loss: -1.0780 | Entropy: 3.9290 | Invalid S/B: 0.56/0.00 | Max Load: 14.2 | Load Gap: 4.2
Epoch [3/1000] | Sampled: 892.06 | Baseline: 584.19 | Improvement: -307.88 | Win Rate: 0.00% | Actor Loss: -1.7474 | Entropy: 3.8097 | Invalid S/B: 0.44/0.00 | Max Load: 14.8 | Load Gap: 4.9
Epoch [4/1000] | Sampled: 902.19 | Baseline: 584.00 | Improvement: -318.19 | Win Rate: 0.00% | Actor Loss: -1.7247 | Entropy: 3.6405 | Invalid S/B: 0.62/0.00 | Max Load: 14.2 | Load Gap: 4.3
Epoch [5/1000] | Sampled: 905.50 | Baseline: 574.56 | Improvement: -330.94 | Win Rate: 0.00% | Actor Loss: 2.0820 | Entropy: 3.4907 | Invalid S/B: 0.44/0.00 | Max Load: 14.2 | Load Gap: 4.7
Epoch [6/1000] | Sampled: 912.69 | Baseline: 574.06 | Improvement: -338.62 | Win Rate: 0.00% | Actor Loss: 3.5065 | Entropy: 3.4696 | Invalid S/B: 0.56/0.00 | Max Load: 14.3 | Load Gap: 4.2
Epoch [7/1000] | Sampled: 892.31 | Baseline: 577.38 | Improvement: -314.94 | Win Rate: 0.00% | Actor Loss: -0.8936 | Entropy: 3.5501 | Invalid S/B: 0.69/0.00 | Max Load: 14.4 | Load Gap: 4.3
Epoch [8/1000] | Sampled: 846.69 | Baseline: 578.75 | Improvement: -267.94 | Win Rate: 0.00% | Actor Loss: -2.3234 | Entropy: 3.5612 | Invalid S/B: 0.62/0.00 | Max Load: 13.7 | Load Gap: 3.4
Epoch [9/1000] | Sampled: 868.62 | Baseline: 576.75 | Improvement: -291.88 | Win Rate: 0.00% | Actor Loss: -8.0932 | Entropy: 3.4674 | Invalid S/B: 0.56/0.00 | Max Load: 14.1 | Load Gap: 3.9
Epoch [10/1000] | Sampled: 815.12 | Baseline: 571.69 | Improvement: -243.44 | Win Rate: 0.00% | Actor Loss: -4.6961 | Entropy: 3.3699 | Invalid S/B: 0.38/0.00 | Max Load: 13.7 | Load Gap: 3.2
Epoch [11/1000] | Sampled: 851.62 | Baseline: 585.25 | Improvement: -266.38 | Win Rate: 0.00% | Actor Loss: -4.8756 | Entropy: 3.2972 | Invalid S/B: 0.56/0.00 | Max Load: 14.0 | Load Gap: 3.9
Traceback (most recent call last):
  File "/home/wei/AMR-DFJSP/Static_alogorithm/GNN/train_gnn_precise.py", line 762, in <module>
    train(build_parser().parse_args())
  File "/home/wei/AMR-DFJSP/Static_alogorithm/GNN/train_gnn_precise.py", line 714, in train
