Training on: cuda
Loaded 100 dispatch events from /home/wei/AMR-DFJSP/test_case/static/dispatch_inbox_60.jsonl
Starting Attention Precise REINFORCE training with dispatch baseline 'earliest_completion_job+earliest_completion' (stepwise).
Epoch [1/1000] | Sampled: 902.81 | Baseline: 691.31 | Improvement: -211.50 | Win Rate: 0.00% | Actor Loss: -0.5778 | Entropy: 4.2384
   -> Saved new best model (Makespan: 902.81)
   -> Saved updated training chart to /home/wei/AMR-DFJSP/Static_alogorithm/Attention/attention_precise_training_metrics.png
Epoch [2/1000] | Sampled: 978.88 | Baseline: 684.00 | Improvement: -294.88 | Win Rate: 0.00% | Actor Loss: 3.9944 | Entropy: 4.1578
Epoch [3/1000] | Sampled: 1391.75 | Baseline: 679.88 | Improvement: -711.88 | Win Rate: 0.00% | Actor Loss: 14.4888 | Entropy: 3.8433
Epoch [4/1000] | Sampled: 1195.38 | Baseline: 679.06 | Improvement: -516.31 | Win Rate: 0.00% | Actor Loss: 10.4484 | Entropy: 3.9238
Epoch [5/1000] | Sampled: 1238.12 | Baseline: 689.19 | Improvement: -548.94 | Win Rate: 0.00% | Actor Loss: 7.0861 | Entropy: 3.9317
Epoch [6/1000] | Sampled: 1280.69 | Baseline: 687.12 | Improvement: -593.56 | Win Rate: 0.00% | Actor Loss: 6.3049 | Entropy: 3.8442
Epoch [7/1000] | Sampled: 1409.88 | Baseline: 691.31 | Improvement: -718.56 | Win Rate: 0.00% | Actor Loss: 12.1539 | Entropy: 3.7097
Epoch [8/1000] | Sampled: 1408.25 | Baseline: 696.06 | Improvement: -712.19 | Win Rate: 0.00% | Actor Loss: 10.1467 | Entropy: 3.6907
Epoch [9/1000] | Sampled: 1357.25 | Baseline: 680.44 | Improvement: -676.81 | Win Rate: 0.00% | Actor Loss: 11.0797 | Entropy: 3.7492
Epoch [10/1000] | Sampled: 1573.75 | Baseline: 676.44 | Improvement: -897.31 | Win Rate: 0.00% | Actor Loss: 12.2576 | Entropy: 3.5712
Epoch [11/1000] | Sampled: 1717.19 | Baseline: 688.44 | Improvement: -1028.75 | Win Rate: 0.00% | Actor Loss: 12.0656 | Entropy: 3.4739
Epoch [12/1000] | Sampled: 1770.12 | Baseline: 696.56 | Improvement: -1073.56 | Win Rate: 0.00% | Actor Loss: 16.8992 | Entropy: 3.4188
Epoch [13/1000] | Sampled: 1837.31 | Baseline: 686.00 | Improvement: -1151.31 | Win Rate: 0.00% | Actor Loss: 16.0833 | Entropy: 3.3212
Epoch [14/1000] | Sampled: 1944.00 | Baseline: 692.94 | Improvement: -1251.06 | Win Rate: 0.00% | Actor Loss: 11.9936 | Entropy: 3.2307
Epoch [15/1000] | Sampled: 1996.88 | Baseline: 695.88 | Improvement: -1301.00 | Win Rate: 0.00% | Actor Loss: 11.2235 | Entropy: 3.1298
Epoch [16/1000] | Sampled: 2045.06 | Baseline: 689.31 | Improvement: -1355.75 | Win Rate: 0.00% | Actor Loss: 15.8479 | Entropy: 2.9984
Epoch [17/1000] | Sampled: 2085.19 | Baseline: 712.88 | Improvement: -1372.31 | Win Rate: 0.00% | Actor Loss: 8.5770 | Entropy: 2.9458
Epoch [18/1000] | Sampled: 2061.94 | Baseline: 689.62 | Improvement: -1372.31 | Win Rate: 0.00% | Actor Loss: 9.6090 | Entropy: 2.8467
Epoch [19/1000] | Sampled: 2060.62 | Baseline: 690.00 | Improvement: -1370.62 | Win Rate: 0.00% | Actor Loss: 14.2627 | Entropy: 2.6927
Epoch [20/1000] | Sampled: 2061.25 | Baseline: 696.69 | Improvement: -1364.56 | Win Rate: 0.00% | Actor Loss: 8.1802 | Entropy: 2.5820
Epoch [21/1000] | Sampled: 2079.62 | Baseline: 709.69 | Improvement: -1369.94 | Win Rate: 0.00% | Actor Loss: 8.0370 | Entropy: 2.5091
Epoch [22/1000] | Sampled: 2094.88 | Baseline: 700.75 | Improvement: -1394.12 | Win Rate: 0.00% | Actor Loss: 10.4225 | Entropy: 2.4042
Epoch [23/1000] | Sampled: 2048.12 | Baseline: 681.31 | Improvement: -1366.81 | Win Rate: 0.00% | Actor Loss: 8.4948 | Entropy: 2.4158
Epoch [24/1000] | Sampled: 2065.88 | Baseline: 696.00 | Improvement: -1369.88 | Win Rate: 0.00% | Actor Loss: 8.2782 | Entropy: 2.3295
Epoch [25/1000] | Sampled: 2087.44 | Baseline: 708.06 | Improvement: -1379.38 | Win Rate: 0.00% | Actor Loss: 5.8364 | Entropy: 2.2766
Epoch [26/1000] | Sampled: 2084.94 | Baseline: 688.75 | Improvement: -1396.19 | Win Rate: 0.00% | Actor Loss: 5.6729 | Entropy: 2.0917
Epoch [27/1000] | Sampled: 2080.94 | Baseline: 674.94 | Improvement: -1406.00 | Win Rate: 0.00% | Actor Loss: 10.4077 | Entropy: 2.1920
Epoch [28/1000] | Sampled: 2099.69 | Baseline: 698.50 | Improvement: -1401.19 | Win Rate: 0.00% | Actor Loss: 8.2299 | Entropy: 2.2980
Epoch [29/1000] | Sampled: 2090.19 | Baseline: 697.38 | Improvement: -1392.81 | Win Rate: 0.00% | Actor Loss: 6.3936 | Entropy: 2.0249
Epoch [30/1000] | Sampled: 2067.94 | Baseline: 690.44 | Improvement: -1377.50 | Win Rate: 0.00% | Actor Loss: 8.3287 | Entropy: 1.7336
Epoch [31/1000] | Sampled: 2088.25 | Baseline: 685.81 | Improvement: -1402.44 | Win Rate: 0.00% | Actor Loss: 2.4727 | Entropy: 1.9604
Epoch [32/1000] | Sampled: 2118.75 | Baseline: 708.31 | Improvement: -1410.44 | Win Rate: 0.00% | Actor Loss: -0.1800 | Entropy: 2.0637
Epoch [33/1000] | Sampled: 2042.19 | Baseline: 676.62 | Improvement: -1365.56 | Win Rate: 0.00% | Actor Loss: 1.0453 | Entropy: 2.0116
Epoch [34/1000] | Sampled: 2099.88 | Baseline: 690.50 | Improvement: -1409.38 | Win Rate: 0.00% | Actor Loss: 7.3666 | Entropy: 1.7616
Epoch [35/1000] | Sampled: 2096.31 | Baseline: 699.12 | Improvement: -1397.19 | Win Rate: 0.00% | Actor Loss: 9.2262 | Entropy: 1.8562
Epoch [36/1000] | Sampled: 2080.31 | Baseline: 685.44 | Improvement: -1394.88 | Win Rate: 0.00% | Actor Loss: 5.1563 | Entropy: 2.2658
Epoch [37/1000] | Sampled: 2077.00 | Baseline: 691.06 | Improvement: -1385.94 | Win Rate: 0.00% | Actor Loss: 2.4670 | Entropy: 2.4823
Epoch [38/1000] | Sampled: 2044.44 | Baseline: 682.00 | Improvement: -1362.44 | Win Rate: 0.00% | Actor Loss: 5.4011 | Entropy: 2.2152
Epoch [39/1000] | Sampled: 2059.62 | Baseline: 686.62 | Improvement: -1373.00 | Win Rate: 0.00% | Actor Loss: 9.5158 | Entropy: 2.0586
Epoch [40/1000] | Sampled: 2117.50 | Baseline: 694.69 | Improvement: -1422.81 | Win Rate: 0.00% | Actor Loss: 7.6845 | Entropy: 1.6745
Epoch [41/1000] | Sampled: 2107.50 | Baseline: 684.81 | Improvement: -1422.69 | Win Rate: 0.00% | Actor Loss: 6.0220 | Entropy: 1.6764
Epoch [42/1000] | Sampled: 2088.94 | Baseline: 706.06 | Improvement: -1382.88 | Win Rate: 0.00% | Actor Loss: 3.0727 | Entropy: 1.7962
Epoch [43/1000] | Sampled: 2094.19 | Baseline: 696.38 | Improvement: -1397.81 | Win Rate: 0.00% | Actor Loss: 4.0709 | Entropy: 1.8146
Epoch [44/1000] | Sampled: 2061.06 | Baseline: 700.25 | Improvement: -1360.81 | Win Rate: 0.00% | Actor Loss: 7.3088 | Entropy: 1.8490
Epoch [45/1000] | Sampled: 2109.12 | Baseline: 699.06 | Improvement: -1410.06 | Win Rate: 0.00% | Actor Loss: 1.3584 | Entropy: 1.7515
Epoch [46/1000] | Sampled: 2121.31 | Baseline: 696.25 | Improvement: -1425.06 | Win Rate: 0.00% | Actor Loss: 3.2062 | Entropy: 1.5669
Epoch [47/1000] | Sampled: 2112.50 | Baseline: 692.69 | Improvement: -1419.81 | Win Rate: 0.00% | Actor Loss: 6.1903 | Entropy: 1.4713
Epoch [48/1000] | Sampled: 2106.81 | Baseline: 693.31 | Improvement: -1413.50 | Win Rate: 0.00% | Actor Loss: 2.3910 | Entropy: 1.4358
Epoch [49/1000] | Sampled: 2092.44 | Baseline: 685.06 | Improvement: -1407.38 | Win Rate: 0.00% | Actor Loss: 3.8644 | Entropy: 1.6265
Epoch [50/1000] | Sampled: 2102.56 | Baseline: 702.81 | Improvement: -1399.75 | Win Rate: 0.00% | Actor Loss: 7.3036 | Entropy: 1.5047
Epoch [51/1000] | Sampled: 2085.38 | Baseline: 685.50 | Improvement: -1399.88 | Win Rate: 0.00% | Actor Loss: 4.8136 | Entropy: 1.4860
Epoch [52/1000] | Sampled: 2055.31 | Baseline: 688.19 | Improvement: -1367.12 | Win Rate: 0.00% | Actor Loss: 3.0718 | Entropy: 1.4335
Epoch [53/1000] | Sampled: 2093.81 | Baseline: 688.81 | Improvement: -1405.00 | Win Rate: 0.00% | Actor Loss: 1.0377 | Entropy: 1.4699
Epoch [54/1000] | Sampled: 2088.56 | Baseline: 700.88 | Improvement: -1387.69 | Win Rate: 0.00% | Actor Loss: 2.6719 | Entropy: 1.3619
Epoch [55/1000] | Sampled: 2117.06 | Baseline: 691.19 | Improvement: -1425.88 | Win Rate: 0.00% | Actor Loss: 1.3967 | Entropy: 1.2486
Epoch [56/1000] | Sampled: 2081.69 | Baseline: 682.31 | Improvement: -1399.38 | Win Rate: 0.00% | Actor Loss: 3.7293 | Entropy: 1.2960
Epoch [57/1000] | Sampled: 2108.75 | Baseline: 678.94 | Improvement: -1429.81 | Win Rate: 0.00% | Actor Loss: 4.8465 | Entropy: 1.2561
Epoch [58/1000] | Sampled: 2076.38 | Baseline: 682.06 | Improvement: -1394.31 | Win Rate: 0.00% | Actor Loss: 5.3514 | Entropy: 1.2953
Epoch [59/1000] | Sampled: 2082.00 | Baseline: 683.50 | Improvement: -1398.50 | Win Rate: 0.00% | Actor Loss: 3.6351 | Entropy: 1.2475
Epoch [60/1000] | Sampled: 2082.00 | Baseline: 686.19 | Improvement: -1395.81 | Win Rate: 0.00% | Actor Loss: -0.9622 | Entropy: 1.2295
Epoch [61/1000] | Sampled: 2061.56 | Baseline: 687.19 | Improvement: -1374.38 | Win Rate: 0.00% | Actor Loss: -0.1875 | Entropy: 1.2120
Epoch [62/1000] | Sampled: 2100.38 | Baseline: 695.25 | Improvement: -1405.12 | Win Rate: 0.00% | Actor Loss: 1.4028 | Entropy: 1.1764
Epoch [63/1000] | Sampled: 2093.69 | Baseline: 682.50 | Improvement: -1411.19 | Win Rate: 0.00% | Actor Loss: -0.0350 | Entropy: 1.1774
Epoch [64/1000] | Sampled: 2070.25 | Baseline: 675.38 | Improvement: -1394.88 | Win Rate: 0.00% | Actor Loss: -0.0368 | Entropy: 1.1401
Epoch [65/1000] | Sampled: 2081.75 | Baseline: 686.31 | Improvement: -1395.44 | Win Rate: 0.00% | Actor Loss: -0.3388 | Entropy: 1.1439
Epoch [66/1000] | Sampled: 2081.31 | Baseline: 672.81 | Improvement: -1408.50 | Win Rate: 0.00% | Actor Loss: -2.7017 | Entropy: 1.1830
Epoch [67/1000] | Sampled: 2076.81 | Baseline: 687.31 | Improvement: -1389.50 | Win Rate: 0.00% | Actor Loss: -0.1765 | Entropy: 1.2118
Epoch [68/1000] | Sampled: 2088.81 | Baseline: 700.00 | Improvement: -1388.81 | Win Rate: 0.00% | Actor Loss: -3.1477 | Entropy: 1.1559
Epoch [69/1000] | Sampled: 2074.12 | Baseline: 687.12 | Improvement: -1387.00 | Win Rate: 0.00% | Actor Loss: -0.7483 | Entropy: 1.1527
Epoch [70/1000] | Sampled: 2109.06 | Baseline: 694.94 | Improvement: -1414.12 | Win Rate: 0.00% | Actor Loss: -0.4917 | Entropy: 1.0570
Epoch [71/1000] | Sampled: 2115.00 | Baseline: 703.69 | Improvement: -1411.31 | Win Rate: 0.00% | Actor Loss: 0.9047 | Entropy: 1.0418
Epoch [72/1000] | Sampled: 2085.31 | Baseline: 691.44 | Improvement: -1393.88 | Win Rate: 0.00% | Actor Loss: 2.9847 | Entropy: 1.1234
Epoch [73/1000] | Sampled: 2098.44 | Baseline: 693.38 | Improvement: -1405.06 | Win Rate: 0.00% | Actor Loss: -1.4985 | Entropy: 1.0837
Epoch [74/1000] | Sampled: 2101.88 | Baseline: 694.62 | Improvement: -1407.25 | Win Rate: 0.00% | Actor Loss: 4.4217 | Entropy: 1.1148
Epoch [75/1000] | Sampled: 2101.44 | Baseline: 710.06 | Improvement: -1391.38 | Win Rate: 0.00% | Actor Loss: 0.7895 | Entropy: 1.1314
Epoch [76/1000] | Sampled: 2104.19 | Baseline: 681.44 | Improvement: -1422.75 | Win Rate: 0.00% | Actor Loss: 2.0611 | Entropy: 1.0954
Epoch [77/1000] | Sampled: 2092.56 | Baseline: 695.12 | Improvement: -1397.44 | Win Rate: 0.00% | Actor Loss: -0.2149 | Entropy: 1.0714
Epoch [78/1000] | Sampled: 2115.25 | Baseline: 703.19 | Improvement: -1412.06 | Win Rate: 0.00% | Actor Loss: -0.2810 | Entropy: 1.0471
Epoch [79/1000] | Sampled: 2077.56 | Baseline: 674.38 | Improvement: -1403.19 | Win Rate: 0.00% | Actor Loss: -1.1229 | Entropy: 1.0511
Epoch [80/1000] | Sampled: 2081.12 | Baseline: 688.88 | Improvement: -1392.25 | Win Rate: 0.00% | Actor Loss: -1.7783 | Entropy: 1.0011
Epoch [81/1000] | Sampled: 2072.69 | Baseline: 698.94 | Improvement: -1373.75 | Win Rate: 0.00% | Actor Loss: -2.5789 | Entropy: 1.0260
Epoch [82/1000] | Sampled: 2070.88 | Baseline: 687.94 | Improvement: -1382.94 | Win Rate: 0.00% | Actor Loss: -2.5951 | Entropy: 1.0108
Epoch [83/1000] | Sampled: 2069.44 | Baseline: 698.88 | Improvement: -1370.56 | Win Rate: 0.00% | Actor Loss: -1.2160 | Entropy: 0.9766
Epoch [84/1000] | Sampled: 2079.19 | Baseline: 685.25 | Improvement: -1393.94 | Win Rate: 0.00% | Actor Loss: -0.2832 | Entropy: 1.0048
Epoch [85/1000] | Sampled: 2101.75 | Baseline: 704.56 | Improvement: -1397.19 | Win Rate: 0.00% | Actor Loss: -0.7100 | Entropy: 0.9927
Epoch [86/1000] | Sampled: 2089.94 | Baseline: 671.88 | Improvement: -1418.06 | Win Rate: 0.00% | Actor Loss: -0.4849 | Entropy: 0.9929
Epoch [87/1000] | Sampled: 2076.94 | Baseline: 681.69 | Improvement: -1395.25 | Win Rate: 0.00% | Actor Loss: -3.6550 | Entropy: 0.9716
Epoch [88/1000] | Sampled: 2066.50 | Baseline: 678.81 | Improvement: -1387.69 | Win Rate: 0.00% | Actor Loss: -2.2074 | Entropy: 1.0111
Epoch [89/1000] | Sampled: 2075.88 | Baseline: 691.50 | Improvement: -1384.38 | Win Rate: 0.00% | Actor Loss: 0.1234 | Entropy: 1.0186
Epoch [90/1000] | Sampled: 2062.31 | Baseline: 686.56 | Improvement: -1375.75 | Win Rate: 0.00% | Actor Loss: 0.8818 | Entropy: 1.0238
Epoch [91/1000] | Sampled: 2084.94 | Baseline: 704.25 | Improvement: -1380.69 | Win Rate: 0.00% | Actor Loss: -0.4426 | Entropy: 1.0059
Epoch [92/1000] | Sampled: 2078.62 | Baseline: 685.19 | Improvement: -1393.44 | Win Rate: 0.00% | Actor Loss: -1.7740 | Entropy: 0.9898
Epoch [93/1000] | Sampled: 2015.56 | Baseline: 691.25 | Improvement: -1324.31 | Win Rate: 0.00% | Actor Loss: -0.2576 | Entropy: 1.0410
Epoch [94/1000] | Sampled: 1546.19 | Baseline: 682.12 | Improvement: -864.06 | Win Rate: 0.00% | Actor Loss: -4.9120 | Entropy: 1.1490
Epoch [95/1000] | Sampled: 1112.38 | Baseline: 699.50 | Improvement: -412.88 | Win Rate: 0.00% | Actor Loss: -3.7620 | Entropy: 1.5933
Epoch [96/1000] | Sampled: 1037.25 | Baseline: 692.12 | Improvement: -345.12 | Win Rate: 0.00% | Actor Loss: -2.1426 | Entropy: 1.6007
Epoch [97/1000] | Sampled: 1067.31 | Baseline: 687.25 | Improvement: -380.06 | Win Rate: 0.00% | Actor Loss: -3.2829 | Entropy: 1.7149
Epoch [98/1000] | Sampled: 1776.88 | Baseline: 681.06 | Improvement: -1095.81 | Win Rate: 0.00% | Actor Loss: 1.6701 | Entropy: 1.0666
Epoch [99/1000] | Sampled: 1408.06 | Baseline: 693.50 | Improvement: -714.56 | Win Rate: 0.00% | Actor Loss: -3.3790 | Entropy: 1.3634
Epoch [100/1000] | Sampled: 1930.81 | Baseline: 683.44 | Improvement: -1247.38 | Win Rate: 0.00% | Actor Loss: 1.4676 | Entropy: 1.0333
   -> Saved updated training chart to /home/wei/AMR-DFJSP/Static_alogorithm/Attention/attention_precise_training_metrics.png
Epoch [101/1000] | Sampled: 1081.19 | Baseline: 698.50 | Improvement: -382.69 | Win Rate: 0.00% | Actor Loss: -4.2277 | Entropy: 1.4743
Epoch [102/1000] | Sampled: 1322.12 | Baseline: 689.00 | Improvement: -633.12 | Win Rate: 0.00% | Actor Loss: -4.1402 | Entropy: 1.3251
Epoch [103/1000] | Sampled: 2092.25 | Baseline: 683.38 | Improvement: -1408.88 | Win Rate: 0.00% | Actor Loss: 0.4061 | Entropy: 0.9638
Epoch [104/1000] | Sampled: 2102.31 | Baseline: 691.19 | Improvement: -1411.12 | Win Rate: 0.00% | Actor Loss: 0.5831 | Entropy: 0.9781
Epoch [105/1000] | Sampled: 2076.62 | Baseline: 702.44 | Improvement: -1374.19 | Win Rate: 0.00% | Actor Loss: -1.0707 | Entropy: 1.1040
Epoch [106/1000] | Sampled: 2045.50 | Baseline: 681.44 | Improvement: -1364.06 | Win Rate: 0.00% | Actor Loss: -2.2739 | Entropy: 1.1169
Epoch [107/1000] | Sampled: 2068.69 | Baseline: 684.06 | Improvement: -1384.62 | Win Rate: 0.00% | Actor Loss: -3.2598 | Entropy: 1.1296
Epoch [108/1000] | Sampled: 2076.56 | Baseline: 685.75 | Improvement: -1390.81 | Win Rate: 0.00% | Actor Loss: -0.6968 | Entropy: 1.0527
Epoch [109/1000] | Sampled: 2116.75 | Baseline: 709.12 | Improvement: -1407.62 | Win Rate: 0.00% | Actor Loss: -1.2568 | Entropy: 1.0169
Epoch [110/1000] | Sampled: 2083.56 | Baseline: 694.88 | Improvement: -1388.69 | Win Rate: 0.00% | Actor Loss: -0.8474 | Entropy: 0.9977
Epoch [111/1000] | Sampled: 2097.00 | Baseline: 702.56 | Improvement: -1394.44 | Win Rate: 0.00% | Actor Loss: 0.3376 | Entropy: 0.9888
Epoch [112/1000] | Sampled: 2102.56 | Baseline: 709.88 | Improvement: -1392.69 | Win Rate: 0.00% | Actor Loss: 1.1975 | Entropy: 0.9836
Epoch [113/1000] | Sampled: 2056.81 | Baseline: 683.50 | Improvement: -1373.31 | Win Rate: 0.00% | Actor Loss: 0.3416 | Entropy: 0.9638
Epoch [114/1000] | Sampled: 2091.56 | Baseline: 700.88 | Improvement: -1390.69 | Win Rate: 0.00% | Actor Loss: -1.2611 | Entropy: 0.9667
Epoch [115/1000] | Sampled: 2073.75 | Baseline: 680.56 | Improvement: -1393.19 | Win Rate: 0.00% | Actor Loss: -2.1015 | Entropy: 0.9868
Epoch [116/1000] | Sampled: 2115.44 | Baseline: 690.94 | Improvement: -1424.50 | Win Rate: 0.00% | Actor Loss: -1.2269 | Entropy: 1.0124
Epoch [117/1000] | Sampled: 2094.31 | Baseline: 701.25 | Improvement: -1393.06 | Win Rate: 0.00% | Actor Loss: -1.3232 | Entropy: 1.0685
Epoch [118/1000] | Sampled: 2053.50 | Baseline: 674.12 | Improvement: -1379.38 | Win Rate: 0.00% | Actor Loss: -2.5237 | Entropy: 1.1128
Epoch [119/1000] | Sampled: 2113.38 | Baseline: 698.19 | Improvement: -1415.19 | Win Rate: 0.00% | Actor Loss: -5.1241 | Entropy: 1.1065
Epoch [120/1000] | Sampled: 2065.88 | Baseline: 673.44 | Improvement: -1392.44 | Win Rate: 0.00% | Actor Loss: -1.9871 | Entropy: 1.1613
Epoch [121/1000] | Sampled: 2083.50 | Baseline: 691.12 | Improvement: -1392.38 | Win Rate: 0.00% | Actor Loss: -5.3467 | Entropy: 1.1823
Epoch [122/1000] | Sampled: 2099.12 | Baseline: 701.75 | Improvement: -1397.38 | Win Rate: 0.00% | Actor Loss: -7.6396 | Entropy: 1.2357
Epoch [123/1000] | Sampled: 2065.69 | Baseline: 688.31 | Improvement: -1377.38 | Win Rate: 0.00% | Actor Loss: -5.8612 | Entropy: 1.2291
Epoch [124/1000] | Sampled: 2059.94 | Baseline: 685.44 | Improvement: -1374.50 | Win Rate: 0.00% | Actor Loss: -2.6108 | Entropy: 1.2150
Epoch [125/1000] | Sampled: 2097.25 | Baseline: 694.31 | Improvement: -1402.94 | Win Rate: 0.00% | Actor Loss: -5.8360 | Entropy: 1.2123
Epoch [126/1000] | Sampled: 2104.69 | Baseline: 691.44 | Improvement: -1413.25 | Win Rate: 0.00% | Actor Loss: -3.2438 | Entropy: 1.2268
Epoch [127/1000] | Sampled: 2063.62 | Baseline: 673.69 | Improvement: -1389.94 | Win Rate: 0.00% | Actor Loss: -1.0521 | Entropy: 1.2514
Epoch [128/1000] | Sampled: 2090.94 | Baseline: 696.81 | Improvement: -1394.12 | Win Rate: 0.00% | Actor Loss: -5.9533 | Entropy: 1.2796
Epoch [129/1000] | Sampled: 2124.62 | Baseline: 708.56 | Improvement: -1416.06 | Win Rate: 0.00% | Actor Loss: -9.2289 | Entropy: 1.4106
Epoch [130/1000] | Sampled: 2111.00 | Baseline: 695.06 | Improvement: -1415.94 | Win Rate: 0.00% | Actor Loss: -11.6888 | Entropy: 1.5055
Epoch [131/1000] | Sampled: 2083.62 | Baseline: 690.44 | Improvement: -1393.19 | Win Rate: 0.00% | Actor Loss: -10.7362 | Entropy: 1.5248
Epoch [132/1000] | Sampled: 2112.00 | Baseline: 708.12 | Improvement: -1403.88 | Win Rate: 0.00% | Actor Loss: -10.0651 | Entropy: 1.4382
Epoch [133/1000] | Sampled: 2095.56 | Baseline: 693.00 | Improvement: -1402.56 | Win Rate: 0.00% | Actor Loss: -11.0555 | Entropy: 1.4285
Epoch [134/1000] | Sampled: 2109.38 | Baseline: 704.75 | Improvement: -1404.62 | Win Rate: 0.00% | Actor Loss: -14.8204 | Entropy: 1.3626
Epoch [135/1000] | Sampled: 2101.81 | Baseline: 687.06 | Improvement: -1414.75 | Win Rate: 0.00% | Actor Loss: -2.5607 | Entropy: 1.0067
Epoch [136/1000] | Sampled: 2085.06 | Baseline: 697.44 | Improvement: -1387.62 | Win Rate: 0.00% | Actor Loss: -9.1389 | Entropy: 1.3188
Epoch [137/1000] | Sampled: 2098.38 | Baseline: 698.06 | Improvement: -1400.31 | Win Rate: 0.00% | Actor Loss: -10.4606 | Entropy: 1.3253
Epoch [138/1000] | Sampled: 2085.75 | Baseline: 693.44 | Improvement: -1392.31 | Win Rate: 0.00% | Actor Loss: -6.4274 | Entropy: 1.1968
Epoch [139/1000] | Sampled: 2014.50 | Baseline: 685.75 | Improvement: -1328.75 | Win Rate: 0.00% | Actor Loss: -4.5785 | Entropy: 1.0846
Epoch [140/1000] | Sampled: 1940.12 | Baseline: 680.56 | Improvement: -1259.56 | Win Rate: 0.00% | Actor Loss: -3.6072 | Entropy: 0.9995
Epoch [141/1000] | Sampled: 1859.44 | Baseline: 697.44 | Improvement: -1162.00 | Win Rate: 0.00% | Actor Loss: -4.9458 | Entropy: 0.9918
Epoch [142/1000] | Sampled: 2082.88 | Baseline: 684.69 | Improvement: -1398.19 | Win Rate: 0.00% | Actor Loss: -0.8159 | Entropy: 0.9862
Epoch [143/1000] | Sampled: 2092.56 | Baseline: 678.69 | Improvement: -1413.88 | Win Rate: 0.00% | Actor Loss: -4.5564 | Entropy: 0.9776
Epoch [144/1000] | Sampled: 2091.75 | Baseline: 690.81 | Improvement: -1400.94 | Win Rate: 0.00% | Actor Loss: -2.4732 | Entropy: 0.9697
Epoch [145/1000] | Sampled: 2101.69 | Baseline: 687.25 | Improvement: -1414.44 | Win Rate: 0.00% | Actor Loss: -2.0431 | Entropy: 0.9334
Epoch [146/1000] | Sampled: 2083.81 | Baseline: 688.31 | Improvement: -1395.50 | Win Rate: 0.00% | Actor Loss: -3.2989 | Entropy: 0.9573
Epoch [147/1000] | Sampled: 2098.44 | Baseline: 682.00 | Improvement: -1416.44 | Win Rate: 0.00% | Actor Loss: -1.4530 | Entropy: 0.9353
Epoch [148/1000] | Sampled: 2067.06 | Baseline: 675.19 | Improvement: -1391.88 | Win Rate: 0.00% | Actor Loss: -3.2207 | Entropy: 0.9387
Epoch [149/1000] | Sampled: 2085.19 | Baseline: 685.56 | Improvement: -1399.62 | Win Rate: 0.00% | Actor Loss: -2.1783 | Entropy: 1.0334
Epoch [150/1000] | Sampled: 2104.38 | Baseline: 710.00 | Improvement: -1394.38 | Win Rate: 0.00% | Actor Loss: -5.8096 | Entropy: 1.1430
Epoch [151/1000] | Sampled: 2092.44 | Baseline: 685.44 | Improvement: -1407.00 | Win Rate: 0.00% | Actor Loss: -1.3869 | Entropy: 1.1069
Epoch [152/1000] | Sampled: 2095.25 | Baseline: 686.88 | Improvement: -1408.38 | Win Rate: 0.00% | Actor Loss: -5.7518 | Entropy: 1.0981
Epoch [153/1000] | Sampled: 2086.44 | Baseline: 703.62 | Improvement: -1382.81 | Win Rate: 0.00% | Actor Loss: -4.1674 | Entropy: 1.1922
Epoch [154/1000] | Sampled: 2075.94 | Baseline: 676.19 | Improvement: -1399.75 | Win Rate: 0.00% | Actor Loss: -2.7010 | Entropy: 1.1125
Epoch [155/1000] | Sampled: 2108.06 | Baseline: 689.88 | Improvement: -1418.19 | Win Rate: 0.00% | Actor Loss: -3.0460 | Entropy: 1.0245
Epoch [156/1000] | Sampled: 2096.38 | Baseline: 695.25 | Improvement: -1401.12 | Win Rate: 0.00% | Actor Loss: -2.5625 | Entropy: 1.0083
Epoch [157/1000] | Sampled: 2046.81 | Baseline: 678.88 | Improvement: -1367.94 | Win Rate: 0.00% | Actor Loss: -1.9392 | Entropy: 1.0559
Epoch [158/1000] | Sampled: 2126.38 | Baseline: 683.50 | Improvement: -1442.88 | Win Rate: 0.00% | Actor Loss: -7.0837 | Entropy: 1.0359
Epoch [159/1000] | Sampled: 2098.75 | Baseline: 689.75 | Improvement: -1409.00 | Win Rate: 0.00% | Actor Loss: -4.6663 | Entropy: 1.0197
Epoch [160/1000] | Sampled: 2088.69 | Baseline: 703.81 | Improvement: -1384.88 | Win Rate: 0.00% | Actor Loss: -3.2326 | Entropy: 1.0239
Epoch [161/1000] | Sampled: 2070.69 | Baseline: 673.62 | Improvement: -1397.06 | Win Rate: 0.00% | Actor Loss: -1.8968 | Entropy: 1.0365
Epoch [162/1000] | Sampled: 2073.88 | Baseline: 693.62 | Improvement: -1380.25 | Win Rate: 0.00% | Actor Loss: -1.1446 | Entropy: 1.0085
Epoch [163/1000] | Sampled: 2120.06 | Baseline: 701.94 | Improvement: -1418.12 | Win Rate: 0.00% | Actor Loss: 1.0857 | Entropy: 0.9957
Epoch [164/1000] | Sampled: 2101.38 | Baseline: 703.00 | Improvement: -1398.38 | Win Rate: 0.00% | Actor Loss: 0.1749 | Entropy: 0.9997
Epoch [165/1000] | Sampled: 2103.62 | Baseline: 691.31 | Improvement: -1412.31 | Win Rate: 0.00% | Actor Loss: -3.0684 | Entropy: 0.9636
Epoch [166/1000] | Sampled: 2098.94 | Baseline: 676.81 | Improvement: -1422.12 | Win Rate: 0.00% | Actor Loss: -3.8403 | Entropy: 0.9644
Epoch [167/1000] | Sampled: 2097.81 | Baseline: 683.44 | Improvement: -1414.38 | Win Rate: 0.00% | Actor Loss: -3.3474 | Entropy: 0.9475
Epoch [168/1000] | Sampled: 2090.44 | Baseline: 700.44 | Improvement: -1390.00 | Win Rate: 0.00% | Actor Loss: -1.4090 | Entropy: 0.9387
Epoch [169/1000] | Sampled: 2090.00 | Baseline: 677.25 | Improvement: -1412.75 | Win Rate: 0.00% | Actor Loss: -0.6949 | Entropy: 0.9226
Epoch [170/1000] | Sampled: 2093.31 | Baseline: 686.50 | Improvement: -1406.81 | Win Rate: 0.00% | Actor Loss: -2.8749 | Entropy: 0.9524
Epoch [171/1000] | Sampled: 2078.88 | Baseline: 686.31 | Improvement: -1392.56 | Win Rate: 0.00% | Actor Loss: -4.7660 | Entropy: 0.9386
Epoch [172/1000] | Sampled: 2066.00 | Baseline: 673.19 | Improvement: -1392.81 | Win Rate: 0.00% | Actor Loss: -1.8953 | Entropy: 0.9626
Epoch [173/1000] | Sampled: 2128.38 | Baseline: 707.50 | Improvement: -1420.88 | Win Rate: 0.00% | Actor Loss: -2.6868 | Entropy: 0.9523
Epoch [174/1000] | Sampled: 2134.56 | Baseline: 697.69 | Improvement: -1436.88 | Win Rate: 0.00% | Actor Loss: -2.8078 | Entropy: 0.9192
Epoch [175/1000] | Sampled: 2099.94 | Baseline: 681.31 | Improvement: -1418.62 | Win Rate: 0.00% | Actor Loss: -1.1619 | Entropy: 0.9637
Epoch [176/1000] | Sampled: 2108.06 | Baseline: 694.25 | Improvement: -1413.81 | Win Rate: 0.00% | Actor Loss: -3.6855 | Entropy: 0.9888
Epoch [177/1000] | Sampled: 2115.12 | Baseline: 681.50 | Improvement: -1433.62 | Win Rate: 0.00% | Actor Loss: -3.6958 | Entropy: 0.9666
Epoch [178/1000] | Sampled: 2102.25 | Baseline: 678.50 | Improvement: -1423.75 | Win Rate: 0.00% | Actor Loss: -0.4610 | Entropy: 0.9578
Epoch [179/1000] | Sampled: 2087.44 | Baseline: 675.75 | Improvement: -1411.69 | Win Rate: 0.00% | Actor Loss: -3.7971 | Entropy: 0.9514
Epoch [180/1000] | Sampled: 2085.38 | Baseline: 680.69 | Improvement: -1404.69 | Win Rate: 0.00% | Actor Loss: -1.9307 | Entropy: 0.9717
Epoch [181/1000] | Sampled: 2078.12 | Baseline: 691.75 | Improvement: -1386.38 | Win Rate: 0.00% | Actor Loss: -3.1149 | Entropy: 0.9876
Epoch [182/1000] | Sampled: 2080.06 | Baseline: 683.38 | Improvement: -1396.69 | Win Rate: 0.00% | Actor Loss: -1.0683 | Entropy: 0.9526
Epoch [183/1000] | Sampled: 2067.56 | Baseline: 678.50 | Improvement: -1389.06 | Win Rate: 0.00% | Actor Loss: -0.7122 | Entropy: 0.9655
Epoch [184/1000] | Sampled: 2093.31 | Baseline: 696.31 | Improvement: -1397.00 | Win Rate: 0.00% | Actor Loss: -0.8544 | Entropy: 0.9814
Epoch [185/1000] | Sampled: 2088.88 | Baseline: 675.56 | Improvement: -1413.31 | Win Rate: 0.00% | Actor Loss: -2.7957 | Entropy: 1.0092
Epoch [186/1000] | Sampled: 2112.88 | Baseline: 685.50 | Improvement: -1427.38 | Win Rate: 0.00% | Actor Loss: 0.2512 | Entropy: 1.0223
Epoch [187/1000] | Sampled: 2085.94 | Baseline: 683.31 | Improvement: -1402.62 | Win Rate: 0.00% | Actor Loss: 0.0668 | Entropy: 1.0400
Epoch [188/1000] | Sampled: 2131.50 | Baseline: 698.94 | Improvement: -1432.56 | Win Rate: 0.00% | Actor Loss: 2.7825 | Entropy: 1.0541
Epoch [189/1000] | Sampled: 2076.12 | Baseline: 686.81 | Improvement: -1389.31 | Win Rate: 0.00% | Actor Loss: -1.0919 | Entropy: 1.1218
Epoch [190/1000] | Sampled: 2064.94 | Baseline: 687.69 | Improvement: -1377.25 | Win Rate: 0.00% | Actor Loss: -2.6123 | Entropy: 1.1015
Epoch [191/1000] | Sampled: 2093.12 | Baseline: 696.50 | Improvement: -1396.62 | Win Rate: 0.00% | Actor Loss: -1.0339 | Entropy: 1.0851
Epoch [192/1000] | Sampled: 2068.19 | Baseline: 684.25 | Improvement: -1383.94 | Win Rate: 0.00% | Actor Loss: -2.1941 | Entropy: 1.1278
Epoch [193/1000] | Sampled: 2095.88 | Baseline: 680.62 | Improvement: -1415.25 | Win Rate: 0.00% | Actor Loss: 0.4145 | Entropy: 1.1373
Epoch [194/1000] | Sampled: 2118.12 | Baseline: 703.25 | Improvement: -1414.88 | Win Rate: 0.00% | Actor Loss: -3.7281 | Entropy: 1.1329
Epoch [195/1000] | Sampled: 2112.81 | Baseline: 694.56 | Improvement: -1418.25 | Win Rate: 0.00% | Actor Loss: 1.4516 | Entropy: 1.1501
Epoch [196/1000] | Sampled: 2098.94 | Baseline: 694.31 | Improvement: -1404.62 | Win Rate: 0.00% | Actor Loss: -1.0467 | Entropy: 1.1061
Epoch [197/1000] | Sampled: 2053.06 | Baseline: 682.00 | Improvement: -1371.06 | Win Rate: 0.00% | Actor Loss: -1.3062 | Entropy: 1.1080
Epoch [198/1000] | Sampled: 2063.81 | Baseline: 704.12 | Improvement: -1359.69 | Win Rate: 0.00% | Actor Loss: -1.8465 | Entropy: 1.1027
Epoch [199/1000] | Sampled: 2054.25 | Baseline: 682.69 | Improvement: -1371.56 | Win Rate: 0.00% | Actor Loss: 1.5053 | Entropy: 1.1250
Epoch [200/1000] | Sampled: 2081.50 | Baseline: 700.00 | Improvement: -1381.50 | Win Rate: 0.00% | Actor Loss: -0.1171 | Entropy: 1.1216
   -> Saved updated training chart to /home/wei/AMR-DFJSP/Static_alogorithm/Attention/attention_precise_training_metrics.png
Epoch [201/1000] | Sampled: 2111.81 | Baseline: 691.25 | Improvement: -1420.56 | Win Rate: 0.00% | Actor Loss: 2.0566 | Entropy: 1.1493
Epoch [202/1000] | Sampled: 2067.50 | Baseline: 669.81 | Improvement: -1397.69 | Win Rate: 0.00% | Actor Loss: 1.2361 | Entropy: 1.1983
Epoch [203/1000] | Sampled: 2100.25 | Baseline: 696.12 | Improvement: -1404.12 | Win Rate: 0.00% | Actor Loss: 5.2226 | Entropy: 1.1455
Epoch [204/1000] | Sampled: 2087.12 | Baseline: 677.12 | Improvement: -1410.00 | Win Rate: 0.00% | Actor Loss: 1.3424 | Entropy: 1.1249
Epoch [205/1000] | Sampled: 2115.50 | Baseline: 685.19 | Improvement: -1430.31 | Win Rate: 0.00% | Actor Loss: 1.3603 | Entropy: 1.0441
Epoch [206/1000] | Sampled: 2118.69 | Baseline: 686.81 | Improvement: -1431.88 | Win Rate: 0.00% | Actor Loss: 1.7009 | Entropy: 1.0105
Epoch [207/1000] | Sampled: 2067.56 | Baseline: 681.69 | Improvement: -1385.88 | Win Rate: 0.00% | Actor Loss: 0.8204 | Entropy: 1.0305
Epoch [208/1000] | Sampled: 2111.44 | Baseline: 690.88 | Improvement: -1420.56 | Win Rate: 0.00% | Actor Loss: -0.2611 | Entropy: 1.0242
Epoch [209/1000] | Sampled: 2086.44 | Baseline: 687.88 | Improvement: -1398.56 | Win Rate: 0.00% | Actor Loss: -0.6689 | Entropy: 0.9782
Epoch [210/1000] | Sampled: 2103.56 | Baseline: 702.00 | Improvement: -1401.56 | Win Rate: 0.00% | Actor Loss: 0.0723 | Entropy: 0.9992
Epoch [211/1000] | Sampled: 2115.69 | Baseline: 700.00 | Improvement: -1415.69 | Win Rate: 0.00% | Actor Loss: -0.8642 | Entropy: 0.9913
Epoch [212/1000] | Sampled: 2116.75 | Baseline: 700.25 | Improvement: -1416.50 | Win Rate: 0.00% | Actor Loss: -0.4087 | Entropy: 0.9644
Epoch [213/1000] | Sampled: 2107.06 | Baseline: 695.75 | Improvement: -1411.31 | Win Rate: 0.00% | Actor Loss: -1.1176 | Entropy: 0.9836
Epoch [214/1000] | Sampled: 2107.44 | Baseline: 697.94 | Improvement: -1409.50 | Win Rate: 0.00% | Actor Loss: 1.4045 | Entropy: 0.9679
Epoch [215/1000] | Sampled: 2094.00 | Baseline: 689.88 | Improvement: -1404.12 | Win Rate: 0.00% | Actor Loss: -0.6974 | Entropy: 0.9935
Epoch [216/1000] | Sampled: 2129.50 | Baseline: 697.75 | Improvement: -1431.75 | Win Rate: 0.00% | Actor Loss: -0.6110 | Entropy: 0.9929
Epoch [217/1000] | Sampled: 2080.25 | Baseline: 678.50 | Improvement: -1401.75 | Win Rate: 0.00% | Actor Loss: -1.8129 | Entropy: 1.0197
Epoch [218/1000] | Sampled: 2058.88 | Baseline: 680.00 | Improvement: -1378.88 | Win Rate: 0.00% | Actor Loss: -1.5308 | Entropy: 1.0397
Epoch [219/1000] | Sampled: 2111.44 | Baseline: 674.62 | Improvement: -1436.81 | Win Rate: 0.00% | Actor Loss: -1.1055 | Entropy: 1.0427
Epoch [220/1000] | Sampled: 2126.81 | Baseline: 711.81 | Improvement: -1415.00 | Win Rate: 0.00% | Actor Loss: -1.1843 | Entropy: 1.0498
Epoch [221/1000] | Sampled: 2070.88 | Baseline: 679.81 | Improvement: -1391.06 | Win Rate: 0.00% | Actor Loss: -2.0643 | Entropy: 1.0890
Epoch [222/1000] | Sampled: 2094.88 | Baseline: 680.44 | Improvement: -1414.44 | Win Rate: 0.00% | Actor Loss: -2.7408 | Entropy: 1.0767
Epoch [223/1000] | Sampled: 2089.81 | Baseline: 685.44 | Improvement: -1404.38 | Win Rate: 0.00% | Actor Loss: 0.8108 | Entropy: 1.0467
Epoch [224/1000] | Sampled: 2087.06 | Baseline: 675.38 | Improvement: -1411.69 | Win Rate: 0.00% | Actor Loss: 1.0509 | Entropy: 1.0508
Epoch [225/1000] | Sampled: 2100.25 | Baseline: 704.12 | Improvement: -1396.12 | Win Rate: 0.00% | Actor Loss: 2.5888 | Entropy: 1.0271
Epoch [226/1000] | Sampled: 2112.00 | Baseline: 706.06 | Improvement: -1405.94 | Win Rate: 0.00% | Actor Loss: -1.3754 | Entropy: 1.0382
Epoch [227/1000] | Sampled: 2091.62 | Baseline: 689.88 | Improvement: -1401.75 | Win Rate: 0.00% | Actor Loss: 1.6798 | Entropy: 1.0561
Epoch [228/1000] | Sampled: 2102.31 | Baseline: 689.12 | Improvement: -1413.19 | Win Rate: 0.00% | Actor Loss: 0.0369 | Entropy: 1.0467
Epoch [229/1000] | Sampled: 2104.25 | Baseline: 699.38 | Improvement: -1404.88 | Win Rate: 0.00% | Actor Loss: 0.9894 | Entropy: 1.0677
Epoch [230/1000] | Sampled: 2122.44 | Baseline: 708.44 | Improvement: -1414.00 | Win Rate: 0.00% | Actor Loss: 4.6436 | Entropy: 1.0759
Epoch [231/1000] | Sampled: 2090.56 | Baseline: 705.69 | Improvement: -1384.88 | Win Rate: 0.00% | Actor Loss: -0.7014 | Entropy: 1.0808
Epoch [232/1000] | Sampled: 2091.12 | Baseline: 680.25 | Improvement: -1410.88 | Win Rate: 0.00% | Actor Loss: -0.6264 | Entropy: 1.0956
Epoch [233/1000] | Sampled: 2090.81 | Baseline: 686.00 | Improvement: -1404.81 | Win Rate: 0.00% | Actor Loss: -0.9334 | Entropy: 1.0301
Epoch [234/1000] | Sampled: 2098.94 | Baseline: 679.69 | Improvement: -1419.25 | Win Rate: 0.00% | Actor Loss: 0.2474 | Entropy: 1.0512
Epoch [235/1000] | Sampled: 2102.62 | Baseline: 698.75 | Improvement: -1403.88 | Win Rate: 0.00% | Actor Loss: -0.2954 | Entropy: 0.9874
Epoch [236/1000] | Sampled: 2104.50 | Baseline: 698.44 | Improvement: -1406.06 | Win Rate: 0.00% | Actor Loss: -0.9818 | Entropy: 1.0328
Epoch [237/1000] | Sampled: 2127.25 | Baseline: 690.19 | Improvement: -1437.06 | Win Rate: 0.00% | Actor Loss: -1.6624 | Entropy: 0.9954
Epoch [238/1000] | Sampled: 2125.75 | Baseline: 691.38 | Improvement: -1434.38 | Win Rate: 0.00% | Actor Loss: -1.7356 | Entropy: 0.9928
Epoch [239/1000] | Sampled: 2119.38 | Baseline: 688.56 | Improvement: -1430.81 | Win Rate: 0.00% | Actor Loss: -5.0778 | Entropy: 1.0191
Epoch [240/1000] | Sampled: 2073.25 | Baseline: 685.31 | Improvement: -1387.94 | Win Rate: 0.00% | Actor Loss: -2.9072 | Entropy: 1.0293
Epoch [241/1000] | Sampled: 2081.25 | Baseline: 674.62 | Improvement: -1406.62 | Win Rate: 0.00% | Actor Loss: -0.1641 | Entropy: 1.0538
Epoch [242/1000] | Sampled: 2115.75 | Baseline: 708.44 | Improvement: -1407.31 | Win Rate: 0.00% | Actor Loss: 2.7704 | Entropy: 1.0571
Epoch [243/1000] | Sampled: 2104.81 | Baseline: 681.62 | Improvement: -1423.19 | Win Rate: 0.00% | Actor Loss: -0.3823 | Entropy: 1.0789
Epoch [244/1000] | Sampled: 2128.25 | Baseline: 695.62 | Improvement: -1432.62 | Win Rate: 0.00% | Actor Loss: 2.3736 | Entropy: 1.1172
Epoch [245/1000] | Sampled: 2110.81 | Baseline: 706.88 | Improvement: -1403.94 | Win Rate: 0.00% | Actor Loss: 0.7532 | Entropy: 1.1295
Epoch [246/1000] | Sampled: 2136.00 | Baseline: 698.44 | Improvement: -1437.56 | Win Rate: 0.00% | Actor Loss: 0.6287 | Entropy: 1.1269
Epoch [247/1000] | Sampled: 2095.56 | Baseline: 685.06 | Improvement: -1410.50 | Win Rate: 0.00% | Actor Loss: 0.3964 | Entropy: 1.2113
Epoch [248/1000] | Sampled: 2102.19 | Baseline: 685.88 | Improvement: -1416.31 | Win Rate: 0.00% | Actor Loss: -1.8333 | Entropy: 1.2381
Epoch [249/1000] | Sampled: 2131.06 | Baseline: 714.25 | Improvement: -1416.81 | Win Rate: 0.00% | Actor Loss: 0.0450 | Entropy: 1.1418
Epoch [250/1000] | Sampled: 2102.19 | Baseline: 703.81 | Improvement: -1398.38 | Win Rate: 0.00% | Actor Loss: -2.4696 | Entropy: 1.0844
Epoch [251/1000] | Sampled: 2125.94 | Baseline: 683.44 | Improvement: -1442.50 | Win Rate: 0.00% | Actor Loss: -2.8393 | Entropy: 1.0245
Epoch [252/1000] | Sampled: 2114.19 | Baseline: 693.06 | Improvement: -1421.12 | Win Rate: 0.00% | Actor Loss: -0.5014 | Entropy: 1.0221
Epoch [253/1000] | Sampled: 2109.38 | Baseline: 687.81 | Improvement: -1421.56 | Win Rate: 0.00% | Actor Loss: -0.4294 | Entropy: 1.0138
Epoch [254/1000] | Sampled: 2120.62 | Baseline: 705.69 | Improvement: -1414.94 | Win Rate: 0.00% | Actor Loss: -3.2199 | Entropy: 0.9986
Epoch [255/1000] | Sampled: 2104.19 | Baseline: 696.31 | Improvement: -1407.88 | Win Rate: 0.00% | Actor Loss: -1.1093 | Entropy: 0.9806
Epoch [256/1000] | Sampled: 2143.06 | Baseline: 694.12 | Improvement: -1448.94 | Win Rate: 0.00% | Actor Loss: -2.9016 | Entropy: 0.9704
Epoch [257/1000] | Sampled: 2110.75 | Baseline: 684.81 | Improvement: -1425.94 | Win Rate: 0.00% | Actor Loss: -0.0126 | Entropy: 0.9669
Epoch [258/1000] | Sampled: 2118.00 | Baseline: 700.75 | Improvement: -1417.25 | Win Rate: 0.00% | Actor Loss: -0.0851 | Entropy: 0.9952
Epoch [259/1000] | Sampled: 2127.31 | Baseline: 700.62 | Improvement: -1426.69 | Win Rate: 0.00% | Actor Loss: 1.0903 | Entropy: 0.9566
Epoch [260/1000] | Sampled: 2106.25 | Baseline: 698.50 | Improvement: -1407.75 | Win Rate: 0.00% | Actor Loss: -0.8759 | Entropy: 0.9937
Epoch [261/1000] | Sampled: 2106.12 | Baseline: 680.62 | Improvement: -1425.50 | Win Rate: 0.00% | Actor Loss: -3.0963 | Entropy: 1.0335
Epoch [262/1000] | Sampled: 2137.44 | Baseline: 701.12 | Improvement: -1436.31 | Win Rate: 0.00% | Actor Loss: -2.0498 | Entropy: 0.9978
Epoch [263/1000] | Sampled: 2115.94 | Baseline: 701.50 | Improvement: -1414.44 | Win Rate: 0.00% | Actor Loss: -1.4667 | Entropy: 1.0275
Epoch [264/1000] | Sampled: 2107.25 | Baseline: 709.69 | Improvement: -1397.56 | Win Rate: 0.00% | Actor Loss: -1.4917 | Entropy: 1.0405
Epoch [265/1000] | Sampled: 2154.12 | Baseline: 701.12 | Improvement: -1453.00 | Win Rate: 0.00% | Actor Loss: -4.5570 | Entropy: 1.0067
Epoch [266/1000] | Sampled: 2057.69 | Baseline: 689.81 | Improvement: -1367.88 | Win Rate: 0.00% | Actor Loss: 0.1611 | Entropy: 1.0064
Epoch [267/1000] | Sampled: 2121.19 | Baseline: 684.06 | Improvement: -1437.12 | Win Rate: 0.00% | Actor Loss: -2.8928 | Entropy: 0.9837
Epoch [268/1000] | Sampled: 2115.81 | Baseline: 681.94 | Improvement: -1433.88 | Win Rate: 0.00% | Actor Loss: -1.7287 | Entropy: 0.9854
Epoch [269/1000] | Sampled: 2122.69 | Baseline: 687.19 | Improvement: -1435.50 | Win Rate: 0.00% | Actor Loss: -3.0585 | Entropy: 1.0242
Epoch [270/1000] | Sampled: 2124.94 | Baseline: 690.88 | Improvement: -1434.06 | Win Rate: 0.00% | Actor Loss: -1.7866 | Entropy: 0.9609
Epoch [271/1000] | Sampled: 2122.38 | Baseline: 688.62 | Improvement: -1433.75 | Win Rate: 0.00% | Actor Loss: -0.9626 | Entropy: 0.9337
Epoch [272/1000] | Sampled: 2111.88 | Baseline: 696.31 | Improvement: -1415.56 | Win Rate: 0.00% | Actor Loss: -2.5073 | Entropy: 0.9632
Epoch [273/1000] | Sampled: 2126.56 | Baseline: 700.19 | Improvement: -1426.38 | Win Rate: 0.00% | Actor Loss: -1.9278 | Entropy: 0.9573
Epoch [274/1000] | Sampled: 2102.31 | Baseline: 690.81 | Improvement: -1411.50 | Win Rate: 0.00% | Actor Loss: -0.8490 | Entropy: 0.9651
Epoch [275/1000] | Sampled: 2140.38 | Baseline: 690.56 | Improvement: -1449.81 | Win Rate: 0.00% | Actor Loss: -0.4741 | Entropy: 0.9610
Epoch [276/1000] | Sampled: 2142.81 | Baseline: 688.25 | Improvement: -1454.56 | Win Rate: 0.00% | Actor Loss: -2.5583 | Entropy: 0.9580
Epoch [277/1000] | Sampled: 2137.06 | Baseline: 711.38 | Improvement: -1425.69 | Win Rate: 0.00% | Actor Loss: 0.9321 | Entropy: 0.9530
Epoch [278/1000] | Sampled: 2146.88 | Baseline: 710.62 | Improvement: -1436.25 | Win Rate: 0.00% | Actor Loss: -0.9779 | Entropy: 0.9877
Epoch [279/1000] | Sampled: 2101.38 | Baseline: 691.62 | Improvement: -1409.75 | Win Rate: 0.00% | Actor Loss: -1.7464 | Entropy: 0.9776
Epoch [280/1000] | Sampled: 2102.81 | Baseline: 695.56 | Improvement: -1407.25 | Win Rate: 0.00% | Actor Loss: -0.1993 | Entropy: 0.9359
Epoch [281/1000] | Sampled: 2107.38 | Baseline: 701.88 | Improvement: -1405.50 | Win Rate: 0.00% | Actor Loss: -1.4908 | Entropy: 0.9423
Epoch [282/1000] | Sampled: 2113.19 | Baseline: 693.12 | Improvement: -1420.06 | Win Rate: 0.00% | Actor Loss: 0.2568 | Entropy: 0.9719
Epoch [283/1000] | Sampled: 2117.19 | Baseline: 697.50 | Improvement: -1419.69 | Win Rate: 0.00% | Actor Loss: -1.9500 | Entropy: 0.9571
Epoch [284/1000] | Sampled: 2112.94 | Baseline: 688.94 | Improvement: -1424.00 | Win Rate: 0.00% | Actor Loss: -1.6473 | Entropy: 0.9369
Epoch [285/1000] | Sampled: 2110.75 | Baseline: 677.69 | Improvement: -1433.06 | Win Rate: 0.00% | Actor Loss: -3.8322 | Entropy: 0.9409
Epoch [286/1000] | Sampled: 2112.62 | Baseline: 680.06 | Improvement: -1432.56 | Win Rate: 0.00% | Actor Loss: -4.0428 | Entropy: 0.9263
Epoch [287/1000] | Sampled: 2093.31 | Baseline: 681.06 | Improvement: -1412.25 | Win Rate: 0.00% | Actor Loss: -0.6828 | Entropy: 0.9631
Epoch [288/1000] | Sampled: 2152.94 | Baseline: 690.56 | Improvement: -1462.38 | Win Rate: 0.00% | Actor Loss: -2.2146 | Entropy: 0.9277
Epoch [289/1000] | Sampled: 2096.19 | Baseline: 683.06 | Improvement: -1413.12 | Win Rate: 0.00% | Actor Loss: -0.3482 | Entropy: 0.9509
Epoch [290/1000] | Sampled: 2093.25 | Baseline: 673.94 | Improvement: -1419.31 | Win Rate: 0.00% | Actor Loss: -1.8823 | Entropy: 0.9177
Epoch [291/1000] | Sampled: 2102.56 | Baseline: 689.88 | Improvement: -1412.69 | Win Rate: 0.00% | Actor Loss: -2.1179 | Entropy: 0.9373
Epoch [292/1000] | Sampled: 2098.38 | Baseline: 680.31 | Improvement: -1418.06 | Win Rate: 0.00% | Actor Loss: -1.1110 | Entropy: 0.9103
Epoch [293/1000] | Sampled: 2130.19 | Baseline: 694.88 | Improvement: -1435.31 | Win Rate: 0.00% | Actor Loss: -1.1188 | Entropy: 0.9267
Epoch [294/1000] | Sampled: 2125.31 | Baseline: 680.12 | Improvement: -1445.19 | Win Rate: 0.00% | Actor Loss: -1.5079 | Entropy: 0.9096
Epoch [295/1000] | Sampled: 2088.94 | Baseline: 670.81 | Improvement: -1418.12 | Win Rate: 0.00% | Actor Loss: -3.6010 | Entropy: 0.9176
Epoch [296/1000] | Sampled: 2099.25 | Baseline: 693.50 | Improvement: -1405.75 | Win Rate: 0.00% | Actor Loss: -1.8889 | Entropy: 0.9216
Epoch [297/1000] | Sampled: 2089.94 | Baseline: 681.62 | Improvement: -1408.31 | Win Rate: 0.00% | Actor Loss: -3.0755 | Entropy: 0.9237
Epoch [298/1000] | Sampled: 2109.38 | Baseline: 695.50 | Improvement: -1413.88 | Win Rate: 0.00% | Actor Loss: -4.7084 | Entropy: 0.9045
Epoch [299/1000] | Sampled: 2079.69 | Baseline: 685.75 | Improvement: -1393.94 | Win Rate: 0.00% | Actor Loss: -2.6591 | Entropy: 0.9265
Epoch [300/1000] | Sampled: 2085.81 | Baseline: 677.38 | Improvement: -1408.44 | Win Rate: 0.00% | Actor Loss: -6.0049 | Entropy: 0.9159
   -> Saved updated training chart to /home/wei/AMR-DFJSP/Static_alogorithm/Attention/attention_precise_training_metrics.png
Epoch [301/1000] | Sampled: 2122.06 | Baseline: 710.56 | Improvement: -1411.50 | Win Rate: 0.00% | Actor Loss: -5.4549 | Entropy: 0.9421
Epoch [302/1000] | Sampled: 2087.56 | Baseline: 687.88 | Improvement: -1399.69 | Win Rate: 0.00% | Actor Loss: -2.9865 | Entropy: 0.9418
Epoch [303/1000] | Sampled: 2099.00 | Baseline: 676.75 | Improvement: -1422.25 | Win Rate: 0.00% | Actor Loss: -2.7411 | Entropy: 0.9033
Epoch [304/1000] | Sampled: 2147.06 | Baseline: 711.19 | Improvement: -1435.88 | Win Rate: 0.00% | Actor Loss: -4.8699 | Entropy: 0.9392
Epoch [305/1000] | Sampled: 2128.69 | Baseline: 691.38 | Improvement: -1437.31 | Win Rate: 0.00% | Actor Loss: -2.0030 | Entropy: 0.9134
Epoch [306/1000] | Sampled: 2103.38 | Baseline: 693.88 | Improvement: -1409.50 | Win Rate: 0.00% | Actor Loss: -1.3870 | Entropy: 0.9295
Epoch [307/1000] | Sampled: 2121.88 | Baseline: 697.62 | Improvement: -1424.25 | Win Rate: 0.00% | Actor Loss: -0.6536 | Entropy: 0.9078
Epoch [308/1000] | Sampled: 2100.25 | Baseline: 692.88 | Improvement: -1407.38 | Win Rate: 0.00% | Actor Loss: 0.1629 | Entropy: 0.9236
Epoch [309/1000] | Sampled: 2130.38 | Baseline: 699.31 | Improvement: -1431.06 | Win Rate: 0.00% | Actor Loss: -2.4036 | Entropy: 0.9195
Epoch [310/1000] | Sampled: 2086.69 | Baseline: 695.88 | Improvement: -1390.81 | Win Rate: 0.00% | Actor Loss: -2.3502 | Entropy: 0.9223
Epoch [311/1000] | Sampled: 2117.50 | Baseline: 692.00 | Improvement: -1425.50 | Win Rate: 0.00% | Actor Loss: -4.0237 | Entropy: 0.9069
Epoch [312/1000] | Sampled: 2107.19 | Baseline: 696.88 | Improvement: -1410.31 | Win Rate: 0.00% | Actor Loss: -2.4141 | Entropy: 0.9231
Epoch [313/1000] | Sampled: 2097.38 | Baseline: 674.94 | Improvement: -1422.44 | Win Rate: 0.00% | Actor Loss: -4.4274 | Entropy: 0.9327
Epoch [314/1000] | Sampled: 2103.50 | Baseline: 683.56 | Improvement: -1419.94 | Win Rate: 0.00% | Actor Loss: -3.7222 | Entropy: 0.9327
Epoch [315/1000] | Sampled: 2099.00 | Baseline: 674.50 | Improvement: -1424.50 | Win Rate: 0.00% | Actor Loss: -3.9212 | Entropy: 0.9106
Epoch [316/1000] | Sampled: 2088.56 | Baseline: 689.38 | Improvement: -1399.19 | Win Rate: 0.00% | Actor Loss: -1.7667 | Entropy: 0.9080
Epoch [317/1000] | Sampled: 2121.81 | Baseline: 714.00 | Improvement: -1407.81 | Win Rate: 0.00% | Actor Loss: -1.5186 | Entropy: 0.9243
Epoch [318/1000] | Sampled: 2115.88 | Baseline: 689.44 | Improvement: -1426.44 | Win Rate: 0.00% | Actor Loss: -4.2850 | Entropy: 0.9493
Epoch [319/1000] | Sampled: 2134.81 | Baseline: 698.00 | Improvement: -1436.81 | Win Rate: 0.00% | Actor Loss: -3.5024 | Entropy: 0.9351
Epoch [320/1000] | Sampled: 2077.50 | Baseline: 674.69 | Improvement: -1402.81 | Win Rate: 0.00% | Actor Loss: -2.1920 | Entropy: 0.9465
Epoch [321/1000] | Sampled: 2088.12 | Baseline: 685.88 | Improvement: -1402.25 | Win Rate: 0.00% | Actor Loss: -2.2054 | Entropy: 0.9512
Epoch [322/1000] | Sampled: 2148.31 | Baseline: 703.62 | Improvement: -1444.69 | Win Rate: 0.00% | Actor Loss: -3.2595 | Entropy: 0.9373
Epoch [323/1000] | Sampled: 2127.12 | Baseline: 697.69 | Improvement: -1429.44 | Win Rate: 0.00% | Actor Loss: -4.6913 | Entropy: 0.9337
Epoch [324/1000] | Sampled: 2093.38 | Baseline: 682.50 | Improvement: -1410.88 | Win Rate: 0.00% | Actor Loss: -2.6450 | Entropy: 0.9314
Epoch [325/1000] | Sampled: 2123.56 | Baseline: 698.31 | Improvement: -1425.25 | Win Rate: 0.00% | Actor Loss: -2.4693 | Entropy: 0.9316
Epoch [326/1000] | Sampled: 2098.88 | Baseline: 689.81 | Improvement: -1409.06 | Win Rate: 0.00% | Actor Loss: -2.9932 | Entropy: 0.9658
Epoch [327/1000] | Sampled: 2103.94 | Baseline: 690.50 | Improvement: -1413.44 | Win Rate: 0.00% | Actor Loss: -1.4674 | Entropy: 0.9593
Epoch [328/1000] | Sampled: 2124.56 | Baseline: 708.69 | Improvement: -1415.88 | Win Rate: 0.00% | Actor Loss: -1.7588 | Entropy: 0.9755
Epoch [329/1000] | Sampled: 2128.25 | Baseline: 702.88 | Improvement: -1425.38 | Win Rate: 0.00% | Actor Loss: -3.2272 | Entropy: 0.9526
Epoch [330/1000] | Sampled: 2118.88 | Baseline: 700.19 | Improvement: -1418.69 | Win Rate: 0.00% | Actor Loss: -2.3852 | Entropy: 0.9512
Epoch [331/1000] | Sampled: 2113.69 | Baseline: 685.25 | Improvement: -1428.44 | Win Rate: 0.00% | Actor Loss: -3.6025 | Entropy: 0.9627
Epoch [332/1000] | Sampled: 2122.00 | Baseline: 693.00 | Improvement: -1429.00 | Win Rate: 0.00% | Actor Loss: -2.2267 | Entropy: 0.9524
Epoch [333/1000] | Sampled: 2086.44 | Baseline: 680.88 | Improvement: -1405.56 | Win Rate: 0.00% | Actor Loss: -2.2372 | Entropy: 0.9756
Epoch [334/1000] | Sampled: 2099.38 | Baseline: 682.12 | Improvement: -1417.25 | Win Rate: 0.00% | Actor Loss: -2.7005 | Entropy: 0.9667
Epoch [335/1000] | Sampled: 2107.81 | Baseline: 686.56 | Improvement: -1421.25 | Win Rate: 0.00% | Actor Loss: -1.5160 | Entropy: 0.9644
Epoch [336/1000] | Sampled: 2113.62 | Baseline: 702.94 | Improvement: -1410.69 | Win Rate: 0.00% | Actor Loss: -4.9610 | Entropy: 0.9870
Epoch [337/1000] | Sampled: 2127.19 | Baseline: 695.88 | Improvement: -1431.31 | Win Rate: 0.00% | Actor Loss: -4.6825 | Entropy: 0.9893
Epoch [338/1000] | Sampled: 2092.69 | Baseline: 678.69 | Improvement: -1414.00 | Win Rate: 0.00% | Actor Loss: -5.7798 | Entropy: 0.9906
Epoch [339/1000] | Sampled: 2132.62 | Baseline: 705.00 | Improvement: -1427.62 | Win Rate: 0.00% | Actor Loss: -3.7396 | Entropy: 1.0074
Epoch [340/1000] | Sampled: 2099.00 | Baseline: 688.69 | Improvement: -1410.31 | Win Rate: 0.00% | Actor Loss: -4.6526 | Entropy: 0.9677
Epoch [341/1000] | Sampled: 2160.06 | Baseline: 693.38 | Improvement: -1466.69 | Win Rate: 0.00% | Actor Loss: -3.5722 | Entropy: 0.9875
Epoch [342/1000] | Sampled: 2102.88 | Baseline: 696.88 | Improvement: -1406.00 | Win Rate: 0.00% | Actor Loss: -1.5838 | Entropy: 0.9732
Epoch [343/1000] | Sampled: 2118.38 | Baseline: 686.12 | Improvement: -1432.25 | Win Rate: 0.00% | Actor Loss: -4.6324 | Entropy: 0.9500
Epoch [344/1000] | Sampled: 2145.19 | Baseline: 700.00 | Improvement: -1445.19 | Win Rate: 0.00% | Actor Loss: -2.7901 | Entropy: 0.9536
Epoch [345/1000] | Sampled: 2090.19 | Baseline: 677.69 | Improvement: -1412.50 | Win Rate: 0.00% | Actor Loss: -1.7228 | Entropy: 0.9449
Epoch [346/1000] | Sampled: 2102.12 | Baseline: 693.88 | Improvement: -1408.25 | Win Rate: 0.00% | Actor Loss: -1.5529 | Entropy: 0.9772
Epoch [347/1000] | Sampled: 2101.50 | Baseline: 682.88 | Improvement: -1418.62 | Win Rate: 0.00% | Actor Loss: -2.0131 | Entropy: 0.9403
Epoch [348/1000] | Sampled: 2124.44 | Baseline: 701.75 | Improvement: -1422.69 | Win Rate: 0.00% | Actor Loss: -2.5295 | Entropy: 0.9324
Epoch [349/1000] | Sampled: 2109.31 | Baseline: 702.00 | Improvement: -1407.31 | Win Rate: 0.00% | Actor Loss: -1.8086 | Entropy: 1.0002
Epoch [350/1000] | Sampled: 2093.81 | Baseline: 687.00 | Improvement: -1406.81 | Win Rate: 0.00% | Actor Loss: 0.8733 | Entropy: 1.0081
Epoch [351/1000] | Sampled: 2101.94 | Baseline: 684.75 | Improvement: -1417.19 | Win Rate: 0.00% | Actor Loss: -5.5612 | Entropy: 1.5145
Epoch [352/1000] | Sampled: 2096.69 | Baseline: 687.06 | Improvement: -1409.62 | Win Rate: 0.00% | Actor Loss: -5.0077 | Entropy: 1.4773
Epoch [353/1000] | Sampled: 2129.69 | Baseline: 693.94 | Improvement: -1435.75 | Win Rate: 0.00% | Actor Loss: 0.2918 | Entropy: 1.3447
Epoch [354/1000] | Sampled: 2106.56 | Baseline: 700.56 | Improvement: -1406.00 | Win Rate: 0.00% | Actor Loss: -0.5203 | Entropy: 1.4494
Epoch [355/1000] | Sampled: 2091.06 | Baseline: 678.69 | Improvement: -1412.38 | Win Rate: 0.00% | Actor Loss: 1.1449 | Entropy: 2.0355
Epoch [356/1000] | Sampled: 2097.00 | Baseline: 697.50 | Improvement: -1399.50 | Win Rate: 0.00% | Actor Loss: -1.4953 | Entropy: 2.0968
Epoch [357/1000] | Sampled: 2080.50 | Baseline: 688.81 | Improvement: -1391.69 | Win Rate: 0.00% | Actor Loss: -3.0532 | Entropy: 2.3518
Epoch [358/1000] | Sampled: 2102.50 | Baseline: 683.56 | Improvement: -1418.94 | Win Rate: 0.00% | Actor Loss: -3.0784 | Entropy: 2.1589
Epoch [359/1000] | Sampled: 2104.19 | Baseline: 695.75 | Improvement: -1408.44 | Win Rate: 0.00% | Actor Loss: -4.8842 | Entropy: 2.1080
Epoch [360/1000] | Sampled: 2113.06 | Baseline: 697.25 | Improvement: -1415.81 | Win Rate: 0.00% | Actor Loss: -11.3734 | Entropy: 1.9914
Epoch [361/1000] | Sampled: 2110.81 | Baseline: 697.44 | Improvement: -1413.38 | Win Rate: 0.00% | Actor Loss: -13.6391 | Entropy: 1.7951
Epoch [362/1000] | Sampled: 2092.81 | Baseline: 678.94 | Improvement: -1413.88 | Win Rate: 0.00% | Actor Loss: -9.6593 | Entropy: 1.4215
Epoch [363/1000] | Sampled: 2083.94 | Baseline: 690.06 | Improvement: -1393.88 | Win Rate: 0.00% | Actor Loss: -12.5007 | Entropy: 1.5873
Epoch [364/1000] | Sampled: 1842.19 | Baseline: 697.25 | Improvement: -1144.94 | Win Rate: 0.00% | Actor Loss: -5.5219 | Entropy: 1.3927
Epoch [365/1000] | Sampled: 2090.94 | Baseline: 670.69 | Improvement: -1420.25 | Win Rate: 0.00% | Actor Loss: -9.2068 | Entropy: 1.3105
Epoch [366/1000] | Sampled: 2075.56 | Baseline: 683.62 | Improvement: -1391.94 | Win Rate: 0.00% | Actor Loss: -8.8793 | Entropy: 1.2253
Epoch [367/1000] | Sampled: 2110.56 | Baseline: 698.50 | Improvement: -1412.06 | Win Rate: 0.00% | Actor Loss: 0.4957 | Entropy: 1.3569
Epoch [368/1000] | Sampled: 2084.12 | Baseline: 697.50 | Improvement: -1386.62 | Win Rate: 0.00% | Actor Loss: -5.9000 | Entropy: 1.4793
Epoch [369/1000] | Sampled: 2123.56 | Baseline: 687.38 | Improvement: -1436.19 | Win Rate: 0.00% | Actor Loss: -1.8249 | Entropy: 1.0726
Epoch [370/1000] | Sampled: 2081.06 | Baseline: 685.62 | Improvement: -1395.44 | Win Rate: 0.00% | Actor Loss: -5.5706 | Entropy: 1.0399
Epoch [371/1000] | Sampled: 2106.88 | Baseline: 685.75 | Improvement: -1421.12 | Win Rate: 0.00% | Actor Loss: -4.7290 | Entropy: 1.0703
Epoch [372/1000] | Sampled: 2102.00 | Baseline: 682.19 | Improvement: -1419.81 | Win Rate: 0.00% | Actor Loss: -5.1871 | Entropy: 1.2190
Epoch [373/1000] | Sampled: 2086.81 | Baseline: 681.62 | Improvement: -1405.19 | Win Rate: 0.00% | Actor Loss: -3.7758 | Entropy: 1.0918
Epoch [374/1000] | Sampled: 2093.62 | Baseline: 706.06 | Improvement: -1387.56 | Win Rate: 0.00% | Actor Loss: -2.6490 | Entropy: 1.0032
Epoch [375/1000] | Sampled: 2117.25 | Baseline: 692.88 | Improvement: -1424.38 | Win Rate: 0.00% | Actor Loss: 0.6471 | Entropy: 0.9480
Epoch [376/1000] | Sampled: 2103.19 | Baseline: 686.81 | Improvement: -1416.38 | Win Rate: 0.00% | Actor Loss: -1.1723 | Entropy: 1.0376
Epoch [377/1000] | Sampled: 2119.12 | Baseline: 697.19 | Improvement: -1421.94 | Win Rate: 0.00% | Actor Loss: -0.8787 | Entropy: 1.0284
Epoch [378/1000] | Sampled: 2125.94 | Baseline: 709.19 | Improvement: -1416.75 | Win Rate: 0.00% | Actor Loss: 0.6720 | Entropy: 1.0304
Epoch [379/1000] | Sampled: 2086.00 | Baseline: 690.62 | Improvement: -1395.38 | Win Rate: 0.00% | Actor Loss: 1.1743 | Entropy: 1.0587
Epoch [380/1000] | Sampled: 2118.25 | Baseline: 693.19 | Improvement: -1425.06 | Win Rate: 0.00% | Actor Loss: -3.9166 | Entropy: 1.0524
Epoch [381/1000] | Sampled: 2086.25 | Baseline: 679.50 | Improvement: -1406.75 | Win Rate: 0.00% | Actor Loss: -2.0049 | Entropy: 1.0485
Epoch [382/1000] | Sampled: 2110.31 | Baseline: 699.25 | Improvement: -1411.06 | Win Rate: 0.00% | Actor Loss: -0.4365 | Entropy: 1.0338
Epoch [383/1000] | Sampled: 2094.06 | Baseline: 680.88 | Improvement: -1413.19 | Win Rate: 0.00% | Actor Loss: -3.7060 | Entropy: 1.0364
Epoch [384/1000] | Sampled: 2099.94 | Baseline: 683.38 | Improvement: -1416.56 | Win Rate: 0.00% | Actor Loss: -1.4463 | Entropy: 1.0377
Epoch [385/1000] | Sampled: 2115.25 | Baseline: 683.75 | Improvement: -1431.50 | Win Rate: 0.00% | Actor Loss: -4.3381 | Entropy: 1.0369
Epoch [386/1000] | Sampled: 2097.56 | Baseline: 692.19 | Improvement: -1405.38 | Win Rate: 0.00% | Actor Loss: -1.5513 | Entropy: 1.0205
Epoch [387/1000] | Sampled: 2112.25 | Baseline: 685.31 | Improvement: -1426.94 | Win Rate: 0.00% | Actor Loss: -3.1130 | Entropy: 1.0084
Epoch [388/1000] | Sampled: 2077.44 | Baseline: 670.56 | Improvement: -1406.88 | Win Rate: 0.00% | Actor Loss: -3.4289 | Entropy: 0.9703
Epoch [389/1000] | Sampled: 2053.75 | Baseline: 689.62 | Improvement: -1364.12 | Win Rate: 0.00% | Actor Loss: 0.0928 | Entropy: 1.0327
Epoch [390/1000] | Sampled: 2091.44 | Baseline: 684.12 | Improvement: -1407.31 | Win Rate: 0.00% | Actor Loss: -3.3904 | Entropy: 0.9978
Epoch [391/1000] | Sampled: 2098.88 | Baseline: 678.12 | Improvement: -1420.75 | Win Rate: 0.00% | Actor Loss: -2.8464 | Entropy: 1.0027
Epoch [392/1000] | Sampled: 2108.88 | Baseline: 678.88 | Improvement: -1430.00 | Win Rate: 0.00% | Actor Loss: -2.9943 | Entropy: 0.9820
Epoch [393/1000] | Sampled: 2083.81 | Baseline: 690.12 | Improvement: -1393.69 | Win Rate: 0.00% | Actor Loss: -2.3951 | Entropy: 1.0019
Epoch [394/1000] | Sampled: 2078.12 | Baseline: 679.88 | Improvement: -1398.25 | Win Rate: 0.00% | Actor Loss: -2.9708 | Entropy: 0.9943
Epoch [395/1000] | Sampled: 2076.12 | Baseline: 681.81 | Improvement: -1394.31 | Win Rate: 0.00% | Actor Loss: 0.4141 | Entropy: 1.0265
Epoch [396/1000] | Sampled: 2096.88 | Baseline: 696.06 | Improvement: -1400.81 | Win Rate: 0.00% | Actor Loss: 0.3656 | Entropy: 1.0058
Epoch [397/1000] | Sampled: 2106.06 | Baseline: 684.06 | Improvement: -1422.00 | Win Rate: 0.00% | Actor Loss: -1.5658 | Entropy: 1.0265
Epoch [398/1000] | Sampled: 2117.00 | Baseline: 699.75 | Improvement: -1417.25 | Win Rate: 0.00% | Actor Loss: -1.8218 | Entropy: 1.0027
Epoch [399/1000] | Sampled: 2090.62 | Baseline: 684.19 | Improvement: -1406.44 | Win Rate: 0.00% | Actor Loss: -3.1259 | Entropy: 1.0460
Epoch [400/1000] | Sampled: 2098.31 | Baseline: 689.56 | Improvement: -1408.75 | Win Rate: 0.00% | Actor Loss: -3.7490 | Entropy: 0.9887
   -> Saved updated training chart to /home/wei/AMR-DFJSP/Static_alogorithm/Attention/attention_precise_training_metrics.png
Epoch [401/1000] | Sampled: 2107.94 | Baseline: 672.69 | Improvement: -1435.25 | Win Rate: 0.00% | Actor Loss: -2.5777 | Entropy: 1.0132
Epoch [402/1000] | Sampled: 2115.19 | Baseline: 696.44 | Improvement: -1418.75 | Win Rate: 0.00% | Actor Loss: -3.2556 | Entropy: 0.9754
Epoch [403/1000] | Sampled: 2120.31 | Baseline: 723.25 | Improvement: -1397.06 | Win Rate: 0.00% | Actor Loss: 0.6985 | Entropy: 0.9739
Epoch [404/1000] | Sampled: 2079.75 | Baseline: 687.69 | Improvement: -1392.06 | Win Rate: 0.00% | Actor Loss: -2.7266 | Entropy: 0.9694
Epoch [405/1000] | Sampled: 2117.62 | Baseline: 708.56 | Improvement: -1409.06 | Win Rate: 0.00% | Actor Loss: 1.7100 | Entropy: 1.0173
Epoch [406/1000] | Sampled: 2129.44 | Baseline: 709.31 | Improvement: -1420.12 | Win Rate: 0.00% | Actor Loss: -0.5909 | Entropy: 1.0080
Epoch [407/1000] | Sampled: 2080.38 | Baseline: 685.06 | Improvement: -1395.31 | Win Rate: 0.00% | Actor Loss: -3.4677 | Entropy: 1.0616
Epoch [408/1000] | Sampled: 2122.75 | Baseline: 702.56 | Improvement: -1420.19 | Win Rate: 0.00% | Actor Loss: -2.8873 | Entropy: 1.0042
Epoch [409/1000] | Sampled: 2103.62 | Baseline: 699.94 | Improvement: -1403.69 | Win Rate: 0.00% | Actor Loss: -0.8477 | Entropy: 0.9530
Epoch [410/1000] | Sampled: 2121.38 | Baseline: 699.88 | Improvement: -1421.50 | Win Rate: 0.00% | Actor Loss: -1.5624 | Entropy: 0.9283
Epoch [411/1000] | Sampled: 2123.81 | Baseline: 691.88 | Improvement: -1431.94 | Win Rate: 0.00% | Actor Loss: -4.0792 | Entropy: 0.9496
Epoch [412/1000] | Sampled: 2106.06 | Baseline: 688.06 | Improvement: -1418.00 | Win Rate: 0.00% | Actor Loss: -4.6503 | Entropy: 0.9848
Epoch [413/1000] | Sampled: 2120.75 | Baseline: 688.06 | Improvement: -1432.69 | Win Rate: 0.00% | Actor Loss: -1.3003 | Entropy: 1.0314
Epoch [414/1000] | Sampled: 2096.56 | Baseline: 693.62 | Improvement: -1402.94 | Win Rate: 0.00% | Actor Loss: -0.7244 | Entropy: 1.1262
Epoch [415/1000] | Sampled: 2114.62 | Baseline: 688.62 | Improvement: -1426.00 | Win Rate: 0.00% | Actor Loss: -1.7092 | Entropy: 1.0061
Epoch [416/1000] | Sampled: 2111.69 | Baseline: 706.56 | Improvement: -1405.12 | Win Rate: 0.00% | Actor Loss: -2.8395 | Entropy: 0.9986
Epoch [417/1000] | Sampled: 2112.06 | Baseline: 693.56 | Improvement: -1418.50 | Win Rate: 0.00% | Actor Loss: 0.0970 | Entropy: 1.0191
Epoch [418/1000] | Sampled: 2116.50 | Baseline: 707.44 | Improvement: -1409.06 | Win Rate: 0.00% | Actor Loss: -4.6050 | Entropy: 1.0418
Epoch [419/1000] | Sampled: 1830.50 | Baseline: 691.31 | Improvement: -1139.19 | Win Rate: 0.00% | Actor Loss: -1.6803 | Entropy: 1.0431
Epoch [420/1000] | Sampled: 1973.50 | Baseline: 691.69 | Improvement: -1281.81 | Win Rate: 0.00% | Actor Loss: -3.5673 | Entropy: 1.1091
Epoch [421/1000] | Sampled: 1908.44 | Baseline: 673.69 | Improvement: -1234.75 | Win Rate: 0.00% | Actor Loss: -2.0471 | Entropy: 1.1359
Epoch [422/1000] | Sampled: 1936.44 | Baseline: 689.56 | Improvement: -1246.88 | Win Rate: 0.00% | Actor Loss: -1.0151 | Entropy: 1.0457
Epoch [423/1000] | Sampled: 1902.38 | Baseline: 669.12 | Improvement: -1233.25 | Win Rate: 0.00% | Actor Loss: -4.5131 | Entropy: 1.0500
Epoch [424/1000] | Sampled: 2003.75 | Baseline: 710.50 | Improvement: -1293.25 | Win Rate: 0.00% | Actor Loss: -0.7244 | Entropy: 0.9863
Epoch [425/1000] | Sampled: 1984.38 | Baseline: 673.50 | Improvement: -1310.88 | Win Rate: 0.00% | Actor Loss: -5.4972 | Entropy: 1.0956
Epoch [426/1000] | Sampled: 1944.44 | Baseline: 691.12 | Improvement: -1253.31 | Win Rate: 0.00% | Actor Loss: -1.8732 | Entropy: 1.1485
Epoch [427/1000] | Sampled: 1863.44 | Baseline: 673.44 | Improvement: -1190.00 | Win Rate: 0.00% | Actor Loss: -2.6415 | Entropy: 1.1076
Epoch [428/1000] | Sampled: 1894.75 | Baseline: 672.25 | Improvement: -1222.50 | Win Rate: 0.00% | Actor Loss: -1.4268 | Entropy: 1.0612
Epoch [429/1000] | Sampled: 1931.19 | Baseline: 692.88 | Improvement: -1238.31 | Win Rate: 0.00% | Actor Loss: 0.1299 | Entropy: 1.0041
Epoch [430/1000] | Sampled: 2137.88 | Baseline: 706.00 | Improvement: -1431.88 | Win Rate: 0.00% | Actor Loss: -5.4119 | Entropy: 1.0427
Epoch [431/1000] | Sampled: 2074.38 | Baseline: 681.69 | Improvement: -1392.69 | Win Rate: 0.00% | Actor Loss: -7.7600 | Entropy: 1.0349
Epoch [432/1000] | Sampled: 2107.12 | Baseline: 684.81 | Improvement: -1422.31 | Win Rate: 0.00% | Actor Loss: -2.9920 | Entropy: 1.0187
Epoch [433/1000] | Sampled: 2094.62 | Baseline: 685.69 | Improvement: -1408.94 | Win Rate: 0.00% | Actor Loss: -3.0106 | Entropy: 0.9367
Epoch [434/1000] | Sampled: 2107.38 | Baseline: 677.56 | Improvement: -1429.81 | Win Rate: 0.00% | Actor Loss: -2.4603 | Entropy: 0.9312
Epoch [435/1000] | Sampled: 2120.75 | Baseline: 692.19 | Improvement: -1428.56 | Win Rate: 0.00% | Actor Loss: -5.8309 | Entropy: 1.0429
Epoch [436/1000] | Sampled: 2129.06 | Baseline: 699.06 | Improvement: -1430.00 | Win Rate: 0.00% | Actor Loss: -7.0723 | Entropy: 1.0957
Epoch [437/1000] | Sampled: 2119.31 | Baseline: 707.50 | Improvement: -1411.81 | Win Rate: 0.00% | Actor Loss: -5.7098 | Entropy: 1.0798
Epoch [438/1000] | Sampled: 2080.19 | Baseline: 683.31 | Improvement: -1396.88 | Win Rate: 0.00% | Actor Loss: -6.7645 | Entropy: 1.0747
Epoch [439/1000] | Sampled: 2115.06 | Baseline: 696.88 | Improvement: -1418.19 | Win Rate: 0.00% | Actor Loss: -6.2278 | Entropy: 0.9818
Epoch [440/1000] | Sampled: 2093.31 | Baseline: 686.12 | Improvement: -1407.19 | Win Rate: 0.00% | Actor Loss: -7.4846 | Entropy: 1.0519
Epoch [441/1000] | Sampled: 2115.75 | Baseline: 685.81 | Improvement: -1429.94 | Win Rate: 0.00% | Actor Loss: -6.2272 | Entropy: 0.9329
Epoch [442/1000] | Sampled: 2125.75 | Baseline: 682.62 | Improvement: -1443.12 | Win Rate: 0.00% | Actor Loss: -3.6315 | Entropy: 0.9455
Epoch [443/1000] | Sampled: 2090.81 | Baseline: 687.12 | Improvement: -1403.69 | Win Rate: 0.00% | Actor Loss: -5.3404 | Entropy: 0.9410
Epoch [444/1000] | Sampled: 2120.75 | Baseline: 694.56 | Improvement: -1426.19 | Win Rate: 0.00% | Actor Loss: -2.7773 | Entropy: 0.9404
Epoch [445/1000] | Sampled: 2071.56 | Baseline: 707.56 | Improvement: -1364.00 | Win Rate: 0.00% | Actor Loss: -4.4493 | Entropy: 1.1058
Epoch [446/1000] | Sampled: 2100.50 | Baseline: 694.81 | Improvement: -1405.69 | Win Rate: 0.00% | Actor Loss: -2.5512 | Entropy: 1.0720
Epoch [447/1000] | Sampled: 2096.50 | Baseline: 684.62 | Improvement: -1411.88 | Win Rate: 0.00% | Actor Loss: -2.0730 | Entropy: 1.2205
Traceback (most recent call last):
  File "/home/wei/AMR-DFJSP/Static_alogorithm/Attention/train_precise.py", line 592, in <module>
    train(build_parser().parse_args())
  File "/home/wei/AMR-DFJSP/Static_alogorithm/Attention/train_precise.py", line 562, in train
