Training on: cuda
Loaded 1000 dispatch events from /home/wei/AMR-DFJSP/test_case/static/dispatch_inbox_60.jsonl
Loaded 50 dispatch events from /home/wei/AMR-DFJSP/test_case/static/dispatch_validation_60.jsonl
Loaded 50 validation event(s).
Starting Attention Precise REINFORCE training with dispatch baseline 'fifo+earliest_available' (stepwise).
Epoch [1/1000] | Sampled: 810.56 | Baseline: 616.94 | Improvement: -193.62 | Win Rate: 0.00% | Actor Loss: -3.1833 | Entropy: 4.0692 | Invalid S/B: 0.38/0.00 | Max Load: 14.6 | Load Gap: 4.6
   -> Validation | Samples: 50 | Makespan: 774.80 | Invalid Jobs: 0.14
   -> Saved new best model (Val Makespan: 774.80)
   -> Saved updated training chart to /home/wei/AMR-DFJSP/Static_alogorithm/Attention/attention_precise_training_metrics.png
Epoch [2/1000] | Sampled: 762.56 | Baseline: 625.19 | Improvement: -137.38 | Win Rate: 0.00% | Actor Loss: -6.0574 | Entropy: 4.1261 | Invalid S/B: 0.31/0.00 | Max Load: 14.0 | Load Gap: 4.7
Epoch [3/1000] | Sampled: 770.00 | Baseline: 620.38 | Improvement: -149.62 | Win Rate: 0.00% | Actor Loss: -2.6131 | Entropy: 4.1198 | Invalid S/B: 0.50/0.00 | Max Load: 14.5 | Load Gap: 4.8
Epoch [4/1000] | Sampled: 755.94 | Baseline: 622.94 | Improvement: -133.00 | Win Rate: 0.00% | Actor Loss: -7.5825 | Entropy: 4.1022 | Invalid S/B: 0.31/0.00 | Max Load: 13.9 | Load Gap: 4.3
Epoch [5/1000] | Sampled: 755.62 | Baseline: 619.81 | Improvement: -135.81 | Win Rate: 0.00% | Actor Loss: -17.0392 | Entropy: 4.0130 | Invalid S/B: 0.19/0.00 | Max Load: 14.4 | Load Gap: 4.8
Traceback (most recent call last):
  File "/home/wei/AMR-DFJSP/Static_alogorithm/Attention/train_precise.py", line 744, in <module>
    train(build_parser().parse_args())
  File "/home/wei/AMR-DFJSP/Static_alogorithm/Attention/train_precise.py", line 697, in train
    train_reinforce(args)
  File "/home/wei/AMR-DFJSP/Static_alogorithm/Attention/train_precise.py", line 408, in train_reinforce
    comparison = compute_dispatch_baseline_comparison(
  File "/home/wei/AMR-DFJSP/Static_alogorithm/reinforce_baseline.py", line 191, in compute_dispatch_baseline_comparison
    sampled_next_individual = complete_with_dispatch_rule(
  File "/home/wei/AMR-DFJSP/Static_alogorithm/reinforce_baseline.py", line 133, in complete_with_dispatch_rule
    action, _ = dr.choose_operation(jobs, state, job_rule, amr_rule, rng)
  File "/home/wei/AMR-DFJSP/Static_alogorithm/dispatching_rules/dispatching_rules.py", line 237, in choose_operation
