Training on: cuda
Loaded 100 dispatch events from /home/wei/AMR-DFJSP/test_case/static/dispatch_inbox_60.jsonl
Starting GNN Precise REINFORCE training with dispatch baseline 'earliest_completion_job+earliest_completion' (stepwise).
Epoch [1/1000] | Sampled: 873.06 | Baseline: 696.38 | Improvement: -176.69 | Win Rate: 0.00% | Job Loss: 0.2344 | AMR Loss: 0.0049 | Entropy: 4.2395
   -> Saved new best model (Makespan: 873.06)
   -> Saved updated training chart to /home/wei/AMR-DFJSP/Static_alogorithm/GNN/gnn_precise_training_metrics.png
Epoch [2/1000] | Sampled: 939.12 | Baseline: 690.56 | Improvement: -248.56 | Win Rate: 0.00% | Job Loss: 2.4177 | AMR Loss: 0.0822 | Entropy: 4.2093
Epoch [3/1000] | Sampled: 846.31 | Baseline: 691.19 | Improvement: -155.12 | Win Rate: 0.00% | Job Loss: 1.9539 | AMR Loss: -0.1886 | Entropy: 4.0364
   -> Saved new best model (Makespan: 846.31)
Epoch [4/1000] | Sampled: 936.50 | Baseline: 702.69 | Improvement: -233.81 | Win Rate: 6.25% | Job Loss: 0.7062 | AMR Loss: -0.1875 | Entropy: 4.0570
Epoch [5/1000] | Sampled: 877.69 | Baseline: 675.25 | Improvement: -202.44 | Win Rate: 0.00% | Job Loss: -1.4619 | AMR Loss: 0.1977 | Entropy: 3.9776
Epoch [6/1000] | Sampled: 981.50 | Baseline: 686.88 | Improvement: -294.62 | Win Rate: 0.00% | Job Loss: -0.1841 | AMR Loss: -1.4379 | Entropy: 3.8281
Epoch [7/1000] | Sampled: 1028.00 | Baseline: 679.00 | Improvement: -349.00 | Win Rate: 0.00% | Job Loss: 2.6444 | AMR Loss: 0.1676 | Entropy: 3.7048
Epoch [8/1000] | Sampled: 1172.94 | Baseline: 695.88 | Improvement: -477.06 | Win Rate: 0.00% | Job Loss: 1.2052 | AMR Loss: 1.8233 | Entropy: 3.5418
Epoch [9/1000] | Sampled: 1099.69 | Baseline: 693.44 | Improvement: -406.25 | Win Rate: 0.00% | Job Loss: 4.0370 | AMR Loss: 1.7401 | Entropy: 3.4878
Epoch [10/1000] | Sampled: 1287.69 | Baseline: 666.25 | Improvement: -621.44 | Win Rate: 0.00% | Job Loss: 4.8974 | AMR Loss: 4.1994 | Entropy: 3.3702
Epoch [11/1000] | Sampled: 1235.25 | Baseline: 699.19 | Improvement: -536.06 | Win Rate: 0.00% | Job Loss: 4.8884 | AMR Loss: 2.3161 | Entropy: 3.3379
Epoch [12/1000] | Sampled: 1156.75 | Baseline: 694.25 | Improvement: -462.50 | Win Rate: 0.00% | Job Loss: 0.2115 | AMR Loss: 0.5204 | Entropy: 3.3276
Epoch [13/1000] | Sampled: 1125.12 | Baseline: 687.75 | Improvement: -437.38 | Win Rate: 0.00% | Job Loss: 4.0145 | AMR Loss: -1.6906 | Entropy: 3.1414
Epoch [14/1000] | Sampled: 1200.75 | Baseline: 706.12 | Improvement: -494.62 | Win Rate: 0.00% | Job Loss: 4.0980 | AMR Loss: 0.1005 | Entropy: 2.9956
Epoch [15/1000] | Sampled: 1203.31 | Baseline: 694.56 | Improvement: -508.75 | Win Rate: 0.00% | Job Loss: 6.7018 | AMR Loss: 3.1669 | Entropy: 2.8984
Epoch [16/1000] | Sampled: 1226.81 | Baseline: 683.31 | Improvement: -543.50 | Win Rate: 0.00% | Job Loss: 1.0203 | AMR Loss: -2.0133 | Entropy: 2.9843
Epoch [17/1000] | Sampled: 1306.56 | Baseline: 672.19 | Improvement: -634.38 | Win Rate: 0.00% | Job Loss: 5.3851 | AMR Loss: 1.1569 | Entropy: 2.8600
Epoch [18/1000] | Sampled: 1285.31 | Baseline: 685.44 | Improvement: -599.88 | Win Rate: 0.00% | Job Loss: 1.4296 | AMR Loss: -1.4591 | Entropy: 2.6641
Epoch [19/1000] | Sampled: 1258.75 | Baseline: 693.69 | Improvement: -565.06 | Win Rate: 0.00% | Job Loss: 1.3296 | AMR Loss: -0.0815 | Entropy: 2.6851
Epoch [20/1000] | Sampled: 1643.44 | Baseline: 706.38 | Improvement: -937.06 | Win Rate: 0.00% | Job Loss: 4.3917 | AMR Loss: 4.0142 | Entropy: 2.4327
Epoch [21/1000] | Sampled: 1750.69 | Baseline: 681.62 | Improvement: -1069.06 | Win Rate: 0.00% | Job Loss: 3.0068 | AMR Loss: 2.0547 | Entropy: 2.2415
Epoch [22/1000] | Sampled: 1803.00 | Baseline: 680.88 | Improvement: -1122.12 | Win Rate: 0.00% | Job Loss: -0.3902 | AMR Loss: 4.3489 | Entropy: 2.2482
Epoch [23/1000] | Sampled: 1905.38 | Baseline: 684.81 | Improvement: -1220.56 | Win Rate: 0.00% | Job Loss: 1.2314 | AMR Loss: 1.7504 | Entropy: 2.1102
Epoch [24/1000] | Sampled: 1939.50 | Baseline: 689.12 | Improvement: -1250.38 | Win Rate: 0.00% | Job Loss: 2.2587 | AMR Loss: 4.3979 | Entropy: 2.0398
Epoch [25/1000] | Sampled: 1924.31 | Baseline: 693.94 | Improvement: -1230.38 | Win Rate: 0.00% | Job Loss: 0.2425 | AMR Loss: 2.8794 | Entropy: 2.0507
Epoch [26/1000] | Sampled: 1979.44 | Baseline: 675.06 | Improvement: -1304.38 | Win Rate: 0.00% | Job Loss: 3.9718 | AMR Loss: 3.7336 | Entropy: 1.9997
Epoch [27/1000] | Sampled: 1997.88 | Baseline: 718.31 | Improvement: -1279.56 | Win Rate: 0.00% | Job Loss: -1.0547 | AMR Loss: 2.6567 | Entropy: 2.0046
Epoch [28/1000] | Sampled: 1999.62 | Baseline: 676.31 | Improvement: -1323.31 | Win Rate: 0.00% | Job Loss: -0.5709 | AMR Loss: 2.3413 | Entropy: 1.9320
Epoch [29/1000] | Sampled: 2015.94 | Baseline: 696.69 | Improvement: -1319.25 | Win Rate: 0.00% | Job Loss: 1.8993 | AMR Loss: 2.9264 | Entropy: 1.8824
Epoch [30/1000] | Sampled: 2042.00 | Baseline: 698.81 | Improvement: -1343.19 | Win Rate: 0.00% | Job Loss: -0.1351 | AMR Loss: 2.7987 | Entropy: 1.8407
Epoch [31/1000] | Sampled: 1957.25 | Baseline: 688.75 | Improvement: -1268.50 | Win Rate: 0.00% | Job Loss: -5.1564 | AMR Loss: 3.0780 | Entropy: 1.7891
Epoch [32/1000] | Sampled: 2004.50 | Baseline: 702.75 | Improvement: -1301.75 | Win Rate: 0.00% | Job Loss: 0.7491 | AMR Loss: 3.5715 | Entropy: 1.7023
Epoch [33/1000] | Sampled: 1994.81 | Baseline: 681.62 | Improvement: -1313.19 | Win Rate: 0.00% | Job Loss: -6.3645 | AMR Loss: 2.1236 | Entropy: 1.6560
Epoch [34/1000] | Sampled: 2068.62 | Baseline: 720.19 | Improvement: -1348.44 | Win Rate: 0.00% | Job Loss: -3.8247 | AMR Loss: 1.9606 | Entropy: 1.5885
Epoch [35/1000] | Sampled: 2024.94 | Baseline: 678.94 | Improvement: -1346.00 | Win Rate: 0.00% | Job Loss: -4.8500 | AMR Loss: 1.8339 | Entropy: 1.6022
Epoch [36/1000] | Sampled: 2060.75 | Baseline: 690.06 | Improvement: -1370.69 | Win Rate: 0.00% | Job Loss: -3.7798 | AMR Loss: 2.0508 | Entropy: 1.5343
Epoch [37/1000] | Sampled: 2048.19 | Baseline: 700.56 | Improvement: -1347.62 | Win Rate: 0.00% | Job Loss: -1.7077 | AMR Loss: 2.3815 | Entropy: 1.4790
Epoch [38/1000] | Sampled: 2070.06 | Baseline: 710.81 | Improvement: -1359.25 | Win Rate: 0.00% | Job Loss: -7.2651 | AMR Loss: 2.6441 | Entropy: 1.4857
Epoch [39/1000] | Sampled: 2012.88 | Baseline: 693.69 | Improvement: -1319.19 | Win Rate: 0.00% | Job Loss: -7.5616 | AMR Loss: 3.2603 | Entropy: 1.4666
Epoch [40/1000] | Sampled: 2062.62 | Baseline: 688.62 | Improvement: -1374.00 | Win Rate: 0.00% | Job Loss: -7.7298 | AMR Loss: 1.9539 | Entropy: 1.4279
Epoch [41/1000] | Sampled: 2006.31 | Baseline: 707.38 | Improvement: -1298.94 | Win Rate: 0.00% | Job Loss: -7.9690 | AMR Loss: 2.6793 | Entropy: 1.4190
Epoch [42/1000] | Sampled: 2053.94 | Baseline: 688.12 | Improvement: -1365.81 | Win Rate: 0.00% | Job Loss: -7.4852 | AMR Loss: 1.3514 | Entropy: 1.3406
Epoch [43/1000] | Sampled: 2051.31 | Baseline: 692.56 | Improvement: -1358.75 | Win Rate: 0.00% | Job Loss: -11.4856 | AMR Loss: 1.3146 | Entropy: 1.3695
Epoch [44/1000] | Sampled: 2033.69 | Baseline: 678.62 | Improvement: -1355.06 | Win Rate: 0.00% | Job Loss: -12.0590 | AMR Loss: 2.4435 | Entropy: 1.3417
Epoch [45/1000] | Sampled: 2073.81 | Baseline: 706.69 | Improvement: -1367.12 | Win Rate: 0.00% | Job Loss: -8.5100 | AMR Loss: 1.8677 | Entropy: 1.2449
Epoch [46/1000] | Sampled: 2072.56 | Baseline: 703.69 | Improvement: -1368.88 | Win Rate: 0.00% | Job Loss: -9.8094 | AMR Loss: 2.6469 | Entropy: 1.2292
Epoch [47/1000] | Sampled: 2076.94 | Baseline: 679.56 | Improvement: -1397.38 | Win Rate: 0.00% | Job Loss: -9.8880 | AMR Loss: 1.4289 | Entropy: 1.2138
Epoch [48/1000] | Sampled: 2053.38 | Baseline: 691.62 | Improvement: -1361.75 | Win Rate: 0.00% | Job Loss: -9.5979 | AMR Loss: 1.6757 | Entropy: 1.2144
Epoch [49/1000] | Sampled: 2041.00 | Baseline: 685.88 | Improvement: -1355.12 | Win Rate: 0.00% | Job Loss: -13.2175 | AMR Loss: 2.9118 | Entropy: 1.1637
Epoch [50/1000] | Sampled: 2032.44 | Baseline: 680.31 | Improvement: -1352.12 | Win Rate: 0.00% | Job Loss: -13.1527 | AMR Loss: 1.7003 | Entropy: 1.1500
Epoch [51/1000] | Sampled: 2073.81 | Baseline: 699.25 | Improvement: -1374.56 | Win Rate: 0.00% | Job Loss: -6.6439 | AMR Loss: 1.8199 | Entropy: 1.1586
Epoch [52/1000] | Sampled: 2068.25 | Baseline: 700.19 | Improvement: -1368.06 | Win Rate: 0.00% | Job Loss: -11.0066 | AMR Loss: 1.3818 | Entropy: 1.1813
Epoch [53/1000] | Sampled: 2057.50 | Baseline: 692.19 | Improvement: -1365.31 | Win Rate: 0.00% | Job Loss: -10.0361 | AMR Loss: 1.7809 | Entropy: 1.2015
Epoch [54/1000] | Sampled: 2048.75 | Baseline: 695.00 | Improvement: -1353.75 | Win Rate: 0.00% | Job Loss: -11.4516 | AMR Loss: 1.6087 | Entropy: 1.1666
Epoch [55/1000] | Sampled: 2052.00 | Baseline: 683.44 | Improvement: -1368.56 | Win Rate: 0.00% | Job Loss: -12.9823 | AMR Loss: 1.9085 | Entropy: 1.1803
Epoch [56/1000] | Sampled: 2057.44 | Baseline: 687.69 | Improvement: -1369.75 | Win Rate: 0.00% | Job Loss: -12.1340 | AMR Loss: 1.1508 | Entropy: 1.1569
Epoch [57/1000] | Sampled: 2041.56 | Baseline: 682.62 | Improvement: -1358.94 | Win Rate: 0.00% | Job Loss: -13.0683 | AMR Loss: 0.8484 | Entropy: 1.1734
Epoch [58/1000] | Sampled: 2073.69 | Baseline: 693.62 | Improvement: -1380.06 | Win Rate: 0.00% | Job Loss: -16.0656 | AMR Loss: 1.2637 | Entropy: 1.1622
Epoch [59/1000] | Sampled: 2060.62 | Baseline: 687.25 | Improvement: -1373.38 | Win Rate: 0.00% | Job Loss: -12.3842 | AMR Loss: 1.6016 | Entropy: 1.1415
Epoch [60/1000] | Sampled: 2000.00 | Baseline: 701.12 | Improvement: -1298.88 | Win Rate: 0.00% | Job Loss: -7.7784 | AMR Loss: 2.4455 | Entropy: 1.1461
Epoch [61/1000] | Sampled: 2033.00 | Baseline: 691.94 | Improvement: -1341.06 | Win Rate: 0.00% | Job Loss: -7.7157 | AMR Loss: 2.4083 | Entropy: 1.1674
Epoch [62/1000] | Sampled: 2025.69 | Baseline: 691.25 | Improvement: -1334.44 | Win Rate: 0.00% | Job Loss: -2.2932 | AMR Loss: 0.9545 | Entropy: 1.2062
Epoch [63/1000] | Sampled: 2059.69 | Baseline: 680.19 | Improvement: -1379.50 | Win Rate: 0.00% | Job Loss: -5.4227 | AMR Loss: 0.9827 | Entropy: 1.1290
Epoch [64/1000] | Sampled: 2031.88 | Baseline: 681.44 | Improvement: -1350.44 | Win Rate: 0.00% | Job Loss: -8.8313 | AMR Loss: 1.4258 | Entropy: 1.1125
Epoch [65/1000] | Sampled: 2088.25 | Baseline: 683.31 | Improvement: -1404.94 | Win Rate: 0.00% | Job Loss: -6.9238 | AMR Loss: 1.1817 | Entropy: 1.1294
Epoch [66/1000] | Sampled: 2065.88 | Baseline: 686.19 | Improvement: -1379.69 | Win Rate: 0.00% | Job Loss: -8.5573 | AMR Loss: 0.6982 | Entropy: 1.1322
Epoch [67/1000] | Sampled: 2058.69 | Baseline: 675.50 | Improvement: -1383.19 | Win Rate: 0.00% | Job Loss: -7.9000 | AMR Loss: 1.3391 | Entropy: 1.1112
Epoch [68/1000] | Sampled: 2062.00 | Baseline: 694.38 | Improvement: -1367.62 | Win Rate: 0.00% | Job Loss: -8.0480 | AMR Loss: 1.0125 | Entropy: 1.1125
Epoch [69/1000] | Sampled: 2052.12 | Baseline: 690.56 | Improvement: -1361.56 | Win Rate: 0.00% | Job Loss: -7.4972 | AMR Loss: 2.1898 | Entropy: 1.1042
Epoch [70/1000] | Sampled: 2109.62 | Baseline: 690.44 | Improvement: -1419.19 | Win Rate: 0.00% | Job Loss: -4.4517 | AMR Loss: 0.4307 | Entropy: 1.1042
Epoch [71/1000] | Sampled: 2058.38 | Baseline: 680.12 | Improvement: -1378.25 | Win Rate: 0.00% | Job Loss: -5.3921 | AMR Loss: 1.3898 | Entropy: 1.1064
Epoch [72/1000] | Sampled: 2063.06 | Baseline: 682.25 | Improvement: -1380.81 | Win Rate: 0.00% | Job Loss: -7.1714 | AMR Loss: 1.3314 | Entropy: 1.1142
Epoch [73/1000] | Sampled: 2051.25 | Baseline: 694.31 | Improvement: -1356.94 | Win Rate: 0.00% | Job Loss: -4.8319 | AMR Loss: 1.7492 | Entropy: 1.1124
Epoch [74/1000] | Sampled: 2033.12 | Baseline: 686.56 | Improvement: -1346.56 | Win Rate: 0.00% | Job Loss: -3.8794 | AMR Loss: 0.9866 | Entropy: 1.1329
Epoch [75/1000] | Sampled: 2058.06 | Baseline: 685.69 | Improvement: -1372.38 | Win Rate: 0.00% | Job Loss: -4.9199 | AMR Loss: 1.4062 | Entropy: 1.0811
Epoch [76/1000] | Sampled: 2122.75 | Baseline: 707.00 | Improvement: -1415.75 | Win Rate: 0.00% | Job Loss: -1.1831 | AMR Loss: 1.2144 | Entropy: 1.1112
Epoch [77/1000] | Sampled: 2070.44 | Baseline: 687.44 | Improvement: -1383.00 | Win Rate: 0.00% | Job Loss: -1.5528 | AMR Loss: 1.2793 | Entropy: 1.1383
Epoch [78/1000] | Sampled: 2088.88 | Baseline: 687.12 | Improvement: -1401.75 | Win Rate: 0.00% | Job Loss: -4.1383 | AMR Loss: 0.9673 | Entropy: 1.3085
Epoch [79/1000] | Sampled: 2066.94 | Baseline: 698.81 | Improvement: -1368.12 | Win Rate: 0.00% | Job Loss: -6.0835 | AMR Loss: 1.8416 | Entropy: 1.5374
Epoch [80/1000] | Sampled: 2057.31 | Baseline: 699.62 | Improvement: -1357.69 | Win Rate: 0.00% | Job Loss: -2.9331 | AMR Loss: 2.0606 | Entropy: 1.4907
Epoch [81/1000] | Sampled: 2069.69 | Baseline: 686.06 | Improvement: -1383.62 | Win Rate: 0.00% | Job Loss: -2.3241 | AMR Loss: 2.5386 | Entropy: 1.2423
Epoch [82/1000] | Sampled: 2078.81 | Baseline: 688.62 | Improvement: -1390.19 | Win Rate: 0.00% | Job Loss: -4.9623 | AMR Loss: 1.9050 | Entropy: 1.1441
Epoch [83/1000] | Sampled: 2080.25 | Baseline: 688.06 | Improvement: -1392.19 | Win Rate: 0.00% | Job Loss: -3.2129 | AMR Loss: 2.0811 | Entropy: 1.0872
Epoch [84/1000] | Sampled: 2079.06 | Baseline: 691.12 | Improvement: -1387.94 | Win Rate: 0.00% | Job Loss: -4.2120 | AMR Loss: 1.1971 | Entropy: 1.0664
Epoch [85/1000] | Sampled: 2079.06 | Baseline: 705.50 | Improvement: -1373.56 | Win Rate: 0.00% | Job Loss: -7.8725 | AMR Loss: 1.4523 | Entropy: 1.1150
Epoch [86/1000] | Sampled: 2104.25 | Baseline: 700.62 | Improvement: -1403.62 | Win Rate: 0.00% | Job Loss: -17.5522 | AMR Loss: 1.4228 | Entropy: 1.1617
Epoch [87/1000] | Sampled: 2078.88 | Baseline: 686.19 | Improvement: -1392.69 | Win Rate: 0.00% | Job Loss: -11.0895 | AMR Loss: 1.0585 | Entropy: 1.2251
Epoch [88/1000] | Sampled: 2049.75 | Baseline: 681.94 | Improvement: -1367.81 | Win Rate: 0.00% | Job Loss: -15.0735 | AMR Loss: 1.5467 | Entropy: 1.2560
Epoch [89/1000] | Sampled: 2067.56 | Baseline: 673.56 | Improvement: -1394.00 | Win Rate: 0.00% | Job Loss: -10.4322 | AMR Loss: 1.3168 | Entropy: 1.2620
Epoch [90/1000] | Sampled: 2048.19 | Baseline: 680.31 | Improvement: -1367.88 | Win Rate: 0.00% | Job Loss: -8.9499 | AMR Loss: 1.2437 | Entropy: 1.2473
Epoch [91/1000] | Sampled: 2082.62 | Baseline: 698.44 | Improvement: -1384.19 | Win Rate: 0.00% | Job Loss: -13.1240 | AMR Loss: 1.3746 | Entropy: 1.2508
Epoch [92/1000] | Sampled: 2074.56 | Baseline: 695.00 | Improvement: -1379.56 | Win Rate: 0.00% | Job Loss: -9.5332 | AMR Loss: 1.0264 | Entropy: 1.2428
Epoch [93/1000] | Sampled: 2075.25 | Baseline: 690.06 | Improvement: -1385.19 | Win Rate: 0.00% | Job Loss: -5.5957 | AMR Loss: 1.5565 | Entropy: 1.2329
Epoch [94/1000] | Sampled: 2104.69 | Baseline: 707.44 | Improvement: -1397.25 | Win Rate: 0.00% | Job Loss: -10.1242 | AMR Loss: 1.1185 | Entropy: 1.2312
Epoch [95/1000] | Sampled: 2055.69 | Baseline: 678.50 | Improvement: -1377.19 | Win Rate: 0.00% | Job Loss: -8.9859 | AMR Loss: 1.2501 | Entropy: 1.1707
Epoch [96/1000] | Sampled: 2067.44 | Baseline: 690.25 | Improvement: -1377.19 | Win Rate: 0.00% | Job Loss: -5.1054 | AMR Loss: 1.2057 | Entropy: 1.1737
Epoch [97/1000] | Sampled: 2082.81 | Baseline: 691.50 | Improvement: -1391.31 | Win Rate: 0.00% | Job Loss: -2.6316 | AMR Loss: 0.8917 | Entropy: 1.1212
Epoch [98/1000] | Sampled: 2105.62 | Baseline: 697.75 | Improvement: -1407.88 | Win Rate: 0.00% | Job Loss: -4.9599 | AMR Loss: 1.1924 | Entropy: 1.1185
Epoch [99/1000] | Sampled: 2091.00 | Baseline: 692.38 | Improvement: -1398.62 | Win Rate: 0.00% | Job Loss: -1.3862 | AMR Loss: 1.4046 | Entropy: 1.1029
Epoch [100/1000] | Sampled: 2072.19 | Baseline: 683.19 | Improvement: -1389.00 | Win Rate: 0.00% | Job Loss: -2.5112 | AMR Loss: 0.9278 | Entropy: 1.0934
   -> Saved updated training chart to /home/wei/AMR-DFJSP/Static_alogorithm/GNN/gnn_precise_training_metrics.png
Epoch [101/1000] | Sampled: 2054.56 | Baseline: 674.56 | Improvement: -1380.00 | Win Rate: 0.00% | Job Loss: -5.0413 | AMR Loss: 1.0178 | Entropy: 1.1233
Epoch [102/1000] | Sampled: 2067.00 | Baseline: 691.94 | Improvement: -1375.06 | Win Rate: 0.00% | Job Loss: -2.6561 | AMR Loss: 0.3295 | Entropy: 1.1158
Epoch [103/1000] | Sampled: 2058.00 | Baseline: 693.00 | Improvement: -1365.00 | Win Rate: 0.00% | Job Loss: -2.3997 | AMR Loss: 1.0927 | Entropy: 1.1352
Epoch [104/1000] | Sampled: 2094.69 | Baseline: 695.69 | Improvement: -1399.00 | Win Rate: 0.00% | Job Loss: -2.8349 | AMR Loss: 0.8427 | Entropy: 1.1582
Epoch [105/1000] | Sampled: 2046.44 | Baseline: 687.81 | Improvement: -1358.62 | Win Rate: 0.00% | Job Loss: 1.9805 | AMR Loss: 1.9850 | Entropy: 1.2026
Epoch [106/1000] | Sampled: 2057.19 | Baseline: 689.94 | Improvement: -1367.25 | Win Rate: 0.00% | Job Loss: -2.5525 | AMR Loss: 0.9431 | Entropy: 1.2256
Epoch [107/1000] | Sampled: 2092.25 | Baseline: 689.56 | Improvement: -1402.69 | Win Rate: 0.00% | Job Loss: -3.4789 | AMR Loss: 0.2097 | Entropy: 1.2346
Epoch [108/1000] | Sampled: 2065.50 | Baseline: 676.19 | Improvement: -1389.31 | Win Rate: 0.00% | Job Loss: -4.2073 | AMR Loss: 1.0136 | Entropy: 1.2653
Epoch [109/1000] | Sampled: 2083.50 | Baseline: 685.62 | Improvement: -1397.88 | Win Rate: 0.00% | Job Loss: -4.5698 | AMR Loss: 0.9526 | Entropy: 1.3221
Epoch [110/1000] | Sampled: 2090.44 | Baseline: 696.25 | Improvement: -1394.19 | Win Rate: 0.00% | Job Loss: 0.9575 | AMR Loss: 0.2363 | Entropy: 1.2821
Epoch [111/1000] | Sampled: 2089.75 | Baseline: 702.81 | Improvement: -1386.94 | Win Rate: 0.00% | Job Loss: -0.1784 | AMR Loss: 0.4566 | Entropy: 1.2889
Epoch [112/1000] | Sampled: 2083.25 | Baseline: 688.81 | Improvement: -1394.44 | Win Rate: 0.00% | Job Loss: 2.7888 | AMR Loss: 1.1372 | Entropy: 1.2027
Epoch [113/1000] | Sampled: 2112.38 | Baseline: 681.31 | Improvement: -1431.06 | Win Rate: 0.00% | Job Loss: 1.5856 | AMR Loss: 0.8283 | Entropy: 1.1973
Epoch [114/1000] | Sampled: 2063.00 | Baseline: 673.25 | Improvement: -1389.75 | Win Rate: 0.00% | Job Loss: -1.0028 | AMR Loss: 0.8491 | Entropy: 1.1890
Epoch [115/1000] | Sampled: 2095.81 | Baseline: 693.19 | Improvement: -1402.62 | Win Rate: 0.00% | Job Loss: 2.8922 | AMR Loss: 0.9487 | Entropy: 1.1608
Epoch [116/1000] | Sampled: 2083.19 | Baseline: 678.94 | Improvement: -1404.25 | Win Rate: 0.00% | Job Loss: -3.6181 | AMR Loss: 0.7072 | Entropy: 1.1662
Epoch [117/1000] | Sampled: 2094.69 | Baseline: 693.44 | Improvement: -1401.25 | Win Rate: 0.00% | Job Loss: 0.4705 | AMR Loss: 0.5363 | Entropy: 1.1566
Epoch [118/1000] | Sampled: 2078.25 | Baseline: 690.50 | Improvement: -1387.75 | Win Rate: 0.00% | Job Loss: 1.0612 | AMR Loss: 0.8198 | Entropy: 1.1449
Epoch [119/1000] | Sampled: 2064.88 | Baseline: 680.12 | Improvement: -1384.75 | Win Rate: 0.00% | Job Loss: 2.9513 | AMR Loss: 0.9586 | Entropy: 1.1392
Epoch [120/1000] | Sampled: 2063.62 | Baseline: 695.69 | Improvement: -1367.94 | Win Rate: 0.00% | Job Loss: 0.3540 | AMR Loss: 1.1701 | Entropy: 1.1361
Epoch [121/1000] | Sampled: 2070.69 | Baseline: 703.81 | Improvement: -1366.88 | Win Rate: 0.00% | Job Loss: 1.7361 | AMR Loss: 0.6569 | Entropy: 1.1297
Epoch [122/1000] | Sampled: 2103.94 | Baseline: 701.00 | Improvement: -1402.94 | Win Rate: 0.00% | Job Loss: -0.4239 | AMR Loss: 0.6748 | Entropy: 1.1448
Epoch [123/1000] | Sampled: 2072.12 | Baseline: 698.31 | Improvement: -1373.81 | Win Rate: 0.00% | Job Loss: 2.2401 | AMR Loss: 1.2017 | Entropy: 1.1533
Epoch [124/1000] | Sampled: 2084.06 | Baseline: 700.50 | Improvement: -1383.56 | Win Rate: 0.00% | Job Loss: 0.9640 | AMR Loss: 0.9077 | Entropy: 1.1202
Epoch [125/1000] | Sampled: 2092.00 | Baseline: 682.50 | Improvement: -1409.50 | Win Rate: 0.00% | Job Loss: 0.8848 | AMR Loss: 1.0529 | Entropy: 1.1082
Epoch [126/1000] | Sampled: 2098.25 | Baseline: 688.31 | Improvement: -1409.94 | Win Rate: 0.00% | Job Loss: 1.2952 | AMR Loss: 0.6577 | Entropy: 1.0830
Epoch [127/1000] | Sampled: 2102.12 | Baseline: 697.94 | Improvement: -1404.19 | Win Rate: 0.00% | Job Loss: -0.0150 | AMR Loss: 0.4229 | Entropy: 1.0656
Epoch [128/1000] | Sampled: 2106.94 | Baseline: 695.88 | Improvement: -1411.06 | Win Rate: 0.00% | Job Loss: -0.4681 | AMR Loss: 1.0751 | Entropy: 1.0475
Epoch [129/1000] | Sampled: 2106.75 | Baseline: 690.25 | Improvement: -1416.50 | Win Rate: 0.00% | Job Loss: -0.9223 | AMR Loss: 0.3453 | Entropy: 1.0472
Epoch [130/1000] | Sampled: 2102.12 | Baseline: 701.56 | Improvement: -1400.56 | Win Rate: 0.00% | Job Loss: 0.3789 | AMR Loss: 1.0668 | Entropy: 1.0748
Epoch [131/1000] | Sampled: 2061.50 | Baseline: 681.88 | Improvement: -1379.62 | Win Rate: 0.00% | Job Loss: -1.2091 | AMR Loss: 0.5623 | Entropy: 1.0769
Epoch [132/1000] | Sampled: 2101.75 | Baseline: 691.12 | Improvement: -1410.62 | Win Rate: 0.00% | Job Loss: -2.4229 | AMR Loss: 0.3920 | Entropy: 1.0617
Epoch [133/1000] | Sampled: 2082.12 | Baseline: 692.25 | Improvement: -1389.88 | Win Rate: 0.00% | Job Loss: 0.8667 | AMR Loss: 0.7150 | Entropy: 1.0779
Epoch [134/1000] | Sampled: 2093.69 | Baseline: 694.75 | Improvement: -1398.94 | Win Rate: 0.00% | Job Loss: 3.1245 | AMR Loss: 0.7827 | Entropy: 1.0464
Epoch [135/1000] | Sampled: 2073.44 | Baseline: 684.75 | Improvement: -1388.69 | Win Rate: 0.00% | Job Loss: -0.9569 | AMR Loss: 0.5682 | Entropy: 1.0737
Epoch [136/1000] | Sampled: 2099.56 | Baseline: 686.00 | Improvement: -1413.56 | Win Rate: 0.00% | Job Loss: -3.6207 | AMR Loss: 0.5824 | Entropy: 1.0179
Epoch [137/1000] | Sampled: 2075.62 | Baseline: 697.81 | Improvement: -1377.81 | Win Rate: 0.00% | Job Loss: -2.4330 | AMR Loss: 0.7810 | Entropy: 1.0112
Epoch [138/1000] | Sampled: 2107.06 | Baseline: 684.62 | Improvement: -1422.44 | Win Rate: 0.00% | Job Loss: -2.5072 | AMR Loss: 0.5265 | Entropy: 0.9865
Epoch [139/1000] | Sampled: 2088.12 | Baseline: 685.56 | Improvement: -1402.56 | Win Rate: 0.00% | Job Loss: -0.2191 | AMR Loss: 0.5270 | Entropy: 0.9704
Epoch [140/1000] | Sampled: 2098.69 | Baseline: 683.06 | Improvement: -1415.62 | Win Rate: 0.00% | Job Loss: -1.4661 | AMR Loss: 0.3815 | Entropy: 0.9570
Epoch [141/1000] | Sampled: 2104.81 | Baseline: 703.06 | Improvement: -1401.75 | Win Rate: 0.00% | Job Loss: -1.2517 | AMR Loss: 0.9979 | Entropy: 0.9441
Epoch [142/1000] | Sampled: 2142.12 | Baseline: 706.06 | Improvement: -1436.06 | Win Rate: 0.00% | Job Loss: -3.1986 | AMR Loss: 0.8808 | Entropy: 0.9561
Epoch [143/1000] | Sampled: 2103.50 | Baseline: 694.00 | Improvement: -1409.50 | Win Rate: 0.00% | Job Loss: -0.0242 | AMR Loss: -0.0976 | Entropy: 0.9517
Epoch [144/1000] | Sampled: 2115.50 | Baseline: 689.12 | Improvement: -1426.38 | Win Rate: 0.00% | Job Loss: -2.5782 | AMR Loss: 0.4833 | Entropy: 0.9588
Epoch [145/1000] | Sampled: 2086.81 | Baseline: 696.44 | Improvement: -1390.38 | Win Rate: 0.00% | Job Loss: -2.0342 | AMR Loss: 0.7694 | Entropy: 0.9341
Epoch [146/1000] | Sampled: 2096.94 | Baseline: 689.38 | Improvement: -1407.56 | Win Rate: 0.00% | Job Loss: -1.8387 | AMR Loss: 0.4809 | Entropy: 0.9384
Epoch [147/1000] | Sampled: 2107.38 | Baseline: 691.50 | Improvement: -1415.88 | Win Rate: 0.00% | Job Loss: -1.7247 | AMR Loss: 0.4933 | Entropy: 0.9354
Epoch [148/1000] | Sampled: 2091.19 | Baseline: 686.69 | Improvement: -1404.50 | Win Rate: 0.00% | Job Loss: 1.6890 | AMR Loss: 0.9010 | Entropy: 0.9590
Epoch [149/1000] | Sampled: 2086.81 | Baseline: 689.25 | Improvement: -1397.56 | Win Rate: 0.00% | Job Loss: -0.0257 | AMR Loss: 0.1511 | Entropy: 0.9623
Epoch [150/1000] | Sampled: 2105.56 | Baseline: 695.44 | Improvement: -1410.12 | Win Rate: 0.00% | Job Loss: -0.7778 | AMR Loss: 0.7946 | Entropy: 0.9572
Epoch [151/1000] | Sampled: 2088.44 | Baseline: 680.44 | Improvement: -1408.00 | Win Rate: 0.00% | Job Loss: -2.7626 | AMR Loss: 0.4424 | Entropy: 0.9414
Epoch [152/1000] | Sampled: 2089.19 | Baseline: 699.50 | Improvement: -1389.69 | Win Rate: 0.00% | Job Loss: 1.1351 | AMR Loss: 0.4056 | Entropy: 0.9620
Epoch [153/1000] | Sampled: 2089.88 | Baseline: 671.81 | Improvement: -1418.06 | Win Rate: 0.00% | Job Loss: -1.6695 | AMR Loss: 0.5537 | Entropy: 0.9449
Epoch [154/1000] | Sampled: 2124.94 | Baseline: 690.50 | Improvement: -1434.44 | Win Rate: 0.00% | Job Loss: -2.4214 | AMR Loss: 0.2337 | Entropy: 0.9676
Epoch [155/1000] | Sampled: 2126.94 | Baseline: 723.00 | Improvement: -1403.94 | Win Rate: 0.00% | Job Loss: -1.6982 | AMR Loss: 0.2786 | Entropy: 0.9700
Epoch [156/1000] | Sampled: 2095.75 | Baseline: 692.50 | Improvement: -1403.25 | Win Rate: 0.00% | Job Loss: -0.0267 | AMR Loss: 0.0093 | Entropy: 0.9566
Epoch [157/1000] | Sampled: 2104.56 | Baseline: 694.12 | Improvement: -1410.44 | Win Rate: 0.00% | Job Loss: -0.6549 | AMR Loss: -0.0694 | Entropy: 0.9459
Epoch [158/1000] | Sampled: 2097.88 | Baseline: 687.44 | Improvement: -1410.44 | Win Rate: 0.00% | Job Loss: -0.5434 | AMR Loss: 0.5059 | Entropy: 0.9489
Epoch [159/1000] | Sampled: 2084.50 | Baseline: 673.38 | Improvement: -1411.12 | Win Rate: 0.00% | Job Loss: -0.3698 | AMR Loss: 0.2153 | Entropy: 0.9386
Epoch [160/1000] | Sampled: 2095.25 | Baseline: 696.38 | Improvement: -1398.88 | Win Rate: 0.00% | Job Loss: -1.4421 | AMR Loss: 0.4843 | Entropy: 0.9683
Epoch [161/1000] | Sampled: 2101.62 | Baseline: 688.56 | Improvement: -1413.06 | Win Rate: 0.00% | Job Loss: -0.1418 | AMR Loss: 0.3462 | Entropy: 0.9826
Epoch [162/1000] | Sampled: 2084.56 | Baseline: 690.81 | Improvement: -1393.75 | Win Rate: 0.00% | Job Loss: -1.3345 | AMR Loss: -0.2558 | Entropy: 0.9930
Epoch [163/1000] | Sampled: 2088.38 | Baseline: 693.69 | Improvement: -1394.69 | Win Rate: 0.00% | Job Loss: -2.5682 | AMR Loss: 0.5184 | Entropy: 0.9489
Epoch [164/1000] | Sampled: 2101.88 | Baseline: 674.81 | Improvement: -1427.06 | Win Rate: 0.00% | Job Loss: -0.0775 | AMR Loss: 0.3855 | Entropy: 0.9804
Epoch [165/1000] | Sampled: 2101.81 | Baseline: 681.31 | Improvement: -1420.50 | Win Rate: 0.00% | Job Loss: -3.1143 | AMR Loss: 0.2910 | Entropy: 0.9660
Epoch [166/1000] | Sampled: 2109.50 | Baseline: 681.88 | Improvement: -1427.62 | Win Rate: 0.00% | Job Loss: -5.7337 | AMR Loss: 0.0778 | Entropy: 0.9987
Epoch [167/1000] | Sampled: 2108.31 | Baseline: 689.00 | Improvement: -1419.31 | Win Rate: 0.00% | Job Loss: -9.3152 | AMR Loss: 0.4585 | Entropy: 0.9971
Epoch [168/1000] | Sampled: 2093.56 | Baseline: 678.81 | Improvement: -1414.75 | Win Rate: 0.00% | Job Loss: -10.8767 | AMR Loss: 0.4537 | Entropy: 0.9795
Epoch [169/1000] | Sampled: 2098.31 | Baseline: 692.12 | Improvement: -1406.19 | Win Rate: 0.00% | Job Loss: -13.6815 | AMR Loss: 0.1844 | Entropy: 1.0249
Epoch [170/1000] | Sampled: 2090.81 | Baseline: 679.62 | Improvement: -1411.19 | Win Rate: 0.00% | Job Loss: -15.4376 | AMR Loss: 0.1823 | Entropy: 0.9773
Epoch [171/1000] | Sampled: 2104.94 | Baseline: 681.38 | Improvement: -1423.56 | Win Rate: 0.00% | Job Loss: -12.8949 | AMR Loss: 0.1743 | Entropy: 1.0115
Epoch [172/1000] | Sampled: 2116.62 | Baseline: 685.25 | Improvement: -1431.38 | Win Rate: 0.00% | Job Loss: -16.5624 | AMR Loss: 0.0461 | Entropy: 0.9790
Epoch [173/1000] | Sampled: 2107.81 | Baseline: 679.56 | Improvement: -1428.25 | Win Rate: 0.00% | Job Loss: -10.7945 | AMR Loss: 0.0431 | Entropy: 1.0029
Epoch [174/1000] | Sampled: 2117.94 | Baseline: 687.69 | Improvement: -1430.25 | Win Rate: 0.00% | Job Loss: -9.2502 | AMR Loss: -0.0519 | Entropy: 1.0099
Epoch [175/1000] | Sampled: 2091.81 | Baseline: 683.12 | Improvement: -1408.69 | Win Rate: 0.00% | Job Loss: -12.1045 | AMR Loss: 0.0779 | Entropy: 1.0272
Epoch [176/1000] | Sampled: 2105.19 | Baseline: 698.69 | Improvement: -1406.50 | Win Rate: 0.00% | Job Loss: -9.9967 | AMR Loss: 0.3457 | Entropy: 1.0221
Epoch [177/1000] | Sampled: 2101.19 | Baseline: 685.88 | Improvement: -1415.31 | Win Rate: 0.00% | Job Loss: -6.9525 | AMR Loss: -0.0732 | Entropy: 1.0274
Epoch [178/1000] | Sampled: 2099.75 | Baseline: 700.00 | Improvement: -1399.75 | Win Rate: 0.00% | Job Loss: -4.5056 | AMR Loss: 0.0643 | Entropy: 1.0184
Epoch [179/1000] | Sampled: 2110.88 | Baseline: 704.94 | Improvement: -1405.94 | Win Rate: 0.00% | Job Loss: -2.5564 | AMR Loss: 0.6159 | Entropy: 1.0232
Epoch [180/1000] | Sampled: 2095.88 | Baseline: 679.00 | Improvement: -1416.88 | Win Rate: 0.00% | Job Loss: -2.8226 | AMR Loss: 0.0305 | Entropy: 1.0154
Epoch [181/1000] | Sampled: 2115.81 | Baseline: 698.62 | Improvement: -1417.19 | Win Rate: 0.00% | Job Loss: 0.0117 | AMR Loss: 0.1693 | Entropy: 1.0296
Epoch [182/1000] | Sampled: 2113.62 | Baseline: 702.94 | Improvement: -1410.69 | Win Rate: 0.00% | Job Loss: -0.0335 | AMR Loss: 0.7771 | Entropy: 1.0479
Epoch [183/1000] | Sampled: 2093.62 | Baseline: 674.81 | Improvement: -1418.81 | Win Rate: 0.00% | Job Loss: -1.7461 | AMR Loss: 0.0149 | Entropy: 1.0013
Epoch [184/1000] | Sampled: 2078.19 | Baseline: 680.75 | Improvement: -1397.44 | Win Rate: 0.00% | Job Loss: -0.1148 | AMR Loss: 0.0362 | Entropy: 1.0082
Epoch [185/1000] | Sampled: 2119.75 | Baseline: 721.81 | Improvement: -1397.94 | Win Rate: 0.00% | Job Loss: -1.0589 | AMR Loss: 0.3312 | Entropy: 0.9981
Epoch [186/1000] | Sampled: 2131.19 | Baseline: 700.50 | Improvement: -1430.69 | Win Rate: 0.00% | Job Loss: -0.2403 | AMR Loss: 0.0364 | Entropy: 0.9964
Epoch [187/1000] | Sampled: 2124.38 | Baseline: 703.69 | Improvement: -1420.69 | Win Rate: 0.00% | Job Loss: 0.6119 | AMR Loss: 0.0188 | Entropy: 0.9975
Epoch [188/1000] | Sampled: 2125.81 | Baseline: 693.12 | Improvement: -1432.69 | Win Rate: 0.00% | Job Loss: -1.6434 | AMR Loss: 0.0192 | Entropy: 0.9944
Epoch [189/1000] | Sampled: 2109.81 | Baseline: 688.38 | Improvement: -1421.44 | Win Rate: 0.00% | Job Loss: -0.5975 | AMR Loss: -0.0176 | Entropy: 0.9809
Epoch [190/1000] | Sampled: 2101.31 | Baseline: 701.88 | Improvement: -1399.44 | Win Rate: 0.00% | Job Loss: -0.2819 | AMR Loss: 0.0432 | Entropy: 0.9830
Epoch [191/1000] | Sampled: 2116.25 | Baseline: 683.62 | Improvement: -1432.62 | Win Rate: 0.00% | Job Loss: 0.3342 | AMR Loss: 0.0300 | Entropy: 1.0072
Epoch [192/1000] | Sampled: 2107.12 | Baseline: 680.69 | Improvement: -1426.44 | Win Rate: 0.00% | Job Loss: -1.0652 | AMR Loss: 0.0149 | Entropy: 0.9956
Epoch [193/1000] | Sampled: 2096.12 | Baseline: 688.56 | Improvement: -1407.56 | Win Rate: 0.00% | Job Loss: -0.1288 | AMR Loss: 0.0248 | Entropy: 1.0139
Epoch [194/1000] | Sampled: 2098.56 | Baseline: 681.50 | Improvement: -1417.06 | Win Rate: 0.00% | Job Loss: 0.1222 | AMR Loss: 0.2941 | Entropy: 1.0093
Epoch [195/1000] | Sampled: 2119.75 | Baseline: 689.38 | Improvement: -1430.38 | Win Rate: 0.00% | Job Loss: 0.2687 | AMR Loss: 0.3001 | Entropy: 0.9963
Epoch [196/1000] | Sampled: 2137.12 | Baseline: 704.75 | Improvement: -1432.38 | Win Rate: 0.00% | Job Loss: -1.7814 | AMR Loss: 0.0191 | Entropy: 0.9908
Epoch [197/1000] | Sampled: 2116.25 | Baseline: 706.12 | Improvement: -1410.12 | Win Rate: 0.00% | Job Loss: -0.8511 | AMR Loss: 0.0216 | Entropy: 0.9915
Epoch [198/1000] | Sampled: 2092.50 | Baseline: 706.00 | Improvement: -1386.50 | Win Rate: 0.00% | Job Loss: 0.0337 | AMR Loss: 0.0211 | Entropy: 0.9701
Epoch [199/1000] | Sampled: 2114.12 | Baseline: 691.19 | Improvement: -1422.94 | Win Rate: 0.00% | Job Loss: -1.4713 | AMR Loss: 0.0257 | Entropy: 0.9559
Epoch [200/1000] | Sampled: 2088.88 | Baseline: 686.44 | Improvement: -1402.44 | Win Rate: 0.00% | Job Loss: 0.0257 | AMR Loss: 0.5895 | Entropy: 0.9625
   -> Saved updated training chart to /home/wei/AMR-DFJSP/Static_alogorithm/GNN/gnn_precise_training_metrics.png
Epoch [201/1000] | Sampled: 2097.62 | Baseline: 685.31 | Improvement: -1412.31 | Win Rate: 0.00% | Job Loss: -1.1605 | AMR Loss: 0.0263 | Entropy: 0.9438
Epoch [202/1000] | Sampled: 2080.75 | Baseline: 702.12 | Improvement: -1378.62 | Win Rate: 0.00% | Job Loss: -0.0539 | AMR Loss: 0.0376 | Entropy: 0.9555
Epoch [203/1000] | Sampled: 2110.50 | Baseline: 687.56 | Improvement: -1422.94 | Win Rate: 0.00% | Job Loss: -1.9234 | AMR Loss: 0.2609 | Entropy: 0.9255
Epoch [204/1000] | Sampled: 2126.81 | Baseline: 710.50 | Improvement: -1416.31 | Win Rate: 0.00% | Job Loss: -3.1743 | AMR Loss: 0.1940 | Entropy: 0.9367
Epoch [205/1000] | Sampled: 2099.31 | Baseline: 701.25 | Improvement: -1398.06 | Win Rate: 0.00% | Job Loss: -1.6861 | AMR Loss: 0.0414 | Entropy: 0.9354
Epoch [206/1000] | Sampled: 2096.50 | Baseline: 709.00 | Improvement: -1387.50 | Win Rate: 0.00% | Job Loss: -0.7791 | AMR Loss: 0.4237 | Entropy: 0.9320
Epoch [207/1000] | Sampled: 2127.62 | Baseline: 693.19 | Improvement: -1434.44 | Win Rate: 0.00% | Job Loss: -1.3846 | AMR Loss: 0.1166 | Entropy: 0.9289
Epoch [208/1000] | Sampled: 2119.12 | Baseline: 691.75 | Improvement: -1427.38 | Win Rate: 0.00% | Job Loss: -1.9117 | AMR Loss: 0.0248 | Entropy: 0.9448
Epoch [209/1000] | Sampled: 2096.69 | Baseline: 683.94 | Improvement: -1412.75 | Win Rate: 0.00% | Job Loss: -2.4978 | AMR Loss: 1.0519 | Entropy: 0.9315
Epoch [210/1000] | Sampled: 2105.06 | Baseline: 699.25 | Improvement: -1405.81 | Win Rate: 0.00% | Job Loss: -3.4686 | AMR Loss: 0.4439 | Entropy: 0.9406
Epoch [211/1000] | Sampled: 2095.38 | Baseline: 681.12 | Improvement: -1414.25 | Win Rate: 0.00% | Job Loss: -2.0720 | AMR Loss: 0.0247 | Entropy: 0.9425
Epoch [212/1000] | Sampled: 2106.38 | Baseline: 685.44 | Improvement: -1420.94 | Win Rate: 0.00% | Job Loss: -2.6356 | AMR Loss: 0.4386 | Entropy: 0.9649
Epoch [213/1000] | Sampled: 2104.00 | Baseline: 679.19 | Improvement: -1424.81 | Win Rate: 0.00% | Job Loss: 1.5080 | AMR Loss: -0.1025 | Entropy: 0.9629
Epoch [214/1000] | Sampled: 2123.88 | Baseline: 700.38 | Improvement: -1423.50 | Win Rate: 0.00% | Job Loss: -1.9009 | AMR Loss: 0.0295 | Entropy: 0.9525
Epoch [215/1000] | Sampled: 2084.25 | Baseline: 694.62 | Improvement: -1389.62 | Win Rate: 0.00% | Job Loss: -2.0510 | AMR Loss: 0.0467 | Entropy: 0.9593
Epoch [216/1000] | Sampled: 2112.62 | Baseline: 700.62 | Improvement: -1412.00 | Win Rate: 0.00% | Job Loss: -2.4400 | AMR Loss: 0.4564 | Entropy: 0.9469
Epoch [217/1000] | Sampled: 2109.25 | Baseline: 693.56 | Improvement: -1415.69 | Win Rate: 0.00% | Job Loss: -1.1111 | AMR Loss: 0.0545 | Entropy: 0.9195
Epoch [218/1000] | Sampled: 2113.94 | Baseline: 690.81 | Improvement: -1423.12 | Win Rate: 0.00% | Job Loss: -1.1089 | AMR Loss: 0.0347 | Entropy: 0.9185
Epoch [219/1000] | Sampled: 2097.12 | Baseline: 680.88 | Improvement: -1416.25 | Win Rate: 0.00% | Job Loss: -3.8895 | AMR Loss: 0.0089 | Entropy: 0.9286
Epoch [220/1000] | Sampled: 2107.75 | Baseline: 695.94 | Improvement: -1411.81 | Win Rate: 0.00% | Job Loss: 0.3365 | AMR Loss: 0.0560 | Entropy: 0.9423
Epoch [221/1000] | Sampled: 2084.75 | Baseline: 678.81 | Improvement: -1405.94 | Win Rate: 0.00% | Job Loss: -1.6490 | AMR Loss: 0.0266 | Entropy: 0.9286
Epoch [222/1000] | Sampled: 2127.44 | Baseline: 696.88 | Improvement: -1430.56 | Win Rate: 0.00% | Job Loss: -3.4272 | AMR Loss: 0.0143 | Entropy: 0.9112
Epoch [223/1000] | Sampled: 2107.38 | Baseline: 704.69 | Improvement: -1402.69 | Win Rate: 0.00% | Job Loss: -2.0916 | AMR Loss: 0.0206 | Entropy: 0.9437
Epoch [224/1000] | Sampled: 2113.12 | Baseline: 683.69 | Improvement: -1429.44 | Win Rate: 0.00% | Job Loss: -2.4860 | AMR Loss: 0.0193 | Entropy: 0.9326
Epoch [225/1000] | Sampled: 2088.62 | Baseline: 700.69 | Improvement: -1387.94 | Win Rate: 0.00% | Job Loss: -2.1974 | AMR Loss: 0.3037 | Entropy: 0.9555
Epoch [226/1000] | Sampled: 2087.25 | Baseline: 685.38 | Improvement: -1401.88 | Win Rate: 0.00% | Job Loss: -2.9389 | AMR Loss: 0.3311 | Entropy: 0.9562
Epoch [227/1000] | Sampled: 2127.50 | Baseline: 691.50 | Improvement: -1436.00 | Win Rate: 0.00% | Job Loss: -3.0434 | AMR Loss: 0.0018 | Entropy: 0.9881
Epoch [228/1000] | Sampled: 2122.38 | Baseline: 704.25 | Improvement: -1418.12 | Win Rate: 0.00% | Job Loss: -1.8679 | AMR Loss: 0.0285 | Entropy: 0.9564
Epoch [229/1000] | Sampled: 2111.25 | Baseline: 691.25 | Improvement: -1420.00 | Win Rate: 0.00% | Job Loss: -0.8683 | AMR Loss: 0.0160 | Entropy: 1.0022
Epoch [230/1000] | Sampled: 2150.81 | Baseline: 698.69 | Improvement: -1452.12 | Win Rate: 0.00% | Job Loss: -2.5796 | AMR Loss: 0.0231 | Entropy: 0.9908
Epoch [231/1000] | Sampled: 2104.00 | Baseline: 685.62 | Improvement: -1418.38 | Win Rate: 0.00% | Job Loss: -2.4539 | AMR Loss: 0.0164 | Entropy: 0.9984
Epoch [232/1000] | Sampled: 2108.06 | Baseline: 685.25 | Improvement: -1422.81 | Win Rate: 0.00% | Job Loss: -2.0995 | AMR Loss: 0.0226 | Entropy: 1.0046
Epoch [233/1000] | Sampled: 2105.19 | Baseline: 690.44 | Improvement: -1414.75 | Win Rate: 0.00% | Job Loss: -5.7093 | AMR Loss: 0.0134 | Entropy: 1.0149
Epoch [234/1000] | Sampled: 2095.06 | Baseline: 687.50 | Improvement: -1407.56 | Win Rate: 0.00% | Job Loss: -6.0437 | AMR Loss: 0.4476 | Entropy: 1.0288
Epoch [235/1000] | Sampled: 2059.31 | Baseline: 665.31 | Improvement: -1394.00 | Win Rate: 0.00% | Job Loss: -5.5154 | AMR Loss: -0.3638 | Entropy: 1.0298
Epoch [236/1000] | Sampled: 2102.62 | Baseline: 687.31 | Improvement: -1415.31 | Win Rate: 0.00% | Job Loss: -11.1895 | AMR Loss: 0.0142 | Entropy: 1.0049
Epoch [237/1000] | Sampled: 2123.94 | Baseline: 691.62 | Improvement: -1432.31 | Win Rate: 0.00% | Job Loss: -4.5408 | AMR Loss: 0.0229 | Entropy: 1.0247
Epoch [238/1000] | Sampled: 2115.88 | Baseline: 701.25 | Improvement: -1414.62 | Win Rate: 0.00% | Job Loss: -3.7385 | AMR Loss: 0.0260 | Entropy: 1.0080
Epoch [239/1000] | Sampled: 2116.06 | Baseline: 682.25 | Improvement: -1433.81 | Win Rate: 0.00% | Job Loss: -4.6450 | AMR Loss: 0.0124 | Entropy: 1.0371
Epoch [240/1000] | Sampled: 2089.75 | Baseline: 696.75 | Improvement: -1393.00 | Win Rate: 0.00% | Job Loss: -7.8228 | AMR Loss: 0.0152 | Entropy: 1.0400
Epoch [241/1000] | Sampled: 2095.19 | Baseline: 688.00 | Improvement: -1407.19 | Win Rate: 0.00% | Job Loss: -4.8318 | AMR Loss: 0.0197 | Entropy: 1.0247
Epoch [242/1000] | Sampled: 2102.81 | Baseline: 694.75 | Improvement: -1408.06 | Win Rate: 0.00% | Job Loss: -7.8290 | AMR Loss: 0.0204 | Entropy: 1.0474
Epoch [243/1000] | Sampled: 2096.88 | Baseline: 690.44 | Improvement: -1406.44 | Win Rate: 0.00% | Job Loss: -9.0389 | AMR Loss: 0.0146 | Entropy: 1.0250
Epoch [244/1000] | Sampled: 2097.69 | Baseline: 687.69 | Improvement: -1410.00 | Win Rate: 0.00% | Job Loss: -8.1575 | AMR Loss: 0.3209 | Entropy: 1.0478
Epoch [245/1000] | Sampled: 2132.75 | Baseline: 700.69 | Improvement: -1432.06 | Win Rate: 0.00% | Job Loss: -6.8932 | AMR Loss: 0.0074 | Entropy: 1.0125
Epoch [246/1000] | Sampled: 2089.69 | Baseline: 676.38 | Improvement: -1413.31 | Win Rate: 0.00% | Job Loss: -6.5560 | AMR Loss: 0.0089 | Entropy: 1.0245
Epoch [247/1000] | Sampled: 2058.38 | Baseline: 674.38 | Improvement: -1384.00 | Win Rate: 0.00% | Job Loss: -1.7697 | AMR Loss: 0.0251 | Entropy: 1.0216
Epoch [248/1000] | Sampled: 2081.38 | Baseline: 681.69 | Improvement: -1399.69 | Win Rate: 0.00% | Job Loss: -2.9133 | AMR Loss: 0.0103 | Entropy: 0.9932
Epoch [249/1000] | Sampled: 2113.56 | Baseline: 682.75 | Improvement: -1430.81 | Win Rate: 0.00% | Job Loss: -2.5513 | AMR Loss: 0.0098 | Entropy: 1.0081
Epoch [250/1000] | Sampled: 2111.44 | Baseline: 699.00 | Improvement: -1412.44 | Win Rate: 0.00% | Job Loss: -4.4896 | AMR Loss: 0.3133 | Entropy: 1.0356
Epoch [251/1000] | Sampled: 2116.38 | Baseline: 692.50 | Improvement: -1423.88 | Win Rate: 0.00% | Job Loss: -5.9104 | AMR Loss: 0.0105 | Entropy: 1.0385
Epoch [252/1000] | Sampled: 2118.94 | Baseline: 690.69 | Improvement: -1428.25 | Win Rate: 0.00% | Job Loss: -3.7111 | AMR Loss: 0.0097 | Entropy: 1.0288
Epoch [253/1000] | Sampled: 2112.50 | Baseline: 680.50 | Improvement: -1432.00 | Win Rate: 0.00% | Job Loss: -3.7801 | AMR Loss: 0.0109 | Entropy: 1.0496
Epoch [254/1000] | Sampled: 2131.31 | Baseline: 692.69 | Improvement: -1438.62 | Win Rate: 0.00% | Job Loss: -2.1490 | AMR Loss: 0.0120 | Entropy: 1.0256
Epoch [255/1000] | Sampled: 2110.00 | Baseline: 682.94 | Improvement: -1427.06 | Win Rate: 0.00% | Job Loss: -0.2122 | AMR Loss: 0.0145 | Entropy: 1.0183
Epoch [256/1000] | Sampled: 2134.56 | Baseline: 706.38 | Improvement: -1428.19 | Win Rate: 0.00% | Job Loss: -2.9713 | AMR Loss: 0.0154 | Entropy: 1.0036
Epoch [257/1000] | Sampled: 2121.00 | Baseline: 698.50 | Improvement: -1422.50 | Win Rate: 0.00% | Job Loss: -3.1836 | AMR Loss: 0.0113 | Entropy: 1.0052
Epoch [258/1000] | Sampled: 2075.00 | Baseline: 677.50 | Improvement: -1397.50 | Win Rate: 0.00% | Job Loss: -1.8160 | AMR Loss: 0.4019 | Entropy: 0.9802
Epoch [259/1000] | Sampled: 2086.00 | Baseline: 687.44 | Improvement: -1398.56 | Win Rate: 0.00% | Job Loss: -1.1560 | AMR Loss: 0.0383 | Entropy: 1.0001
Epoch [260/1000] | Sampled: 2070.75 | Baseline: 674.62 | Improvement: -1396.12 | Win Rate: 0.00% | Job Loss: -0.3233 | AMR Loss: 0.5576 | Entropy: 0.9965
Epoch [261/1000] | Sampled: 2077.19 | Baseline: 672.38 | Improvement: -1404.81 | Win Rate: 0.00% | Job Loss: -1.5235 | AMR Loss: 0.0077 | Entropy: 0.9778
Epoch [262/1000] | Sampled: 2093.19 | Baseline: 703.00 | Improvement: -1390.19 | Win Rate: 0.00% | Job Loss: -1.4888 | AMR Loss: 0.0150 | Entropy: 0.9909
Epoch [263/1000] | Sampled: 2113.06 | Baseline: 691.12 | Improvement: -1421.94 | Win Rate: 0.00% | Job Loss: -0.5009 | AMR Loss: 0.0096 | Entropy: 0.9737
Epoch [264/1000] | Sampled: 2107.62 | Baseline: 685.38 | Improvement: -1422.25 | Win Rate: 0.00% | Job Loss: -3.4286 | AMR Loss: 0.0094 | Entropy: 0.9598
Epoch [265/1000] | Sampled: 2082.06 | Baseline: 687.62 | Improvement: -1394.44 | Win Rate: 0.00% | Job Loss: 0.8267 | AMR Loss: 0.2601 | Entropy: 1.0160
Epoch [266/1000] | Sampled: 2116.50 | Baseline: 692.00 | Improvement: -1424.50 | Win Rate: 0.00% | Job Loss: -4.5768 | AMR Loss: 0.0088 | Entropy: 0.9995
Epoch [267/1000] | Sampled: 2090.88 | Baseline: 672.75 | Improvement: -1418.12 | Win Rate: 0.00% | Job Loss: -2.6548 | AMR Loss: 0.0075 | Entropy: 1.0118
Epoch [268/1000] | Sampled: 2090.81 | Baseline: 680.62 | Improvement: -1410.19 | Win Rate: 0.00% | Job Loss: -4.0684 | AMR Loss: 0.1266 | Entropy: 1.0081
Epoch [269/1000] | Sampled: 2116.62 | Baseline: 712.94 | Improvement: -1403.69 | Win Rate: 0.00% | Job Loss: -4.5321 | AMR Loss: 0.0122 | Entropy: 0.9919
Epoch [270/1000] | Sampled: 2112.94 | Baseline: 696.94 | Improvement: -1416.00 | Win Rate: 0.00% | Job Loss: -8.6654 | AMR Loss: 0.0106 | Entropy: 0.9872
Epoch [271/1000] | Sampled: 2074.31 | Baseline: 675.44 | Improvement: -1398.88 | Win Rate: 0.00% | Job Loss: -6.3672 | AMR Loss: 0.0094 | Entropy: 0.9960
Epoch [272/1000] | Sampled: 2093.88 | Baseline: 682.62 | Improvement: -1411.25 | Win Rate: 0.00% | Job Loss: -7.1842 | AMR Loss: 0.8077 | Entropy: 0.9599
Epoch [273/1000] | Sampled: 2101.81 | Baseline: 688.94 | Improvement: -1412.88 | Win Rate: 0.00% | Job Loss: -8.1902 | AMR Loss: -0.0867 | Entropy: 0.9508
Epoch [274/1000] | Sampled: 2118.38 | Baseline: 702.19 | Improvement: -1416.19 | Win Rate: 0.00% | Job Loss: -7.7952 | AMR Loss: 0.0154 | Entropy: 0.9283
Epoch [275/1000] | Sampled: 2101.38 | Baseline: 685.69 | Improvement: -1415.69 | Win Rate: 0.00% | Job Loss: -2.1355 | AMR Loss: 0.0064 | Entropy: 0.9414
Epoch [276/1000] | Sampled: 2074.06 | Baseline: 671.19 | Improvement: -1402.88 | Win Rate: 0.00% | Job Loss: -4.2938 | AMR Loss: 0.0036 | Entropy: 0.9269
Epoch [277/1000] | Sampled: 2104.69 | Baseline: 698.25 | Improvement: -1406.44 | Win Rate: 0.00% | Job Loss: -3.1458 | AMR Loss: 0.1394 | Entropy: 0.9821
Epoch [278/1000] | Sampled: 2100.12 | Baseline: 696.12 | Improvement: -1404.00 | Win Rate: 0.00% | Job Loss: -3.2849 | AMR Loss: 0.0102 | Entropy: 0.9744
Epoch [279/1000] | Sampled: 2104.56 | Baseline: 686.81 | Improvement: -1417.75 | Win Rate: 0.00% | Job Loss: -2.7359 | AMR Loss: 0.0073 | Entropy: 1.0523
Epoch [280/1000] | Sampled: 2116.19 | Baseline: 695.56 | Improvement: -1420.62 | Win Rate: 0.00% | Job Loss: -3.3810 | AMR Loss: 0.0111 | Entropy: 1.1709
Epoch [281/1000] | Sampled: 2131.50 | Baseline: 697.44 | Improvement: -1434.06 | Win Rate: 0.00% | Job Loss: -4.0260 | AMR Loss: 0.5039 | Entropy: 1.1458
Epoch [282/1000] | Sampled: 2145.25 | Baseline: 695.06 | Improvement: -1450.19 | Win Rate: 0.00% | Job Loss: -4.0981 | AMR Loss: 0.3383 | Entropy: 1.1121
Epoch [283/1000] | Sampled: 2099.19 | Baseline: 694.81 | Improvement: -1404.38 | Win Rate: 0.00% | Job Loss: -0.1955 | AMR Loss: 0.0130 | Entropy: 1.0485
Epoch [284/1000] | Sampled: 2070.31 | Baseline: 685.00 | Improvement: -1385.31 | Win Rate: 0.00% | Job Loss: -4.4308 | AMR Loss: 0.0160 | Entropy: 1.0404
Epoch [285/1000] | Sampled: 2067.81 | Baseline: 672.44 | Improvement: -1395.38 | Win Rate: 0.00% | Job Loss: -1.7234 | AMR Loss: 0.0067 | Entropy: 0.9880
Epoch [286/1000] | Sampled: 2080.12 | Baseline: 681.12 | Improvement: -1399.00 | Win Rate: 0.00% | Job Loss: -3.9032 | AMR Loss: -0.2338 | Entropy: 0.9708
Epoch [287/1000] | Sampled: 2130.62 | Baseline: 690.12 | Improvement: -1440.50 | Win Rate: 0.00% | Job Loss: -4.9085 | AMR Loss: 0.0055 | Entropy: 0.9607
Epoch [288/1000] | Sampled: 2132.69 | Baseline: 687.94 | Improvement: -1444.75 | Win Rate: 0.00% | Job Loss: -5.4653 | AMR Loss: 0.0046 | Entropy: 0.9694
Epoch [289/1000] | Sampled: 2101.31 | Baseline: 701.56 | Improvement: -1399.75 | Win Rate: 0.00% | Job Loss: -3.9972 | AMR Loss: 0.0068 | Entropy: 0.9681
Epoch [290/1000] | Sampled: 2121.25 | Baseline: 699.19 | Improvement: -1422.06 | Win Rate: 0.00% | Job Loss: -4.9290 | AMR Loss: 0.0130 | Entropy: 0.9696
Epoch [291/1000] | Sampled: 2116.31 | Baseline: 690.69 | Improvement: -1425.62 | Win Rate: 0.00% | Job Loss: -5.9517 | AMR Loss: 0.0067 | Entropy: 0.9661
Epoch [292/1000] | Sampled: 2096.75 | Baseline: 679.94 | Improvement: -1416.81 | Win Rate: 0.00% | Job Loss: -4.8872 | AMR Loss: 0.0037 | Entropy: 0.9876
Epoch [293/1000] | Sampled: 2110.31 | Baseline: 686.69 | Improvement: -1423.62 | Win Rate: 0.00% | Job Loss: -6.7787 | AMR Loss: 0.0074 | Entropy: 0.9573
Epoch [294/1000] | Sampled: 2108.94 | Baseline: 696.88 | Improvement: -1412.06 | Win Rate: 0.00% | Job Loss: -3.9593 | AMR Loss: 0.0096 | Entropy: 0.9701
Epoch [295/1000] | Sampled: 2097.31 | Baseline: 689.50 | Improvement: -1407.81 | Win Rate: 0.00% | Job Loss: -1.7655 | AMR Loss: 0.0158 | Entropy: 0.9849
Epoch [296/1000] | Sampled: 2105.81 | Baseline: 677.31 | Improvement: -1428.50 | Win Rate: 0.00% | Job Loss: -2.3922 | AMR Loss: 0.0111 | Entropy: 0.9698
Epoch [297/1000] | Sampled: 2116.75 | Baseline: 698.88 | Improvement: -1417.88 | Win Rate: 0.00% | Job Loss: -1.0813 | AMR Loss: 0.0117 | Entropy: 0.9679
Epoch [298/1000] | Sampled: 2103.88 | Baseline: 691.19 | Improvement: -1412.69 | Win Rate: 0.00% | Job Loss: -4.6340 | AMR Loss: 0.0102 | Entropy: 0.9718
Epoch [299/1000] | Sampled: 2136.56 | Baseline: 692.38 | Improvement: -1444.19 | Win Rate: 0.00% | Job Loss: -4.6510 | AMR Loss: 0.0099 | Entropy: 1.0082
Epoch [300/1000] | Sampled: 2113.44 | Baseline: 687.25 | Improvement: -1426.19 | Win Rate: 0.00% | Job Loss: -1.9175 | AMR Loss: 0.0113 | Entropy: 0.9851
   -> Saved updated training chart to /home/wei/AMR-DFJSP/Static_alogorithm/GNN/gnn_precise_training_metrics.png
Epoch [301/1000] | Sampled: 2111.75 | Baseline: 673.12 | Improvement: -1438.62 | Win Rate: 0.00% | Job Loss: -6.6870 | AMR Loss: 0.0096 | Entropy: 0.9900
Epoch [302/1000] | Sampled: 2104.25 | Baseline: 681.25 | Improvement: -1423.00 | Win Rate: 0.00% | Job Loss: -2.7102 | AMR Loss: 0.0090 | Entropy: 0.9951
Epoch [303/1000] | Sampled: 2133.38 | Baseline: 686.69 | Improvement: -1446.69 | Win Rate: 0.00% | Job Loss: -3.3674 | AMR Loss: 0.0085 | Entropy: 0.9994
Epoch [304/1000] | Sampled: 2103.88 | Baseline: 694.31 | Improvement: -1409.56 | Win Rate: 0.00% | Job Loss: -3.2293 | AMR Loss: 0.0080 | Entropy: 0.9931
Epoch [305/1000] | Sampled: 2116.56 | Baseline: 690.62 | Improvement: -1425.94 | Win Rate: 0.00% | Job Loss: -4.8741 | AMR Loss: 0.0083 | Entropy: 0.9999
Epoch [306/1000] | Sampled: 2134.94 | Baseline: 708.62 | Improvement: -1426.31 | Win Rate: 0.00% | Job Loss: -2.8764 | AMR Loss: 0.0109 | Entropy: 1.0036
Epoch [307/1000] | Sampled: 2097.75 | Baseline: 687.00 | Improvement: -1410.75 | Win Rate: 0.00% | Job Loss: -3.0704 | AMR Loss: 0.0072 | Entropy: 0.9917
Epoch [308/1000] | Sampled: 2121.50 | Baseline: 697.69 | Improvement: -1423.81 | Win Rate: 0.00% | Job Loss: -2.6353 | AMR Loss: 0.0098 | Entropy: 0.9837
Epoch [309/1000] | Sampled: 2077.56 | Baseline: 675.06 | Improvement: -1402.50 | Win Rate: 0.00% | Job Loss: 1.9735 | AMR Loss: 0.0063 | Entropy: 0.9909
Epoch [310/1000] | Sampled: 2123.88 | Baseline: 686.31 | Improvement: -1437.56 | Win Rate: 0.00% | Job Loss: -2.3252 | AMR Loss: 0.0069 | Entropy: 0.9850
Epoch [311/1000] | Sampled: 2113.31 | Baseline: 693.75 | Improvement: -1419.56 | Win Rate: 0.00% | Job Loss: -2.6333 | AMR Loss: 0.3913 | Entropy: 0.9944
Epoch [312/1000] | Sampled: 2098.31 | Baseline: 693.38 | Improvement: -1404.94 | Win Rate: 0.00% | Job Loss: -3.5474 | AMR Loss: 0.0047 | Entropy: 0.9818
Epoch [313/1000] | Sampled: 2094.69 | Baseline: 687.75 | Improvement: -1406.94 | Win Rate: 0.00% | Job Loss: -1.5324 | AMR Loss: 0.0046 | Entropy: 0.9941
Epoch [314/1000] | Sampled: 2111.00 | Baseline: 691.81 | Improvement: -1419.19 | Win Rate: 0.00% | Job Loss: -3.6837 | AMR Loss: 0.2768 | Entropy: 0.9753
Epoch [315/1000] | Sampled: 2125.50 | Baseline: 696.56 | Improvement: -1428.94 | Win Rate: 0.00% | Job Loss: -2.8493 | AMR Loss: 0.0068 | Entropy: 0.9751
Epoch [316/1000] | Sampled: 2128.94 | Baseline: 688.31 | Improvement: -1440.62 | Win Rate: 0.00% | Job Loss: -1.6603 | AMR Loss: 0.0097 | Entropy: 0.9860
Epoch [317/1000] | Sampled: 2089.12 | Baseline: 681.50 | Improvement: -1407.62 | Win Rate: 0.00% | Job Loss: -2.1834 | AMR Loss: 0.0056 | Entropy: 0.9670
Epoch [318/1000] | Sampled: 2143.12 | Baseline: 697.88 | Improvement: -1445.25 | Win Rate: 0.00% | Job Loss: -3.8768 | AMR Loss: 0.0058 | Entropy: 0.9704
Epoch [319/1000] | Sampled: 2129.88 | Baseline: 693.75 | Improvement: -1436.12 | Win Rate: 0.00% | Job Loss: -0.8729 | AMR Loss: 0.0088 | Entropy: 0.9708
Epoch [320/1000] | Sampled: 2120.56 | Baseline: 705.69 | Improvement: -1414.88 | Win Rate: 0.00% | Job Loss: -1.6849 | AMR Loss: 0.0074 | Entropy: 0.9830
Epoch [321/1000] | Sampled: 2099.81 | Baseline: 679.75 | Improvement: -1420.06 | Win Rate: 0.00% | Job Loss: -2.6282 | AMR Loss: 0.0045 | Entropy: 0.9511
Epoch [322/1000] | Sampled: 2131.00 | Baseline: 696.75 | Improvement: -1434.25 | Win Rate: 0.00% | Job Loss: -5.6457 | AMR Loss: 0.0054 | Entropy: 0.9198
Epoch [323/1000] | Sampled: 2125.44 | Baseline: 704.44 | Improvement: -1421.00 | Win Rate: 0.00% | Job Loss: -1.9413 | AMR Loss: 0.0074 | Entropy: 0.9478
Epoch [324/1000] | Sampled: 2107.44 | Baseline: 680.00 | Improvement: -1427.44 | Win Rate: 0.00% | Job Loss: -1.7776 | AMR Loss: 0.0063 | Entropy: 0.9300
Epoch [325/1000] | Sampled: 2134.75 | Baseline: 689.06 | Improvement: -1445.69 | Win Rate: 0.00% | Job Loss: -4.4700 | AMR Loss: 0.0029 | Entropy: 0.9373
Epoch [326/1000] | Sampled: 2108.00 | Baseline: 700.75 | Improvement: -1407.25 | Win Rate: 0.00% | Job Loss: -3.2366 | AMR Loss: 0.0072 | Entropy: 0.9295
Epoch [327/1000] | Sampled: 2122.94 | Baseline: 709.38 | Improvement: -1413.56 | Win Rate: 0.00% | Job Loss: -3.1462 | AMR Loss: 0.0073 | Entropy: 0.9324
Epoch [328/1000] | Sampled: 2107.12 | Baseline: 678.38 | Improvement: -1428.75 | Win Rate: 0.00% | Job Loss: -0.7140 | AMR Loss: 0.0094 | Entropy: 0.9363
Epoch [329/1000] | Sampled: 2094.38 | Baseline: 693.19 | Improvement: -1401.19 | Win Rate: 0.00% | Job Loss: -1.5172 | AMR Loss: 0.0081 | Entropy: 0.9248
Epoch [330/1000] | Sampled: 2101.19 | Baseline: 704.44 | Improvement: -1396.75 | Win Rate: 0.00% | Job Loss: -4.3748 | AMR Loss: 0.0071 | Entropy: 0.9227
Epoch [331/1000] | Sampled: 2115.56 | Baseline: 691.88 | Improvement: -1423.69 | Win Rate: 0.00% | Job Loss: -0.7293 | AMR Loss: 0.0081 | Entropy: 0.9303
Epoch [332/1000] | Sampled: 2105.12 | Baseline: 688.94 | Improvement: -1416.19 | Win Rate: 0.00% | Job Loss: -0.2170 | AMR Loss: 0.0045 | Entropy: 0.9361
Epoch [333/1000] | Sampled: 2089.00 | Baseline: 682.25 | Improvement: -1406.75 | Win Rate: 0.00% | Job Loss: -5.3388 | AMR Loss: 0.0031 | Entropy: 0.9543
Epoch [334/1000] | Sampled: 2095.44 | Baseline: 709.75 | Improvement: -1385.69 | Win Rate: 0.00% | Job Loss: -3.4901 | AMR Loss: 0.0046 | Entropy: 0.9467
Epoch [335/1000] | Sampled: 2110.19 | Baseline: 690.81 | Improvement: -1419.38 | Win Rate: 0.00% | Job Loss: -1.8403 | AMR Loss: 0.0093 | Entropy: 0.9294
Epoch [336/1000] | Sampled: 2087.31 | Baseline: 695.56 | Improvement: -1391.75 | Win Rate: 0.00% | Job Loss: -4.3464 | AMR Loss: 0.0069 | Entropy: 0.9065
Epoch [337/1000] | Sampled: 2141.00 | Baseline: 700.00 | Improvement: -1441.00 | Win Rate: 0.00% | Job Loss: -1.6773 | AMR Loss: 0.0047 | Entropy: 0.9227
Epoch [338/1000] | Sampled: 2098.62 | Baseline: 701.62 | Improvement: -1397.00 | Win Rate: 0.00% | Job Loss: 0.6048 | AMR Loss: 0.0070 | Entropy: 0.9364
Epoch [339/1000] | Sampled: 2106.50 | Baseline: 699.38 | Improvement: -1407.12 | Win Rate: 0.00% | Job Loss: -1.6712 | AMR Loss: 0.0062 | Entropy: 0.9432
Epoch [340/1000] | Sampled: 2105.50 | Baseline: 693.00 | Improvement: -1412.50 | Win Rate: 0.00% | Job Loss: 1.3234 | AMR Loss: 0.0037 | Entropy: 0.9802
Epoch [341/1000] | Sampled: 2124.56 | Baseline: 686.00 | Improvement: -1438.56 | Win Rate: 0.00% | Job Loss: -0.5781 | AMR Loss: 0.0014 | Entropy: 0.9649
Epoch [342/1000] | Sampled: 2092.88 | Baseline: 675.44 | Improvement: -1417.44 | Win Rate: 0.00% | Job Loss: 0.3183 | AMR Loss: 0.0041 | Entropy: 0.9686
Epoch [343/1000] | Sampled: 2121.94 | Baseline: 688.19 | Improvement: -1433.75 | Win Rate: 0.00% | Job Loss: 0.3876 | AMR Loss: 0.0044 | Entropy: 0.9698
Epoch [344/1000] | Sampled: 2130.44 | Baseline: 706.88 | Improvement: -1423.56 | Win Rate: 0.00% | Job Loss: -2.3648 | AMR Loss: 0.0031 | Entropy: 0.9514
Epoch [345/1000] | Sampled: 2114.94 | Baseline: 699.25 | Improvement: -1415.69 | Win Rate: 0.00% | Job Loss: 0.0538 | AMR Loss: 0.0048 | Entropy: 0.9621
Epoch [346/1000] | Sampled: 2114.81 | Baseline: 681.62 | Improvement: -1433.19 | Win Rate: 0.00% | Job Loss: -0.2335 | AMR Loss: 0.0028 | Entropy: 0.9856
Epoch [347/1000] | Sampled: 2102.31 | Baseline: 688.75 | Improvement: -1413.56 | Win Rate: 0.00% | Job Loss: -0.3363 | AMR Loss: 0.0050 | Entropy: 0.9987
Epoch [348/1000] | Sampled: 2105.81 | Baseline: 697.25 | Improvement: -1408.56 | Win Rate: 0.00% | Job Loss: -0.3867 | AMR Loss: 0.0022 | Entropy: 0.9989
Epoch [349/1000] | Sampled: 2112.44 | Baseline: 690.38 | Improvement: -1422.06 | Win Rate: 0.00% | Job Loss: -2.9159 | AMR Loss: 0.0044 | Entropy: 1.0120
Epoch [350/1000] | Sampled: 2125.88 | Baseline: 701.12 | Improvement: -1424.75 | Win Rate: 0.00% | Job Loss: 0.6934 | AMR Loss: 0.0053 | Entropy: 1.0204
Epoch [351/1000] | Sampled: 2109.31 | Baseline: 700.31 | Improvement: -1409.00 | Win Rate: 0.00% | Job Loss: -1.4673 | AMR Loss: -0.0046 | Entropy: 1.0085
Epoch [352/1000] | Sampled: 2131.44 | Baseline: 689.62 | Improvement: -1441.81 | Win Rate: 0.00% | Job Loss: 0.1269 | AMR Loss: 0.0035 | Entropy: 1.0144
Epoch [353/1000] | Sampled: 2126.44 | Baseline: 708.31 | Improvement: -1418.12 | Win Rate: 0.00% | Job Loss: -0.5772 | AMR Loss: 0.0041 | Entropy: 1.0073
Epoch [354/1000] | Sampled: 2097.44 | Baseline: 682.25 | Improvement: -1415.19 | Win Rate: 0.00% | Job Loss: -0.2925 | AMR Loss: 0.0037 | Entropy: 1.0378
Epoch [355/1000] | Sampled: 2110.88 | Baseline: 695.12 | Improvement: -1415.75 | Win Rate: 0.00% | Job Loss: -3.1299 | AMR Loss: 0.0039 | Entropy: 1.0305
Epoch [356/1000] | Sampled: 2103.94 | Baseline: 675.31 | Improvement: -1428.62 | Win Rate: 0.00% | Job Loss: -1.7538 | AMR Loss: 0.0031 | Entropy: 1.0080
Epoch [357/1000] | Sampled: 2121.56 | Baseline: 699.81 | Improvement: -1421.75 | Win Rate: 0.00% | Job Loss: -2.3111 | AMR Loss: 0.0046 | Entropy: 1.0013
Epoch [358/1000] | Sampled: 2151.88 | Baseline: 704.75 | Improvement: -1447.12 | Win Rate: 0.00% | Job Loss: -4.6078 | AMR Loss: 0.0037 | Entropy: 1.0087
Epoch [359/1000] | Sampled: 2120.31 | Baseline: 698.75 | Improvement: -1421.56 | Win Rate: 0.00% | Job Loss: -6.6289 | AMR Loss: 0.0012 | Entropy: 1.0172
Epoch [360/1000] | Sampled: 2078.00 | Baseline: 676.06 | Improvement: -1401.94 | Win Rate: 0.00% | Job Loss: -5.7636 | AMR Loss: 0.0021 | Entropy: 0.9815
Epoch [361/1000] | Sampled: 2093.19 | Baseline: 681.06 | Improvement: -1412.12 | Win Rate: 0.00% | Job Loss: -3.5341 | AMR Loss: 0.0041 | Entropy: 1.0017
Epoch [362/1000] | Sampled: 2114.69 | Baseline: 686.44 | Improvement: -1428.25 | Win Rate: 0.00% | Job Loss: -4.8366 | AMR Loss: 0.0033 | Entropy: 0.9888
Epoch [363/1000] | Sampled: 2103.38 | Baseline: 683.69 | Improvement: -1419.69 | Win Rate: 0.00% | Job Loss: -0.3684 | AMR Loss: 0.0053 | Entropy: 0.9682
Epoch [364/1000] | Sampled: 2135.12 | Baseline: 691.44 | Improvement: -1443.69 | Win Rate: 0.00% | Job Loss: -2.2787 | AMR Loss: 0.0037 | Entropy: 0.9828
Epoch [365/1000] | Sampled: 2123.81 | Baseline: 684.62 | Improvement: -1439.19 | Win Rate: 0.00% | Job Loss: -1.3012 | AMR Loss: 0.0031 | Entropy: 0.9844
Epoch [366/1000] | Sampled: 2111.88 | Baseline: 700.94 | Improvement: -1410.94 | Win Rate: 0.00% | Job Loss: -1.3207 | AMR Loss: 0.0035 | Entropy: 1.0052
Epoch [367/1000] | Sampled: 2115.88 | Baseline: 685.69 | Improvement: -1430.19 | Win Rate: 0.00% | Job Loss: -0.8803 | AMR Loss: 0.0037 | Entropy: 0.9841
Epoch [368/1000] | Sampled: 2109.38 | Baseline: 693.88 | Improvement: -1415.50 | Win Rate: 0.00% | Job Loss: -1.0980 | AMR Loss: 0.0032 | Entropy: 0.9677
Epoch [369/1000] | Sampled: 2104.81 | Baseline: 687.50 | Improvement: -1417.31 | Win Rate: 0.00% | Job Loss: 0.7424 | AMR Loss: 0.0028 | Entropy: 0.9708
Epoch [370/1000] | Sampled: 2132.50 | Baseline: 698.06 | Improvement: -1434.44 | Win Rate: 0.00% | Job Loss: -2.8944 | AMR Loss: 0.0032 | Entropy: 0.9600
Epoch [371/1000] | Sampled: 2107.12 | Baseline: 687.56 | Improvement: -1419.56 | Win Rate: 0.00% | Job Loss: -0.3713 | AMR Loss: 0.2883 | Entropy: 0.9581
Epoch [372/1000] | Sampled: 2090.12 | Baseline: 690.31 | Improvement: -1399.81 | Win Rate: 0.00% | Job Loss: -1.7349 | AMR Loss: 0.0034 | Entropy: 0.9430
Epoch [373/1000] | Sampled: 2095.06 | Baseline: 696.31 | Improvement: -1398.75 | Win Rate: 0.00% | Job Loss: -1.1533 | AMR Loss: 0.0029 | Entropy: 0.9661
Epoch [374/1000] | Sampled: 2107.56 | Baseline: 689.62 | Improvement: -1417.94 | Win Rate: 0.00% | Job Loss: -1.8905 | AMR Loss: 0.0026 | Entropy: 0.9669
Epoch [375/1000] | Sampled: 2094.38 | Baseline: 703.81 | Improvement: -1390.56 | Win Rate: 0.00% | Job Loss: -2.5519 | AMR Loss: 0.0032 | Entropy: 0.9718
Epoch [376/1000] | Sampled: 2102.94 | Baseline: 682.00 | Improvement: -1420.94 | Win Rate: 0.00% | Job Loss: -2.4327 | AMR Loss: 0.0048 | Entropy: 0.9458
Epoch [377/1000] | Sampled: 2112.38 | Baseline: 688.19 | Improvement: -1424.19 | Win Rate: 0.00% | Job Loss: -0.5604 | AMR Loss: 0.0036 | Entropy: 0.9474
Epoch [378/1000] | Sampled: 2124.44 | Baseline: 685.50 | Improvement: -1438.94 | Win Rate: 0.00% | Job Loss: -1.2114 | AMR Loss: 0.0042 | Entropy: 0.9815
Epoch [379/1000] | Sampled: 2090.06 | Baseline: 683.69 | Improvement: -1406.38 | Win Rate: 0.00% | Job Loss: -0.2605 | AMR Loss: 0.0023 | Entropy: 1.0001
Epoch [380/1000] | Sampled: 2115.06 | Baseline: 697.06 | Improvement: -1418.00 | Win Rate: 0.00% | Job Loss: -1.1940 | AMR Loss: 0.0046 | Entropy: 0.9610
Epoch [381/1000] | Sampled: 2104.69 | Baseline: 691.94 | Improvement: -1412.75 | Win Rate: 0.00% | Job Loss: -1.1781 | AMR Loss: 0.0851 | Entropy: 0.9895
Epoch [382/1000] | Sampled: 2092.19 | Baseline: 668.06 | Improvement: -1424.12 | Win Rate: 0.00% | Job Loss: -1.5714 | AMR Loss: 0.0028 | Entropy: 0.9875
Epoch [383/1000] | Sampled: 2096.00 | Baseline: 694.94 | Improvement: -1401.06 | Win Rate: 0.00% | Job Loss: -2.5623 | AMR Loss: 0.0040 | Entropy: 0.9895
Epoch [384/1000] | Sampled: 2083.50 | Baseline: 676.81 | Improvement: -1406.69 | Win Rate: 0.00% | Job Loss: -2.4706 | AMR Loss: 0.0037 | Entropy: 0.9765
Epoch [385/1000] | Sampled: 2117.44 | Baseline: 712.56 | Improvement: -1404.88 | Win Rate: 0.00% | Job Loss: -2.5201 | AMR Loss: 0.0051 | Entropy: 0.9755
Epoch [386/1000] | Sampled: 2126.19 | Baseline: 705.06 | Improvement: -1421.12 | Win Rate: 0.00% | Job Loss: -1.5402 | AMR Loss: 0.0044 | Entropy: 0.9839
Epoch [387/1000] | Sampled: 2096.69 | Baseline: 686.69 | Improvement: -1410.00 | Win Rate: 0.00% | Job Loss: -1.9122 | AMR Loss: 0.0032 | Entropy: 0.9395
Epoch [388/1000] | Sampled: 2094.19 | Baseline: 677.69 | Improvement: -1416.50 | Win Rate: 0.00% | Job Loss: 0.8600 | AMR Loss: 0.0043 | Entropy: 0.9363
Epoch [389/1000] | Sampled: 2119.25 | Baseline: 702.12 | Improvement: -1417.12 | Win Rate: 0.00% | Job Loss: -2.3905 | AMR Loss: 0.0038 | Entropy: 0.9661
Epoch [390/1000] | Sampled: 2098.88 | Baseline: 686.19 | Improvement: -1412.69 | Win Rate: 0.00% | Job Loss: -0.8950 | AMR Loss: 0.0028 | Entropy: 0.9583
Epoch [391/1000] | Sampled: 2091.00 | Baseline: 690.94 | Improvement: -1400.06 | Win Rate: 0.00% | Job Loss: -1.1921 | AMR Loss: 0.0038 | Entropy: 0.9627
Epoch [392/1000] | Sampled: 2131.81 | Baseline: 706.25 | Improvement: -1425.56 | Win Rate: 0.00% | Job Loss: -1.8279 | AMR Loss: 0.0053 | Entropy: 0.9673
Epoch [393/1000] | Sampled: 2089.25 | Baseline: 685.06 | Improvement: -1404.19 | Win Rate: 0.00% | Job Loss: -0.2337 | AMR Loss: 0.0041 | Entropy: 0.9312
Epoch [394/1000] | Sampled: 2117.31 | Baseline: 697.44 | Improvement: -1419.88 | Win Rate: 0.00% | Job Loss: 1.1709 | AMR Loss: 0.0045 | Entropy: 0.9536
Epoch [395/1000] | Sampled: 2091.12 | Baseline: 694.62 | Improvement: -1396.50 | Win Rate: 0.00% | Job Loss: -0.3185 | AMR Loss: 0.0050 | Entropy: 0.9744
Epoch [396/1000] | Sampled: 2110.56 | Baseline: 703.88 | Improvement: -1406.69 | Win Rate: 0.00% | Job Loss: -2.7572 | AMR Loss: 0.0042 | Entropy: 0.9698
Epoch [397/1000] | Sampled: 2090.75 | Baseline: 683.69 | Improvement: -1407.06 | Win Rate: 0.00% | Job Loss: -2.6373 | AMR Loss: 0.0021 | Entropy: 0.9747
Epoch [398/1000] | Sampled: 2077.19 | Baseline: 675.75 | Improvement: -1401.44 | Win Rate: 0.00% | Job Loss: -0.7962 | AMR Loss: 0.0033 | Entropy: 0.9581
Epoch [399/1000] | Sampled: 2108.06 | Baseline: 694.75 | Improvement: -1413.31 | Win Rate: 0.00% | Job Loss: 1.5229 | AMR Loss: 0.0031 | Entropy: 0.9579
Epoch [400/1000] | Sampled: 2102.94 | Baseline: 688.94 | Improvement: -1414.00 | Win Rate: 0.00% | Job Loss: -1.2239 | AMR Loss: 0.0042 | Entropy: 0.9641
   -> Saved updated training chart to /home/wei/AMR-DFJSP/Static_alogorithm/GNN/gnn_precise_training_metrics.png
Epoch [401/1000] | Sampled: 2111.12 | Baseline: 691.50 | Improvement: -1419.62 | Win Rate: 0.00% | Job Loss: -2.7331 | AMR Loss: 0.0033 | Entropy: 0.9811
Epoch [402/1000] | Sampled: 2099.50 | Baseline: 682.00 | Improvement: -1417.50 | Win Rate: 0.00% | Job Loss: 1.5159 | AMR Loss: 0.0032 | Entropy: 0.9483
Epoch [403/1000] | Sampled: 2107.12 | Baseline: 697.12 | Improvement: -1410.00 | Win Rate: 0.00% | Job Loss: -1.5607 | AMR Loss: 0.0037 | Entropy: 0.9646
Traceback (most recent call last):
  File "/home/wei/AMR-DFJSP/Static_alogorithm/GNN/train_gnn_precise.py", line 662, in <module>
    train(build_parser().parse_args())
  File "/home/wei/AMR-DFJSP/Static_alogorithm/GNN/train_gnn_precise.py", line 631, in train
    train_reinforce(args)
  File "/home/wei/AMR-DFJSP/Static_alogorithm/GNN/train_gnn_precise.py", line 417, in train_reinforce
