Training on: cuda
Loaded 1000 dispatch events from /home/wei/AMR-DFJSP/test_case/static/dispatch_inbox_60.jsonl
Loaded 50 dispatch events from /home/wei/AMR-DFJSP/test_case/static/dispatch_validation_60.jsonl
Loaded 50 validation event(s).
Starting Attention REINFORCE training with dispatch baseline 'earliest_completion_job+earliest_completion' (stepwise).
Epoch [1/1000] | Sampled: 801.00 | Baseline: 573.50 | Improvement: -227.50 | Win Rate: 0.00% | Actor Loss: 1.8255 | Entropy: 4.0678 | Invalid S/B: 0.44/0.00 | Max Load: 14.7 | Load Gap: 5.0
   -> Validation | Samples: 50 | Makespan: 1500.20 | Invalid Jobs: 0.00
   -> Saved new best model (Val Makespan: 1500.20)
   -> Saved updated training chart to /home/wei/AMR-DFJSP/Static_alogorithm/Attention/attention_training_metrics.png
Epoch [2/1000] | Sampled: 835.62 | Baseline: 581.62 | Improvement: -254.00 | Win Rate: 0.00% | Actor Loss: -1.9050 | Entropy: 3.9368 | Invalid S/B: 0.12/0.00 | Max Load: 14.4 | Load Gap: 4.5
Epoch [3/1000] | Sampled: 888.69 | Baseline: 584.19 | Improvement: -304.50 | Win Rate: 0.00% | Actor Loss: -1.9858 | Entropy: 3.8227 | Invalid S/B: 0.44/0.00 | Max Load: 14.4 | Load Gap: 4.8
Epoch [4/1000] | Sampled: 878.00 | Baseline: 584.00 | Improvement: -294.00 | Win Rate: 0.00% | Actor Loss: -3.8351 | Entropy: 3.7321 | Invalid S/B: 0.56/0.00 | Max Load: 14.8 | Load Gap: 4.8
Epoch [5/1000] | Sampled: 893.69 | Baseline: 574.56 | Improvement: -319.12 | Win Rate: 0.00% | Actor Loss: 1.1846 | Entropy: 3.6475 | Invalid S/B: 0.31/0.00 | Max Load: 14.2 | Load Gap: 4.4
Epoch [6/1000] | Sampled: 885.12 | Baseline: 574.06 | Improvement: -311.06 | Win Rate: 0.00% | Actor Loss: 1.1221 | Entropy: 3.6030 | Invalid S/B: 1.06/0.00 | Max Load: 13.9 | Load Gap: 3.9
Epoch [7/1000] | Sampled: 886.88 | Baseline: 577.38 | Improvement: -309.50 | Win Rate: 0.00% | Actor Loss: -4.6351 | Entropy: 3.5877 | Invalid S/B: 0.38/0.00 | Max Load: 14.4 | Load Gap: 4.4
Epoch [8/1000] | Sampled: 850.06 | Baseline: 578.75 | Improvement: -271.31 | Win Rate: 0.00% | Actor Loss: -0.1576 | Entropy: 3.5155 | Invalid S/B: 0.44/0.00 | Max Load: 13.8 | Load Gap: 3.5
Epoch [9/1000] | Sampled: 891.56 | Baseline: 576.75 | Improvement: -314.81 | Win Rate: 0.00% | Actor Loss: 0.0163 | Entropy: 3.4806 | Invalid S/B: 0.88/0.00 | Max Load: 14.4 | Load Gap: 4.2
Epoch [10/1000] | Sampled: 834.44 | Baseline: 571.69 | Improvement: -262.75 | Win Rate: 0.00% | Actor Loss: -0.0070 | Entropy: 3.4517 | Invalid S/B: 0.31/0.00 | Max Load: 13.9 | Load Gap: 3.6
Epoch [11/1000] | Sampled: 870.75 | Baseline: 585.25 | Improvement: -285.50 | Win Rate: 0.00% | Actor Loss: -6.4227 | Entropy: 3.4189 | Invalid S/B: 0.75/0.00 | Max Load: 13.8 | Load Gap: 3.2
Epoch [12/1000] | Sampled: 867.81 | Baseline: 578.75 | Improvement: -289.06 | Win Rate: 0.00% | Actor Loss: -1.1419 | Entropy: 3.4050 | Invalid S/B: 0.62/0.00 | Max Load: 13.6 | Load Gap: 3.3
Epoch [13/1000] | Sampled: 882.00 | Baseline: 579.06 | Improvement: -302.94 | Win Rate: 0.00% | Actor Loss: -0.1251 | Entropy: 3.3760 | Invalid S/B: 0.50/0.00 | Max Load: 13.6 | Load Gap: 3.2
Epoch [14/1000] | Sampled: 850.12 | Baseline: 573.31 | Improvement: -276.81 | Win Rate: 0.00% | Actor Loss: -5.2800 | Entropy: 3.3517 | Invalid S/B: 0.25/0.00 | Max Load: 13.8 | Load Gap: 3.3
Epoch [15/1000] | Sampled: 856.69 | Baseline: 579.81 | Improvement: -276.88 | Win Rate: 0.00% | Actor Loss: -8.5713 | Entropy: 3.3154 | Invalid S/B: 0.19/0.00 | Max Load: 13.4 | Load Gap: 3.1
Traceback (most recent call last):
  File "/home/wei/AMR-DFJSP/Static_alogorithm/Attention/train.py", line 700, in <module>
