Training on: cuda
Loaded 100 dispatch events from /home/wei/AMR-DFJSP/test_case/static/dispatch_inbox_60.jsonl
Starting Attention Precise REINFORCE training with dispatch baseline 'earliest_completion_job+earliest_completion' (stepwise).
Epoch [1/1000] | Sampled: 902.81 | Baseline: 691.31 | Improvement: -211.50 | Win Rate: 0.00% | Actor Loss: -0.5778 | Entropy: nan
   -> Saved new best model (Makespan: 902.81)
   -> Saved updated training chart to /home/wei/AMR-DFJSP/Static_alogorithm/Attention/attention_precise_training_metrics.png
Traceback (most recent call last):
  File "/home/wei/AMR-DFJSP/Static_alogorithm/Attention/train_precise.py", line 574, in <module>
    train(build_parser().parse_args())
  File "/home/wei/AMR-DFJSP/Static_alogorithm/Attention/train_precise.py", line 544, in train
    train_reinforce(args)
  File "/home/wei/AMR-DFJSP/Static_alogorithm/Attention/train_precise.py", line 355, in train_reinforce
    individual, _, _ = solve_with_attention(jobs, attention_model, deterministic=False)
  File "/home/wei/AMR-DFJSP/Static_alogorithm/Attention/Attention_precise.py", line 367, in solve_with_attention
    dist = torch.distributions.Categorical(probs)
  File "/opt/conda/envs/DFJSSP/lib/python3.10/site-packages/torch/distributions/categorical.py", line 85, in __init__
    super().__init__(batch_shape, validate_args=validate_args)
  File "/opt/conda/envs/DFJSSP/lib/python3.10/site-packages/torch/distributions/distribution.py", line 77, in __init__
    raise ValueError(
ValueError: Expected parameter probs (Tensor of shape (180,)) of distribution Categorical(probs: torch.Size([180])) to satisfy the constraint Simplex(), but found invalid values:
tensor([nan, nan, nan, nan, nan, nan, nan, nan, nan, nan, nan, nan, nan, nan, nan, nan, nan, nan, nan, nan, nan, nan, nan, nan,
        nan, nan, nan, nan, nan, nan, nan, nan, nan, nan, nan, nan, nan, nan, nan, nan, nan, nan, nan, nan, nan, nan, nan, nan,
        nan, nan, nan, nan, nan, nan, nan, nan, nan, nan, nan, nan, nan, nan, nan, nan, nan, nan, nan, nan, nan, nan, nan, nan,
        nan, nan, nan, nan, nan, nan, nan, nan, nan, nan, nan, nan, nan, nan, nan, nan, nan, nan, nan, nan, nan, nan, nan, nan,
        nan, nan, nan, nan, nan, nan, nan, nan, nan, nan, nan, nan, nan, nan, nan, nan, nan, nan, nan, nan, nan, nan, nan, nan,
        nan, nan, nan, nan, nan, nan, nan, nan, nan, nan, nan, nan, nan, nan, nan, nan, nan, nan, nan, nan, nan, nan, nan, nan,
        nan, nan, nan, nan, nan, nan, nan, nan, nan, nan, nan, nan, nan, nan, nan, nan, nan, nan, nan, nan, nan, nan, nan, nan,
        nan, nan, nan, nan, nan, nan, nan, nan, nan, nan, nan, nan],
       device='cuda:0', grad_fn=<DivBackward0>)
