Training on: cuda
Loaded 100 dispatch events from /home/wei/AMR-DFJSP/test_case/static/dispatch_inbox_60.jsonl
Starting GNN Precise REINFORCE training with dispatch baseline 'earliest_completion_job+earliest_completion' (stepwise).
Epoch [1/1000] | Sampled: 873.06 | Baseline: 696.38 | Improvement: -176.69 | Win Rate: 0.00% | Job Loss: 0.2344 | AMR Loss: 0.0049 | Entropy: nan
   -> Saved new best model (Makespan: 873.06)
   -> Saved updated training chart to /home/wei/AMR-DFJSP/Static_alogorithm/GNN/gnn_precise_training_metrics.png
Traceback (most recent call last):
  File "/home/wei/AMR-DFJSP/Static_alogorithm/GNN/train_gnn_precise.py", line 643, in <module>
    train(build_parser().parse_args())
  File "/home/wei/AMR-DFJSP/Static_alogorithm/GNN/train_gnn_precise.py", line 612, in train
    train_reinforce(args)
  File "/home/wei/AMR-DFJSP/Static_alogorithm/GNN/train_gnn_precise.py", line 398, in train_reinforce
    individual, _, _ = solve_with_gnn(jobs, gnn_model, deterministic=False)
  File "/home/wei/AMR-DFJSP/Static_alogorithm/GNN/GNN_precise.py", line 408, in solve_with_gnn
    job_dist = torch.distributions.Categorical(job_probs)
  File "/opt/conda/envs/DFJSSP/lib/python3.10/site-packages/torch/distributions/categorical.py", line 85, in __init__
    super().__init__(batch_shape, validate_args=validate_args)
  File "/opt/conda/envs/DFJSSP/lib/python3.10/site-packages/torch/distributions/distribution.py", line 77, in __init__
    raise ValueError(
ValueError: Expected parameter probs (Tensor of shape (60,)) of distribution Categorical(probs: torch.Size([60])) to satisfy the constraint Simplex(), but found invalid values:
tensor([nan, nan, nan, nan, nan, nan, nan, nan, nan, nan, nan, nan, nan, nan, nan, nan, nan, nan, nan, nan, nan, nan, nan, nan,
        nan, nan, nan, nan, nan, nan, nan, nan, nan, nan, nan, nan, nan, nan, nan, nan, nan, nan, nan, nan, nan, nan, nan, nan,
        nan, nan, nan, nan, nan, nan, nan, nan, nan, nan, nan, nan],
       device='cuda:0', grad_fn=<DivBackward0>)
