Training on: cuda
Loaded 100 dispatch events from /home/wei/AMR-DFJSP/test_case/static/dispatch_inbox_60.jsonl
Starting GNN REINFORCE training with dispatch baseline 'earliest_completion_job+earliest_completion' (stepwise).
Epoch [1/1000] | Sampled: 878.25 | Baseline: 691.69 | Improvement: -186.56 | Win Rate: 0.00% | Job Loss: 2.3169 | AMR Loss: -0.0605 | Entropy: 4.2396
   -> Saved new best model (Makespan: 878.25)
   -> Saved updated training chart to /home/wei/AMR-DFJSP/Static_alogorithm/GNN/gnn_training_metrics.png
Epoch [2/1000] | Sampled: 962.19 | Baseline: 694.62 | Improvement: -267.56 | Win Rate: 0.00% | Job Loss: 1.6539 | AMR Loss: 0.1351 | Entropy: 4.2239
Epoch [3/1000] | Sampled: 824.69 | Baseline: 683.50 | Improvement: -141.19 | Win Rate: 0.00% | Job Loss: -1.7091 | AMR Loss: 0.0154 | Entropy: 4.1920
   -> Saved new best model (Makespan: 824.69)
Epoch [4/1000] | Sampled: 896.56 | Baseline: 722.50 | Improvement: -174.06 | Win Rate: 0.00% | Job Loss: 3.4521 | AMR Loss: 0.0777 | Entropy: 4.2078
Epoch [5/1000] | Sampled: 868.38 | Baseline: 701.81 | Improvement: -166.56 | Win Rate: 0.00% | Job Loss: -0.7414 | AMR Loss: -0.2284 | Entropy: 4.2035
Epoch [6/1000] | Sampled: 915.81 | Baseline: 670.69 | Improvement: -245.12 | Win Rate: 0.00% | Job Loss: -1.5608 | AMR Loss: -0.3640 | Entropy: 4.1862
Epoch [7/1000] | Sampled: 959.19 | Baseline: 688.69 | Improvement: -270.50 | Win Rate: 0.00% | Job Loss: -0.7324 | AMR Loss: -1.0154 | Entropy: 4.1364
Epoch [8/1000] | Sampled: 1090.88 | Baseline: 692.12 | Improvement: -398.75 | Win Rate: 0.00% | Job Loss: 4.4699 | AMR Loss: -0.0466 | Entropy: 4.0005
Epoch [9/1000] | Sampled: 1255.94 | Baseline: 684.81 | Improvement: -571.12 | Win Rate: 0.00% | Job Loss: 4.1362 | AMR Loss: 3.4072 | Entropy: 3.8190
Epoch [10/1000] | Sampled: 1384.50 | Baseline: 694.62 | Improvement: -689.88 | Win Rate: 0.00% | Job Loss: 7.4551 | AMR Loss: 5.3678 | Entropy: 3.8017
Epoch [11/1000] | Sampled: 1534.88 | Baseline: 694.50 | Improvement: -840.38 | Win Rate: 0.00% | Job Loss: 6.5080 | AMR Loss: 6.8575 | Entropy: 3.6909
Epoch [12/1000] | Sampled: 1311.56 | Baseline: 696.44 | Improvement: -615.12 | Win Rate: 0.00% | Job Loss: 4.6803 | AMR Loss: 5.0923 | Entropy: 3.7949
Epoch [13/1000] | Sampled: 1264.31 | Baseline: 693.50 | Improvement: -570.81 | Win Rate: 0.00% | Job Loss: 1.8801 | AMR Loss: 3.2347 | Entropy: 3.8219
Epoch [14/1000] | Sampled: 1159.31 | Baseline: 686.81 | Improvement: -472.50 | Win Rate: 0.00% | Job Loss: 1.3493 | AMR Loss: 1.7599 | Entropy: 3.8380
Epoch [15/1000] | Sampled: 1125.12 | Baseline: 696.62 | Improvement: -428.50 | Win Rate: 0.00% | Job Loss: 0.2768 | AMR Loss: -1.5258 | Entropy: 3.7982
Epoch [16/1000] | Sampled: 1219.75 | Baseline: 683.69 | Improvement: -536.06 | Win Rate: 0.00% | Job Loss: 3.9388 | AMR Loss: 2.0072 | Entropy: 3.6815
Epoch [17/1000] | Sampled: 1268.38 | Baseline: 706.88 | Improvement: -561.50 | Win Rate: 0.00% | Job Loss: 1.1306 | AMR Loss: 2.4738 | Entropy: 3.5277
Epoch [18/1000] | Sampled: 1157.06 | Baseline: 682.56 | Improvement: -474.50 | Win Rate: 0.00% | Job Loss: -0.8055 | AMR Loss: 0.0857 | Entropy: 3.3867
Epoch [19/1000] | Sampled: 1140.25 | Baseline: 682.56 | Improvement: -457.69 | Win Rate: 0.00% | Job Loss: -0.6516 | AMR Loss: -2.7412 | Entropy: 3.1992
Epoch [20/1000] | Sampled: 1395.50 | Baseline: 688.25 | Improvement: -707.25 | Win Rate: 0.00% | Job Loss: 3.5608 | AMR Loss: 2.5331 | Entropy: 2.7594
Epoch [21/1000] | Sampled: 1285.00 | Baseline: 685.56 | Improvement: -599.44 | Win Rate: 0.00% | Job Loss: 6.8965 | AMR Loss: 1.0416 | Entropy: 2.8051
Epoch [22/1000] | Sampled: 1371.19 | Baseline: 684.00 | Improvement: -687.19 | Win Rate: 0.00% | Job Loss: 5.0242 | AMR Loss: -0.0641 | Entropy: 2.6821
Epoch [23/1000] | Sampled: 1410.00 | Baseline: 686.44 | Improvement: -723.56 | Win Rate: 0.00% | Job Loss: 6.5741 | AMR Loss: 5.4194 | Entropy: 2.7669
Epoch [24/1000] | Sampled: 1303.44 | Baseline: 705.44 | Improvement: -598.00 | Win Rate: 0.00% | Job Loss: 7.5663 | AMR Loss: 1.8023 | Entropy: 3.0028
Epoch [25/1000] | Sampled: 1346.94 | Baseline: 701.06 | Improvement: -645.88 | Win Rate: 0.00% | Job Loss: -0.9992 | AMR Loss: -1.1704 | Entropy: 2.8834
Epoch [26/1000] | Sampled: 1317.31 | Baseline: 690.81 | Improvement: -626.50 | Win Rate: 0.00% | Job Loss: 5.1646 | AMR Loss: -0.8494 | Entropy: 2.8762
Epoch [27/1000] | Sampled: 1396.88 | Baseline: 708.50 | Improvement: -688.38 | Win Rate: 0.00% | Job Loss: 5.5893 | AMR Loss: 3.1561 | Entropy: 2.7814
Epoch [28/1000] | Sampled: 1380.81 | Baseline: 701.12 | Improvement: -679.69 | Win Rate: 0.00% | Job Loss: 0.1891 | AMR Loss: 0.6027 | Entropy: 2.7879
Epoch [29/1000] | Sampled: 1450.12 | Baseline: 685.38 | Improvement: -764.75 | Win Rate: 0.00% | Job Loss: 0.8145 | AMR Loss: -0.1678 | Entropy: 2.6129
Epoch [30/1000] | Sampled: 1672.00 | Baseline: 699.56 | Improvement: -972.44 | Win Rate: 0.00% | Job Loss: 3.1328 | AMR Loss: 4.3875 | Entropy: 2.2989
Epoch [31/1000] | Sampled: 1600.12 | Baseline: 687.44 | Improvement: -912.69 | Win Rate: 0.00% | Job Loss: 0.3316 | AMR Loss: 4.7092 | Entropy: 2.2319
Epoch [32/1000] | Sampled: 1729.44 | Baseline: 687.56 | Improvement: -1041.88 | Win Rate: 0.00% | Job Loss: 1.0231 | AMR Loss: 2.9550 | Entropy: 2.0602
Epoch [33/1000] | Sampled: 1868.31 | Baseline: 693.69 | Improvement: -1174.62 | Win Rate: 0.00% | Job Loss: -3.4789 | AMR Loss: 2.5182 | Entropy: 1.9383
Epoch [34/1000] | Sampled: 1813.00 | Baseline: 680.31 | Improvement: -1132.69 | Win Rate: 0.00% | Job Loss: -2.8547 | AMR Loss: 3.1622 | Entropy: 2.0510
Epoch [35/1000] | Sampled: 1877.81 | Baseline: 689.75 | Improvement: -1188.06 | Win Rate: 0.00% | Job Loss: 1.3675 | AMR Loss: 5.0324 | Entropy: 2.0518
Epoch [36/1000] | Sampled: 1819.94 | Baseline: 694.56 | Improvement: -1125.38 | Win Rate: 0.00% | Job Loss: -0.2690 | AMR Loss: 3.6039 | Entropy: 2.1291
Epoch [37/1000] | Sampled: 1716.31 | Baseline: 708.06 | Improvement: -1008.25 | Win Rate: 0.00% | Job Loss: 6.0924 | AMR Loss: 1.9009 | Entropy: 2.2600
Epoch [38/1000] | Sampled: 1618.19 | Baseline: 687.44 | Improvement: -930.75 | Win Rate: 0.00% | Job Loss: 8.4953 | AMR Loss: 4.5646 | Entropy: 2.4062
Epoch [39/1000] | Sampled: 1463.06 | Baseline: 684.81 | Improvement: -778.25 | Win Rate: 0.00% | Job Loss: 7.6711 | AMR Loss: 2.4490 | Entropy: 2.5623
Epoch [40/1000] | Sampled: 1414.06 | Baseline: 688.44 | Improvement: -725.62 | Win Rate: 0.00% | Job Loss: 17.4104 | AMR Loss: 5.8562 | Entropy: 2.7050
Epoch [41/1000] | Sampled: 1301.44 | Baseline: 689.38 | Improvement: -612.06 | Win Rate: 0.00% | Job Loss: 15.0945 | AMR Loss: 3.8188 | Entropy: 2.9074
Epoch [42/1000] | Sampled: 1188.56 | Baseline: 689.69 | Improvement: -498.88 | Win Rate: 0.00% | Job Loss: 11.1414 | AMR Loss: 2.8034 | Entropy: 3.2042
Epoch [43/1000] | Sampled: 1048.81 | Baseline: 680.50 | Improvement: -368.31 | Win Rate: 0.00% | Job Loss: 8.2065 | AMR Loss: 2.5599 | Entropy: 3.4756
Epoch [44/1000] | Sampled: 923.00 | Baseline: 697.56 | Improvement: -225.44 | Win Rate: 0.00% | Job Loss: 5.2362 | AMR Loss: 2.4702 | Entropy: 3.7963
Epoch [45/1000] | Sampled: 828.62 | Baseline: 694.75 | Improvement: -133.88 | Win Rate: 6.25% | Job Loss: -2.4269 | AMR Loss: 0.1602 | Entropy: 4.0400
Epoch [46/1000] | Sampled: 854.94 | Baseline: 686.31 | Improvement: -168.62 | Win Rate: 0.00% | Job Loss: -0.7506 | AMR Loss: 0.5966 | Entropy: 4.0134
Epoch [47/1000] | Sampled: 823.06 | Baseline: 695.25 | Improvement: -127.81 | Win Rate: 6.25% | Job Loss: 0.3264 | AMR Loss: 0.1086 | Entropy: 4.0202
   -> Saved new best model (Makespan: 823.06)
Epoch [48/1000] | Sampled: 823.38 | Baseline: 676.62 | Improvement: -146.75 | Win Rate: 0.00% | Job Loss: 3.9140 | AMR Loss: 0.2441 | Entropy: 4.0225
Epoch [49/1000] | Sampled: 815.69 | Baseline: 718.81 | Improvement: -96.88 | Win Rate: 6.25% | Job Loss: 3.8737 | AMR Loss: -0.8104 | Entropy: 3.9410
   -> Saved new best model (Makespan: 815.69)
Epoch [50/1000] | Sampled: 829.94 | Baseline: 709.06 | Improvement: -120.88 | Win Rate: 0.00% | Job Loss: -2.0919 | AMR Loss: -0.8660 | Entropy: 3.8707
Epoch [51/1000] | Sampled: 810.62 | Baseline: 693.44 | Improvement: -117.19 | Win Rate: 0.00% | Job Loss: 3.2529 | AMR Loss: -0.6982 | Entropy: 3.9713
   -> Saved new best model (Makespan: 810.62)
Epoch [52/1000] | Sampled: 809.38 | Baseline: 686.94 | Improvement: -122.44 | Win Rate: 0.00% | Job Loss: -1.8136 | AMR Loss: 0.3886 | Entropy: 4.0777
   -> Saved new best model (Makespan: 809.38)
Epoch [53/1000] | Sampled: 807.56 | Baseline: 691.81 | Improvement: -115.75 | Win Rate: 0.00% | Job Loss: -0.1730 | AMR Loss: -0.1922 | Entropy: 4.1235
   -> Saved new best model (Makespan: 807.56)
Epoch [54/1000] | Sampled: 798.81 | Baseline: 683.94 | Improvement: -114.88 | Win Rate: 0.00% | Job Loss: -0.6719 | AMR Loss: -0.0601 | Entropy: 4.1052
   -> Saved new best model (Makespan: 798.81)
Epoch [55/1000] | Sampled: 822.06 | Baseline: 669.56 | Improvement: -152.50 | Win Rate: 0.00% | Job Loss: 0.7001 | AMR Loss: 0.4390 | Entropy: 4.1497
Epoch [56/1000] | Sampled: 794.88 | Baseline: 687.62 | Improvement: -107.25 | Win Rate: 0.00% | Job Loss: -0.0311 | AMR Loss: -0.7391 | Entropy: 4.1676
   -> Saved new best model (Makespan: 794.88)
Epoch [57/1000] | Sampled: 805.44 | Baseline: 697.12 | Improvement: -108.31 | Win Rate: 0.00% | Job Loss: -0.9251 | AMR Loss: 0.0074 | Entropy: 4.1697
Epoch [58/1000] | Sampled: 807.94 | Baseline: 703.12 | Improvement: -104.81 | Win Rate: 0.00% | Job Loss: -0.3647 | AMR Loss: -0.6701 | Entropy: 4.1762
Epoch [59/1000] | Sampled: 813.81 | Baseline: 700.62 | Improvement: -113.19 | Win Rate: 0.00% | Job Loss: 1.2822 | AMR Loss: 0.0965 | Entropy: 4.1612
Epoch [60/1000] | Sampled: 803.19 | Baseline: 674.81 | Improvement: -128.38 | Win Rate: 0.00% | Job Loss: -0.0789 | AMR Loss: -0.9558 | Entropy: 4.1435
Epoch [61/1000] | Sampled: 797.69 | Baseline: 681.38 | Improvement: -116.31 | Win Rate: 0.00% | Job Loss: 0.2518 | AMR Loss: 0.1191 | Entropy: 4.1340
Epoch [62/1000] | Sampled: 807.25 | Baseline: 699.94 | Improvement: -107.31 | Win Rate: 0.00% | Job Loss: -0.1252 | AMR Loss: -0.8237 | Entropy: 4.1141
Epoch [63/1000] | Sampled: 802.06 | Baseline: 684.75 | Improvement: -117.31 | Win Rate: 0.00% | Job Loss: -0.2413 | AMR Loss: 0.5402 | Entropy: 4.1092
Epoch [64/1000] | Sampled: 795.44 | Baseline: 687.31 | Improvement: -108.12 | Win Rate: 0.00% | Job Loss: -1.0467 | AMR Loss: -0.0897 | Entropy: 4.0790
Epoch [65/1000] | Sampled: 813.19 | Baseline: 697.38 | Improvement: -115.81 | Win Rate: 0.00% | Job Loss: 0.4823 | AMR Loss: -1.0190 | Entropy: 4.0680
Epoch [66/1000] | Sampled: 794.94 | Baseline: 690.94 | Improvement: -104.00 | Win Rate: 0.00% | Job Loss: 1.4408 | AMR Loss: 0.1865 | Entropy: 4.0470
Epoch [67/1000] | Sampled: 798.38 | Baseline: 685.19 | Improvement: -113.19 | Win Rate: 0.00% | Job Loss: 1.2874 | AMR Loss: -0.9579 | Entropy: 4.0357
Epoch [68/1000] | Sampled: 779.31 | Baseline: 687.81 | Improvement: -91.50 | Win Rate: 0.00% | Job Loss: 0.3359 | AMR Loss: 1.6429 | Entropy: 4.0354
   -> Saved new best model (Makespan: 779.31)
Epoch [69/1000] | Sampled: 793.88 | Baseline: 700.00 | Improvement: -93.88 | Win Rate: 6.25% | Job Loss: -0.4717 | AMR Loss: -0.3334 | Entropy: 4.0465
Epoch [70/1000] | Sampled: 791.38 | Baseline: 691.38 | Improvement: -100.00 | Win Rate: 0.00% | Job Loss: 0.1499 | AMR Loss: -0.4622 | Entropy: 4.0551
Epoch [71/1000] | Sampled: 789.81 | Baseline: 697.81 | Improvement: -92.00 | Win Rate: 6.25% | Job Loss: -0.9619 | AMR Loss: 1.1668 | Entropy: 4.0708
Epoch [72/1000] | Sampled: 793.62 | Baseline: 702.94 | Improvement: -90.69 | Win Rate: 12.50% | Job Loss: -0.6069 | AMR Loss: -1.5377 | Entropy: 4.0773
Epoch [73/1000] | Sampled: 780.25 | Baseline: 697.50 | Improvement: -82.75 | Win Rate: 0.00% | Job Loss: -0.1109 | AMR Loss: -0.1778 | Entropy: 4.0772
Epoch [74/1000] | Sampled: 789.75 | Baseline: 671.56 | Improvement: -118.19 | Win Rate: 0.00% | Job Loss: -1.8141 | AMR Loss: -1.2707 | Entropy: 4.0789
Epoch [75/1000] | Sampled: 788.38 | Baseline: 674.19 | Improvement: -114.19 | Win Rate: 0.00% | Job Loss: -4.0216 | AMR Loss: -0.3580 | Entropy: 4.0698
Epoch [76/1000] | Sampled: 783.44 | Baseline: 679.75 | Improvement: -103.69 | Win Rate: 0.00% | Job Loss: 0.4276 | AMR Loss: -0.1540 | Entropy: 4.0691
Epoch [77/1000] | Sampled: 789.50 | Baseline: 685.88 | Improvement: -103.62 | Win Rate: 6.25% | Job Loss: -4.8802 | AMR Loss: 0.0128 | Entropy: 4.0577
Epoch [78/1000] | Sampled: 790.19 | Baseline: 699.00 | Improvement: -91.19 | Win Rate: 6.25% | Job Loss: 1.9221 | AMR Loss: -0.1083 | Entropy: 4.0556
Epoch [79/1000] | Sampled: 787.12 | Baseline: 685.25 | Improvement: -101.88 | Win Rate: 6.25% | Job Loss: -0.1584 | AMR Loss: -1.4151 | Entropy: 4.0450
Epoch [80/1000] | Sampled: 783.62 | Baseline: 706.81 | Improvement: -76.81 | Win Rate: 6.25% | Job Loss: -1.5603 | AMR Loss: 0.5108 | Entropy: 4.0380
Epoch [81/1000] | Sampled: 792.38 | Baseline: 692.81 | Improvement: -99.56 | Win Rate: 0.00% | Job Loss: 2.5642 | AMR Loss: -0.4464 | Entropy: 4.0497
Epoch [82/1000] | Sampled: 774.81 | Baseline: 685.81 | Improvement: -89.00 | Win Rate: 0.00% | Job Loss: -2.1408 | AMR Loss: -1.2579 | Entropy: 4.0411
   -> Saved new best model (Makespan: 774.81)
Epoch [83/1000] | Sampled: 784.81 | Baseline: 688.38 | Improvement: -96.44 | Win Rate: 0.00% | Job Loss: 0.9556 | AMR Loss: 0.4446 | Entropy: 4.0375
Epoch [84/1000] | Sampled: 767.56 | Baseline: 698.56 | Improvement: -69.00 | Win Rate: 0.00% | Job Loss: -1.2762 | AMR Loss: -0.4709 | Entropy: 4.0259
   -> Saved new best model (Makespan: 767.56)
Epoch [85/1000] | Sampled: 769.19 | Baseline: 668.50 | Improvement: -100.69 | Win Rate: 0.00% | Job Loss: 1.4639 | AMR Loss: -1.0236 | Entropy: 4.0202
Epoch [86/1000] | Sampled: 774.00 | Baseline: 685.56 | Improvement: -88.44 | Win Rate: 0.00% | Job Loss: 0.1621 | AMR Loss: -1.5721 | Entropy: 4.0229
Epoch [87/1000] | Sampled: 792.81 | Baseline: 691.50 | Improvement: -101.31 | Win Rate: 0.00% | Job Loss: 0.2305 | AMR Loss: 0.4580 | Entropy: 4.0058
Epoch [88/1000] | Sampled: 806.88 | Baseline: 701.56 | Improvement: -105.31 | Win Rate: 0.00% | Job Loss: 3.7463 | AMR Loss: -0.6653 | Entropy: 3.9782
Epoch [89/1000] | Sampled: 770.88 | Baseline: 693.81 | Improvement: -77.06 | Win Rate: 6.25% | Job Loss: 1.1979 | AMR Loss: 0.5654 | Entropy: 3.9775
Epoch [90/1000] | Sampled: 798.69 | Baseline: 692.62 | Improvement: -106.06 | Win Rate: 0.00% | Job Loss: 0.0454 | AMR Loss: -0.6089 | Entropy: 3.9747
Epoch [91/1000] | Sampled: 774.88 | Baseline: 687.94 | Improvement: -86.94 | Win Rate: 0.00% | Job Loss: -1.9176 | AMR Loss: -0.7939 | Entropy: 3.9757
Epoch [92/1000] | Sampled: 780.25 | Baseline: 693.75 | Improvement: -86.50 | Win Rate: 0.00% | Job Loss: -1.3667 | AMR Loss: 0.1081 | Entropy: 3.9554
Epoch [93/1000] | Sampled: 763.44 | Baseline: 691.25 | Improvement: -72.19 | Win Rate: 0.00% | Job Loss: -1.7963 | AMR Loss: 0.4669 | Entropy: 3.9527
   -> Saved new best model (Makespan: 763.44)
Epoch [94/1000] | Sampled: 773.62 | Baseline: 679.62 | Improvement: -94.00 | Win Rate: 6.25% | Job Loss: -0.0039 | AMR Loss: 2.3462 | Entropy: 3.9546
Epoch [95/1000] | Sampled: 764.12 | Baseline: 675.94 | Improvement: -88.19 | Win Rate: 0.00% | Job Loss: -2.4060 | AMR Loss: 1.0059 | Entropy: 3.9584
Epoch [96/1000] | Sampled: 767.44 | Baseline: 674.19 | Improvement: -93.25 | Win Rate: 0.00% | Job Loss: -1.1067 | AMR Loss: 1.5125 | Entropy: 3.9614
Epoch [97/1000] | Sampled: 769.88 | Baseline: 684.12 | Improvement: -85.75 | Win Rate: 0.00% | Job Loss: -1.6642 | AMR Loss: 1.4564 | Entropy: 3.9520
Epoch [98/1000] | Sampled: 785.25 | Baseline: 699.06 | Improvement: -86.19 | Win Rate: 0.00% | Job Loss: 0.3499 | AMR Loss: -0.1015 | Entropy: 3.9658
Epoch [99/1000] | Sampled: 781.19 | Baseline: 690.56 | Improvement: -90.62 | Win Rate: 0.00% | Job Loss: -0.4512 | AMR Loss: 0.7433 | Entropy: 3.9729
Epoch [100/1000] | Sampled: 779.00 | Baseline: 691.88 | Improvement: -87.12 | Win Rate: 6.25% | Job Loss: -1.6333 | AMR Loss: 0.1155 | Entropy: 3.9790
   -> Saved updated training chart to /home/wei/AMR-DFJSP/Static_alogorithm/GNN/gnn_training_metrics.png
Epoch [101/1000] | Sampled: 781.44 | Baseline: 692.62 | Improvement: -88.81 | Win Rate: 6.25% | Job Loss: -0.4220 | AMR Loss: -1.0095 | Entropy: 3.9909
Epoch [102/1000] | Sampled: 782.50 | Baseline: 699.81 | Improvement: -82.69 | Win Rate: 0.00% | Job Loss: 0.3684 | AMR Loss: -1.1700 | Entropy: 3.9821
Epoch [103/1000] | Sampled: 773.94 | Baseline: 679.69 | Improvement: -94.25 | Win Rate: 0.00% | Job Loss: 0.0500 | AMR Loss: -2.4976 | Entropy: 4.0029
Epoch [104/1000] | Sampled: 793.00 | Baseline: 701.88 | Improvement: -91.12 | Win Rate: 0.00% | Job Loss: 0.4535 | AMR Loss: -1.3050 | Entropy: 4.0064
Epoch [105/1000] | Sampled: 761.44 | Baseline: 691.44 | Improvement: -70.00 | Win Rate: 0.00% | Job Loss: -1.5262 | AMR Loss: -0.5920 | Entropy: 3.9922
   -> Saved new best model (Makespan: 761.44)
Epoch [106/1000] | Sampled: 782.88 | Baseline: 693.56 | Improvement: -89.31 | Win Rate: 0.00% | Job Loss: 0.3245 | AMR Loss: 0.1163 | Entropy: 3.9814
Epoch [107/1000] | Sampled: 795.88 | Baseline: 711.25 | Improvement: -84.62 | Win Rate: 6.25% | Job Loss: -0.1551 | AMR Loss: -0.8518 | Entropy: 3.9728
Epoch [108/1000] | Sampled: 767.19 | Baseline: 675.25 | Improvement: -91.94 | Win Rate: 0.00% | Job Loss: 0.0717 | AMR Loss: -0.2650 | Entropy: 3.9705
Epoch [109/1000] | Sampled: 797.25 | Baseline: 710.56 | Improvement: -86.69 | Win Rate: 6.25% | Job Loss: 0.9441 | AMR Loss: -2.3359 | Entropy: 3.9653
Epoch [110/1000] | Sampled: 786.44 | Baseline: 699.62 | Improvement: -86.81 | Win Rate: 0.00% | Job Loss: -0.9889 | AMR Loss: -1.5730 | Entropy: 3.9528
Epoch [111/1000] | Sampled: 787.75 | Baseline: 700.75 | Improvement: -87.00 | Win Rate: 0.00% | Job Loss: 1.0927 | AMR Loss: -1.8365 | Entropy: 3.9381
Epoch [112/1000] | Sampled: 786.00 | Baseline: 704.56 | Improvement: -81.44 | Win Rate: 0.00% | Job Loss: -1.0228 | AMR Loss: -2.7484 | Entropy: 3.9330
Epoch [113/1000] | Sampled: 776.75 | Baseline: 684.31 | Improvement: -92.44 | Win Rate: 6.25% | Job Loss: -0.1863 | AMR Loss: 0.5779 | Entropy: 3.9148
Epoch [114/1000] | Sampled: 788.25 | Baseline: 699.00 | Improvement: -89.25 | Win Rate: 0.00% | Job Loss: -1.1678 | AMR Loss: -2.1112 | Entropy: 3.9055
Epoch [115/1000] | Sampled: 771.88 | Baseline: 685.94 | Improvement: -85.94 | Win Rate: 0.00% | Job Loss: 2.2549 | AMR Loss: -3.1778 | Entropy: 3.8660
Epoch [116/1000] | Sampled: 775.19 | Baseline: 694.75 | Improvement: -80.44 | Win Rate: 0.00% | Job Loss: 3.4979 | AMR Loss: -0.3997 | Entropy: 3.8592
Epoch [117/1000] | Sampled: 785.94 | Baseline: 681.31 | Improvement: -104.62 | Win Rate: 0.00% | Job Loss: -3.0164 | AMR Loss: -0.0704 | Entropy: 3.8554
Epoch [118/1000] | Sampled: 808.31 | Baseline: 704.44 | Improvement: -103.88 | Win Rate: 0.00% | Job Loss: 1.2211 | AMR Loss: 0.7394 | Entropy: 3.8515
Epoch [119/1000] | Sampled: 761.25 | Baseline: 676.31 | Improvement: -84.94 | Win Rate: 0.00% | Job Loss: -0.8933 | AMR Loss: 0.1735 | Entropy: 3.8377
   -> Saved new best model (Makespan: 761.25)
Epoch [120/1000] | Sampled: 782.31 | Baseline: 695.19 | Improvement: -87.12 | Win Rate: 0.00% | Job Loss: 2.6405 | AMR Loss: -0.3563 | Entropy: 3.8498
Epoch [121/1000] | Sampled: 776.06 | Baseline: 712.50 | Improvement: -63.56 | Win Rate: 6.25% | Job Loss: 1.2035 | AMR Loss: 2.2439 | Entropy: 3.8593
Epoch [122/1000] | Sampled: 788.88 | Baseline: 679.00 | Improvement: -109.88 | Win Rate: 0.00% | Job Loss: 0.0601 | AMR Loss: -0.7936 | Entropy: 3.8748
Epoch [123/1000] | Sampled: 776.12 | Baseline: 686.81 | Improvement: -89.31 | Win Rate: 6.25% | Job Loss: 1.7622 | AMR Loss: -3.0465 | Entropy: 3.8908
Epoch [124/1000] | Sampled: 786.25 | Baseline: 700.62 | Improvement: -85.62 | Win Rate: 0.00% | Job Loss: -1.1386 | AMR Loss: -0.7139 | Entropy: 3.9082
Epoch [125/1000] | Sampled: 758.06 | Baseline: 700.19 | Improvement: -57.88 | Win Rate: 6.25% | Job Loss: 0.3999 | AMR Loss: -0.4944 | Entropy: 3.9106
   -> Saved new best model (Makespan: 758.06)
Epoch [126/1000] | Sampled: 782.94 | Baseline: 683.88 | Improvement: -99.06 | Win Rate: 0.00% | Job Loss: 0.2639 | AMR Loss: -2.1010 | Entropy: 3.9207
Epoch [127/1000] | Sampled: 773.38 | Baseline: 683.19 | Improvement: -90.19 | Win Rate: 0.00% | Job Loss: -1.0546 | AMR Loss: 1.6218 | Entropy: 3.9170
Epoch [128/1000] | Sampled: 776.31 | Baseline: 691.00 | Improvement: -85.31 | Win Rate: 6.25% | Job Loss: 1.5769 | AMR Loss: -3.3101 | Entropy: 3.9151
Epoch [129/1000] | Sampled: 769.00 | Baseline: 687.12 | Improvement: -81.88 | Win Rate: 6.25% | Job Loss: 2.9693 | AMR Loss: 0.0039 | Entropy: 3.9107
Epoch [130/1000] | Sampled: 783.94 | Baseline: 689.19 | Improvement: -94.75 | Win Rate: 0.00% | Job Loss: 1.2115 | AMR Loss: -0.5337 | Entropy: 3.9068
Epoch [131/1000] | Sampled: 761.50 | Baseline: 669.00 | Improvement: -92.50 | Win Rate: 0.00% | Job Loss: -1.0273 | AMR Loss: 0.3745 | Entropy: 3.9191
Epoch [132/1000] | Sampled: 785.69 | Baseline: 702.06 | Improvement: -83.62 | Win Rate: 0.00% | Job Loss: 0.8989 | AMR Loss: -1.2710 | Entropy: 3.9211
Epoch [133/1000] | Sampled: 779.62 | Baseline: 684.38 | Improvement: -95.25 | Win Rate: 0.00% | Job Loss: -2.1397 | AMR Loss: -3.6745 | Entropy: 3.9076
Epoch [134/1000] | Sampled: 770.56 | Baseline: 691.38 | Improvement: -79.19 | Win Rate: 0.00% | Job Loss: 0.1478 | AMR Loss: 2.2552 | Entropy: 3.9006
Epoch [135/1000] | Sampled: 767.25 | Baseline: 692.38 | Improvement: -74.88 | Win Rate: 12.50% | Job Loss: -2.0151 | AMR Loss: -4.2096 | Entropy: 3.9110
Epoch [136/1000] | Sampled: 775.94 | Baseline: 685.31 | Improvement: -90.62 | Win Rate: 6.25% | Job Loss: 0.5194 | AMR Loss: 1.2007 | Entropy: 3.9110
Epoch [137/1000] | Sampled: 785.81 | Baseline: 691.44 | Improvement: -94.38 | Win Rate: 6.25% | Job Loss: -0.5769 | AMR Loss: 1.4894 | Entropy: 3.9141
Epoch [138/1000] | Sampled: 778.56 | Baseline: 694.00 | Improvement: -84.56 | Win Rate: 0.00% | Job Loss: -0.3617 | AMR Loss: -1.7637 | Entropy: 3.9154
Epoch [139/1000] | Sampled: 761.44 | Baseline: 683.44 | Improvement: -78.00 | Win Rate: 0.00% | Job Loss: -1.9304 | AMR Loss: -0.7555 | Entropy: 3.9077
Epoch [140/1000] | Sampled: 768.56 | Baseline: 690.56 | Improvement: -78.00 | Win Rate: 0.00% | Job Loss: 4.1865 | AMR Loss: -0.5341 | Entropy: 3.9058
Epoch [141/1000] | Sampled: 763.56 | Baseline: 688.62 | Improvement: -74.94 | Win Rate: 6.25% | Job Loss: -1.5112 | AMR Loss: -0.5458 | Entropy: 3.9150
Epoch [142/1000] | Sampled: 767.69 | Baseline: 691.25 | Improvement: -76.44 | Win Rate: 6.25% | Job Loss: -1.0202 | AMR Loss: -1.6595 | Entropy: 3.9118
Epoch [143/1000] | Sampled: 768.69 | Baseline: 685.75 | Improvement: -82.94 | Win Rate: 0.00% | Job Loss: 2.8815 | AMR Loss: 0.3721 | Entropy: 3.8882
Epoch [144/1000] | Sampled: 776.25 | Baseline: 698.00 | Improvement: -78.25 | Win Rate: 0.00% | Job Loss: -3.2799 | AMR Loss: -1.9942 | Entropy: 3.9079
Epoch [145/1000] | Sampled: 760.75 | Baseline: 692.44 | Improvement: -68.31 | Win Rate: 0.00% | Job Loss: 1.3383 | AMR Loss: -1.9058 | Entropy: 3.9154
Epoch [146/1000] | Sampled: 776.31 | Baseline: 681.38 | Improvement: -94.94 | Win Rate: 0.00% | Job Loss: 1.4858 | AMR Loss: -0.7070 | Entropy: 3.8901
Epoch [147/1000] | Sampled: 785.38 | Baseline: 701.19 | Improvement: -84.19 | Win Rate: 0.00% | Job Loss: -0.6952 | AMR Loss: -0.4975 | Entropy: 3.8942
Epoch [148/1000] | Sampled: 772.88 | Baseline: 697.88 | Improvement: -75.00 | Win Rate: 6.25% | Job Loss: 1.5270 | AMR Loss: -1.1940 | Entropy: 3.8900
Epoch [149/1000] | Sampled: 767.38 | Baseline: 690.44 | Improvement: -76.94 | Win Rate: 0.00% | Job Loss: -2.8814 | AMR Loss: -0.4943 | Entropy: 3.8689
Epoch [150/1000] | Sampled: 786.25 | Baseline: 705.06 | Improvement: -81.19 | Win Rate: 6.25% | Job Loss: 2.2806 | AMR Loss: -1.2452 | Entropy: 3.8544
Epoch [151/1000] | Sampled: 769.19 | Baseline: 690.31 | Improvement: -78.88 | Win Rate: 0.00% | Job Loss: -0.9842 | AMR Loss: -0.3613 | Entropy: 3.8633
Epoch [152/1000] | Sampled: 768.56 | Baseline: 696.12 | Improvement: -72.44 | Win Rate: 0.00% | Job Loss: 3.9006 | AMR Loss: -2.3592 | Entropy: 3.8458
Epoch [153/1000] | Sampled: 785.81 | Baseline: 698.31 | Improvement: -87.50 | Win Rate: 6.25% | Job Loss: 0.7869 | AMR Loss: 1.9058 | Entropy: 3.8505
Epoch [154/1000] | Sampled: 768.69 | Baseline: 692.19 | Improvement: -76.50 | Win Rate: 6.25% | Job Loss: -1.2068 | AMR Loss: -2.0060 | Entropy: 3.8501
Epoch [155/1000] | Sampled: 769.25 | Baseline: 696.88 | Improvement: -72.38 | Win Rate: 0.00% | Job Loss: -0.5608 | AMR Loss: 0.9085 | Entropy: 3.8287
Epoch [156/1000] | Sampled: 779.50 | Baseline: 691.44 | Improvement: -88.06 | Win Rate: 6.25% | Job Loss: 0.2757 | AMR Loss: 1.2921 | Entropy: 3.8432
Epoch [157/1000] | Sampled: 784.31 | Baseline: 684.81 | Improvement: -99.50 | Win Rate: 0.00% | Job Loss: 3.1049 | AMR Loss: -2.5271 | Entropy: 3.8374
Epoch [158/1000] | Sampled: 777.69 | Baseline: 680.25 | Improvement: -97.44 | Win Rate: 0.00% | Job Loss: 2.4825 | AMR Loss: 1.3214 | Entropy: 3.8347
Epoch [159/1000] | Sampled: 789.50 | Baseline: 689.31 | Improvement: -100.19 | Win Rate: 0.00% | Job Loss: 0.9287 | AMR Loss: 0.4470 | Entropy: 3.8231
Epoch [160/1000] | Sampled: 772.62 | Baseline: 694.62 | Improvement: -78.00 | Win Rate: 0.00% | Job Loss: -1.5079 | AMR Loss: -1.7615 | Entropy: 3.8429
Epoch [161/1000] | Sampled: 772.38 | Baseline: 715.81 | Improvement: -56.56 | Win Rate: 6.25% | Job Loss: -1.1101 | AMR Loss: -3.0693 | Entropy: 3.8361
Epoch [162/1000] | Sampled: 786.62 | Baseline: 714.31 | Improvement: -72.31 | Win Rate: 0.00% | Job Loss: 2.2394 | AMR Loss: 1.8401 | Entropy: 3.8288
Epoch [163/1000] | Sampled: 793.31 | Baseline: 692.38 | Improvement: -100.94 | Win Rate: 0.00% | Job Loss: -1.1752 | AMR Loss: 0.7869 | Entropy: 3.8215
Epoch [164/1000] | Sampled: 779.94 | Baseline: 687.94 | Improvement: -92.00 | Win Rate: 0.00% | Job Loss: 0.3004 | AMR Loss: -0.9654 | Entropy: 3.8366
Epoch [165/1000] | Sampled: 767.88 | Baseline: 685.50 | Improvement: -82.38 | Win Rate: 0.00% | Job Loss: -0.8837 | AMR Loss: 1.0167 | Entropy: 3.8506
Epoch [166/1000] | Sampled: 780.62 | Baseline: 688.69 | Improvement: -91.94 | Win Rate: 0.00% | Job Loss: 1.1225 | AMR Loss: 0.3986 | Entropy: 3.8446
Epoch [167/1000] | Sampled: 774.69 | Baseline: 682.56 | Improvement: -92.12 | Win Rate: 0.00% | Job Loss: -0.4537 | AMR Loss: 1.1851 | Entropy: 3.8495
Epoch [168/1000] | Sampled: 785.75 | Baseline: 692.62 | Improvement: -93.12 | Win Rate: 0.00% | Job Loss: -1.5359 | AMR Loss: -0.7370 | Entropy: 3.8608
Epoch [169/1000] | Sampled: 770.50 | Baseline: 692.50 | Improvement: -78.00 | Win Rate: 0.00% | Job Loss: -2.0253 | AMR Loss: -2.5154 | Entropy: 3.8621
Epoch [170/1000] | Sampled: 792.62 | Baseline: 703.12 | Improvement: -89.50 | Win Rate: 0.00% | Job Loss: 2.1693 | AMR Loss: 1.0379 | Entropy: 3.8644
Epoch [171/1000] | Sampled: 794.69 | Baseline: 705.56 | Improvement: -89.12 | Win Rate: 0.00% | Job Loss: -1.7540 | AMR Loss: -1.4703 | Entropy: 3.8671
Epoch [172/1000] | Sampled: 763.75 | Baseline: 683.12 | Improvement: -80.62 | Win Rate: 0.00% | Job Loss: 0.2145 | AMR Loss: -0.7161 | Entropy: 3.8869
Epoch [173/1000] | Sampled: 782.69 | Baseline: 697.94 | Improvement: -84.75 | Win Rate: 12.50% | Job Loss: -0.1071 | AMR Loss: -3.1779 | Entropy: 3.8777
Epoch [174/1000] | Sampled: 784.38 | Baseline: 684.25 | Improvement: -100.12 | Win Rate: 0.00% | Job Loss: 2.8899 | AMR Loss: -1.5786 | Entropy: 3.8763
Epoch [175/1000] | Sampled: 788.88 | Baseline: 693.31 | Improvement: -95.56 | Win Rate: 0.00% | Job Loss: -0.7263 | AMR Loss: -0.0938 | Entropy: 3.8770
Epoch [176/1000] | Sampled: 770.06 | Baseline: 685.94 | Improvement: -84.12 | Win Rate: 6.25% | Job Loss: -1.2119 | AMR Loss: -0.0633 | Entropy: 3.8700
Epoch [177/1000] | Sampled: 768.38 | Baseline: 675.75 | Improvement: -92.62 | Win Rate: 6.25% | Job Loss: -1.4265 | AMR Loss: -3.2697 | Entropy: 3.8711
Epoch [178/1000] | Sampled: 761.25 | Baseline: 688.38 | Improvement: -72.88 | Win Rate: 0.00% | Job Loss: 2.6284 | AMR Loss: -1.4494 | Entropy: 3.8733
Epoch [179/1000] | Sampled: 775.00 | Baseline: 705.06 | Improvement: -69.94 | Win Rate: 12.50% | Job Loss: -0.7379 | AMR Loss: -0.8395 | Entropy: 3.8443
Epoch [180/1000] | Sampled: 765.69 | Baseline: 685.44 | Improvement: -80.25 | Win Rate: 6.25% | Job Loss: -2.7131 | AMR Loss: -1.3833 | Entropy: 3.8303
Epoch [181/1000] | Sampled: 763.19 | Baseline: 670.50 | Improvement: -92.69 | Win Rate: 0.00% | Job Loss: -2.1622 | AMR Loss: 1.1439 | Entropy: 3.8157
Epoch [182/1000] | Sampled: 769.56 | Baseline: 675.81 | Improvement: -93.75 | Win Rate: 0.00% | Job Loss: 1.7020 | AMR Loss: -0.0685 | Entropy: 3.8229
Epoch [183/1000] | Sampled: 770.81 | Baseline: 688.44 | Improvement: -82.38 | Win Rate: 6.25% | Job Loss: 0.1492 | AMR Loss: -0.1555 | Entropy: 3.8153
Epoch [184/1000] | Sampled: 798.25 | Baseline: 694.81 | Improvement: -103.44 | Win Rate: 0.00% | Job Loss: -1.4205 | AMR Loss: 0.8074 | Entropy: 3.8110
Epoch [185/1000] | Sampled: 786.94 | Baseline: 675.69 | Improvement: -111.25 | Win Rate: 0.00% | Job Loss: -0.6933 | AMR Loss: -1.6891 | Entropy: 3.8199
Epoch [186/1000] | Sampled: 788.38 | Baseline: 689.25 | Improvement: -99.12 | Win Rate: 0.00% | Job Loss: 2.0132 | AMR Loss: 0.5968 | Entropy: 3.8261
Epoch [187/1000] | Sampled: 792.12 | Baseline: 682.62 | Improvement: -109.50 | Win Rate: 0.00% | Job Loss: -1.0091 | AMR Loss: 0.3128 | Entropy: 3.8228
Epoch [188/1000] | Sampled: 794.31 | Baseline: 706.31 | Improvement: -88.00 | Win Rate: 12.50% | Job Loss: -1.1200 | AMR Loss: -0.6196 | Entropy: 3.8317
Epoch [189/1000] | Sampled: 773.75 | Baseline: 678.81 | Improvement: -94.94 | Win Rate: 0.00% | Job Loss: 0.3803 | AMR Loss: 1.1007 | Entropy: 3.8262
Epoch [190/1000] | Sampled: 799.88 | Baseline: 699.12 | Improvement: -100.75 | Win Rate: 0.00% | Job Loss: -0.7209 | AMR Loss: 1.1098 | Entropy: 3.8449
Epoch [191/1000] | Sampled: 780.75 | Baseline: 696.94 | Improvement: -83.81 | Win Rate: 0.00% | Job Loss: -0.8049 | AMR Loss: 0.9764 | Entropy: 3.8497
Epoch [192/1000] | Sampled: 773.88 | Baseline: 682.75 | Improvement: -91.12 | Win Rate: 0.00% | Job Loss: 2.3521 | AMR Loss: -3.0465 | Entropy: 3.8758
Epoch [193/1000] | Sampled: 795.06 | Baseline: 708.00 | Improvement: -87.06 | Win Rate: 6.25% | Job Loss: 5.2712 | AMR Loss: -1.4700 | Entropy: 3.8670
Epoch [194/1000] | Sampled: 768.88 | Baseline: 692.12 | Improvement: -76.75 | Win Rate: 6.25% | Job Loss: 0.0807 | AMR Loss: -0.8340 | Entropy: 3.8724
Epoch [195/1000] | Sampled: 781.44 | Baseline: 703.56 | Improvement: -77.88 | Win Rate: 0.00% | Job Loss: -0.0620 | AMR Loss: 1.4520 | Entropy: 3.8721
Epoch [196/1000] | Sampled: 794.44 | Baseline: 687.19 | Improvement: -107.25 | Win Rate: 0.00% | Job Loss: -1.7429 | AMR Loss: -0.1507 | Entropy: 3.8784
Epoch [197/1000] | Sampled: 773.88 | Baseline: 691.06 | Improvement: -82.81 | Win Rate: 0.00% | Job Loss: 0.4851 | AMR Loss: 0.0000 | Entropy: 3.8947
Epoch [198/1000] | Sampled: 780.38 | Baseline: 681.38 | Improvement: -99.00 | Win Rate: 0.00% | Job Loss: 3.2041 | AMR Loss: -1.1624 | Entropy: 3.8988
Epoch [199/1000] | Sampled: 784.50 | Baseline: 694.44 | Improvement: -90.06 | Win Rate: 6.25% | Job Loss: 0.4288 | AMR Loss: -1.0587 | Entropy: 3.8900
Epoch [200/1000] | Sampled: 774.69 | Baseline: 697.56 | Improvement: -77.12 | Win Rate: 0.00% | Job Loss: -0.1712 | AMR Loss: -1.3076 | Entropy: 3.8953
   -> Saved updated training chart to /home/wei/AMR-DFJSP/Static_alogorithm/GNN/gnn_training_metrics.png
Epoch [201/1000] | Sampled: 780.94 | Baseline: 685.31 | Improvement: -95.62 | Win Rate: 6.25% | Job Loss: -3.1464 | AMR Loss: 1.9068 | Entropy: 3.8997
Epoch [202/1000] | Sampled: 794.56 | Baseline: 695.31 | Improvement: -99.25 | Win Rate: 0.00% | Job Loss: 1.0960 | AMR Loss: 1.3257 | Entropy: 3.8902
Epoch [203/1000] | Sampled: 788.69 | Baseline: 699.56 | Improvement: -89.12 | Win Rate: 6.25% | Job Loss: -1.4562 | AMR Loss: -0.2029 | Entropy: 3.8971
Epoch [204/1000] | Sampled: 789.88 | Baseline: 684.94 | Improvement: -104.94 | Win Rate: 0.00% | Job Loss: 1.0984 | AMR Loss: -0.9553 | Entropy: 3.9012
Epoch [205/1000] | Sampled: 779.88 | Baseline: 682.38 | Improvement: -97.50 | Win Rate: 0.00% | Job Loss: -2.0602 | AMR Loss: -1.0780 | Entropy: 3.9023
Epoch [206/1000] | Sampled: 799.38 | Baseline: 688.94 | Improvement: -110.44 | Win Rate: 6.25% | Job Loss: -2.2839 | AMR Loss: 1.0668 | Entropy: 3.8962
Epoch [207/1000] | Sampled: 790.75 | Baseline: 696.44 | Improvement: -94.31 | Win Rate: 0.00% | Job Loss: -1.5220 | AMR Loss: 0.3861 | Entropy: 3.9096
Epoch [208/1000] | Sampled: 783.06 | Baseline: 684.00 | Improvement: -99.06 | Win Rate: 0.00% | Job Loss: -0.6491 | AMR Loss: -0.8958 | Entropy: 3.9072
Epoch [209/1000] | Sampled: 808.06 | Baseline: 704.50 | Improvement: -103.56 | Win Rate: 0.00% | Job Loss: -2.9636 | AMR Loss: -0.4017 | Entropy: 3.8933
Epoch [210/1000] | Sampled: 781.81 | Baseline: 670.44 | Improvement: -111.38 | Win Rate: 0.00% | Job Loss: -1.3765 | AMR Loss: -1.8616 | Entropy: 3.9228
Epoch [211/1000] | Sampled: 794.88 | Baseline: 697.81 | Improvement: -97.06 | Win Rate: 0.00% | Job Loss: 1.7043 | AMR Loss: -0.6884 | Entropy: 3.9215
Epoch [212/1000] | Sampled: 782.19 | Baseline: 685.88 | Improvement: -96.31 | Win Rate: 12.50% | Job Loss: -1.8832 | AMR Loss: -2.7645 | Entropy: 3.9060
Epoch [213/1000] | Sampled: 794.44 | Baseline: 692.06 | Improvement: -102.38 | Win Rate: 0.00% | Job Loss: -0.4722 | AMR Loss: -0.4002 | Entropy: 3.9205
Epoch [214/1000] | Sampled: 787.31 | Baseline: 676.31 | Improvement: -111.00 | Win Rate: 0.00% | Job Loss: 1.6406 | AMR Loss: -4.4563 | Entropy: 3.9073
Epoch [215/1000] | Sampled: 771.38 | Baseline: 683.00 | Improvement: -88.38 | Win Rate: 0.00% | Job Loss: -0.0464 | AMR Loss: 0.7186 | Entropy: 3.8997
Epoch [216/1000] | Sampled: 788.62 | Baseline: 699.50 | Improvement: -89.12 | Win Rate: 0.00% | Job Loss: 0.1675 | AMR Loss: -1.8333 | Entropy: 3.8997
Epoch [217/1000] | Sampled: 798.69 | Baseline: 693.19 | Improvement: -105.50 | Win Rate: 0.00% | Job Loss: 1.8012 | AMR Loss: 0.1248 | Entropy: 3.8806
Epoch [218/1000] | Sampled: 781.19 | Baseline: 689.06 | Improvement: -92.12 | Win Rate: 6.25% | Job Loss: -1.4051 | AMR Loss: -0.9676 | Entropy: 3.8868
Epoch [219/1000] | Sampled: 785.75 | Baseline: 674.69 | Improvement: -111.06 | Win Rate: 0.00% | Job Loss: -2.5034 | AMR Loss: -1.2944 | Entropy: 3.8738
Epoch [220/1000] | Sampled: 809.69 | Baseline: 690.88 | Improvement: -118.81 | Win Rate: 0.00% | Job Loss: 0.7732 | AMR Loss: -0.9084 | Entropy: 3.8715
Epoch [221/1000] | Sampled: 794.12 | Baseline: 689.62 | Improvement: -104.50 | Win Rate: 0.00% | Job Loss: -0.8396 | AMR Loss: -0.6817 | Entropy: 3.8662
Epoch [222/1000] | Sampled: 797.69 | Baseline: 674.75 | Improvement: -122.94 | Win Rate: 0.00% | Job Loss: -2.3804 | AMR Loss: 1.0606 | Entropy: 3.8737
Epoch [223/1000] | Sampled: 818.00 | Baseline: 687.75 | Improvement: -130.25 | Win Rate: 0.00% | Job Loss: 0.6949 | AMR Loss: 0.1510 | Entropy: 3.8711
Epoch [224/1000] | Sampled: 797.06 | Baseline: 682.94 | Improvement: -114.12 | Win Rate: 0.00% | Job Loss: -0.8588 | AMR Loss: 1.3571 | Entropy: 3.8647
Epoch [225/1000] | Sampled: 785.12 | Baseline: 690.06 | Improvement: -95.06 | Win Rate: 6.25% | Job Loss: -2.3624 | AMR Loss: -2.2149 | Entropy: 3.8714
Epoch [226/1000] | Sampled: 794.00 | Baseline: 704.19 | Improvement: -89.81 | Win Rate: 0.00% | Job Loss: 0.2026 | AMR Loss: 1.8160 | Entropy: 3.8714
Epoch [227/1000] | Sampled: 804.12 | Baseline: 696.94 | Improvement: -107.19 | Win Rate: 0.00% | Job Loss: -0.2402 | AMR Loss: -2.3217 | Entropy: 3.8734
Epoch [228/1000] | Sampled: 809.50 | Baseline: 697.00 | Improvement: -112.50 | Win Rate: 0.00% | Job Loss: -0.9415 | AMR Loss: -3.3422 | Entropy: 3.8515
Epoch [229/1000] | Sampled: 828.75 | Baseline: 710.25 | Improvement: -118.50 | Win Rate: 0.00% | Job Loss: -1.0762 | AMR Loss: 0.4636 | Entropy: 3.8701
Epoch [230/1000] | Sampled: 767.94 | Baseline: 701.00 | Improvement: -66.94 | Win Rate: 12.50% | Job Loss: 1.2342 | AMR Loss: 0.7190 | Entropy: 3.8679
Epoch [231/1000] | Sampled: 785.75 | Baseline: 677.19 | Improvement: -108.56 | Win Rate: 0.00% | Job Loss: -3.8921 | AMR Loss: 1.7471 | Entropy: 3.8710
Epoch [232/1000] | Sampled: 799.44 | Baseline: 700.25 | Improvement: -99.19 | Win Rate: 0.00% | Job Loss: -1.0813 | AMR Loss: 1.6898 | Entropy: 3.8698
Epoch [233/1000] | Sampled: 801.06 | Baseline: 700.56 | Improvement: -100.50 | Win Rate: 12.50% | Job Loss: -0.5782 | AMR Loss: 0.4605 | Entropy: 3.8689
Epoch [234/1000] | Sampled: 797.44 | Baseline: 680.81 | Improvement: -116.62 | Win Rate: 0.00% | Job Loss: 0.0123 | AMR Loss: 1.3672 | Entropy: 3.8844
Epoch [235/1000] | Sampled: 802.00 | Baseline: 688.56 | Improvement: -113.44 | Win Rate: 6.25% | Job Loss: 0.5375 | AMR Loss: 0.4111 | Entropy: 3.8859
Epoch [236/1000] | Sampled: 799.75 | Baseline: 692.88 | Improvement: -106.88 | Win Rate: 0.00% | Job Loss: -0.8733 | AMR Loss: -0.0027 | Entropy: 3.8976
Epoch [237/1000] | Sampled: 802.19 | Baseline: 699.06 | Improvement: -103.12 | Win Rate: 6.25% | Job Loss: 2.3494 | AMR Loss: -1.5627 | Entropy: 3.9131
Epoch [238/1000] | Sampled: 835.25 | Baseline: 697.25 | Improvement: -138.00 | Win Rate: 0.00% | Job Loss: 1.4788 | AMR Loss: -0.1172 | Entropy: 3.9154
Epoch [239/1000] | Sampled: 803.06 | Baseline: 689.69 | Improvement: -113.38 | Win Rate: 0.00% | Job Loss: -1.4704 | AMR Loss: -0.7739 | Entropy: 3.9050
Epoch [240/1000] | Sampled: 786.38 | Baseline: 692.00 | Improvement: -94.38 | Win Rate: 0.00% | Job Loss: -0.2666 | AMR Loss: -0.6279 | Entropy: 3.9164
Epoch [241/1000] | Sampled: 812.81 | Baseline: 694.25 | Improvement: -118.56 | Win Rate: 0.00% | Job Loss: 1.7136 | AMR Loss: 1.9269 | Entropy: 3.9136
Epoch [242/1000] | Sampled: 816.88 | Baseline: 704.88 | Improvement: -112.00 | Win Rate: 0.00% | Job Loss: -1.5990 | AMR Loss: 0.2670 | Entropy: 3.9209
Epoch [243/1000] | Sampled: 797.44 | Baseline: 672.06 | Improvement: -125.38 | Win Rate: 0.00% | Job Loss: -1.3385 | AMR Loss: 1.2803 | Entropy: 3.9123
Epoch [244/1000] | Sampled: 788.00 | Baseline: 687.50 | Improvement: -100.50 | Win Rate: 0.00% | Job Loss: -0.9080 | AMR Loss: 0.0593 | Entropy: 3.9167
Epoch [245/1000] | Sampled: 810.69 | Baseline: 690.12 | Improvement: -120.56 | Win Rate: 0.00% | Job Loss: 1.5304 | AMR Loss: 0.1846 | Entropy: 3.9280
Epoch [246/1000] | Sampled: 823.94 | Baseline: 675.69 | Improvement: -148.25 | Win Rate: 0.00% | Job Loss: -2.2331 | AMR Loss: 1.3335 | Entropy: 3.9367
Epoch [247/1000] | Sampled: 832.06 | Baseline: 697.69 | Improvement: -134.38 | Win Rate: 0.00% | Job Loss: -2.0449 | AMR Loss: -0.6498 | Entropy: 3.9205
Epoch [248/1000] | Sampled: 819.88 | Baseline: 706.12 | Improvement: -113.75 | Win Rate: 0.00% | Job Loss: -1.0354 | AMR Loss: -1.7044 | Entropy: 3.9221
Epoch [249/1000] | Sampled: 780.75 | Baseline: 674.94 | Improvement: -105.81 | Win Rate: 0.00% | Job Loss: -0.4140 | AMR Loss: 0.0296 | Entropy: 3.9447
Epoch [250/1000] | Sampled: 833.50 | Baseline: 692.44 | Improvement: -141.06 | Win Rate: 0.00% | Job Loss: -1.2168 | AMR Loss: -2.3593 | Entropy: 3.9281
Epoch [251/1000] | Sampled: 838.50 | Baseline: 685.06 | Improvement: -153.44 | Win Rate: 0.00% | Job Loss: 0.7889 | AMR Loss: 1.1550 | Entropy: 3.9370
Epoch [252/1000] | Sampled: 802.38 | Baseline: 692.31 | Improvement: -110.06 | Win Rate: 0.00% | Job Loss: 0.2513 | AMR Loss: -0.9458 | Entropy: 3.9416
Epoch [253/1000] | Sampled: 805.69 | Baseline: 688.94 | Improvement: -116.75 | Win Rate: 0.00% | Job Loss: 1.3790 | AMR Loss: -2.7339 | Entropy: 3.9183
Epoch [254/1000] | Sampled: 812.31 | Baseline: 694.69 | Improvement: -117.62 | Win Rate: 0.00% | Job Loss: 1.5665 | AMR Loss: -1.2482 | Entropy: 3.9416
Epoch [255/1000] | Sampled: 800.56 | Baseline: 687.81 | Improvement: -112.75 | Win Rate: 0.00% | Job Loss: 0.4381 | AMR Loss: 0.2616 | Entropy: 3.9335
Epoch [256/1000] | Sampled: 812.62 | Baseline: 690.56 | Improvement: -122.06 | Win Rate: 0.00% | Job Loss: -0.0217 | AMR Loss: 3.4501 | Entropy: 3.9247
Epoch [257/1000] | Sampled: 818.69 | Baseline: 709.25 | Improvement: -109.44 | Win Rate: 6.25% | Job Loss: 1.7731 | AMR Loss: 0.5918 | Entropy: 3.9387
Epoch [258/1000] | Sampled: 816.50 | Baseline: 682.12 | Improvement: -134.38 | Win Rate: 0.00% | Job Loss: -0.0403 | AMR Loss: 1.1501 | Entropy: 3.9299
Epoch [259/1000] | Sampled: 853.06 | Baseline: 698.06 | Improvement: -155.00 | Win Rate: 0.00% | Job Loss: 0.9487 | AMR Loss: -2.0245 | Entropy: 3.9266
Epoch [260/1000] | Sampled: 812.00 | Baseline: 694.94 | Improvement: -117.06 | Win Rate: 0.00% | Job Loss: 0.0026 | AMR Loss: -1.2607 | Entropy: 3.9302
Epoch [261/1000] | Sampled: 813.25 | Baseline: 693.75 | Improvement: -119.50 | Win Rate: 0.00% | Job Loss: 0.8793 | AMR Loss: -1.6988 | Entropy: 3.9260
Epoch [262/1000] | Sampled: 832.00 | Baseline: 702.88 | Improvement: -129.12 | Win Rate: 0.00% | Job Loss: -0.6830 | AMR Loss: 0.2423 | Entropy: 3.9426
Epoch [263/1000] | Sampled: 819.56 | Baseline: 685.44 | Improvement: -134.12 | Win Rate: 0.00% | Job Loss: 0.9040 | AMR Loss: -1.3137 | Entropy: 3.9504
Epoch [264/1000] | Sampled: 820.25 | Baseline: 684.69 | Improvement: -135.56 | Win Rate: 0.00% | Job Loss: -0.9365 | AMR Loss: -0.1003 | Entropy: 3.9428
Epoch [265/1000] | Sampled: 824.62 | Baseline: 697.12 | Improvement: -127.50 | Win Rate: 0.00% | Job Loss: 0.3967 | AMR Loss: 0.3247 | Entropy: 3.9388
Epoch [266/1000] | Sampled: 810.94 | Baseline: 686.00 | Improvement: -124.94 | Win Rate: 0.00% | Job Loss: -1.1788 | AMR Loss: 1.3095 | Entropy: 3.9419
Epoch [267/1000] | Sampled: 842.31 | Baseline: 681.38 | Improvement: -160.94 | Win Rate: 0.00% | Job Loss: 0.3042 | AMR Loss: -0.8011 | Entropy: 3.9401
Epoch [268/1000] | Sampled: 816.44 | Baseline: 678.62 | Improvement: -137.81 | Win Rate: 0.00% | Job Loss: -1.1589 | AMR Loss: -0.4448 | Entropy: 3.9524
Epoch [269/1000] | Sampled: 822.25 | Baseline: 683.88 | Improvement: -138.38 | Win Rate: 0.00% | Job Loss: -2.6782 | AMR Loss: -0.2183 | Entropy: 3.9447
Epoch [270/1000] | Sampled: 817.25 | Baseline: 682.00 | Improvement: -135.25 | Win Rate: 0.00% | Job Loss: -0.0984 | AMR Loss: -1.5891 | Entropy: 3.9367
Epoch [271/1000] | Sampled: 831.12 | Baseline: 691.56 | Improvement: -139.56 | Win Rate: 0.00% | Job Loss: 2.3557 | AMR Loss: -1.2412 | Entropy: 3.9576
Epoch [272/1000] | Sampled: 823.56 | Baseline: 705.38 | Improvement: -118.19 | Win Rate: 0.00% | Job Loss: 1.3055 | AMR Loss: -0.3384 | Entropy: 3.9457
Epoch [273/1000] | Sampled: 841.00 | Baseline: 684.62 | Improvement: -156.38 | Win Rate: 0.00% | Job Loss: -1.1328 | AMR Loss: -1.3079 | Entropy: 3.9444
Epoch [274/1000] | Sampled: 835.94 | Baseline: 693.31 | Improvement: -142.62 | Win Rate: 0.00% | Job Loss: -0.9812 | AMR Loss: -1.5259 | Entropy: 3.9273
Epoch [275/1000] | Sampled: 851.31 | Baseline: 694.00 | Improvement: -157.31 | Win Rate: 0.00% | Job Loss: -1.6374 | AMR Loss: -1.5166 | Entropy: 3.9291
Epoch [276/1000] | Sampled: 858.19 | Baseline: 696.75 | Improvement: -161.44 | Win Rate: 0.00% | Job Loss: -1.3896 | AMR Loss: -1.6698 | Entropy: 3.9334
Epoch [277/1000] | Sampled: 853.00 | Baseline: 697.50 | Improvement: -155.50 | Win Rate: 0.00% | Job Loss: -0.6571 | AMR Loss: -0.9868 | Entropy: 3.9426
Epoch [278/1000] | Sampled: 881.50 | Baseline: 699.81 | Improvement: -181.69 | Win Rate: 0.00% | Job Loss: -1.8511 | AMR Loss: 0.3895 | Entropy: 3.9193
Epoch [279/1000] | Sampled: 860.50 | Baseline: 690.38 | Improvement: -170.12 | Win Rate: 0.00% | Job Loss: 0.3198 | AMR Loss: -0.8548 | Entropy: 3.9108
Epoch [280/1000] | Sampled: 890.38 | Baseline: 677.50 | Improvement: -212.88 | Win Rate: 0.00% | Job Loss: 0.5828 | AMR Loss: 0.2008 | Entropy: 3.9020
Epoch [281/1000] | Sampled: 927.31 | Baseline: 707.50 | Improvement: -219.81 | Win Rate: 0.00% | Job Loss: -2.4044 | AMR Loss: -0.5831 | Entropy: 3.8906
Epoch [282/1000] | Sampled: 863.69 | Baseline: 679.69 | Improvement: -184.00 | Win Rate: 0.00% | Job Loss: 0.3058 | AMR Loss: -2.4331 | Entropy: 3.8902
Epoch [283/1000] | Sampled: 870.44 | Baseline: 659.12 | Improvement: -211.31 | Win Rate: 0.00% | Job Loss: 1.7349 | AMR Loss: -0.2612 | Entropy: 3.8687
Epoch [284/1000] | Sampled: 854.94 | Baseline: 683.75 | Improvement: -171.19 | Win Rate: 0.00% | Job Loss: -1.8996 | AMR Loss: -0.5358 | Entropy: 3.8540
Epoch [285/1000] | Sampled: 877.06 | Baseline: 688.44 | Improvement: -188.62 | Win Rate: 0.00% | Job Loss: 0.3270 | AMR Loss: -0.3582 | Entropy: 3.8191
Epoch [286/1000] | Sampled: 938.19 | Baseline: 698.44 | Improvement: -239.75 | Win Rate: 0.00% | Job Loss: -0.3374 | AMR Loss: 0.0147 | Entropy: 3.7686
Epoch [287/1000] | Sampled: 948.38 | Baseline: 695.75 | Improvement: -252.62 | Win Rate: 0.00% | Job Loss: 0.3252 | AMR Loss: -0.9819 | Entropy: 3.7447
Epoch [288/1000] | Sampled: 878.44 | Baseline: 691.38 | Improvement: -187.06 | Win Rate: 0.00% | Job Loss: 0.1403 | AMR Loss: -1.3770 | Entropy: 3.7245
Epoch [289/1000] | Sampled: 910.50 | Baseline: 697.50 | Improvement: -213.00 | Win Rate: 0.00% | Job Loss: 0.7584 | AMR Loss: -0.8848 | Entropy: 3.6506
Epoch [290/1000] | Sampled: 933.00 | Baseline: 679.62 | Improvement: -253.38 | Win Rate: 0.00% | Job Loss: 0.2719 | AMR Loss: 1.2844 | Entropy: 3.6249
Epoch [291/1000] | Sampled: 944.62 | Baseline: 687.00 | Improvement: -257.62 | Win Rate: 0.00% | Job Loss: 4.3901 | AMR Loss: -1.6762 | Entropy: 3.5687
Epoch [292/1000] | Sampled: 1011.69 | Baseline: 686.94 | Improvement: -324.75 | Win Rate: 0.00% | Job Loss: 2.4715 | AMR Loss: 0.5016 | Entropy: 3.5289
Epoch [293/1000] | Sampled: 1032.81 | Baseline: 700.38 | Improvement: -332.44 | Win Rate: 0.00% | Job Loss: 2.3978 | AMR Loss: -1.9855 | Entropy: 3.5275
Epoch [294/1000] | Sampled: 991.50 | Baseline: 691.94 | Improvement: -299.56 | Win Rate: 0.00% | Job Loss: 1.1117 | AMR Loss: -1.1342 | Entropy: 3.4817
Epoch [295/1000] | Sampled: 1055.50 | Baseline: 699.56 | Improvement: -355.94 | Win Rate: 0.00% | Job Loss: -0.9674 | AMR Loss: -4.6748 | Entropy: 3.4313
Epoch [296/1000] | Sampled: 1126.81 | Baseline: 698.00 | Improvement: -428.81 | Win Rate: 0.00% | Job Loss: 1.3057 | AMR Loss: -0.5329 | Entropy: 3.3907
Epoch [297/1000] | Sampled: 1101.69 | Baseline: 678.25 | Improvement: -423.44 | Win Rate: 0.00% | Job Loss: 3.2577 | AMR Loss: 0.8972 | Entropy: 3.3401
Epoch [298/1000] | Sampled: 1143.69 | Baseline: 695.75 | Improvement: -447.94 | Win Rate: 0.00% | Job Loss: -1.0635 | AMR Loss: -3.0222 | Entropy: 3.2775
Epoch [299/1000] | Sampled: 1150.50 | Baseline: 699.12 | Improvement: -451.38 | Win Rate: 0.00% | Job Loss: -0.3686 | AMR Loss: -1.2294 | Entropy: 3.2708
Epoch [300/1000] | Sampled: 1217.88 | Baseline: 700.56 | Improvement: -517.31 | Win Rate: 0.00% | Job Loss: -3.8756 | AMR Loss: -0.2460 | Entropy: 3.2413
   -> Saved updated training chart to /home/wei/AMR-DFJSP/Static_alogorithm/GNN/gnn_training_metrics.png
Epoch [301/1000] | Sampled: 1132.69 | Baseline: 685.56 | Improvement: -447.12 | Win Rate: 0.00% | Job Loss: 2.4720 | AMR Loss: -3.2044 | Entropy: 3.1886
Epoch [302/1000] | Sampled: 1303.94 | Baseline: 691.88 | Improvement: -612.06 | Win Rate: 0.00% | Job Loss: -0.3738 | AMR Loss: -3.3570 | Entropy: 3.1139
Epoch [303/1000] | Sampled: 1250.62 | Baseline: 687.31 | Improvement: -563.31 | Win Rate: 0.00% | Job Loss: -1.3567 | AMR Loss: -3.7693 | Entropy: 3.0617
Epoch [304/1000] | Sampled: 1468.75 | Baseline: 691.44 | Improvement: -777.31 | Win Rate: 0.00% | Job Loss: -5.7275 | AMR Loss: -4.5293 | Entropy: 3.0340
Epoch [305/1000] | Sampled: 1538.19 | Baseline: 682.00 | Improvement: -856.19 | Win Rate: 0.00% | Job Loss: -6.8111 | AMR Loss: 0.9348 | Entropy: 2.9263
Epoch [306/1000] | Sampled: 1737.62 | Baseline: 696.81 | Improvement: -1040.81 | Win Rate: 0.00% | Job Loss: -6.8440 | AMR Loss: 1.1952 | Entropy: 2.8151
Epoch [307/1000] | Sampled: 1921.69 | Baseline: 689.00 | Improvement: -1232.69 | Win Rate: 0.00% | Job Loss: -6.5526 | AMR Loss: 2.8202 | Entropy: 2.6555
Epoch [308/1000] | Sampled: 2070.06 | Baseline: 687.81 | Improvement: -1382.25 | Win Rate: 0.00% | Job Loss: -8.9559 | AMR Loss: 0.5723 | Entropy: 2.4043
Epoch [309/1000] | Sampled: 1954.00 | Baseline: 691.81 | Improvement: -1262.19 | Win Rate: 0.00% | Job Loss: -13.1831 | AMR Loss: 0.6288 | Entropy: 2.2498
Epoch [310/1000] | Sampled: 1980.50 | Baseline: 691.19 | Improvement: -1289.31 | Win Rate: 0.00% | Job Loss: -3.7562 | AMR Loss: 0.2208 | Entropy: 1.9574
Epoch [311/1000] | Sampled: 2030.56 | Baseline: 692.62 | Improvement: -1337.94 | Win Rate: 0.00% | Job Loss: 0.9358 | AMR Loss: 1.3103 | Entropy: 1.9008
Epoch [312/1000] | Sampled: 2007.56 | Baseline: 682.06 | Improvement: -1325.50 | Win Rate: 0.00% | Job Loss: -0.6689 | AMR Loss: 1.7153 | Entropy: 1.8221
Epoch [313/1000] | Sampled: 2080.69 | Baseline: 704.62 | Improvement: -1376.06 | Win Rate: 0.00% | Job Loss: -5.4025 | AMR Loss: -0.1062 | Entropy: 1.6162
Epoch [314/1000] | Sampled: 2114.25 | Baseline: 704.00 | Improvement: -1410.25 | Win Rate: 0.00% | Job Loss: -10.4982 | AMR Loss: 0.6289 | Entropy: 1.3120
Epoch [315/1000] | Sampled: 2099.75 | Baseline: 680.44 | Improvement: -1419.31 | Win Rate: 0.00% | Job Loss: -12.8041 | AMR Loss: 0.2726 | Entropy: 1.2735
Epoch [316/1000] | Sampled: 2018.81 | Baseline: 680.88 | Improvement: -1337.94 | Win Rate: 0.00% | Job Loss: -6.9793 | AMR Loss: -0.4186 | Entropy: 1.3090
Epoch [317/1000] | Sampled: 2077.62 | Baseline: 674.06 | Improvement: -1403.56 | Win Rate: 0.00% | Job Loss: -7.0531 | AMR Loss: 0.2934 | Entropy: 1.2812
Epoch [318/1000] | Sampled: 2116.62 | Baseline: 687.44 | Improvement: -1429.19 | Win Rate: 0.00% | Job Loss: -14.3075 | AMR Loss: 0.0734 | Entropy: 1.2923
Epoch [319/1000] | Sampled: 2109.50 | Baseline: 684.88 | Improvement: -1424.62 | Win Rate: 0.00% | Job Loss: -2.5072 | AMR Loss: 0.0477 | Entropy: 1.2728
Epoch [320/1000] | Sampled: 2129.69 | Baseline: 696.88 | Improvement: -1432.81 | Win Rate: 0.00% | Job Loss: -5.0129 | AMR Loss: 0.4554 | Entropy: 1.3031
Epoch [321/1000] | Sampled: 2112.38 | Baseline: 693.38 | Improvement: -1419.00 | Win Rate: 0.00% | Job Loss: 0.2172 | AMR Loss: 0.1793 | Entropy: 1.2832
Epoch [322/1000] | Sampled: 2099.25 | Baseline: 675.88 | Improvement: -1423.38 | Win Rate: 0.00% | Job Loss: -2.4963 | AMR Loss: 0.2136 | Entropy: 1.2438
Epoch [323/1000] | Sampled: 2130.56 | Baseline: 682.94 | Improvement: -1447.62 | Win Rate: 0.00% | Job Loss: -2.5979 | AMR Loss: 0.4333 | Entropy: 1.3069
Epoch [324/1000] | Sampled: 2121.19 | Baseline: 691.12 | Improvement: -1430.06 | Win Rate: 0.00% | Job Loss: -1.7054 | AMR Loss: 0.2447 | Entropy: 1.3239
Epoch [325/1000] | Sampled: 2107.31 | Baseline: 689.25 | Improvement: -1418.06 | Win Rate: 0.00% | Job Loss: 3.9734 | AMR Loss: 0.0574 | Entropy: 1.2849
Epoch [326/1000] | Sampled: 2084.94 | Baseline: 687.25 | Improvement: -1397.69 | Win Rate: 0.00% | Job Loss: 5.1701 | AMR Loss: -0.0744 | Entropy: 1.3043
Epoch [327/1000] | Sampled: 2102.75 | Baseline: 687.94 | Improvement: -1414.81 | Win Rate: 0.00% | Job Loss: 3.4292 | AMR Loss: -0.0336 | Entropy: 1.3120
Epoch [328/1000] | Sampled: 2108.19 | Baseline: 694.31 | Improvement: -1413.88 | Win Rate: 0.00% | Job Loss: -1.9064 | AMR Loss: 0.5462 | Entropy: 1.2951
Epoch [329/1000] | Sampled: 2100.19 | Baseline: 680.69 | Improvement: -1419.50 | Win Rate: 0.00% | Job Loss: -2.5413 | AMR Loss: 0.2435 | Entropy: 1.3143
Epoch [330/1000] | Sampled: 2120.00 | Baseline: 686.94 | Improvement: -1433.06 | Win Rate: 0.00% | Job Loss: -2.6659 | AMR Loss: -0.0700 | Entropy: 1.3117
Epoch [331/1000] | Sampled: 2084.25 | Baseline: 679.94 | Improvement: -1404.31 | Win Rate: 0.00% | Job Loss: -6.9005 | AMR Loss: 0.4171 | Entropy: 1.2974
Epoch [332/1000] | Sampled: 2084.38 | Baseline: 682.38 | Improvement: -1402.00 | Win Rate: 0.00% | Job Loss: -7.4334 | AMR Loss: 0.2114 | Entropy: 1.3135
Epoch [333/1000] | Sampled: 2132.88 | Baseline: 705.06 | Improvement: -1427.81 | Win Rate: 0.00% | Job Loss: -6.8580 | AMR Loss: 0.1610 | Entropy: 1.3119
Epoch [334/1000] | Sampled: 2128.31 | Baseline: 699.00 | Improvement: -1429.31 | Win Rate: 0.00% | Job Loss: -6.2469 | AMR Loss: 0.0537 | Entropy: 1.2794
Epoch [335/1000] | Sampled: 2089.94 | Baseline: 679.31 | Improvement: -1410.62 | Win Rate: 0.00% | Job Loss: -4.6611 | AMR Loss: 0.2454 | Entropy: 1.2063
Epoch [336/1000] | Sampled: 2119.81 | Baseline: 702.75 | Improvement: -1417.06 | Win Rate: 0.00% | Job Loss: -6.0489 | AMR Loss: -0.6942 | Entropy: 1.1994
Epoch [337/1000] | Sampled: 2113.50 | Baseline: 689.06 | Improvement: -1424.44 | Win Rate: 0.00% | Job Loss: -6.0894 | AMR Loss: 0.3183 | Entropy: 1.1256
Epoch [338/1000] | Sampled: 2108.94 | Baseline: 702.88 | Improvement: -1406.06 | Win Rate: 0.00% | Job Loss: -6.4742 | AMR Loss: 0.0429 | Entropy: 1.1261
Epoch [339/1000] | Sampled: 2113.81 | Baseline: 704.38 | Improvement: -1409.44 | Win Rate: 0.00% | Job Loss: 3.3226 | AMR Loss: 0.1863 | Entropy: 1.1343
Epoch [340/1000] | Sampled: 2098.31 | Baseline: 674.44 | Improvement: -1423.88 | Win Rate: 0.00% | Job Loss: -2.0502 | AMR Loss: 0.0343 | Entropy: 1.1051
Epoch [341/1000] | Sampled: 2095.00 | Baseline: 679.62 | Improvement: -1415.38 | Win Rate: 0.00% | Job Loss: 1.1465 | AMR Loss: 0.0349 | Entropy: 1.1127
Epoch [342/1000] | Sampled: 2138.75 | Baseline: 702.88 | Improvement: -1435.88 | Win Rate: 0.00% | Job Loss: -1.8137 | AMR Loss: 0.0370 | Entropy: 1.0726
Epoch [343/1000] | Sampled: 2079.69 | Baseline: 678.75 | Improvement: -1400.94 | Win Rate: 0.00% | Job Loss: 0.2496 | AMR Loss: 0.6278 | Entropy: 1.0886
Epoch [344/1000] | Sampled: 2102.12 | Baseline: 700.81 | Improvement: -1401.31 | Win Rate: 0.00% | Job Loss: 0.0816 | AMR Loss: 0.3368 | Entropy: 1.1294
Epoch [345/1000] | Sampled: 2114.38 | Baseline: 685.81 | Improvement: -1428.56 | Win Rate: 0.00% | Job Loss: -1.9853 | AMR Loss: 0.0513 | Entropy: 1.1963
Epoch [346/1000] | Sampled: 2093.50 | Baseline: 674.81 | Improvement: -1418.69 | Win Rate: 0.00% | Job Loss: -4.7725 | AMR Loss: -0.0241 | Entropy: 1.2225
Epoch [347/1000] | Sampled: 2130.62 | Baseline: 680.94 | Improvement: -1449.69 | Win Rate: 0.00% | Job Loss: 0.3098 | AMR Loss: 0.0426 | Entropy: 1.2055
Epoch [348/1000] | Sampled: 2093.81 | Baseline: 682.44 | Improvement: -1411.38 | Win Rate: 0.00% | Job Loss: 6.3098 | AMR Loss: 0.1463 | Entropy: 1.2300
Epoch [349/1000] | Sampled: 2125.44 | Baseline: 703.69 | Improvement: -1421.75 | Win Rate: 0.00% | Job Loss: 0.6673 | AMR Loss: 0.4487 | Entropy: 1.2511
Epoch [350/1000] | Sampled: 2047.88 | Baseline: 690.75 | Improvement: -1357.12 | Win Rate: 0.00% | Job Loss: 3.8881 | AMR Loss: 0.3828 | Entropy: 1.2792
Epoch [351/1000] | Sampled: 2089.62 | Baseline: 674.19 | Improvement: -1415.44 | Win Rate: 0.00% | Job Loss: 1.6763 | AMR Loss: 0.2044 | Entropy: 1.2524
Epoch [352/1000] | Sampled: 2116.62 | Baseline: 692.94 | Improvement: -1423.69 | Win Rate: 0.00% | Job Loss: 2.8947 | AMR Loss: 0.3388 | Entropy: 1.2542
Epoch [353/1000] | Sampled: 2092.00 | Baseline: 687.94 | Improvement: -1404.06 | Win Rate: 0.00% | Job Loss: 7.7503 | AMR Loss: 0.6333 | Entropy: 1.2556
Epoch [354/1000] | Sampled: 2103.38 | Baseline: 691.88 | Improvement: -1411.50 | Win Rate: 0.00% | Job Loss: -0.9348 | AMR Loss: 0.0288 | Entropy: 1.2473
Epoch [355/1000] | Sampled: 2131.00 | Baseline: 696.56 | Improvement: -1434.44 | Win Rate: 0.00% | Job Loss: 1.5976 | AMR Loss: 0.0334 | Entropy: 1.2312
Epoch [356/1000] | Sampled: 2132.94 | Baseline: 704.56 | Improvement: -1428.38 | Win Rate: 0.00% | Job Loss: 1.7687 | AMR Loss: 0.0418 | Entropy: 1.1875
Epoch [357/1000] | Sampled: 2118.06 | Baseline: 692.25 | Improvement: -1425.81 | Win Rate: 0.00% | Job Loss: -0.9307 | AMR Loss: 0.3084 | Entropy: 1.1564
Epoch [358/1000] | Sampled: 2119.19 | Baseline: 694.06 | Improvement: -1425.12 | Win Rate: 0.00% | Job Loss: -3.7502 | AMR Loss: -0.1098 | Entropy: 1.1703
Epoch [359/1000] | Sampled: 2123.00 | Baseline: 702.19 | Improvement: -1420.81 | Win Rate: 0.00% | Job Loss: -0.2716 | AMR Loss: 0.3058 | Entropy: 1.1642
Epoch [360/1000] | Sampled: 2111.62 | Baseline: 695.50 | Improvement: -1416.12 | Win Rate: 0.00% | Job Loss: -0.7780 | AMR Loss: 0.3330 | Entropy: 1.1053
Epoch [361/1000] | Sampled: 2076.06 | Baseline: 665.19 | Improvement: -1410.88 | Win Rate: 0.00% | Job Loss: 2.2516 | AMR Loss: 0.0361 | Entropy: 1.0802
Epoch [362/1000] | Sampled: 2099.12 | Baseline: 683.69 | Improvement: -1415.44 | Win Rate: 0.00% | Job Loss: 1.7316 | AMR Loss: 0.0354 | Entropy: 1.0751
Epoch [363/1000] | Sampled: 2102.38 | Baseline: 677.06 | Improvement: -1425.31 | Win Rate: 0.00% | Job Loss: -1.0363 | AMR Loss: 0.0306 | Entropy: 1.0362
Epoch [364/1000] | Sampled: 2098.50 | Baseline: 687.94 | Improvement: -1410.56 | Win Rate: 0.00% | Job Loss: 1.6313 | AMR Loss: 0.0334 | Entropy: 1.0272
Epoch [365/1000] | Sampled: 2097.12 | Baseline: 682.75 | Improvement: -1414.38 | Win Rate: 0.00% | Job Loss: -0.3481 | AMR Loss: 0.2332 | Entropy: 1.0225
Epoch [366/1000] | Sampled: 2087.94 | Baseline: 686.12 | Improvement: -1401.81 | Win Rate: 0.00% | Job Loss: 1.5480 | AMR Loss: 0.2200 | Entropy: 1.0125
Epoch [367/1000] | Sampled: 2127.12 | Baseline: 700.25 | Improvement: -1426.88 | Win Rate: 0.00% | Job Loss: -1.8060 | AMR Loss: 0.0372 | Entropy: 1.0061
Epoch [368/1000] | Sampled: 2091.69 | Baseline: 678.00 | Improvement: -1413.69 | Win Rate: 0.00% | Job Loss: -2.0141 | AMR Loss: -0.1786 | Entropy: 0.9749
Epoch [369/1000] | Sampled: 2120.12 | Baseline: 683.25 | Improvement: -1436.88 | Win Rate: 0.00% | Job Loss: -2.0840 | AMR Loss: 0.1567 | Entropy: 0.9860
Epoch [370/1000] | Sampled: 2121.69 | Baseline: 693.19 | Improvement: -1428.50 | Win Rate: 0.00% | Job Loss: -1.4757 | AMR Loss: 0.8239 | Entropy: 0.9920
Epoch [371/1000] | Sampled: 2081.56 | Baseline: 679.69 | Improvement: -1401.88 | Win Rate: 0.00% | Job Loss: -1.1192 | AMR Loss: 1.3200 | Entropy: 1.0109
Epoch [372/1000] | Sampled: 2096.81 | Baseline: 688.69 | Improvement: -1408.12 | Win Rate: 0.00% | Job Loss: -0.5047 | AMR Loss: 0.0476 | Entropy: 1.0120
Epoch [373/1000] | Sampled: 2083.75 | Baseline: 687.56 | Improvement: -1396.19 | Win Rate: 0.00% | Job Loss: 0.8963 | AMR Loss: -0.0934 | Entropy: 1.0052
Epoch [374/1000] | Sampled: 2131.44 | Baseline: 682.69 | Improvement: -1448.75 | Win Rate: 0.00% | Job Loss: 2.4140 | AMR Loss: 0.0364 | Entropy: 0.9716
Epoch [375/1000] | Sampled: 2095.31 | Baseline: 682.19 | Improvement: -1413.12 | Win Rate: 0.00% | Job Loss: 0.2866 | AMR Loss: 0.0407 | Entropy: 1.0304
Epoch [376/1000] | Sampled: 2121.88 | Baseline: 687.88 | Improvement: -1434.00 | Win Rate: 0.00% | Job Loss: -1.7398 | AMR Loss: 0.0305 | Entropy: 1.0090
Epoch [377/1000] | Sampled: 2121.19 | Baseline: 705.56 | Improvement: -1415.62 | Win Rate: 0.00% | Job Loss: -4.2666 | AMR Loss: 0.3362 | Entropy: 1.0241
Epoch [378/1000] | Sampled: 2083.56 | Baseline: 691.94 | Improvement: -1391.62 | Win Rate: 0.00% | Job Loss: -2.9776 | AMR Loss: 0.0415 | Entropy: 1.0324
Epoch [379/1000] | Sampled: 2113.00 | Baseline: 693.75 | Improvement: -1419.25 | Win Rate: 0.00% | Job Loss: -5.4194 | AMR Loss: 0.0446 | Entropy: 1.0022
Epoch [380/1000] | Sampled: 2138.12 | Baseline: 715.44 | Improvement: -1422.69 | Win Rate: 0.00% | Job Loss: -6.1213 | AMR Loss: -0.0513 | Entropy: 1.0291
Epoch [381/1000] | Sampled: 2140.56 | Baseline: 706.81 | Improvement: -1433.75 | Win Rate: 0.00% | Job Loss: -6.8264 | AMR Loss: 0.5930 | Entropy: 0.9886
Epoch [382/1000] | Sampled: 2102.19 | Baseline: 694.00 | Improvement: -1408.19 | Win Rate: 0.00% | Job Loss: -8.3758 | AMR Loss: 0.0312 | Entropy: 1.0163
Epoch [383/1000] | Sampled: 2132.19 | Baseline: 693.50 | Improvement: -1438.69 | Win Rate: 0.00% | Job Loss: -10.5400 | AMR Loss: 0.0459 | Entropy: 1.0474
Epoch [384/1000] | Sampled: 2099.19 | Baseline: 683.19 | Improvement: -1416.00 | Win Rate: 0.00% | Job Loss: -11.4719 | AMR Loss: 0.0266 | Entropy: 1.0290
Epoch [385/1000] | Sampled: 2105.50 | Baseline: 688.94 | Improvement: -1416.56 | Win Rate: 0.00% | Job Loss: -10.8072 | AMR Loss: 0.0290 | Entropy: 1.0304
Epoch [386/1000] | Sampled: 2112.88 | Baseline: 676.88 | Improvement: -1436.00 | Win Rate: 0.00% | Job Loss: -12.2528 | AMR Loss: 0.0312 | Entropy: 1.0505
Epoch [387/1000] | Sampled: 2111.06 | Baseline: 688.75 | Improvement: -1422.31 | Win Rate: 0.00% | Job Loss: -9.6764 | AMR Loss: 0.0579 | Entropy: 1.0747
Epoch [388/1000] | Sampled: 2100.56 | Baseline: 684.88 | Improvement: -1415.69 | Win Rate: 0.00% | Job Loss: -10.5693 | AMR Loss: 0.0304 | Entropy: 1.1119
Epoch [389/1000] | Sampled: 2108.50 | Baseline: 685.38 | Improvement: -1423.12 | Win Rate: 0.00% | Job Loss: -7.7984 | AMR Loss: 0.4630 | Entropy: 1.1389
Epoch [390/1000] | Sampled: 2146.38 | Baseline: 698.12 | Improvement: -1448.25 | Win Rate: 0.00% | Job Loss: -13.3131 | AMR Loss: 0.0390 | Entropy: 1.1569
Epoch [391/1000] | Sampled: 2116.06 | Baseline: 678.81 | Improvement: -1437.25 | Win Rate: 0.00% | Job Loss: -8.2448 | AMR Loss: 0.1272 | Entropy: 1.0968
Epoch [392/1000] | Sampled: 2130.31 | Baseline: 692.94 | Improvement: -1437.38 | Win Rate: 0.00% | Job Loss: -3.5184 | AMR Loss: 0.0381 | Entropy: 1.1252
Epoch [393/1000] | Sampled: 2133.06 | Baseline: 694.12 | Improvement: -1438.94 | Win Rate: 0.00% | Job Loss: -10.0337 | AMR Loss: 0.4522 | Entropy: 1.0855
Epoch [394/1000] | Sampled: 2125.81 | Baseline: 688.31 | Improvement: -1437.50 | Win Rate: 0.00% | Job Loss: -4.0706 | AMR Loss: 0.0296 | Entropy: 1.0660
Epoch [395/1000] | Sampled: 2134.25 | Baseline: 694.06 | Improvement: -1440.19 | Win Rate: 0.00% | Job Loss: -7.1593 | AMR Loss: 0.0330 | Entropy: 1.1051
Epoch [396/1000] | Sampled: 2116.69 | Baseline: 692.88 | Improvement: -1423.81 | Win Rate: 0.00% | Job Loss: -6.4713 | AMR Loss: 0.0383 | Entropy: 1.0897
Epoch [397/1000] | Sampled: 2105.56 | Baseline: 687.75 | Improvement: -1417.81 | Win Rate: 0.00% | Job Loss: -5.6924 | AMR Loss: 1.2798 | Entropy: 1.0988
Epoch [398/1000] | Sampled: 2132.56 | Baseline: 683.25 | Improvement: -1449.31 | Win Rate: 0.00% | Job Loss: -7.3466 | AMR Loss: 0.0302 | Entropy: 1.0966
Epoch [399/1000] | Sampled: 2098.62 | Baseline: 696.25 | Improvement: -1402.38 | Win Rate: 0.00% | Job Loss: -3.3621 | AMR Loss: 0.3869 | Entropy: 1.1055
Epoch [400/1000] | Sampled: 2112.00 | Baseline: 690.38 | Improvement: -1421.62 | Win Rate: 0.00% | Job Loss: -6.8574 | AMR Loss: -2.1203 | Entropy: 1.0895
   -> Saved updated training chart to /home/wei/AMR-DFJSP/Static_alogorithm/GNN/gnn_training_metrics.png
Epoch [401/1000] | Sampled: 2112.81 | Baseline: 686.56 | Improvement: -1426.25 | Win Rate: 0.00% | Job Loss: -6.8484 | AMR Loss: 0.4394 | Entropy: 1.0934
Epoch [402/1000] | Sampled: 2123.62 | Baseline: 683.88 | Improvement: -1439.75 | Win Rate: 0.00% | Job Loss: -3.9907 | AMR Loss: 0.0554 | Entropy: 1.0925
Epoch [403/1000] | Sampled: 2107.06 | Baseline: 700.88 | Improvement: -1406.19 | Win Rate: 0.00% | Job Loss: -7.7986 | AMR Loss: 0.0289 | Entropy: 1.0997
Epoch [404/1000] | Sampled: 2132.31 | Baseline: 699.56 | Improvement: -1432.75 | Win Rate: 0.00% | Job Loss: -9.6867 | AMR Loss: -0.0716 | Entropy: 1.0763
Epoch [405/1000] | Sampled: 2132.69 | Baseline: 697.75 | Improvement: -1434.94 | Win Rate: 0.00% | Job Loss: -9.0048 | AMR Loss: 0.0282 | Entropy: 1.0838
Epoch [406/1000] | Sampled: 2107.25 | Baseline: 695.00 | Improvement: -1412.25 | Win Rate: 0.00% | Job Loss: -6.2493 | AMR Loss: 0.0299 | Entropy: 1.0744
Epoch [407/1000] | Sampled: 2087.81 | Baseline: 680.25 | Improvement: -1407.56 | Win Rate: 0.00% | Job Loss: -4.4941 | AMR Loss: 0.0491 | Entropy: 1.0925
Epoch [408/1000] | Sampled: 2101.62 | Baseline: 676.81 | Improvement: -1424.81 | Win Rate: 0.00% | Job Loss: -9.6436 | AMR Loss: 0.0211 | Entropy: 1.0553
Epoch [409/1000] | Sampled: 2125.69 | Baseline: 692.44 | Improvement: -1433.25 | Win Rate: 0.00% | Job Loss: -5.9947 | AMR Loss: 0.0258 | Entropy: 1.0644
Epoch [410/1000] | Sampled: 2130.25 | Baseline: 689.94 | Improvement: -1440.31 | Win Rate: 0.00% | Job Loss: -5.4085 | AMR Loss: 0.0254 | Entropy: 1.0706
Epoch [411/1000] | Sampled: 2133.62 | Baseline: 693.31 | Improvement: -1440.31 | Win Rate: 0.00% | Job Loss: -4.4796 | AMR Loss: 0.0277 | Entropy: 1.0829
Epoch [412/1000] | Sampled: 2128.94 | Baseline: 696.31 | Improvement: -1432.62 | Win Rate: 0.00% | Job Loss: -5.3274 | AMR Loss: 0.0275 | Entropy: 1.0697
Epoch [413/1000] | Sampled: 2093.00 | Baseline: 685.69 | Improvement: -1407.31 | Win Rate: 0.00% | Job Loss: -1.1723 | AMR Loss: 0.0352 | Entropy: 1.0674
Epoch [414/1000] | Sampled: 2149.19 | Baseline: 705.88 | Improvement: -1443.31 | Win Rate: 0.00% | Job Loss: -4.3743 | AMR Loss: 0.0282 | Entropy: 1.0741
Epoch [415/1000] | Sampled: 2120.00 | Baseline: 698.50 | Improvement: -1421.50 | Win Rate: 0.00% | Job Loss: -2.5230 | AMR Loss: 0.2395 | Entropy: 1.1076
Epoch [416/1000] | Sampled: 2111.19 | Baseline: 698.62 | Improvement: -1412.56 | Win Rate: 0.00% | Job Loss: -1.6995 | AMR Loss: 0.4727 | Entropy: 1.1474
Epoch [417/1000] | Sampled: 2124.75 | Baseline: 695.19 | Improvement: -1429.56 | Win Rate: 0.00% | Job Loss: -8.0118 | AMR Loss: 0.8488 | Entropy: 1.1303
Epoch [418/1000] | Sampled: 2099.25 | Baseline: 675.50 | Improvement: -1423.75 | Win Rate: 0.00% | Job Loss: -8.6013 | AMR Loss: -0.1309 | Entropy: 1.1774
Epoch [419/1000] | Sampled: 2121.81 | Baseline: 705.88 | Improvement: -1415.94 | Win Rate: 0.00% | Job Loss: -4.0333 | AMR Loss: -0.0197 | Entropy: 1.1359
Epoch [420/1000] | Sampled: 2140.44 | Baseline: 708.88 | Improvement: -1431.56 | Win Rate: 0.00% | Job Loss: -9.5847 | AMR Loss: 0.0251 | Entropy: 1.1533
Epoch [421/1000] | Sampled: 2119.44 | Baseline: 682.12 | Improvement: -1437.31 | Win Rate: 0.00% | Job Loss: -9.4045 | AMR Loss: 0.0215 | Entropy: 1.1444
Epoch [422/1000] | Sampled: 2104.38 | Baseline: 696.31 | Improvement: -1408.06 | Win Rate: 0.00% | Job Loss: -4.1751 | AMR Loss: 0.0279 | Entropy: 1.1357
Epoch [423/1000] | Sampled: 2116.88 | Baseline: 697.50 | Improvement: -1419.38 | Win Rate: 0.00% | Job Loss: -7.5849 | AMR Loss: 0.0233 | Entropy: 1.1124
Epoch [424/1000] | Sampled: 2112.81 | Baseline: 699.44 | Improvement: -1413.38 | Win Rate: 0.00% | Job Loss: -7.1274 | AMR Loss: 0.3245 | Entropy: 1.1149
Epoch [425/1000] | Sampled: 2128.44 | Baseline: 700.00 | Improvement: -1428.44 | Win Rate: 0.00% | Job Loss: -4.1515 | AMR Loss: 0.0210 | Entropy: 1.1272
Epoch [426/1000] | Sampled: 2107.38 | Baseline: 715.62 | Improvement: -1391.75 | Win Rate: 0.00% | Job Loss: -6.4325 | AMR Loss: 0.4644 | Entropy: 1.1302
Epoch [427/1000] | Sampled: 2118.94 | Baseline: 690.25 | Improvement: -1428.69 | Win Rate: 0.00% | Job Loss: -0.7432 | AMR Loss: -0.3430 | Entropy: 1.1078
Epoch [428/1000] | Sampled: 2112.69 | Baseline: 699.75 | Improvement: -1412.94 | Win Rate: 0.00% | Job Loss: -3.8819 | AMR Loss: 0.4497 | Entropy: 1.1030
Epoch [429/1000] | Sampled: 2088.44 | Baseline: 658.06 | Improvement: -1430.38 | Win Rate: 0.00% | Job Loss: -3.0140 | AMR Loss: 0.4401 | Entropy: 1.1023
Epoch [430/1000] | Sampled: 2126.69 | Baseline: 699.50 | Improvement: -1427.19 | Win Rate: 0.00% | Job Loss: -5.9770 | AMR Loss: 0.0265 | Entropy: 1.0895
Epoch [431/1000] | Sampled: 2126.44 | Baseline: 684.06 | Improvement: -1442.38 | Win Rate: 0.00% | Job Loss: -3.0625 | AMR Loss: 0.2077 | Entropy: 1.0810
Epoch [432/1000] | Sampled: 2106.50 | Baseline: 685.25 | Improvement: -1421.25 | Win Rate: 0.00% | Job Loss: -5.5813 | AMR Loss: 0.0206 | Entropy: 1.1467
Epoch [433/1000] | Sampled: 2126.25 | Baseline: 695.56 | Improvement: -1430.69 | Win Rate: 0.00% | Job Loss: -4.2575 | AMR Loss: -0.2784 | Entropy: 1.0975
Epoch [434/1000] | Sampled: 2112.88 | Baseline: 675.81 | Improvement: -1437.06 | Win Rate: 0.00% | Job Loss: -4.4393 | AMR Loss: -0.1387 | Entropy: 1.1197
Epoch [435/1000] | Sampled: 2105.69 | Baseline: 677.50 | Improvement: -1428.19 | Win Rate: 0.00% | Job Loss: -4.3822 | AMR Loss: -0.1795 | Entropy: 1.1194
Epoch [436/1000] | Sampled: 2119.75 | Baseline: 679.69 | Improvement: -1440.06 | Win Rate: 0.00% | Job Loss: -3.8528 | AMR Loss: 0.0146 | Entropy: 1.1302
Epoch [437/1000] | Sampled: 2082.56 | Baseline: 689.25 | Improvement: -1393.31 | Win Rate: 0.00% | Job Loss: -1.5985 | AMR Loss: 0.5972 | Entropy: 1.1994
Epoch [438/1000] | Sampled: 2103.62 | Baseline: 691.00 | Improvement: -1412.62 | Win Rate: 0.00% | Job Loss: -2.9434 | AMR Loss: 0.0184 | Entropy: 1.1806
Epoch [439/1000] | Sampled: 2138.75 | Baseline: 701.56 | Improvement: -1437.19 | Win Rate: 0.00% | Job Loss: -1.9395 | AMR Loss: 0.0234 | Entropy: 1.1462
Epoch [440/1000] | Sampled: 2122.31 | Baseline: 697.00 | Improvement: -1425.31 | Win Rate: 0.00% | Job Loss: -4.2969 | AMR Loss: 0.0193 | Entropy: 1.1776
Epoch [441/1000] | Sampled: 2143.06 | Baseline: 701.44 | Improvement: -1441.62 | Win Rate: 0.00% | Job Loss: -2.9981 | AMR Loss: 0.0175 | Entropy: 1.1508
Epoch [442/1000] | Sampled: 2115.56 | Baseline: 683.44 | Improvement: -1432.12 | Win Rate: 0.00% | Job Loss: -2.4441 | AMR Loss: 0.0186 | Entropy: 1.1466
Epoch [443/1000] | Sampled: 2103.75 | Baseline: 687.50 | Improvement: -1416.25 | Win Rate: 0.00% | Job Loss: -0.8793 | AMR Loss: 0.3259 | Entropy: 1.1318
Epoch [444/1000] | Sampled: 2099.62 | Baseline: 692.94 | Improvement: -1406.69 | Win Rate: 0.00% | Job Loss: -1.7193 | AMR Loss: 0.0210 | Entropy: 1.1062
Epoch [445/1000] | Sampled: 2133.88 | Baseline: 700.00 | Improvement: -1433.88 | Win Rate: 0.00% | Job Loss: -2.2414 | AMR Loss: 0.5459 | Entropy: 1.0472
Epoch [446/1000] | Sampled: 2107.12 | Baseline: 691.81 | Improvement: -1415.31 | Win Rate: 0.00% | Job Loss: -2.1955 | AMR Loss: 0.0185 | Entropy: 1.0462
Epoch [447/1000] | Sampled: 2131.62 | Baseline: 693.88 | Improvement: -1437.75 | Win Rate: 0.00% | Job Loss: -3.1414 | AMR Loss: 0.0236 | Entropy: 1.0529
Epoch [448/1000] | Sampled: 2123.75 | Baseline: 687.00 | Improvement: -1436.75 | Win Rate: 0.00% | Job Loss: -1.4913 | AMR Loss: 0.0149 | Entropy: 1.0225
Epoch [449/1000] | Sampled: 2131.69 | Baseline: 693.00 | Improvement: -1438.69 | Win Rate: 0.00% | Job Loss: -2.0428 | AMR Loss: 0.0209 | Entropy: 1.0206
Epoch [450/1000] | Sampled: 2150.44 | Baseline: 686.81 | Improvement: -1463.62 | Win Rate: 0.00% | Job Loss: -1.0568 | AMR Loss: 0.0092 | Entropy: 1.0116
Epoch [451/1000] | Sampled: 2117.81 | Baseline: 687.31 | Improvement: -1430.50 | Win Rate: 0.00% | Job Loss: 0.5746 | AMR Loss: 0.0176 | Entropy: 1.0095
Epoch [452/1000] | Sampled: 2089.12 | Baseline: 679.62 | Improvement: -1409.50 | Win Rate: 0.00% | Job Loss: 0.7258 | AMR Loss: 0.0175 | Entropy: 1.0451
Epoch [453/1000] | Sampled: 2123.06 | Baseline: 709.44 | Improvement: -1413.62 | Win Rate: 0.00% | Job Loss: 2.1341 | AMR Loss: 0.0231 | Entropy: 1.0700
Epoch [454/1000] | Sampled: 2127.56 | Baseline: 708.50 | Improvement: -1419.06 | Win Rate: 0.00% | Job Loss: 0.0556 | AMR Loss: 0.0201 | Entropy: 1.0471
Epoch [455/1000] | Sampled: 2129.94 | Baseline: 702.31 | Improvement: -1427.62 | Win Rate: 0.00% | Job Loss: 0.1673 | AMR Loss: 0.3494 | Entropy: 1.0697
Epoch [456/1000] | Sampled: 2122.62 | Baseline: 706.31 | Improvement: -1416.31 | Win Rate: 0.00% | Job Loss: 1.4660 | AMR Loss: 0.0218 | Entropy: 1.0190
Epoch [457/1000] | Sampled: 2134.56 | Baseline: 700.50 | Improvement: -1434.06 | Win Rate: 0.00% | Job Loss: 0.0665 | AMR Loss: 0.0136 | Entropy: 1.0218
Epoch [458/1000] | Sampled: 2110.31 | Baseline: 688.56 | Improvement: -1421.75 | Win Rate: 0.00% | Job Loss: 0.2996 | AMR Loss: 0.0199 | Entropy: 0.9904
Epoch [459/1000] | Sampled: 2128.25 | Baseline: 695.38 | Improvement: -1432.88 | Win Rate: 0.00% | Job Loss: -1.3213 | AMR Loss: 0.0168 | Entropy: 0.9757
Epoch [460/1000] | Sampled: 2114.19 | Baseline: 694.81 | Improvement: -1419.38 | Win Rate: 0.00% | Job Loss: -0.0258 | AMR Loss: 0.0158 | Entropy: 0.9907
Epoch [461/1000] | Sampled: 2126.00 | Baseline: 714.00 | Improvement: -1412.00 | Win Rate: 0.00% | Job Loss: -1.9848 | AMR Loss: -0.3063 | Entropy: 0.9903
Epoch [462/1000] | Sampled: 2112.19 | Baseline: 688.62 | Improvement: -1423.56 | Win Rate: 0.00% | Job Loss: -2.4783 | AMR Loss: 0.0178 | Entropy: 0.9657
Epoch [463/1000] | Sampled: 2127.06 | Baseline: 702.56 | Improvement: -1424.50 | Win Rate: 0.00% | Job Loss: -1.0259 | AMR Loss: 0.0193 | Entropy: 0.9959
Epoch [464/1000] | Sampled: 2148.38 | Baseline: 708.31 | Improvement: -1440.06 | Win Rate: 0.00% | Job Loss: 0.1784 | AMR Loss: 0.0165 | Entropy: 0.9878
Epoch [465/1000] | Sampled: 2116.19 | Baseline: 702.50 | Improvement: -1413.69 | Win Rate: 0.00% | Job Loss: -0.4148 | AMR Loss: 0.0211 | Entropy: 1.0469
Epoch [466/1000] | Sampled: 2143.12 | Baseline: 697.19 | Improvement: -1445.94 | Win Rate: 0.00% | Job Loss: -6.7681 | AMR Loss: 0.3357 | Entropy: 1.0187
Epoch [467/1000] | Sampled: 2102.56 | Baseline: 675.94 | Improvement: -1426.62 | Win Rate: 0.00% | Job Loss: -4.9259 | AMR Loss: -0.1338 | Entropy: 1.0245
Epoch [468/1000] | Sampled: 2111.81 | Baseline: 698.19 | Improvement: -1413.62 | Win Rate: 0.00% | Job Loss: -3.2781 | AMR Loss: 0.0210 | Entropy: 0.9951
Epoch [469/1000] | Sampled: 2129.88 | Baseline: 690.56 | Improvement: -1439.31 | Win Rate: 0.00% | Job Loss: -2.2471 | AMR Loss: 0.0134 | Entropy: 0.9980
Epoch [470/1000] | Sampled: 2113.81 | Baseline: 699.62 | Improvement: -1414.19 | Win Rate: 0.00% | Job Loss: 0.2765 | AMR Loss: 0.3845 | Entropy: 1.0042
Epoch [471/1000] | Sampled: 2111.19 | Baseline: 686.00 | Improvement: -1425.19 | Win Rate: 0.00% | Job Loss: 1.9456 | AMR Loss: 0.0219 | Entropy: 0.9849
Epoch [472/1000] | Sampled: 2110.00 | Baseline: 692.00 | Improvement: -1418.00 | Win Rate: 0.00% | Job Loss: 1.0085 | AMR Loss: -0.1139 | Entropy: 1.0164
Epoch [473/1000] | Sampled: 2109.06 | Baseline: 696.25 | Improvement: -1412.81 | Win Rate: 0.00% | Job Loss: -0.9002 | AMR Loss: -0.0230 | Entropy: 1.0803
Epoch [474/1000] | Sampled: 2106.94 | Baseline: 689.25 | Improvement: -1417.69 | Win Rate: 0.00% | Job Loss: -1.8376 | AMR Loss: 0.0205 | Entropy: 1.0576
Epoch [475/1000] | Sampled: 2126.81 | Baseline: 706.44 | Improvement: -1420.38 | Win Rate: 0.00% | Job Loss: -0.4062 | AMR Loss: 0.5968 | Entropy: 1.0451
Epoch [476/1000] | Sampled: 2126.00 | Baseline: 685.38 | Improvement: -1440.62 | Win Rate: 0.00% | Job Loss: -1.8556 | AMR Loss: 0.0152 | Entropy: 1.0270
Epoch [477/1000] | Sampled: 2091.44 | Baseline: 696.75 | Improvement: -1394.69 | Win Rate: 0.00% | Job Loss: -4.3787 | AMR Loss: 0.0200 | Entropy: 1.0203
Epoch [478/1000] | Sampled: 2113.62 | Baseline: 691.25 | Improvement: -1422.38 | Win Rate: 0.00% | Job Loss: -4.0248 | AMR Loss: 0.0157 | Entropy: 1.0217
Epoch [479/1000] | Sampled: 2115.81 | Baseline: 691.31 | Improvement: -1424.50 | Win Rate: 0.00% | Job Loss: -3.2704 | AMR Loss: 0.4555 | Entropy: 1.0007
Epoch [480/1000] | Sampled: 2114.94 | Baseline: 676.31 | Improvement: -1438.62 | Win Rate: 0.00% | Job Loss: -2.0660 | AMR Loss: 0.0124 | Entropy: 0.9972
Epoch [481/1000] | Sampled: 2108.69 | Baseline: 685.00 | Improvement: -1423.69 | Win Rate: 0.00% | Job Loss: -5.4449 | AMR Loss: 0.0156 | Entropy: 1.0022
Epoch [482/1000] | Sampled: 2119.06 | Baseline: 690.50 | Improvement: -1428.56 | Win Rate: 0.00% | Job Loss: -2.2666 | AMR Loss: 0.0129 | Entropy: 0.9768
Epoch [483/1000] | Sampled: 2134.25 | Baseline: 693.81 | Improvement: -1440.44 | Win Rate: 0.00% | Job Loss: -3.6617 | AMR Loss: 0.0166 | Entropy: 0.9630
Epoch [484/1000] | Sampled: 2114.12 | Baseline: 683.69 | Improvement: -1430.44 | Win Rate: 0.00% | Job Loss: 0.4341 | AMR Loss: 0.0145 | Entropy: 0.9811
Epoch [485/1000] | Sampled: 2118.19 | Baseline: 685.25 | Improvement: -1432.94 | Win Rate: 0.00% | Job Loss: -1.2758 | AMR Loss: 0.0202 | Entropy: 0.9668
Epoch [486/1000] | Sampled: 2143.50 | Baseline: 694.12 | Improvement: -1449.38 | Win Rate: 0.00% | Job Loss: -2.1435 | AMR Loss: 0.0167 | Entropy: 1.0043
Epoch [487/1000] | Sampled: 2100.62 | Baseline: 672.44 | Improvement: -1428.19 | Win Rate: 0.00% | Job Loss: 1.4313 | AMR Loss: 0.0169 | Entropy: 0.9970
Epoch [488/1000] | Sampled: 2130.56 | Baseline: 686.81 | Improvement: -1443.75 | Win Rate: 0.00% | Job Loss: 0.7970 | AMR Loss: 0.0180 | Entropy: 0.9857
Epoch [489/1000] | Sampled: 2140.19 | Baseline: 693.69 | Improvement: -1446.50 | Win Rate: 0.00% | Job Loss: 0.9897 | AMR Loss: 0.0174 | Entropy: 0.9832
Epoch [490/1000] | Sampled: 2118.19 | Baseline: 695.25 | Improvement: -1422.94 | Win Rate: 0.00% | Job Loss: 1.1278 | AMR Loss: 0.0149 | Entropy: 0.9742
Epoch [491/1000] | Sampled: 2120.81 | Baseline: 688.88 | Improvement: -1431.94 | Win Rate: 0.00% | Job Loss: 2.3076 | AMR Loss: 0.0180 | Entropy: 0.9863
Epoch [492/1000] | Sampled: 2144.06 | Baseline: 699.19 | Improvement: -1444.88 | Win Rate: 0.00% | Job Loss: -0.4566 | AMR Loss: 0.0200 | Entropy: 0.9758
Epoch [493/1000] | Sampled: 2122.56 | Baseline: 690.12 | Improvement: -1432.44 | Win Rate: 0.00% | Job Loss: 0.8391 | AMR Loss: 0.8172 | Entropy: 0.9937
Epoch [494/1000] | Sampled: 2150.50 | Baseline: 702.88 | Improvement: -1447.62 | Win Rate: 0.00% | Job Loss: -0.3224 | AMR Loss: 0.0176 | Entropy: 0.9588
Epoch [495/1000] | Sampled: 2113.94 | Baseline: 691.25 | Improvement: -1422.69 | Win Rate: 0.00% | Job Loss: -1.2895 | AMR Loss: 0.0184 | Entropy: 0.9709
Epoch [496/1000] | Sampled: 2116.94 | Baseline: 696.88 | Improvement: -1420.06 | Win Rate: 0.00% | Job Loss: 2.8659 | AMR Loss: 0.0170 | Entropy: 0.9658
Epoch [497/1000] | Sampled: 2127.56 | Baseline: 689.50 | Improvement: -1438.06 | Win Rate: 0.00% | Job Loss: -0.3484 | AMR Loss: 0.0122 | Entropy: 0.9569
Epoch [498/1000] | Sampled: 2107.50 | Baseline: 681.12 | Improvement: -1426.38 | Win Rate: 0.00% | Job Loss: 0.3927 | AMR Loss: 0.0124 | Entropy: 0.9531
Epoch [499/1000] | Sampled: 2133.81 | Baseline: 691.62 | Improvement: -1442.19 | Win Rate: 0.00% | Job Loss: -1.4377 | AMR Loss: 0.0155 | Entropy: 0.9667
Epoch [500/1000] | Sampled: 2112.69 | Baseline: 702.88 | Improvement: -1409.81 | Win Rate: 0.00% | Job Loss: -1.3465 | AMR Loss: 0.3942 | Entropy: 0.9650
   -> Saved updated training chart to /home/wei/AMR-DFJSP/Static_alogorithm/GNN/gnn_training_metrics.png
Epoch [501/1000] | Sampled: 2139.94 | Baseline: 692.44 | Improvement: -1447.50 | Win Rate: 0.00% | Job Loss: -1.4683 | AMR Loss: 0.0143 | Entropy: 0.9546
Epoch [502/1000] | Sampled: 2124.75 | Baseline: 714.44 | Improvement: -1410.31 | Win Rate: 0.00% | Job Loss: -0.1895 | AMR Loss: 0.0156 | Entropy: 0.9389
Epoch [503/1000] | Sampled: 2102.31 | Baseline: 682.75 | Improvement: -1419.56 | Win Rate: 0.00% | Job Loss: -2.7206 | AMR Loss: -0.0514 | Entropy: 0.9603
Epoch [504/1000] | Sampled: 2094.00 | Baseline: 673.00 | Improvement: -1421.00 | Win Rate: 0.00% | Job Loss: -1.4425 | AMR Loss: -0.1979 | Entropy: 0.9466
Epoch [505/1000] | Sampled: 2100.06 | Baseline: 679.50 | Improvement: -1420.56 | Win Rate: 0.00% | Job Loss: -3.0324 | AMR Loss: 0.2457 | Entropy: 0.9610
Epoch [506/1000] | Sampled: 2110.00 | Baseline: 694.12 | Improvement: -1415.88 | Win Rate: 0.00% | Job Loss: -1.1839 | AMR Loss: 0.0175 | Entropy: 0.9535
Epoch [507/1000] | Sampled: 2073.62 | Baseline: 671.50 | Improvement: -1402.12 | Win Rate: 0.00% | Job Loss: -0.8524 | AMR Loss: 0.2397 | Entropy: 0.9376
Epoch [508/1000] | Sampled: 2123.12 | Baseline: 689.19 | Improvement: -1433.94 | Win Rate: 0.00% | Job Loss: -3.0171 | AMR Loss: 0.0143 | Entropy: 0.9546
Epoch [509/1000] | Sampled: 2112.81 | Baseline: 677.12 | Improvement: -1435.69 | Win Rate: 0.00% | Job Loss: -2.1006 | AMR Loss: 0.0077 | Entropy: 0.9421
Epoch [510/1000] | Sampled: 2126.44 | Baseline: 680.06 | Improvement: -1446.38 | Win Rate: 0.00% | Job Loss: -1.6334 | AMR Loss: 0.0097 | Entropy: 0.9303
Epoch [511/1000] | Sampled: 2086.44 | Baseline: 693.38 | Improvement: -1393.06 | Win Rate: 0.00% | Job Loss: -0.8700 | AMR Loss: 0.1598 | Entropy: 0.9382
Epoch [512/1000] | Sampled: 2109.56 | Baseline: 683.06 | Improvement: -1426.50 | Win Rate: 0.00% | Job Loss: -1.4445 | AMR Loss: 0.0127 | Entropy: 0.9568
Epoch [513/1000] | Sampled: 2137.44 | Baseline: 692.75 | Improvement: -1444.69 | Win Rate: 0.00% | Job Loss: 0.7098 | AMR Loss: 0.3616 | Entropy: 0.9684
Epoch [514/1000] | Sampled: 2094.81 | Baseline: 683.25 | Improvement: -1411.56 | Win Rate: 0.00% | Job Loss: 0.9778 | AMR Loss: 0.0162 | Entropy: 0.9648
Epoch [515/1000] | Sampled: 2115.19 | Baseline: 693.50 | Improvement: -1421.69 | Win Rate: 0.00% | Job Loss: -3.5263 | AMR Loss: 0.0170 | Entropy: 0.9513
Epoch [516/1000] | Sampled: 2109.50 | Baseline: 691.56 | Improvement: -1417.94 | Win Rate: 0.00% | Job Loss: -3.0752 | AMR Loss: 0.0144 | Entropy: 0.9632
Epoch [517/1000] | Sampled: 2128.44 | Baseline: 688.75 | Improvement: -1439.69 | Win Rate: 0.00% | Job Loss: 0.4060 | AMR Loss: 0.0123 | Entropy: 0.9632
Epoch [518/1000] | Sampled: 2120.06 | Baseline: 688.31 | Improvement: -1431.75 | Win Rate: 0.00% | Job Loss: -2.8148 | AMR Loss: 0.0148 | Entropy: 0.9541
Epoch [519/1000] | Sampled: 2124.00 | Baseline: 701.88 | Improvement: -1422.12 | Win Rate: 0.00% | Job Loss: -1.6338 | AMR Loss: 0.0166 | Entropy: 0.9641
Epoch [520/1000] | Sampled: 2122.00 | Baseline: 681.62 | Improvement: -1440.38 | Win Rate: 0.00% | Job Loss: -2.3564 | AMR Loss: 0.2200 | Entropy: 0.9367
Epoch [521/1000] | Sampled: 2112.69 | Baseline: 705.12 | Improvement: -1407.56 | Win Rate: 0.00% | Job Loss: -1.3002 | AMR Loss: 0.2531 | Entropy: 0.9485
Epoch [522/1000] | Sampled: 2106.56 | Baseline: 681.69 | Improvement: -1424.88 | Win Rate: 0.00% | Job Loss: -3.1862 | AMR Loss: 0.0145 | Entropy: 0.9351
Epoch [523/1000] | Sampled: 2108.62 | Baseline: 695.62 | Improvement: -1413.00 | Win Rate: 0.00% | Job Loss: -2.5581 | AMR Loss: 0.0133 | Entropy: 0.9382
Epoch [524/1000] | Sampled: 2084.69 | Baseline: 680.81 | Improvement: -1403.88 | Win Rate: 0.00% | Job Loss: -2.5955 | AMR Loss: 0.2642 | Entropy: 0.9438
Epoch [525/1000] | Sampled: 2132.25 | Baseline: 708.19 | Improvement: -1424.06 | Win Rate: 0.00% | Job Loss: -1.4901 | AMR Loss: 0.0126 | Entropy: 0.9458
Epoch [526/1000] | Sampled: 2149.44 | Baseline: 712.94 | Improvement: -1436.50 | Win Rate: 0.00% | Job Loss: -1.7704 | AMR Loss: 0.0154 | Entropy: 0.9454
Epoch [527/1000] | Sampled: 2112.38 | Baseline: 684.19 | Improvement: -1428.19 | Win Rate: 0.00% | Job Loss: -1.6972 | AMR Loss: 0.0127 | Entropy: 0.9359
Epoch [528/1000] | Sampled: 2120.12 | Baseline: 702.75 | Improvement: -1417.38 | Win Rate: 0.00% | Job Loss: -0.7822 | AMR Loss: 0.0162 | Entropy: 0.9376
Epoch [529/1000] | Sampled: 2122.62 | Baseline: 690.69 | Improvement: -1431.94 | Win Rate: 0.00% | Job Loss: -1.0125 | AMR Loss: 0.0133 | Entropy: 0.9223
Epoch [530/1000] | Sampled: 2128.75 | Baseline: 682.94 | Improvement: -1445.81 | Win Rate: 0.00% | Job Loss: -0.4410 | AMR Loss: 0.0110 | Entropy: 0.9480
Epoch [531/1000] | Sampled: 2115.50 | Baseline: 703.00 | Improvement: -1412.50 | Win Rate: 0.00% | Job Loss: -3.1717 | AMR Loss: 0.0169 | Entropy: 0.9571
Epoch [532/1000] | Sampled: 2131.56 | Baseline: 681.75 | Improvement: -1449.81 | Win Rate: 0.00% | Job Loss: -1.1954 | AMR Loss: 0.0104 | Entropy: 0.9385
Epoch [533/1000] | Sampled: 2110.25 | Baseline: 683.81 | Improvement: -1426.44 | Win Rate: 0.00% | Job Loss: -0.2977 | AMR Loss: 0.0102 | Entropy: 0.9443
Epoch [534/1000] | Sampled: 2111.19 | Baseline: 681.81 | Improvement: -1429.38 | Win Rate: 0.00% | Job Loss: -1.4731 | AMR Loss: 0.0097 | Entropy: 0.9346
Epoch [535/1000] | Sampled: 2122.00 | Baseline: 703.44 | Improvement: -1418.56 | Win Rate: 0.00% | Job Loss: -2.8228 | AMR Loss: 0.0161 | Entropy: 0.9328
Epoch [536/1000] | Sampled: 2118.12 | Baseline: 694.44 | Improvement: -1423.69 | Win Rate: 0.00% | Job Loss: -0.0425 | AMR Loss: 0.0120 | Entropy: 0.9543
Epoch [537/1000] | Sampled: 2086.38 | Baseline: 686.06 | Improvement: -1400.31 | Win Rate: 0.00% | Job Loss: 0.2790 | AMR Loss: 0.0155 | Entropy: 0.9548
Epoch [538/1000] | Sampled: 2141.19 | Baseline: 700.06 | Improvement: -1441.12 | Win Rate: 0.00% | Job Loss: 1.2013 | AMR Loss: 0.0108 | Entropy: 0.9391
Epoch [539/1000] | Sampled: 2149.69 | Baseline: 718.56 | Improvement: -1431.12 | Win Rate: 0.00% | Job Loss: -1.0074 | AMR Loss: 0.0122 | Entropy: 0.9441
Epoch [540/1000] | Sampled: 2134.94 | Baseline: 694.94 | Improvement: -1440.00 | Win Rate: 0.00% | Job Loss: -1.0441 | AMR Loss: 0.0107 | Entropy: 0.9520
Epoch [541/1000] | Sampled: 2131.69 | Baseline: 695.44 | Improvement: -1436.25 | Win Rate: 0.00% | Job Loss: -3.7173 | AMR Loss: 0.0243 | Entropy: 0.9534
Epoch [542/1000] | Sampled: 2130.19 | Baseline: 692.12 | Improvement: -1438.06 | Win Rate: 0.00% | Job Loss: -1.0735 | AMR Loss: 0.0104 | Entropy: 0.9560
Epoch [543/1000] | Sampled: 2117.88 | Baseline: 693.75 | Improvement: -1424.12 | Win Rate: 0.00% | Job Loss: -2.7538 | AMR Loss: 0.0119 | Entropy: 0.9411
Traceback (most recent call last):
  File "/home/wei/AMR-DFJSP/Static_alogorithm/GNN/train_gnn.py", line 603, in <module>
    train(build_parser().parse_args())
  File "/home/wei/AMR-DFJSP/Static_alogorithm/GNN/train_gnn.py", line 572, in train
    train_reinforce(args)
  File "/home/wei/AMR-DFJSP/Static_alogorithm/GNN/train_gnn.py", line 345, in train_reinforce
