Training on: cuda
Loaded 100 dispatch events from /home/wei/AMR-DFJSP/test_case/static/dispatch_inbox_20.jsonl
Loaded 100 dispatch events from /home/wei/AMR-DFJSP/test_case/static/dispatch_inbox_40.jsonl
Loaded 100 dispatch events from /home/wei/AMR-DFJSP/test_case/static/dispatch_inbox_60.jsonl
Loaded 100 dispatch events from /home/wei/AMR-DFJSP/test_case/static/dispatch_inbox_80.jsonl
Loaded 100 dispatch events from /home/wei/AMR-DFJSP/test_case/static/dispatch_inbox_100.jsonl
Starting Attention REINFORCE training with dispatch baseline 'earliest_completion_job+earliest_completion' (stepwise).
Epoch [1/2000] | Sampled: 1178.62 | Baseline: 778.38 | Improvement: -400.25 | Win Rate: 0.00% | Actor Loss: 5.3029 | Entropy: 4.1282
   -> Saved new best model (Makespan: 1178.62)
   -> Saved updated training chart to /home/wei/AMR-DFJSP/Static_alogorithm/Attention/attention_training_metrics.png
Epoch [2/2000] | Sampled: 1577.62 | Baseline: 852.19 | Improvement: -725.44 | Win Rate: 0.00% | Actor Loss: 5.9927 | Entropy: 4.1167
Epoch [3/2000] | Sampled: 1892.94 | Baseline: 747.19 | Improvement: -1145.75 | Win Rate: 0.00% | Actor Loss: 14.0769 | Entropy: 3.5465
Epoch [4/2000] | Sampled: 2095.94 | Baseline: 779.31 | Improvement: -1316.62 | Win Rate: 0.00% | Actor Loss: 16.8936 | Entropy: 3.3246
Epoch [5/2000] | Sampled: 1997.75 | Baseline: 713.00 | Improvement: -1284.75 | Win Rate: 0.00% | Actor Loss: 12.4614 | Entropy: 3.1694
Epoch [6/2000] | Sampled: 1856.31 | Baseline: 658.94 | Improvement: -1197.38 | Win Rate: 0.00% | Actor Loss: 11.2515 | Entropy: 3.0002
Epoch [7/2000] | Sampled: 2019.62 | Baseline: 712.94 | Improvement: -1306.69 | Win Rate: 0.00% | Actor Loss: 12.5294 | Entropy: 3.0209
Epoch [8/2000] | Sampled: 1956.44 | Baseline: 685.38 | Improvement: -1271.06 | Win Rate: 0.00% | Actor Loss: 9.3037 | Entropy: 2.9965
Epoch [9/2000] | Sampled: 2099.69 | Baseline: 723.88 | Improvement: -1375.81 | Win Rate: 0.00% | Actor Loss: 8.1558 | Entropy: 2.9514
Epoch [10/2000] | Sampled: 2193.69 | Baseline: 742.19 | Improvement: -1451.50 | Win Rate: 0.00% | Actor Loss: 10.4471 | Entropy: 2.9909
Epoch [11/2000] | Sampled: 2216.94 | Baseline: 760.94 | Improvement: -1456.00 | Win Rate: 0.00% | Actor Loss: 10.5782 | Entropy: 2.9317
Epoch [12/2000] | Sampled: 2198.44 | Baseline: 761.31 | Improvement: -1437.12 | Win Rate: 0.00% | Actor Loss: 10.1909 | Entropy: 2.9616
Epoch [13/2000] | Sampled: 2157.50 | Baseline: 752.06 | Improvement: -1405.44 | Win Rate: 0.00% | Actor Loss: 11.5905 | Entropy: 2.9512
Epoch [14/2000] | Sampled: 2092.81 | Baseline: 716.12 | Improvement: -1376.69 | Win Rate: 0.00% | Actor Loss: 10.0320 | Entropy: 2.9462
Epoch [15/2000] | Sampled: 2318.12 | Baseline: 807.75 | Improvement: -1510.38 | Win Rate: 0.00% | Actor Loss: 10.0630 | Entropy: 3.0932
Epoch [16/2000] | Sampled: 2145.25 | Baseline: 743.25 | Improvement: -1402.00 | Win Rate: 0.00% | Actor Loss: 9.0280 | Entropy: 2.9738
Epoch [17/2000] | Sampled: 2089.56 | Baseline: 726.25 | Improvement: -1363.31 | Win Rate: 0.00% | Actor Loss: 8.1500 | Entropy: 2.9305
Epoch [18/2000] | Sampled: 2158.06 | Baseline: 752.56 | Improvement: -1405.50 | Win Rate: 0.00% | Actor Loss: 10.7272 | Entropy: 2.8572
Epoch [19/2000] | Sampled: 2199.88 | Baseline: 758.31 | Improvement: -1441.56 | Win Rate: 0.00% | Actor Loss: 11.6612 | Entropy: 2.9065
Epoch [20/2000] | Sampled: 2375.00 | Baseline: 820.00 | Improvement: -1555.00 | Win Rate: 0.00% | Actor Loss: 8.1709 | Entropy: 2.9264
Epoch [21/2000] | Sampled: 2094.06 | Baseline: 717.44 | Improvement: -1376.62 | Win Rate: 0.00% | Actor Loss: 0.4705 | Entropy: 2.6783
Epoch [22/2000] | Sampled: 2297.19 | Baseline: 780.31 | Improvement: -1516.88 | Win Rate: 0.00% | Actor Loss: -3.5523 | Entropy: 2.7823
Epoch [23/2000] | Sampled: 1798.56 | Baseline: 613.75 | Improvement: -1184.81 | Win Rate: 0.00% | Actor Loss: -1.9406 | Entropy: 2.5657
Epoch [24/2000] | Sampled: 2034.44 | Baseline: 707.00 | Improvement: -1327.44 | Win Rate: 0.00% | Actor Loss: -1.2150 | Entropy: 2.3981
Epoch [25/2000] | Sampled: 2294.69 | Baseline: 782.69 | Improvement: -1512.00 | Win Rate: 0.00% | Actor Loss: 0.1871 | Entropy: 2.3074
Epoch [26/2000] | Sampled: 2598.94 | Baseline: 882.19 | Improvement: -1716.75 | Win Rate: 0.00% | Actor Loss: 0.3170 | Entropy: 2.3003
Epoch [27/2000] | Sampled: 2048.25 | Baseline: 709.88 | Improvement: -1338.38 | Win Rate: 0.00% | Actor Loss: -1.1080 | Entropy: 2.1746
Epoch [28/2000] | Sampled: 2231.75 | Baseline: 757.31 | Improvement: -1474.44 | Win Rate: 0.00% | Actor Loss: 2.4657 | Entropy: 2.1862
Epoch [29/2000] | Sampled: 2380.56 | Baseline: 806.88 | Improvement: -1573.69 | Win Rate: 0.00% | Actor Loss: 0.0114 | Entropy: 2.0508
Epoch [30/2000] | Sampled: 1906.31 | Baseline: 646.75 | Improvement: -1259.56 | Win Rate: 0.00% | Actor Loss: 3.8790 | Entropy: 1.8692
Epoch [31/2000] | Sampled: 1822.44 | Baseline: 637.81 | Improvement: -1184.62 | Win Rate: 0.00% | Actor Loss: 1.7534 | Entropy: 1.7952
Epoch [32/2000] | Sampled: 1963.06 | Baseline: 679.38 | Improvement: -1283.69 | Win Rate: 0.00% | Actor Loss: 6.9918 | Entropy: 1.6809
Epoch [33/2000] | Sampled: 2314.12 | Baseline: 796.44 | Improvement: -1517.69 | Win Rate: 0.00% | Actor Loss: 9.0640 | Entropy: 1.6220
Epoch [34/2000] | Sampled: 2268.38 | Baseline: 771.62 | Improvement: -1496.75 | Win Rate: 0.00% | Actor Loss: 12.1835 | Entropy: 1.4908
Epoch [35/2000] | Sampled: 2375.38 | Baseline: 808.50 | Improvement: -1566.88 | Win Rate: 0.00% | Actor Loss: 5.6788 | Entropy: 1.5044
Epoch [36/2000] | Sampled: 1486.00 | Baseline: 519.00 | Improvement: -967.00 | Win Rate: 0.00% | Actor Loss: 8.5958 | Entropy: 1.3555
Epoch [37/2000] | Sampled: 1875.94 | Baseline: 643.81 | Improvement: -1232.12 | Win Rate: 0.00% | Actor Loss: 10.6918 | Entropy: 1.2388
Epoch [38/2000] | Sampled: 2455.00 | Baseline: 842.62 | Improvement: -1612.38 | Win Rate: 0.00% | Actor Loss: 8.8087 | Entropy: 1.1327
Epoch [39/2000] | Sampled: 2264.62 | Baseline: 782.81 | Improvement: -1481.81 | Win Rate: 0.00% | Actor Loss: 5.6012 | Entropy: 1.1756
Epoch [40/2000] | Sampled: 2436.75 | Baseline: 844.69 | Improvement: -1592.06 | Win Rate: 0.00% | Actor Loss: 14.2190 | Entropy: 1.1331
Epoch [41/2000] | Sampled: 2333.31 | Baseline: 801.38 | Improvement: -1531.94 | Win Rate: 0.00% | Actor Loss: 8.5005 | Entropy: 1.1775
Epoch [42/2000] | Sampled: 2084.06 | Baseline: 712.44 | Improvement: -1371.62 | Win Rate: 0.00% | Actor Loss: 13.4078 | Entropy: 1.0043
