Training on: cuda
Starting Attention REINFORCE training with dispatch baseline 'earliest_completion_job+earliest_completion' (stepwise).
Epoch [1/2000] | Sampled: 800.62 | Baseline: 556.12 | Improvement: -244.50 | Win Rate: 0.00% | Actor Loss: -35.0504 | Entropy: 4.0672 | Invalid S/B: 0.50/0.00 | Max Load: 14.5 | Load Gap: 4.4
   -> Saved new best model (Makespan: 800.62)
   -> Saved updated training chart to /home/wei/AMR-DFJSP/Static_alogorithm/Attention/attention_training_metrics.png
Epoch [2/2000] | Sampled: 783.62 | Baseline: 559.25 | Improvement: -224.38 | Win Rate: 0.00% | Actor Loss: -37.8823 | Entropy: 4.0333 | Invalid S/B: 0.31/0.00 | Max Load: 14.3 | Load Gap: 4.6
   -> Saved new best model (Makespan: 783.62)
Epoch [3/2000] | Sampled: 726.56 | Baseline: 556.56 | Improvement: -170.00 | Win Rate: 0.00% | Actor Loss: -37.4520 | Entropy: 4.0667 | Invalid S/B: 0.31/0.00 | Max Load: 14.1 | Load Gap: 4.2
   -> Saved new best model (Makespan: 726.56)
Epoch [4/2000] | Sampled: 741.25 | Baseline: 552.38 | Improvement: -188.88 | Win Rate: 0.00% | Actor Loss: -32.1807 | Entropy: 4.0563 | Invalid S/B: 0.38/0.00 | Max Load: 14.2 | Load Gap: 3.9
Epoch [5/2000] | Sampled: 731.31 | Baseline: 555.56 | Improvement: -175.75 | Win Rate: 0.00% | Actor Loss: -31.1159 | Entropy: 4.0583 | Invalid S/B: 0.25/0.00 | Max Load: 13.7 | Load Gap: 3.4
Epoch [6/2000] | Sampled: 731.12 | Baseline: 564.25 | Improvement: -166.88 | Win Rate: 0.00% | Actor Loss: -26.0750 | Entropy: 4.0120 | Invalid S/B: 0.12/0.00 | Max Load: 14.0 | Load Gap: 3.9
Traceback (most recent call last):
  File "/home/wei/AMR-DFJSP/Static_alogorithm/Attention/train.py", line 700, in <module>
    train(build_parser().parse_args())
  File "/home/wei/AMR-DFJSP/Static_alogorithm/Attention/train.py", line 653, in train
    train_reinforce(args)
  File "/home/wei/AMR-DFJSP/Static_alogorithm/Attention/train.py", line 351, in train_reinforce
    comparison = compute_dispatch_baseline_comparison(
  File "/home/wei/AMR-DFJSP/Static_alogorithm/reinforce_baseline.py", line 177, in compute_dispatch_baseline_comparison
    rule_next_individual = complete_with_dispatch_rule(
  File "/home/wei/AMR-DFJSP/Static_alogorithm/reinforce_baseline.py", line 133, in complete_with_dispatch_rule
    action, _ = dr.choose_operation(jobs, state, job_rule, amr_rule, rng)
  File "/home/wei/AMR-DFJSP/Static_alogorithm/dispatching_rules/dispatching_rules.py", line 237, in choose_operation
    estimates = [
  File "/home/wei/AMR-DFJSP/Static_alogorithm/dispatching_rules/dispatching_rules.py", line 238, in <listcomp>
    estimate_action(
  File "/home/wei/AMR-DFJSP/Static_alogorithm/operation_policy.py", line 205, in estimate_action
