Training on: cuda
Loaded 1000 dispatch events from /home/wei/AMR-DFJSP/test_case/static/dispatch_inbox_60.jsonl
Loaded 50 dispatch events from /home/wei/AMR-DFJSP/test_case/static/dispatch_validation_60.jsonl
Loaded 50 validation event(s).
Starting hybrid dock-aware extend_GNN REINFORCE training with dispatch baseline 'fifo+earliest_available' (stepwise).
Epoch [1/1000] | Sampled: 775.06 | Baseline: 602.25 | Improvement: -172.81 | Win Rate: 0.00% | Actor Loss: -4.4795 | Entropy: 4.1252 | Invalid S/B: 0.31/0.00 | Max Load: 14.8 | Load Gap: 5.7
   -> Validation | Samples: 50 | Makespan: 1062.76 | Invalid Jobs: 0.00 | Score: 1062.76
   -> Saved new best model (Val Score: 1062.76)
   -> Saved updated training chart to /home/wei/AMR-DFJSP/Static_alogorithm/extend_GNN/extend_gnn_training_metrics.png
Epoch [2/1000] | Sampled: 779.75 | Baseline: 606.31 | Improvement: -173.44 | Win Rate: 0.00% | Actor Loss: -2.0490 | Entropy: 4.1465 | Invalid S/B: 0.38/0.00 | Max Load: 14.4 | Load Gap: 4.9
Epoch [3/1000] | Sampled: 766.44 | Baseline: 608.12 | Improvement: -158.31 | Win Rate: 0.00% | Actor Loss: -2.6880 | Entropy: 4.1544 | Invalid S/B: 0.31/0.00 | Max Load: 14.5 | Load Gap: 5.1
Epoch [4/1000] | Sampled: 782.12 | Baseline: 598.06 | Improvement: -184.06 | Win Rate: 0.00% | Actor Loss: -4.2717 | Entropy: 4.1775 | Invalid S/B: 0.25/0.00 | Max Load: 15.1 | Load Gap: 6.1
Epoch [5/1000] | Sampled: 785.19 | Baseline: 611.44 | Improvement: -173.75 | Win Rate: 0.00% | Actor Loss: -5.7683 | Entropy: 4.1773 | Invalid S/B: 0.12/0.00 | Max Load: 14.4 | Load Gap: 4.9
Epoch [6/1000] | Sampled: 816.50 | Baseline: 608.25 | Improvement: -208.25 | Win Rate: 0.00% | Actor Loss: -6.7035 | Entropy: 4.1888 | Invalid S/B: 0.44/0.00 | Max Load: 15.2 | Load Gap: 6.2
Epoch [7/1000] | Sampled: 776.62 | Baseline: 606.38 | Improvement: -170.25 | Win Rate: 0.00% | Actor Loss: -5.2706 | Entropy: 4.1740 | Invalid S/B: 0.06/0.00 | Max Load: 15.2 | Load Gap: 6.2
Epoch [8/1000] | Sampled: 814.88 | Baseline: 608.69 | Improvement: -206.19 | Win Rate: 0.00% | Actor Loss: -7.0702 | Entropy: 4.1797 | Invalid S/B: 0.12/0.00 | Max Load: 15.4 | Load Gap: 6.4
Epoch [9/1000] | Sampled: 800.56 | Baseline: 605.25 | Improvement: -195.31 | Win Rate: 0.00% | Actor Loss: -5.8890 | Entropy: 4.1316 | Invalid S/B: 0.12/0.00 | Max Load: 14.8 | Load Gap: 5.8
Epoch [10/1000] | Sampled: 804.00 | Baseline: 604.06 | Improvement: -199.94 | Win Rate: 0.00% | Actor Loss: -5.8743 | Entropy: 4.1096 | Invalid S/B: 0.12/0.00 | Max Load: 15.9 | Load Gap: 8.1
Epoch [11/1000] | Sampled: 817.44 | Baseline: 607.44 | Improvement: -210.00 | Win Rate: 0.00% | Actor Loss: -4.8242 | Entropy: 4.0391 | Invalid S/B: 0.19/0.00 | Max Load: 16.1 | Load Gap: 7.6
Epoch [12/1000] | Sampled: 831.50 | Baseline: 607.81 | Improvement: -223.69 | Win Rate: 0.00% | Actor Loss: -8.0813 | Entropy: 4.0100 | Invalid S/B: 0.12/0.00 | Max Load: 16.0 | Load Gap: 8.4
Epoch [13/1000] | Sampled: 817.69 | Baseline: 610.94 | Improvement: -206.75 | Win Rate: 0.00% | Actor Loss: -7.5386 | Entropy: 3.8975 | Invalid S/B: 0.12/0.00 | Max Load: 16.1 | Load Gap: 7.8
Epoch [14/1000] | Sampled: 854.94 | Baseline: 607.88 | Improvement: -247.06 | Win Rate: 0.00% | Actor Loss: -9.3726 | Entropy: 3.8443 | Invalid S/B: 0.12/0.00 | Max Load: 16.2 | Load Gap: 7.9
Epoch [15/1000] | Sampled: 837.25 | Baseline: 608.88 | Improvement: -228.38 | Win Rate: 0.00% | Actor Loss: -3.9480 | Entropy: 3.7255 | Invalid S/B: 0.19/0.00 | Max Load: 15.4 | Load Gap: 6.6
Epoch [16/1000] | Sampled: 844.50 | Baseline: 603.00 | Improvement: -241.50 | Win Rate: 0.00% | Actor Loss: -12.6401 | Entropy: 3.6265 | Invalid S/B: 0.19/0.00 | Max Load: 15.3 | Load Gap: 6.6
Epoch [17/1000] | Sampled: 878.12 | Baseline: 610.12 | Improvement: -268.00 | Win Rate: 0.00% | Actor Loss: -4.4258 | Entropy: 3.5160 | Invalid S/B: 0.38/0.00 | Max Load: 16.1 | Load Gap: 7.4
Epoch [18/1000] | Sampled: 876.25 | Baseline: 609.62 | Improvement: -266.62 | Win Rate: 0.00% | Actor Loss: -15.8130 | Entropy: 3.4117 | Invalid S/B: 0.06/0.00 | Max Load: 15.1 | Load Gap: 6.3
Epoch [19/1000] | Sampled: 871.25 | Baseline: 602.75 | Improvement: -268.50 | Win Rate: 0.00% | Actor Loss: -8.5160 | Entropy: 3.3332 | Invalid S/B: 0.06/0.00 | Max Load: 15.2 | Load Gap: 6.9
Epoch [20/1000] | Sampled: 940.06 | Baseline: 608.88 | Improvement: -331.19 | Win Rate: 0.00% | Actor Loss: -15.7461 | Entropy: 3.2394 | Invalid S/B: 0.00/0.00 | Max Load: 15.8 | Load Gap: 7.4
Epoch [21/1000] | Sampled: 903.25 | Baseline: 606.19 | Improvement: -297.06 | Win Rate: 0.00% | Actor Loss: -17.8912 | Entropy: 3.1109 | Invalid S/B: 0.06/0.00 | Max Load: 15.1 | Load Gap: 6.0
Epoch [22/1000] | Sampled: 949.75 | Baseline: 604.31 | Improvement: -345.44 | Win Rate: 0.00% | Actor Loss: -21.0911 | Entropy: 2.9974 | Invalid S/B: 0.12/0.00 | Max Load: 15.5 | Load Gap: 6.8
