Training on: cuda
Loaded 100 dispatch events from /home/wei/AMR-DFJSP/test_case/static/dispatch_inbox_20.jsonl
Loaded 100 dispatch events from /home/wei/AMR-DFJSP/test_case/static/dispatch_inbox_40.jsonl
Loaded 100 dispatch events from /home/wei/AMR-DFJSP/test_case/static/dispatch_inbox_60.jsonl
Loaded 100 dispatch events from /home/wei/AMR-DFJSP/test_case/static/dispatch_inbox_80.jsonl
Loaded 100 dispatch events from /home/wei/AMR-DFJSP/test_case/static/dispatch_inbox_100.jsonl
Starting Attention Precise REINFORCE training with dispatch baseline 'earliest_completion_job+earliest_completion' (stepwise).
Epoch [1/2000] | Sampled: 1178.62 | Baseline: 778.38 | Improvement: -400.25 | Win Rate: 0.00% | Actor Loss: 4.2775 | Entropy: 4.1128
   -> Saved new best model (Makespan: 1178.62)
   -> Saved updated training chart to /home/wei/AMR-DFJSP/Static_alogorithm/Attention/attention_precise_training_metrics.png
Epoch [2/2000] | Sampled: 1755.25 | Baseline: 852.19 | Improvement: -903.06 | Win Rate: 0.00% | Actor Loss: 9.9827 | Entropy: 3.8495
Epoch [3/2000] | Sampled: 1935.56 | Baseline: 747.19 | Improvement: -1188.38 | Win Rate: 0.00% | Actor Loss: 15.7330 | Entropy: 3.3897
Epoch [4/2000] | Sampled: 2035.06 | Baseline: 779.31 | Improvement: -1255.75 | Win Rate: 0.00% | Actor Loss: 18.2218 | Entropy: 3.3174
Epoch [5/2000] | Sampled: 1962.50 | Baseline: 713.00 | Improvement: -1249.50 | Win Rate: 0.00% | Actor Loss: 15.9496 | Entropy: 3.1772
Epoch [6/2000] | Sampled: 1751.62 | Baseline: 658.94 | Improvement: -1092.69 | Win Rate: 0.00% | Actor Loss: 16.9704 | Entropy: 3.1407
Epoch [7/2000] | Sampled: 1853.50 | Baseline: 712.94 | Improvement: -1140.56 | Win Rate: 0.00% | Actor Loss: 15.6134 | Entropy: 3.2563
Epoch [8/2000] | Sampled: 1743.25 | Baseline: 685.38 | Improvement: -1057.88 | Win Rate: 0.00% | Actor Loss: 17.0916 | Entropy: 3.2489
Epoch [9/2000] | Sampled: 1760.44 | Baseline: 723.88 | Improvement: -1036.56 | Win Rate: 0.00% | Actor Loss: 10.6784 | Entropy: 3.4040
Epoch [10/2000] | Sampled: 1876.81 | Baseline: 742.19 | Improvement: -1134.62 | Win Rate: 0.00% | Actor Loss: 20.5548 | Entropy: 3.3746
Epoch [11/2000] | Sampled: 1967.75 | Baseline: 760.94 | Improvement: -1206.81 | Win Rate: 0.00% | Actor Loss: 16.5073 | Entropy: 3.3418
Epoch [12/2000] | Sampled: 1979.88 | Baseline: 761.31 | Improvement: -1218.56 | Win Rate: 0.00% | Actor Loss: 17.2080 | Entropy: 3.2845
Epoch [13/2000] | Sampled: 1871.44 | Baseline: 752.06 | Improvement: -1119.38 | Win Rate: 0.00% | Actor Loss: 15.1186 | Entropy: 3.3466
Epoch [14/2000] | Sampled: 1824.44 | Baseline: 716.12 | Improvement: -1108.31 | Win Rate: 0.00% | Actor Loss: 7.7755 | Entropy: 3.2583
Epoch [15/2000] | Sampled: 1958.62 | Baseline: 807.75 | Improvement: -1150.88 | Win Rate: 0.00% | Actor Loss: 12.3328 | Entropy: 3.3088
Epoch [16/2000] | Sampled: 1815.06 | Baseline: 743.25 | Improvement: -1071.81 | Win Rate: 0.00% | Actor Loss: 11.5444 | Entropy: 3.0979
Epoch [17/2000] | Sampled: 1759.44 | Baseline: 726.25 | Improvement: -1033.19 | Win Rate: 0.00% | Actor Loss: 8.6182 | Entropy: 2.9132
Epoch [18/2000] | Sampled: 1845.81 | Baseline: 752.56 | Improvement: -1093.25 | Win Rate: 0.00% | Actor Loss: 6.0666 | Entropy: 2.7577
Epoch [19/2000] | Sampled: 1946.81 | Baseline: 758.31 | Improvement: -1188.50 | Win Rate: 0.00% | Actor Loss: 14.0988 | Entropy: 2.4672
Epoch [20/2000] | Sampled: 2127.50 | Baseline: 820.00 | Improvement: -1307.50 | Win Rate: 0.00% | Actor Loss: 14.9912 | Entropy: 2.3456
Epoch [21/2000] | Sampled: 1766.19 | Baseline: 717.44 | Improvement: -1048.75 | Win Rate: 0.00% | Actor Loss: 17.3295 | Entropy: 2.6293
Epoch [22/2000] | Sampled: 1918.31 | Baseline: 780.31 | Improvement: -1138.00 | Win Rate: 0.00% | Actor Loss: 25.7995 | Entropy: 2.5353
Epoch [23/2000] | Sampled: 1605.75 | Baseline: 613.75 | Improvement: -992.00 | Win Rate: 0.00% | Actor Loss: 5.3780 | Entropy: 2.3845
Epoch [24/2000] | Sampled: 1815.81 | Baseline: 707.00 | Improvement: -1108.81 | Win Rate: 0.00% | Actor Loss: 12.7780 | Entropy: 2.3394
Epoch [25/2000] | Sampled: 2021.38 | Baseline: 782.69 | Improvement: -1238.69 | Win Rate: 0.00% | Actor Loss: 17.6878 | Entropy: 2.2481
Epoch [26/2000] | Sampled: 2256.81 | Baseline: 882.19 | Improvement: -1374.62 | Win Rate: 0.00% | Actor Loss: 22.4197 | Entropy: 2.3605
Epoch [27/2000] | Sampled: 1819.88 | Baseline: 709.88 | Improvement: -1110.00 | Win Rate: 0.00% | Actor Loss: 20.1972 | Entropy: 2.4289
Epoch [28/2000] | Sampled: 2058.38 | Baseline: 757.31 | Improvement: -1301.06 | Win Rate: 0.00% | Actor Loss: 19.9740 | Entropy: 2.3861
Epoch [29/2000] | Sampled: 2206.69 | Baseline: 806.88 | Improvement: -1399.81 | Win Rate: 0.00% | Actor Loss: 20.7525 | Entropy: 2.5064
Epoch [30/2000] | Sampled: 1747.50 | Baseline: 646.75 | Improvement: -1100.75 | Win Rate: 0.00% | Actor Loss: 18.1611 | Entropy: 2.2988
Epoch [31/2000] | Sampled: 1665.81 | Baseline: 637.81 | Improvement: -1028.00 | Win Rate: 0.00% | Actor Loss: 16.2156 | Entropy: 2.2381
Epoch [32/2000] | Sampled: 1782.12 | Baseline: 679.38 | Improvement: -1102.75 | Win Rate: 0.00% | Actor Loss: 12.7150 | Entropy: 2.2810
Epoch [33/2000] | Sampled: 2126.00 | Baseline: 796.44 | Improvement: -1329.56 | Win Rate: 0.00% | Actor Loss: 11.7773 | Entropy: 2.2511
Epoch [34/2000] | Sampled: 2051.00 | Baseline: 771.62 | Improvement: -1279.38 | Win Rate: 0.00% | Actor Loss: 13.6392 | Entropy: 2.3115
Epoch [35/2000] | Sampled: 2201.88 | Baseline: 808.50 | Improvement: -1393.38 | Win Rate: 0.00% | Actor Loss: 16.9735 | Entropy: 2.2354
Epoch [36/2000] | Sampled: 1348.69 | Baseline: 519.00 | Improvement: -829.69 | Win Rate: 0.00% | Actor Loss: 11.6125 | Entropy: 2.1387
Epoch [37/2000] | Sampled: 1740.56 | Baseline: 643.81 | Improvement: -1096.75 | Win Rate: 0.00% | Actor Loss: 16.4714 | Entropy: 1.9686
Epoch [38/2000] | Sampled: 2324.38 | Baseline: 842.62 | Improvement: -1481.75 | Win Rate: 0.00% | Actor Loss: 22.5789 | Entropy: 2.2049
Epoch [39/2000] | Sampled: 2097.94 | Baseline: 782.81 | Improvement: -1315.12 | Win Rate: 0.00% | Actor Loss: 7.0527 | Entropy: 2.1668
Epoch [40/2000] | Sampled: 2358.00 | Baseline: 844.69 | Improvement: -1513.31 | Win Rate: 0.00% | Actor Loss: 6.6319 | Entropy: 2.1376
Epoch [41/2000] | Sampled: 2211.00 | Baseline: 801.38 | Improvement: -1409.62 | Win Rate: 0.00% | Actor Loss: 2.6309 | Entropy: 2.2196
Epoch [42/2000] | Sampled: 1940.75 | Baseline: 712.44 | Improvement: -1228.31 | Win Rate: 0.00% | Actor Loss: 17.4497 | Entropy: 2.0646
Epoch [43/2000] | Sampled: 2254.62 | Baseline: 808.38 | Improvement: -1446.25 | Win Rate: 0.00% | Actor Loss: 20.8456 | Entropy: 2.0859
Epoch [44/2000] | Sampled: 2316.12 | Baseline: 828.19 | Improvement: -1487.94 | Win Rate: 0.00% | Actor Loss: 21.3106 | Entropy: 2.1447
Epoch [45/2000] | Sampled: 2008.44 | Baseline: 717.38 | Improvement: -1291.06 | Win Rate: 0.00% | Actor Loss: 11.5593 | Entropy: 2.1580
Epoch [46/2000] | Sampled: 2013.69 | Baseline: 701.50 | Improvement: -1312.19 | Win Rate: 0.00% | Actor Loss: 12.9409 | Entropy: 2.1616
Epoch [47/2000] | Sampled: 2123.69 | Baseline: 771.81 | Improvement: -1351.88 | Win Rate: 0.00% | Actor Loss: 22.1031 | Entropy: 2.2057
Epoch [48/2000] | Sampled: 1951.31 | Baseline: 711.50 | Improvement: -1239.81 | Win Rate: 0.00% | Actor Loss: 11.5348 | Entropy: 2.1629
Epoch [49/2000] | Sampled: 1707.94 | Baseline: 650.50 | Improvement: -1057.44 | Win Rate: 0.00% | Actor Loss: 10.1498 | Entropy: 2.1595
Epoch [50/2000] | Sampled: 2080.56 | Baseline: 762.88 | Improvement: -1317.69 | Win Rate: 0.00% | Actor Loss: 9.2282 | Entropy: 2.1270
Epoch [51/2000] | Sampled: 2070.19 | Baseline: 760.81 | Improvement: -1309.38 | Win Rate: 0.00% | Actor Loss: 10.7201 | Entropy: 2.1089
Epoch [52/2000] | Sampled: 1643.06 | Baseline: 605.25 | Improvement: -1037.81 | Win Rate: 0.00% | Actor Loss: 9.7292 | Entropy: 1.9541
Epoch [53/2000] | Sampled: 1690.88 | Baseline: 649.00 | Improvement: -1041.88 | Win Rate: 0.00% | Actor Loss: -5.6896 | Entropy: 1.8900
Epoch [54/2000] | Sampled: 1908.50 | Baseline: 704.25 | Improvement: -1204.25 | Win Rate: 0.00% | Actor Loss: 22.3732 | Entropy: 1.7443
Epoch [55/2000] | Sampled: 2316.19 | Baseline: 833.94 | Improvement: -1482.25 | Win Rate: 0.00% | Actor Loss: 9.3018 | Entropy: 1.7234
Epoch [56/2000] | Sampled: 1704.19 | Baseline: 619.75 | Improvement: -1084.44 | Win Rate: 0.00% | Actor Loss: 15.3898 | Entropy: 1.6276
Epoch [57/2000] | Sampled: 2272.06 | Baseline: 807.56 | Improvement: -1464.50 | Win Rate: 0.00% | Actor Loss: 10.7807 | Entropy: 1.5804
Epoch [58/2000] | Sampled: 2099.38 | Baseline: 783.50 | Improvement: -1315.88 | Win Rate: 0.00% | Actor Loss: -82.2954 | Entropy: 1.6978
Epoch [59/2000] | Sampled: 1952.75 | Baseline: 710.56 | Improvement: -1242.19 | Win Rate: 0.00% | Actor Loss: -71.3976 | Entropy: 1.5515
Epoch [60/2000] | Sampled: 2445.69 | Baseline: 900.38 | Improvement: -1545.31 | Win Rate: 0.00% | Actor Loss: -9.6906 | Entropy: 1.6808
Epoch [61/2000] | Sampled: 2175.69 | Baseline: 792.19 | Improvement: -1383.50 | Win Rate: 0.00% | Actor Loss: 2.6893 | Entropy: 2.0010
Epoch [62/2000] | Sampled: 1827.56 | Baseline: 659.50 | Improvement: -1168.06 | Win Rate: 0.00% | Actor Loss: -0.8453 | Entropy: 2.2848
Epoch [63/2000] | Sampled: 1755.81 | Baseline: 639.00 | Improvement: -1116.81 | Win Rate: 0.00% | Actor Loss: -11.6247 | Entropy: 2.2034
Epoch [64/2000] | Sampled: 1924.31 | Baseline: 700.94 | Improvement: -1223.38 | Win Rate: 0.00% | Actor Loss: 5.8193 | Entropy: 2.0926
Epoch [65/2000] | Sampled: 1965.81 | Baseline: 714.00 | Improvement: -1251.81 | Win Rate: 0.00% | Actor Loss: -293.9472 | Entropy: 1.6597
Epoch [66/2000] | Sampled: 1783.94 | Baseline: 656.31 | Improvement: -1127.62 | Win Rate: 0.00% | Actor Loss: -2.2610 | Entropy: 1.9227
Epoch [67/2000] | Sampled: 2173.81 | Baseline: 800.00 | Improvement: -1373.81 | Win Rate: 0.00% | Actor Loss: 4.8956 | Entropy: 1.7605
Epoch [68/2000] | Sampled: 2060.38 | Baseline: 739.75 | Improvement: -1320.62 | Win Rate: 0.00% | Actor Loss: -34.9120 | Entropy: 1.4512
Epoch [69/2000] | Sampled: 1924.12 | Baseline: 713.94 | Improvement: -1210.19 | Win Rate: 0.00% | Actor Loss: -67.4805 | Entropy: 1.3518
Epoch [70/2000] | Sampled: 1768.25 | Baseline: 694.94 | Improvement: -1073.31 | Win Rate: 0.00% | Actor Loss: -10.7620 | Entropy: 1.6636
Epoch [71/2000] | Sampled: 2277.50 | Baseline: 934.88 | Improvement: -1342.62 | Win Rate: 0.00% | Actor Loss: -78.9854 | Entropy: 1.7901
Epoch [72/2000] | Sampled: 2103.44 | Baseline: 927.50 | Improvement: -1175.94 | Win Rate: 0.00% | Actor Loss: 23.3177 | Entropy: 1.7801
Epoch [73/2000] | Sampled: 1478.19 | Baseline: 762.88 | Improvement: -715.31 | Win Rate: 0.00% | Actor Loss: -151.2645 | Entropy: 2.2056
Epoch [74/2000] | Sampled: 1549.56 | Baseline: 772.50 | Improvement: -777.06 | Win Rate: 0.00% | Actor Loss: -532.2987 | Entropy: 1.8399
Epoch [75/2000] | Sampled: 1401.50 | Baseline: 676.75 | Improvement: -724.75 | Win Rate: 0.00% | Actor Loss: -248.8152 | Entropy: 1.8733
Epoch [76/2000] | Sampled: 1577.12 | Baseline: 767.06 | Improvement: -810.06 | Win Rate: 0.00% | Actor Loss: -83.2761 | Entropy: 1.9160
Epoch [77/2000] | Sampled: 1711.88 | Baseline: 777.62 | Improvement: -934.25 | Win Rate: 0.00% | Actor Loss: -79.8635 | Entropy: 1.8649
Epoch [78/2000] | Sampled: 1936.19 | Baseline: 836.62 | Improvement: -1099.56 | Win Rate: 0.00% | Actor Loss: 9.6202 | Entropy: 2.0717
Epoch [79/2000] | Sampled: 1739.56 | Baseline: 796.56 | Improvement: -943.00 | Win Rate: 0.00% | Actor Loss: 9.0352 | Entropy: 2.1859
Epoch [80/2000] | Sampled: 1975.62 | Baseline: 853.56 | Improvement: -1122.06 | Win Rate: 0.00% | Actor Loss: 13.2425 | Entropy: 2.0599
Epoch [81/2000] | Sampled: 2205.88 | Baseline: 858.94 | Improvement: -1346.94 | Win Rate: 0.00% | Actor Loss: -17.9303 | Entropy: 1.8488
Epoch [82/2000] | Sampled: 2072.69 | Baseline: 761.94 | Improvement: -1310.75 | Win Rate: 0.00% | Actor Loss: -121.2848 | Entropy: 1.5594
Epoch [83/2000] | Sampled: 1838.00 | Baseline: 701.38 | Improvement: -1136.62 | Win Rate: 0.00% | Actor Loss: 8.0370 | Entropy: 1.7628
Epoch [84/2000] | Sampled: 2444.81 | Baseline: 888.31 | Improvement: -1556.50 | Win Rate: 0.00% | Actor Loss: 1.9213 | Entropy: 1.7200
Epoch [85/2000] | Sampled: 2274.94 | Baseline: 801.12 | Improvement: -1473.81 | Win Rate: 0.00% | Actor Loss: -9.0591 | Entropy: 1.9173
Epoch [86/2000] | Sampled: 2431.69 | Baseline: 849.31 | Improvement: -1582.38 | Win Rate: 0.00% | Actor Loss: -6.0124 | Entropy: 2.0020
Epoch [87/2000] | Sampled: 2000.25 | Baseline: 711.69 | Improvement: -1288.56 | Win Rate: 0.00% | Actor Loss: -14.6946 | Entropy: 1.5451
Epoch [88/2000] | Sampled: 2620.19 | Baseline: 923.25 | Improvement: -1696.94 | Win Rate: 0.00% | Actor Loss: -6.2853 | Entropy: 1.7154
Epoch [89/2000] | Sampled: 1982.50 | Baseline: 705.12 | Improvement: -1277.38 | Win Rate: 0.00% | Actor Loss: 20.7974 | Entropy: 1.3526
Epoch [90/2000] | Sampled: 1904.50 | Baseline: 672.50 | Improvement: -1232.00 | Win Rate: 0.00% | Actor Loss: -5.9373 | Entropy: 1.5262
Epoch [91/2000] | Sampled: 2366.06 | Baseline: 821.75 | Improvement: -1544.31 | Win Rate: 0.00% | Actor Loss: -3.2485 | Entropy: 1.6219
Epoch [92/2000] | Sampled: 2468.12 | Baseline: 861.56 | Improvement: -1606.56 | Win Rate: 0.00% | Actor Loss: -4.6288 | Entropy: 1.6824
Epoch [93/2000] | Sampled: 2347.19 | Baseline: 824.00 | Improvement: -1523.19 | Win Rate: 0.00% | Actor Loss: -15.4604 | Entropy: 1.5836
Epoch [94/2000] | Sampled: 2636.56 | Baseline: 919.88 | Improvement: -1716.69 | Win Rate: 0.00% | Actor Loss: -15.6748 | Entropy: 1.6794
Epoch [95/2000] | Sampled: 1898.56 | Baseline: 663.06 | Improvement: -1235.50 | Win Rate: 0.00% | Actor Loss: -2.6976 | Entropy: 1.2945
Epoch [96/2000] | Sampled: 1923.88 | Baseline: 680.88 | Improvement: -1243.00 | Win Rate: 0.00% | Actor Loss: 9.2621 | Entropy: 1.0026
Epoch [97/2000] | Sampled: 2376.06 | Baseline: 824.38 | Improvement: -1551.69 | Win Rate: 0.00% | Actor Loss: 2.7788 | Entropy: 0.8671
Epoch [98/2000] | Sampled: 2473.88 | Baseline: 862.00 | Improvement: -1611.88 | Win Rate: 0.00% | Actor Loss: 17.8234 | Entropy: 0.9086
Epoch [99/2000] | Sampled: 2243.00 | Baseline: 783.44 | Improvement: -1459.56 | Win Rate: 0.00% | Actor Loss: -13.7338 | Entropy: 0.9203
Epoch [100/2000] | Sampled: 2179.38 | Baseline: 774.38 | Improvement: -1405.00 | Win Rate: 0.00% | Actor Loss: -22.9560 | Entropy: 1.0331
   -> Saved updated training chart to /home/wei/AMR-DFJSP/Static_alogorithm/Attention/attention_precise_training_metrics.png
Epoch [101/2000] | Sampled: 1788.75 | Baseline: 626.06 | Improvement: -1162.69 | Win Rate: 0.00% | Actor Loss: 22.7901 | Entropy: 0.8187
Epoch [102/2000] | Sampled: 2295.06 | Baseline: 789.00 | Improvement: -1506.06 | Win Rate: 0.00% | Actor Loss: 30.4272 | Entropy: 0.9608
Epoch [103/2000] | Sampled: 2314.81 | Baseline: 810.44 | Improvement: -1504.38 | Win Rate: 0.00% | Actor Loss: -119.4968 | Entropy: 0.8858
Epoch [104/2000] | Sampled: 2020.06 | Baseline: 698.56 | Improvement: -1321.50 | Win Rate: 0.00% | Actor Loss: -42.8808 | Entropy: 0.9189
Epoch [105/2000] | Sampled: 2198.31 | Baseline: 766.56 | Improvement: -1431.75 | Win Rate: 0.00% | Actor Loss: 9.2696 | Entropy: 0.8987
Epoch [106/2000] | Sampled: 2207.56 | Baseline: 774.94 | Improvement: -1432.62 | Win Rate: 0.00% | Actor Loss: -63.9080 | Entropy: 0.9670
Epoch [107/2000] | Sampled: 2138.44 | Baseline: 741.75 | Improvement: -1396.69 | Win Rate: 0.00% | Actor Loss: -44.8949 | Entropy: 0.8850
Epoch [108/2000] | Sampled: 2113.62 | Baseline: 732.31 | Improvement: -1381.31 | Win Rate: 0.00% | Actor Loss: -131.3612 | Entropy: 0.9129
Epoch [109/2000] | Sampled: 2599.94 | Baseline: 908.62 | Improvement: -1691.31 | Win Rate: 0.00% | Actor Loss: 23.9795 | Entropy: 0.9965
Epoch [110/2000] | Sampled: 2110.88 | Baseline: 736.88 | Improvement: -1374.00 | Win Rate: 0.00% | Actor Loss: -29.2361 | Entropy: 0.9032
Epoch [111/2000] | Sampled: 2125.50 | Baseline: 738.75 | Improvement: -1386.75 | Win Rate: 0.00% | Actor Loss: -136.4539 | Entropy: 0.9139
Epoch [112/2000] | Sampled: 2235.56 | Baseline: 776.88 | Improvement: -1458.69 | Win Rate: 0.00% | Actor Loss: -178.5963 | Entropy: 0.9630
Epoch [113/2000] | Sampled: 2207.69 | Baseline: 773.88 | Improvement: -1433.81 | Win Rate: 0.00% | Actor Loss: -264.0092 | Entropy: 1.0871
Epoch [114/2000] | Sampled: 2199.06 | Baseline: 759.88 | Improvement: -1439.19 | Win Rate: 0.00% | Actor Loss: -226.7385 | Entropy: 1.0065
Epoch [115/2000] | Sampled: 2495.69 | Baseline: 864.81 | Improvement: -1630.88 | Win Rate: 0.00% | Actor Loss: -171.9950 | Entropy: 0.8220
Epoch [116/2000] | Sampled: 2733.94 | Baseline: 936.38 | Improvement: -1797.56 | Win Rate: 0.00% | Actor Loss: -125.2398 | Entropy: 0.8229
Epoch [117/2000] | Sampled: 2236.81 | Baseline: 779.81 | Improvement: -1457.00 | Win Rate: 0.00% | Actor Loss: -869.5521 | Entropy: 0.7575
Epoch [118/2000] | Sampled: 2161.88 | Baseline: 741.81 | Improvement: -1420.06 | Win Rate: 0.00% | Actor Loss: -111.5824 | Entropy: 0.7632
Epoch [119/2000] | Sampled: 1703.56 | Baseline: 605.00 | Improvement: -1098.56 | Win Rate: 0.00% | Actor Loss: -234.9173 | Entropy: 0.7470
Epoch [120/2000] | Sampled: 2365.06 | Baseline: 828.69 | Improvement: -1536.38 | Win Rate: 0.00% | Actor Loss: -599.1825 | Entropy: 0.7880
Epoch [121/2000] | Sampled: 2569.62 | Baseline: 893.12 | Improvement: -1676.50 | Win Rate: 0.00% | Actor Loss: -513.7377 | Entropy: 0.8568
Epoch [122/2000] | Sampled: 1967.69 | Baseline: 677.12 | Improvement: -1290.56 | Win Rate: 0.00% | Actor Loss: -56.1633 | Entropy: 0.7944
Epoch [123/2000] | Sampled: 2185.06 | Baseline: 769.69 | Improvement: -1415.38 | Win Rate: 0.00% | Actor Loss: -193.1378 | Entropy: 0.7800
Epoch [124/2000] | Sampled: 2134.44 | Baseline: 745.75 | Improvement: -1388.69 | Win Rate: 0.00% | Actor Loss: -192.5195 | Entropy: 0.8647
Epoch [125/2000] | Sampled: 2424.56 | Baseline: 836.31 | Improvement: -1588.25 | Win Rate: 0.00% | Actor Loss: -196.4495 | Entropy: 0.9807
Epoch [126/2000] | Sampled: 2876.44 | Baseline: 982.56 | Improvement: -1893.88 | Win Rate: 0.00% | Actor Loss: -227.9079 | Entropy: 1.0229
Epoch [127/2000] | Sampled: 2119.50 | Baseline: 732.62 | Improvement: -1386.88 | Win Rate: 0.00% | Actor Loss: -212.5963 | Entropy: 0.7567
Epoch [128/2000] | Sampled: 2095.06 | Baseline: 743.56 | Improvement: -1351.50 | Win Rate: 0.00% | Actor Loss: -1437.4733 | Entropy: 0.7845
Epoch [129/2000] | Sampled: 2573.50 | Baseline: 888.81 | Improvement: -1684.69 | Win Rate: 0.00% | Actor Loss: -607.8037 | Entropy: 0.7909
Epoch [130/2000] | Sampled: 1970.19 | Baseline: 692.75 | Improvement: -1277.44 | Win Rate: 0.00% | Actor Loss: -233.6871 | Entropy: 0.6874
Epoch [131/2000] | Sampled: 1631.06 | Baseline: 572.31 | Improvement: -1058.75 | Win Rate: 0.00% | Actor Loss: -43.3735 | Entropy: 0.6014
Epoch [132/2000] | Sampled: 2450.19 | Baseline: 857.38 | Improvement: -1592.81 | Win Rate: 0.00% | Actor Loss: -417.4871 | Entropy: 0.7221
Epoch [133/2000] | Sampled: 1789.94 | Baseline: 623.50 | Improvement: -1166.44 | Win Rate: 0.00% | Actor Loss: 22.8809 | Entropy: 0.6122
Epoch [134/2000] | Sampled: 2121.94 | Baseline: 749.44 | Improvement: -1372.50 | Win Rate: 0.00% | Actor Loss: -53.7538 | Entropy: 0.6976
Epoch [135/2000] | Sampled: 2480.00 | Baseline: 865.75 | Improvement: -1614.25 | Win Rate: 0.00% | Actor Loss: 30.6409 | Entropy: 0.8093
Epoch [136/2000] | Sampled: 2398.62 | Baseline: 835.31 | Improvement: -1563.31 | Win Rate: 0.00% | Actor Loss: -571.9671 | Entropy: 0.9570
Epoch [137/2000] | Sampled: 2119.19 | Baseline: 735.88 | Improvement: -1383.31 | Win Rate: 0.00% | Actor Loss: -93.0964 | Entropy: 0.8581
Epoch [138/2000] | Sampled: 1928.38 | Baseline: 674.06 | Improvement: -1254.31 | Win Rate: 0.00% | Actor Loss: -4.2348 | Entropy: 1.0966
Epoch [139/2000] | Sampled: 2467.00 | Baseline: 853.12 | Improvement: -1613.88 | Win Rate: 0.00% | Actor Loss: -57.0051 | Entropy: 1.4920
Epoch [140/2000] | Sampled: 2055.94 | Baseline: 717.88 | Improvement: -1338.06 | Win Rate: 0.00% | Actor Loss: -8.8373 | Entropy: 1.4085
Epoch [141/2000] | Sampled: 2056.62 | Baseline: 717.88 | Improvement: -1338.75 | Win Rate: 0.00% | Actor Loss: -16.8927 | Entropy: 1.3390
Epoch [142/2000] | Sampled: 2233.94 | Baseline: 780.12 | Improvement: -1453.81 | Win Rate: 0.00% | Actor Loss: -15.0114 | Entropy: 1.3465
Epoch [143/2000] | Sampled: 2279.94 | Baseline: 807.56 | Improvement: -1472.38 | Win Rate: 0.00% | Actor Loss: -131.1787 | Entropy: 1.1150
Epoch [144/2000] | Sampled: 2271.50 | Baseline: 797.19 | Improvement: -1474.31 | Win Rate: 0.00% | Actor Loss: -12.2622 | Entropy: 1.0563
Epoch [145/2000] | Sampled: 2327.56 | Baseline: 793.25 | Improvement: -1534.31 | Win Rate: 0.00% | Actor Loss: -12.5144 | Entropy: 0.8834
Epoch [146/2000] | Sampled: 1961.25 | Baseline: 685.19 | Improvement: -1276.06 | Win Rate: 0.00% | Actor Loss: -641.2933 | Entropy: 0.6214
Epoch [147/2000] | Sampled: 2427.94 | Baseline: 859.81 | Improvement: -1568.12 | Win Rate: 0.00% | Actor Loss: -1103.1108 | Entropy: 0.7400
Epoch [148/2000] | Sampled: 2199.81 | Baseline: 759.88 | Improvement: -1439.94 | Win Rate: 0.00% | Actor Loss: -2825.8616 | Entropy: 0.6155
Epoch [149/2000] | Sampled: 2543.88 | Baseline: 876.19 | Improvement: -1667.69 | Win Rate: 0.00% | Actor Loss: -2482.4136 | Entropy: 0.6504
Epoch [150/2000] | Sampled: 1619.94 | Baseline: 569.19 | Improvement: -1050.75 | Win Rate: 0.00% | Actor Loss: -890.3986 | Entropy: 0.5078
Epoch [151/2000] | Sampled: 1833.88 | Baseline: 642.62 | Improvement: -1191.25 | Win Rate: 0.00% | Actor Loss: -10675.2263 | Entropy: 0.5241
Epoch [152/2000] | Sampled: 2152.62 | Baseline: 747.00 | Improvement: -1405.62 | Win Rate: 0.00% | Actor Loss: -472.7818 | Entropy: 0.5661
Epoch [153/2000] | Sampled: 2804.44 | Baseline: 967.75 | Improvement: -1836.69 | Win Rate: 0.00% | Actor Loss: -7425.2214 | Entropy: 0.6732
Epoch [154/2000] | Sampled: 1950.50 | Baseline: 690.19 | Improvement: -1260.31 | Win Rate: 0.00% | Actor Loss: -7808.6484 | Entropy: 0.4683
Epoch [155/2000] | Sampled: 2250.38 | Baseline: 815.44 | Improvement: -1434.94 | Win Rate: 0.00% | Actor Loss: -4449.1706 | Entropy: 0.5601
Epoch [156/2000] | Sampled: 1675.12 | Baseline: 590.69 | Improvement: -1084.44 | Win Rate: 0.00% | Actor Loss: -413.0474 | Entropy: 0.4631
Epoch [157/2000] | Sampled: 2267.06 | Baseline: 797.38 | Improvement: -1469.69 | Win Rate: 0.00% | Actor Loss: -19625.2403 | Entropy: 0.4848
Epoch [158/2000] | Sampled: 1750.69 | Baseline: 625.69 | Improvement: -1125.00 | Win Rate: 0.00% | Actor Loss: -17482.9859 | Entropy: 0.4755
Epoch [159/2000] | Sampled: 2155.25 | Baseline: 752.06 | Improvement: -1403.19 | Win Rate: 0.00% | Actor Loss: -9197.8590 | Entropy: 0.4556
Epoch [160/2000] | Sampled: 1577.31 | Baseline: 561.75 | Improvement: -1015.56 | Win Rate: 0.00% | Actor Loss: -1469.4704 | Entropy: 0.3629
Epoch [161/2000] | Sampled: 2269.44 | Baseline: 783.19 | Improvement: -1486.25 | Win Rate: 0.00% | Actor Loss: -42764.1117 | Entropy: 0.5025
Epoch [162/2000] | Sampled: 2026.12 | Baseline: 715.69 | Improvement: -1310.44 | Win Rate: 0.00% | Actor Loss: -5549.8395 | Entropy: 0.5002
Epoch [163/2000] | Sampled: 2618.69 | Baseline: 915.50 | Improvement: -1703.19 | Win Rate: 0.00% | Actor Loss: -34783.3762 | Entropy: 0.5560
Epoch [164/2000] | Sampled: 2164.44 | Baseline: 755.69 | Improvement: -1408.75 | Win Rate: 0.00% | Actor Loss: -2884.6913 | Entropy: 0.4573
Epoch [165/2000] | Sampled: 1816.75 | Baseline: 636.44 | Improvement: -1180.31 | Win Rate: 0.00% | Actor Loss: -2720.0624 | Entropy: 0.4094
Epoch [166/2000] | Sampled: 2412.75 | Baseline: 843.88 | Improvement: -1568.88 | Win Rate: 0.00% | Actor Loss: -80754.3684 | Entropy: 0.5214
Epoch [167/2000] | Sampled: 1879.06 | Baseline: 652.12 | Improvement: -1226.94 | Win Rate: 0.00% | Actor Loss: 126.5795 | Entropy: 0.4532
Epoch [168/2000] | Sampled: 2106.81 | Baseline: 731.94 | Improvement: -1374.88 | Win Rate: 0.00% | Actor Loss: -25402.9599 | Entropy: 0.4636
Epoch [169/2000] | Sampled: 1773.38 | Baseline: 623.31 | Improvement: -1150.06 | Win Rate: 0.00% | Actor Loss: -59022.4814 | Entropy: 0.4877
Epoch [170/2000] | Sampled: 2218.19 | Baseline: 759.81 | Improvement: -1458.38 | Win Rate: 0.00% | Actor Loss: -9364.7192 | Entropy: 0.5342
Epoch [171/2000] | Sampled: 1405.19 | Baseline: 503.00 | Improvement: -902.19 | Win Rate: 0.00% | Actor Loss: -1637.6667 | Entropy: 0.4033
Epoch [172/2000] | Sampled: 1975.50 | Baseline: 686.88 | Improvement: -1288.62 | Win Rate: 0.00% | Actor Loss: 1112.8104 | Entropy: 0.4615
Epoch [173/2000] | Sampled: 2469.69 | Baseline: 852.81 | Improvement: -1616.88 | Win Rate: 0.00% | Actor Loss: -15186.5365 | Entropy: 0.5255
Epoch [174/2000] | Sampled: 2652.00 | Baseline: 923.75 | Improvement: -1728.25 | Win Rate: 0.00% | Actor Loss: -44962.4871 | Entropy: 0.5567
Epoch [175/2000] | Sampled: 2045.69 | Baseline: 710.62 | Improvement: -1335.06 | Win Rate: 0.00% | Actor Loss: -20717.0358 | Entropy: 0.4390
Epoch [176/2000] | Sampled: 2211.44 | Baseline: 758.12 | Improvement: -1453.31 | Win Rate: 0.00% | Actor Loss: -70625.8498 | Entropy: 0.4095
Epoch [177/2000] | Sampled: 2459.38 | Baseline: 840.06 | Improvement: -1619.31 | Win Rate: 0.00% | Actor Loss: 441.7122 | Entropy: 0.4680
Epoch [178/2000] | Sampled: 1785.50 | Baseline: 625.69 | Improvement: -1159.81 | Win Rate: 0.00% | Actor Loss: -4572.8357 | Entropy: 0.4056
Epoch [179/2000] | Sampled: 2080.75 | Baseline: 733.38 | Improvement: -1347.38 | Win Rate: 0.00% | Actor Loss: -70580.1076 | Entropy: 0.4266
Epoch [180/2000] | Sampled: 2577.44 | Baseline: 881.81 | Improvement: -1695.62 | Win Rate: 0.00% | Actor Loss: -4633.4137 | Entropy: 0.5148
Epoch [181/2000] | Sampled: 2307.62 | Baseline: 802.62 | Improvement: -1505.00 | Win Rate: 0.00% | Actor Loss: -725.2540 | Entropy: 0.4612
Epoch [182/2000] | Sampled: 1803.38 | Baseline: 625.12 | Improvement: -1178.25 | Win Rate: 0.00% | Actor Loss: 67.1143 | Entropy: 0.3970
Epoch [183/2000] | Sampled: 1792.38 | Baseline: 629.38 | Improvement: -1163.00 | Win Rate: 0.00% | Actor Loss: -1906.6336 | Entropy: 0.3780
Epoch [184/2000] | Sampled: 2344.62 | Baseline: 801.06 | Improvement: -1543.56 | Win Rate: 0.00% | Actor Loss: 11682.7422 | Entropy: 0.5001
Epoch [185/2000] | Sampled: 2189.62 | Baseline: 762.31 | Improvement: -1427.31 | Win Rate: 0.00% | Actor Loss: 81.8362 | Entropy: 0.4894
Epoch [186/2000] | Sampled: 2222.56 | Baseline: 762.88 | Improvement: -1459.69 | Win Rate: 0.00% | Actor Loss: -18824.8025 | Entropy: 0.4869
Epoch [187/2000] | Sampled: 2062.81 | Baseline: 717.12 | Improvement: -1345.69 | Win Rate: 0.00% | Actor Loss: -13273.7010 | Entropy: 0.4628
Epoch [188/2000] | Sampled: 2369.44 | Baseline: 831.00 | Improvement: -1538.44 | Win Rate: 0.00% | Actor Loss: 3883.5065 | Entropy: 0.5045
Epoch [189/2000] | Sampled: 2026.94 | Baseline: 705.81 | Improvement: -1321.12 | Win Rate: 0.00% | Actor Loss: -5585.5439 | Entropy: 0.4659
Epoch [190/2000] | Sampled: 2100.00 | Baseline: 730.88 | Improvement: -1369.12 | Win Rate: 0.00% | Actor Loss: -67542.9515 | Entropy: 0.4407
Epoch [191/2000] | Sampled: 2249.75 | Baseline: 780.44 | Improvement: -1469.31 | Win Rate: 0.00% | Actor Loss: -55219.8917 | Entropy: 0.4616
Epoch [192/2000] | Sampled: 2149.69 | Baseline: 750.88 | Improvement: -1398.81 | Win Rate: 0.00% | Actor Loss: -57.1129 | Entropy: 0.4734
Epoch [193/2000] | Sampled: 2262.00 | Baseline: 779.44 | Improvement: -1482.56 | Win Rate: 0.00% | Actor Loss: -85630.9074 | Entropy: 0.5209
Epoch [194/2000] | Sampled: 2839.62 | Baseline: 966.56 | Improvement: -1873.06 | Win Rate: 0.00% | Actor Loss: 6.2755 | Entropy: 0.5635
Epoch [195/2000] | Sampled: 2384.50 | Baseline: 815.00 | Improvement: -1569.50 | Win Rate: 0.00% | Actor Loss: -3641.1127 | Entropy: 0.4811
Epoch [196/2000] | Sampled: 2619.19 | Baseline: 903.06 | Improvement: -1716.12 | Win Rate: 0.00% | Actor Loss: 101.6684 | Entropy: 0.4721
Epoch [197/2000] | Sampled: 2518.06 | Baseline: 875.75 | Improvement: -1642.31 | Win Rate: 0.00% | Actor Loss: 38.2218 | Entropy: 0.4988
Epoch [198/2000] | Sampled: 2093.44 | Baseline: 735.94 | Improvement: -1357.50 | Win Rate: 0.00% | Actor Loss: 70.6346 | Entropy: 0.4262
Epoch [199/2000] | Sampled: 2185.56 | Baseline: 760.62 | Improvement: -1424.94 | Win Rate: 0.00% | Actor Loss: 9.4933 | Entropy: 0.4419
Epoch [200/2000] | Sampled: 2008.62 | Baseline: 711.31 | Improvement: -1297.31 | Win Rate: 0.00% | Actor Loss: 406.3359 | Entropy: 0.4243
   -> Saved updated training chart to /home/wei/AMR-DFJSP/Static_alogorithm/Attention/attention_precise_training_metrics.png
Epoch [201/2000] | Sampled: 2515.81 | Baseline: 864.06 | Improvement: -1651.75 | Win Rate: 0.00% | Actor Loss: 55139.0171 | Entropy: 0.4481
Epoch [202/2000] | Sampled: 2490.81 | Baseline: 842.94 | Improvement: -1647.88 | Win Rate: 0.00% | Actor Loss: 60.6705 | Entropy: 0.4749
Epoch [203/2000] | Sampled: 2307.81 | Baseline: 795.50 | Improvement: -1512.31 | Win Rate: 0.00% | Actor Loss: 4.9208 | Entropy: 0.4488
Epoch [204/2000] | Sampled: 2124.38 | Baseline: 730.88 | Improvement: -1393.50 | Win Rate: 0.00% | Actor Loss: -4.1985 | Entropy: 0.4106
Epoch [205/2000] | Sampled: 2167.31 | Baseline: 742.00 | Improvement: -1425.31 | Win Rate: 0.00% | Actor Loss: -10728.3397 | Entropy: 0.4053
Epoch [206/2000] | Sampled: 2540.62 | Baseline: 864.44 | Improvement: -1676.19 | Win Rate: 0.00% | Actor Loss: 90.5397 | Entropy: 0.4727
Epoch [207/2000] | Sampled: 2578.62 | Baseline: 885.12 | Improvement: -1693.50 | Win Rate: 0.00% | Actor Loss: 49.4443 | Entropy: 0.4901
Epoch [208/2000] | Sampled: 1858.12 | Baseline: 635.44 | Improvement: -1222.69 | Win Rate: 0.00% | Actor Loss: 4.8775 | Entropy: 0.3590
Epoch [209/2000] | Sampled: 2015.94 | Baseline: 707.88 | Improvement: -1308.06 | Win Rate: 0.00% | Actor Loss: 2.8117 | Entropy: 0.5365
Epoch [210/2000] | Sampled: 2324.88 | Baseline: 795.12 | Improvement: -1529.75 | Win Rate: 0.00% | Actor Loss: -9.6281 | Entropy: 0.7204
Epoch [211/2000] | Sampled: 1920.88 | Baseline: 671.75 | Improvement: -1249.12 | Win Rate: 0.00% | Actor Loss: -3.4310 | Entropy: 0.5785
Epoch [212/2000] | Sampled: 1784.50 | Baseline: 617.81 | Improvement: -1166.69 | Win Rate: 0.00% | Actor Loss: -4.9969 | Entropy: 0.6035
Epoch [213/2000] | Sampled: 2072.19 | Baseline: 716.50 | Improvement: -1355.69 | Win Rate: 0.00% | Actor Loss: -2.3342 | Entropy: 0.6288
Epoch [214/2000] | Sampled: 2399.00 | Baseline: 828.06 | Improvement: -1570.94 | Win Rate: 0.00% | Actor Loss: -6.4194 | Entropy: 0.7703
Epoch [215/2000] | Sampled: 1986.56 | Baseline: 736.38 | Improvement: -1250.19 | Win Rate: 0.00% | Actor Loss: 3471.4289 | Entropy: 0.5454
Epoch [216/2000] | Sampled: 2099.81 | Baseline: 728.75 | Improvement: -1371.06 | Win Rate: 0.00% | Actor Loss: -1443.9961 | Entropy: 0.6395
Epoch [217/2000] | Sampled: 2115.31 | Baseline: 733.81 | Improvement: -1381.50 | Win Rate: 0.00% | Actor Loss: 0.6714 | Entropy: 0.7693
Epoch [218/2000] | Sampled: 2616.81 | Baseline: 901.19 | Improvement: -1715.62 | Win Rate: 0.00% | Actor Loss: 331.4603 | Entropy: 0.7228
Epoch [219/2000] | Sampled: 1961.25 | Baseline: 707.50 | Improvement: -1253.75 | Win Rate: 0.00% | Actor Loss: -754.5988 | Entropy: 0.4994
Epoch [220/2000] | Sampled: 2041.75 | Baseline: 715.94 | Improvement: -1325.81 | Win Rate: 0.00% | Actor Loss: -643.8393 | Entropy: 0.5234
Epoch [221/2000] | Sampled: 2135.50 | Baseline: 748.44 | Improvement: -1387.06 | Win Rate: 0.00% | Actor Loss: 4.5170 | Entropy: 0.5642
Epoch [222/2000] | Sampled: 2174.75 | Baseline: 743.62 | Improvement: -1431.12 | Win Rate: 0.00% | Actor Loss: -21.6350 | Entropy: 0.5477
Epoch [223/2000] | Sampled: 2529.88 | Baseline: 875.94 | Improvement: -1653.94 | Win Rate: 0.00% | Actor Loss: -9.2604 | Entropy: 0.5994
Epoch [224/2000] | Sampled: 1911.00 | Baseline: 671.00 | Improvement: -1240.00 | Win Rate: 0.00% | Actor Loss: 4.5030 | Entropy: 0.4497
Epoch [225/2000] | Sampled: 2275.62 | Baseline: 793.19 | Improvement: -1482.44 | Win Rate: 0.00% | Actor Loss: -14.8177 | Entropy: 0.5737
Epoch [226/2000] | Sampled: 2107.12 | Baseline: 723.06 | Improvement: -1384.06 | Win Rate: 0.00% | Actor Loss: -13.1534 | Entropy: 0.4758
Epoch [227/2000] | Sampled: 2665.56 | Baseline: 906.88 | Improvement: -1758.69 | Win Rate: 0.00% | Actor Loss: -501.5589 | Entropy: 0.5614
Epoch [228/2000] | Sampled: 2127.50 | Baseline: 727.31 | Improvement: -1400.19 | Win Rate: 0.00% | Actor Loss: 0.4474 | Entropy: 0.4380
Epoch [229/2000] | Sampled: 2393.62 | Baseline: 804.56 | Improvement: -1589.06 | Win Rate: 0.00% | Actor Loss: -0.2841 | Entropy: 0.4682
Epoch [230/2000] | Sampled: 2168.19 | Baseline: 736.06 | Improvement: -1432.12 | Win Rate: 0.00% | Actor Loss: 1.4697 | Entropy: 0.4024
Epoch [231/2000] | Sampled: 2508.88 | Baseline: 852.75 | Improvement: -1656.12 | Win Rate: 0.00% | Actor Loss: 0.8124 | Entropy: 0.4956
Epoch [232/2000] | Sampled: 2256.88 | Baseline: 773.75 | Improvement: -1483.12 | Win Rate: 0.00% | Actor Loss: 0.7317 | Entropy: 0.4933
Epoch [233/2000] | Sampled: 2046.31 | Baseline: 690.44 | Improvement: -1355.88 | Win Rate: 0.00% | Actor Loss: -1.6914 | Entropy: 0.4310
Epoch [234/2000] | Sampled: 2123.12 | Baseline: 723.88 | Improvement: -1399.25 | Win Rate: 0.00% | Actor Loss: 0.3008 | Entropy: 0.4919
Epoch [235/2000] | Sampled: 2765.50 | Baseline: 934.62 | Improvement: -1830.88 | Win Rate: 0.00% | Actor Loss: 1.6004 | Entropy: 0.5748
Epoch [236/2000] | Sampled: 2374.69 | Baseline: 799.38 | Improvement: -1575.31 | Win Rate: 0.00% | Actor Loss: -298.4983 | Entropy: 0.5153
Epoch [237/2000] | Sampled: 2430.00 | Baseline: 838.62 | Improvement: -1591.38 | Win Rate: 0.00% | Actor Loss: 7.0047 | Entropy: 0.4995
Epoch [238/2000] | Sampled: 1829.00 | Baseline: 619.31 | Improvement: -1209.69 | Win Rate: 0.00% | Actor Loss: -0.6956 | Entropy: 0.3577
Epoch [239/2000] | Sampled: 2283.00 | Baseline: 772.44 | Improvement: -1510.56 | Win Rate: 0.00% | Actor Loss: 2.0337 | Entropy: 0.4423
Epoch [240/2000] | Sampled: 1990.44 | Baseline: 684.50 | Improvement: -1305.94 | Win Rate: 0.00% | Actor Loss: 1.2471 | Entropy: 0.3927
Epoch [241/2000] | Sampled: 2292.12 | Baseline: 775.12 | Improvement: -1517.00 | Win Rate: 0.00% | Actor Loss: -14.3904 | Entropy: 0.4307
Epoch [242/2000] | Sampled: 2717.25 | Baseline: 915.94 | Improvement: -1801.31 | Win Rate: 0.00% | Actor Loss: -6492.2212 | Entropy: 0.5275
Epoch [243/2000] | Sampled: 2367.38 | Baseline: 799.69 | Improvement: -1567.69 | Win Rate: 0.00% | Actor Loss: 305.2154 | Entropy: 0.4619
Epoch [244/2000] | Sampled: 2235.38 | Baseline: 758.81 | Improvement: -1476.56 | Win Rate: 0.00% | Actor Loss: -28647.3571 | Entropy: 0.4296
Epoch [245/2000] | Sampled: 2470.50 | Baseline: 831.62 | Improvement: -1638.88 | Win Rate: 0.00% | Actor Loss: -577.6963 | Entropy: 0.4524
Epoch [246/2000] | Sampled: 2173.12 | Baseline: 736.81 | Improvement: -1436.31 | Win Rate: 0.00% | Actor Loss: -243.6412 | Entropy: 0.4103
Epoch [247/2000] | Sampled: 2535.38 | Baseline: 861.75 | Improvement: -1673.62 | Win Rate: 0.00% | Actor Loss: -57.0992 | Entropy: 0.4377
Epoch [248/2000] | Sampled: 2296.81 | Baseline: 777.25 | Improvement: -1519.56 | Win Rate: 0.00% | Actor Loss: -441.4064 | Entropy: 0.4186
Epoch [249/2000] | Sampled: 2143.00 | Baseline: 724.94 | Improvement: -1418.06 | Win Rate: 0.00% | Actor Loss: -3.1026 | Entropy: 0.3929
Epoch [250/2000] | Sampled: 2305.06 | Baseline: 778.69 | Improvement: -1526.38 | Win Rate: 0.00% | Actor Loss: 128.4258 | Entropy: 0.4384
Epoch [251/2000] | Sampled: 2203.19 | Baseline: 748.12 | Improvement: -1455.06 | Win Rate: 0.00% | Actor Loss: -1517.8387 | Entropy: 0.4104
Epoch [252/2000] | Sampled: 2067.25 | Baseline: 693.81 | Improvement: -1373.44 | Win Rate: 0.00% | Actor Loss: -0.7180 | Entropy: 0.4086
Epoch [253/2000] | Sampled: 2722.38 | Baseline: 917.00 | Improvement: -1805.38 | Win Rate: 0.00% | Actor Loss: -5.0902 | Entropy: 0.4748
Epoch [254/2000] | Sampled: 2499.00 | Baseline: 838.69 | Improvement: -1660.31 | Win Rate: 0.00% | Actor Loss: -2.9435 | Entropy: 0.4833
Epoch [255/2000] | Sampled: 2352.69 | Baseline: 793.81 | Improvement: -1558.88 | Win Rate: 0.00% | Actor Loss: -2.7257 | Entropy: 0.4958
Epoch [256/2000] | Sampled: 2391.06 | Baseline: 799.50 | Improvement: -1591.56 | Win Rate: 0.00% | Actor Loss: -797.0797 | Entropy: 1.3936
Epoch [257/2000] | Sampled: 2243.19 | Baseline: 791.38 | Improvement: -1451.81 | Win Rate: 0.00% | Actor Loss: -9.3046 | Entropy: 2.3534
Epoch [258/2000] | Sampled: 1856.69 | Baseline: 826.00 | Improvement: -1030.69 | Win Rate: 0.00% | Actor Loss: -3.5814 | Entropy: 2.0893
Epoch [259/2000] | Sampled: 1475.44 | Baseline: 741.62 | Improvement: -733.81 | Win Rate: 0.00% | Actor Loss: -0.7771 | Entropy: 1.6896
Epoch [260/2000] | Sampled: 1906.12 | Baseline: 644.94 | Improvement: -1261.19 | Win Rate: 0.00% | Actor Loss: -8.3089 | Entropy: 1.0451
Epoch [261/2000] | Sampled: 2207.06 | Baseline: 764.06 | Improvement: -1443.00 | Win Rate: 0.00% | Actor Loss: -4.7463 | Entropy: 1.2108
Epoch [262/2000] | Sampled: 2128.19 | Baseline: 736.00 | Improvement: -1392.19 | Win Rate: 0.00% | Actor Loss: -3.0195 | Entropy: 1.1166
Epoch [263/2000] | Sampled: 2290.56 | Baseline: 786.75 | Improvement: -1503.81 | Win Rate: 0.00% | Actor Loss: 12.0339 | Entropy: 1.0599
Epoch [264/2000] | Sampled: 2143.75 | Baseline: 726.44 | Improvement: -1417.31 | Win Rate: 0.00% | Actor Loss: -2.7495 | Entropy: 0.9175
Epoch [265/2000] | Sampled: 2396.44 | Baseline: 807.81 | Improvement: -1588.62 | Win Rate: 0.00% | Actor Loss: -9.0016 | Entropy: 0.9712
Epoch [266/2000] | Sampled: 2418.75 | Baseline: 833.69 | Improvement: -1585.06 | Win Rate: 0.00% | Actor Loss: -5.8437 | Entropy: 0.9442
Epoch [267/2000] | Sampled: 2334.62 | Baseline: 788.25 | Improvement: -1546.38 | Win Rate: 0.00% | Actor Loss: -1.8393 | Entropy: 0.8783
Epoch [268/2000] | Sampled: 2653.56 | Baseline: 900.31 | Improvement: -1753.25 | Win Rate: 0.00% | Actor Loss: -0.4328 | Entropy: 0.9407
Epoch [269/2000] | Sampled: 2113.50 | Baseline: 721.56 | Improvement: -1391.94 | Win Rate: 0.00% | Actor Loss: 13.8244 | Entropy: 0.7681
Epoch [270/2000] | Sampled: 2018.81 | Baseline: 692.88 | Improvement: -1325.94 | Win Rate: 0.00% | Actor Loss: 8.6847 | Entropy: 0.7057
Epoch [271/2000] | Sampled: 2165.38 | Baseline: 762.38 | Improvement: -1403.00 | Win Rate: 0.00% | Actor Loss: -2.1299 | Entropy: 0.7842
Epoch [272/2000] | Sampled: 2317.56 | Baseline: 799.88 | Improvement: -1517.69 | Win Rate: 0.00% | Actor Loss: -2.3508 | Entropy: 0.7825
Epoch [273/2000] | Sampled: 1681.25 | Baseline: 593.75 | Improvement: -1087.50 | Win Rate: 0.00% | Actor Loss: 2.7039 | Entropy: 0.6148
Epoch [274/2000] | Sampled: 2293.19 | Baseline: 793.81 | Improvement: -1499.38 | Win Rate: 0.00% | Actor Loss: -1.6544 | Entropy: 0.7310
Epoch [275/2000] | Sampled: 1815.38 | Baseline: 635.88 | Improvement: -1179.50 | Win Rate: 0.00% | Actor Loss: 0.3351 | Entropy: 0.6345
Epoch [276/2000] | Sampled: 2510.88 | Baseline: 874.75 | Improvement: -1636.12 | Win Rate: 0.00% | Actor Loss: 1.1966 | Entropy: 0.7749
Epoch [277/2000] | Sampled: 2125.44 | Baseline: 727.00 | Improvement: -1398.44 | Win Rate: 0.00% | Actor Loss: -0.6949 | Entropy: 0.6650
Epoch [278/2000] | Sampled: 2568.62 | Baseline: 869.31 | Improvement: -1699.31 | Win Rate: 0.00% | Actor Loss: 1.1623 | Entropy: 0.7623
Epoch [279/2000] | Sampled: 2695.38 | Baseline: 942.12 | Improvement: -1753.25 | Win Rate: 0.00% | Actor Loss: -0.6563 | Entropy: 0.8113
Epoch [280/2000] | Sampled: 1846.88 | Baseline: 644.50 | Improvement: -1202.38 | Win Rate: 0.00% | Actor Loss: -0.7634 | Entropy: 0.6030
Epoch [281/2000] | Sampled: 2104.50 | Baseline: 735.50 | Improvement: -1369.00 | Win Rate: 0.00% | Actor Loss: -2.1075 | Entropy: 0.7032
Epoch [282/2000] | Sampled: 2085.44 | Baseline: 725.50 | Improvement: -1359.94 | Win Rate: 0.00% | Actor Loss: -1.0485 | Entropy: 0.7325
Epoch [283/2000] | Sampled: 1814.50 | Baseline: 638.56 | Improvement: -1175.94 | Win Rate: 0.00% | Actor Loss: 0.3722 | Entropy: 0.6336
Epoch [284/2000] | Sampled: 2038.50 | Baseline: 707.19 | Improvement: -1331.31 | Win Rate: 0.00% | Actor Loss: 5.6684 | Entropy: 0.7006
Epoch [285/2000] | Sampled: 1644.19 | Baseline: 574.50 | Improvement: -1069.69 | Win Rate: 0.00% | Actor Loss: 0.4826 | Entropy: 0.6379
Epoch [286/2000] | Sampled: 2087.12 | Baseline: 722.50 | Improvement: -1364.62 | Win Rate: 0.00% | Actor Loss: -1.0876 | Entropy: 0.7297
Epoch [287/2000] | Sampled: 2155.69 | Baseline: 743.19 | Improvement: -1412.50 | Win Rate: 0.00% | Actor Loss: 3.1477 | Entropy: 0.8047
Epoch [288/2000] | Sampled: 2466.44 | Baseline: 844.88 | Improvement: -1621.56 | Win Rate: 0.00% | Actor Loss: -6.4956 | Entropy: 0.8626
Epoch [289/2000] | Sampled: 1556.62 | Baseline: 540.62 | Improvement: -1016.00 | Win Rate: 0.00% | Actor Loss: 1.0317 | Entropy: 0.6296
Epoch [290/2000] | Sampled: 2411.94 | Baseline: 824.19 | Improvement: -1587.75 | Win Rate: 0.00% | Actor Loss: -3.5496 | Entropy: 0.8409
Epoch [291/2000] | Sampled: 1546.19 | Baseline: 525.19 | Improvement: -1021.00 | Win Rate: 0.00% | Actor Loss: -0.6415 | Entropy: 0.6423
Epoch [292/2000] | Sampled: 2135.25 | Baseline: 747.69 | Improvement: -1387.56 | Win Rate: 0.00% | Actor Loss: -4.7330 | Entropy: 0.8420
Epoch [293/2000] | Sampled: 1528.88 | Baseline: 521.81 | Improvement: -1007.06 | Win Rate: 0.00% | Actor Loss: -1.1901 | Entropy: 0.6423
Epoch [294/2000] | Sampled: 2023.31 | Baseline: 698.94 | Improvement: -1324.38 | Win Rate: 0.00% | Actor Loss: -4.0970 | Entropy: 0.7917
Epoch [295/2000] | Sampled: 1512.75 | Baseline: 526.69 | Improvement: -986.06 | Win Rate: 0.00% | Actor Loss: 0.9216 | Entropy: 0.6703
Epoch [296/2000] | Sampled: 2384.31 | Baseline: 827.00 | Improvement: -1557.31 | Win Rate: 0.00% | Actor Loss: -0.6245 | Entropy: 0.9428
Epoch [297/2000] | Sampled: 1975.19 | Baseline: 691.19 | Improvement: -1284.00 | Win Rate: 0.00% | Actor Loss: -2.5273 | Entropy: 0.8561
Epoch [298/2000] | Sampled: 1964.31 | Baseline: 678.00 | Improvement: -1286.31 | Win Rate: 0.00% | Actor Loss: -2.4063 | Entropy: 0.8750
Epoch [299/2000] | Sampled: 2594.94 | Baseline: 886.88 | Improvement: -1708.06 | Win Rate: 0.00% | Actor Loss: -3.2693 | Entropy: 1.1019
Epoch [300/2000] | Sampled: 2176.88 | Baseline: 745.44 | Improvement: -1431.44 | Win Rate: 0.00% | Actor Loss: -0.1259 | Entropy: 0.9679
   -> Saved updated training chart to /home/wei/AMR-DFJSP/Static_alogorithm/Attention/attention_precise_training_metrics.png
Epoch [301/2000] | Sampled: 2297.94 | Baseline: 796.56 | Improvement: -1501.38 | Win Rate: 0.00% | Actor Loss: -3.4281 | Entropy: 1.0026
Epoch [302/2000] | Sampled: 2324.69 | Baseline: 791.00 | Improvement: -1533.69 | Win Rate: 0.00% | Actor Loss: -3.3099 | Entropy: 1.0289
Epoch [303/2000] | Sampled: 2338.69 | Baseline: 795.00 | Improvement: -1543.69 | Win Rate: 0.00% | Actor Loss: -0.3202 | Entropy: 1.0285
Epoch [304/2000] | Sampled: 2421.56 | Baseline: 824.88 | Improvement: -1596.69 | Win Rate: 0.00% | Actor Loss: -3.5229 | Entropy: 1.1110
Epoch [305/2000] | Sampled: 2420.38 | Baseline: 824.00 | Improvement: -1596.38 | Win Rate: 0.00% | Actor Loss: 0.0738 | Entropy: 1.0367
Epoch [306/2000] | Sampled: 2132.12 | Baseline: 726.19 | Improvement: -1405.94 | Win Rate: 0.00% | Actor Loss: 4.4355 | Entropy: 0.9093
Epoch [307/2000] | Sampled: 2628.12 | Baseline: 895.12 | Improvement: -1733.00 | Win Rate: 0.00% | Actor Loss: 7.0401 | Entropy: 1.1045
Epoch [308/2000] | Sampled: 2168.50 | Baseline: 725.88 | Improvement: -1442.62 | Win Rate: 0.00% | Actor Loss: -3.6940 | Entropy: 0.9687
Epoch [309/2000] | Sampled: 2578.62 | Baseline: 872.94 | Improvement: -1705.69 | Win Rate: 0.00% | Actor Loss: 0.8592 | Entropy: 1.0911
Epoch [310/2000] | Sampled: 2230.00 | Baseline: 765.56 | Improvement: -1464.44 | Win Rate: 0.00% | Actor Loss: -0.2028 | Entropy: 0.9513
Epoch [311/2000] | Sampled: 1772.56 | Baseline: 609.88 | Improvement: -1162.69 | Win Rate: 0.00% | Actor Loss: -0.8159 | Entropy: 0.8021
Epoch [312/2000] | Sampled: 2530.56 | Baseline: 859.12 | Improvement: -1671.44 | Win Rate: 0.00% | Actor Loss: -4.7112 | Entropy: 1.0526
Epoch [313/2000] | Sampled: 1860.25 | Baseline: 637.81 | Improvement: -1222.44 | Win Rate: 0.00% | Actor Loss: -3.1455 | Entropy: 0.8699
Epoch [314/2000] | Sampled: 2297.31 | Baseline: 779.31 | Improvement: -1518.00 | Win Rate: 0.00% | Actor Loss: -4.9044 | Entropy: 1.0059
Epoch [315/2000] | Sampled: 2322.75 | Baseline: 797.00 | Improvement: -1525.75 | Win Rate: 0.00% | Actor Loss: -7.5003 | Entropy: 1.0414
Epoch [316/2000] | Sampled: 2529.38 | Baseline: 858.25 | Improvement: -1671.12 | Win Rate: 0.00% | Actor Loss: -5.6560 | Entropy: 1.1713
Epoch [317/2000] | Sampled: 2220.62 | Baseline: 768.81 | Improvement: -1451.81 | Win Rate: 0.00% | Actor Loss: -4.5733 | Entropy: 1.0740
Epoch [318/2000] | Sampled: 2116.62 | Baseline: 717.75 | Improvement: -1398.88 | Win Rate: 0.00% | Actor Loss: -6.4420 | Entropy: 1.1137
Epoch [319/2000] | Sampled: 1823.06 | Baseline: 621.25 | Improvement: -1201.81 | Win Rate: 0.00% | Actor Loss: -0.2978 | Entropy: 0.9596
Epoch [320/2000] | Sampled: 1960.88 | Baseline: 664.12 | Improvement: -1296.75 | Win Rate: 0.00% | Actor Loss: -7.5096 | Entropy: 1.0584
Epoch [321/2000] | Sampled: 2590.75 | Baseline: 893.62 | Improvement: -1697.12 | Win Rate: 0.00% | Actor Loss: -1.2425 | Entropy: 1.3300
Epoch [322/2000] | Sampled: 2257.56 | Baseline: 768.62 | Improvement: -1488.94 | Win Rate: 0.00% | Actor Loss: -5.1977 | Entropy: 1.1634
Epoch [323/2000] | Sampled: 1946.38 | Baseline: 671.44 | Improvement: -1274.94 | Win Rate: 0.00% | Actor Loss: -2.2756 | Entropy: 1.1015
Epoch [324/2000] | Sampled: 2440.06 | Baseline: 837.50 | Improvement: -1602.56 | Win Rate: 0.00% | Actor Loss: -3.4242 | Entropy: 1.1927
Epoch [325/2000] | Sampled: 2536.88 | Baseline: 868.19 | Improvement: -1668.69 | Win Rate: 0.00% | Actor Loss: -12.1567 | Entropy: 1.2243
Epoch [326/2000] | Sampled: 2192.88 | Baseline: 744.12 | Improvement: -1448.75 | Win Rate: 0.00% | Actor Loss: -2.9741 | Entropy: 1.1826
Epoch [327/2000] | Sampled: 1832.12 | Baseline: 629.56 | Improvement: -1202.56 | Win Rate: 0.00% | Actor Loss: -1.7374 | Entropy: 1.0863
Epoch [328/2000] | Sampled: 2216.88 | Baseline: 757.81 | Improvement: -1459.06 | Win Rate: 0.00% | Actor Loss: -7.3283 | Entropy: 1.2045
Epoch [329/2000] | Sampled: 2373.50 | Baseline: 817.25 | Improvement: -1556.25 | Win Rate: 0.00% | Actor Loss: -8.1134 | Entropy: 1.2743
Epoch [330/2000] | Sampled: 2210.44 | Baseline: 761.88 | Improvement: -1448.56 | Win Rate: 0.00% | Actor Loss: -6.0512 | Entropy: 1.1807
Epoch [331/2000] | Sampled: 2378.00 | Baseline: 809.69 | Improvement: -1568.31 | Win Rate: 0.00% | Actor Loss: -6.3351 | Entropy: 1.2068
Epoch [332/2000] | Sampled: 2512.81 | Baseline: 845.88 | Improvement: -1666.94 | Win Rate: 0.00% | Actor Loss: -4.0553 | Entropy: 1.2176
Epoch [333/2000] | Sampled: 1994.75 | Baseline: 681.50 | Improvement: -1313.25 | Win Rate: 0.00% | Actor Loss: -6.5449 | Entropy: 1.0186
Epoch [334/2000] | Sampled: 2210.50 | Baseline: 756.31 | Improvement: -1454.19 | Win Rate: 0.00% | Actor Loss: -2.1538 | Entropy: 1.0797
Epoch [335/2000] | Sampled: 1642.00 | Baseline: 558.25 | Improvement: -1083.75 | Win Rate: 0.00% | Actor Loss: -1.3636 | Entropy: 0.9202
Epoch [336/2000] | Sampled: 2069.06 | Baseline: 709.12 | Improvement: -1359.94 | Win Rate: 0.00% | Actor Loss: -7.7761 | Entropy: 1.1496
Epoch [337/2000] | Sampled: 2140.19 | Baseline: 726.06 | Improvement: -1414.12 | Win Rate: 0.00% | Actor Loss: -2.7521 | Entropy: 1.0456
Epoch [338/2000] | Sampled: 2510.88 | Baseline: 856.69 | Improvement: -1654.19 | Win Rate: 0.00% | Actor Loss: -0.9652 | Entropy: 1.0363
Epoch [339/2000] | Sampled: 2147.50 | Baseline: 729.50 | Improvement: -1418.00 | Win Rate: 0.00% | Actor Loss: -0.9482 | Entropy: 0.9509
Epoch [340/2000] | Sampled: 2210.19 | Baseline: 765.69 | Improvement: -1444.50 | Win Rate: 0.00% | Actor Loss: -5.7829 | Entropy: 1.1391
Epoch [341/2000] | Sampled: 1988.44 | Baseline: 680.94 | Improvement: -1307.50 | Win Rate: 0.00% | Actor Loss: -7.9750 | Entropy: 1.0949
Epoch [342/2000] | Sampled: 1842.56 | Baseline: 632.31 | Improvement: -1210.25 | Win Rate: 0.00% | Actor Loss: -4.1825 | Entropy: 0.9528
Epoch [343/2000] | Sampled: 2467.12 | Baseline: 841.19 | Improvement: -1625.94 | Win Rate: 0.00% | Actor Loss: -2.9878 | Entropy: 1.0644
Epoch [344/2000] | Sampled: 2353.75 | Baseline: 805.94 | Improvement: -1547.81 | Win Rate: 0.00% | Actor Loss: -14.4807 | Entropy: 1.0274
Epoch [345/2000] | Sampled: 1912.06 | Baseline: 657.38 | Improvement: -1254.69 | Win Rate: 0.00% | Actor Loss: 2.6676 | Entropy: 0.9150
Epoch [346/2000] | Sampled: 1674.88 | Baseline: 564.31 | Improvement: -1110.56 | Win Rate: 0.00% | Actor Loss: -3.8606 | Entropy: 0.8661
Epoch [347/2000] | Sampled: 1881.25 | Baseline: 643.12 | Improvement: -1238.12 | Win Rate: 0.00% | Actor Loss: -4.8725 | Entropy: 0.8055
Epoch [348/2000] | Sampled: 1899.25 | Baseline: 645.19 | Improvement: -1254.06 | Win Rate: 0.00% | Actor Loss: -2.2198 | Entropy: 0.7267
Epoch [349/2000] | Sampled: 2272.50 | Baseline: 770.06 | Improvement: -1502.44 | Win Rate: 0.00% | Actor Loss: -2.7936 | Entropy: 0.7443
Epoch [350/2000] | Sampled: 2575.25 | Baseline: 887.44 | Improvement: -1687.81 | Win Rate: 0.00% | Actor Loss: -3.3838 | Entropy: 0.7784
Epoch [351/2000] | Sampled: 2451.88 | Baseline: 841.94 | Improvement: -1609.94 | Win Rate: 0.00% | Actor Loss: -1.9815 | Entropy: 0.7216
Epoch [352/2000] | Sampled: 1962.88 | Baseline: 672.19 | Improvement: -1290.69 | Win Rate: 0.00% | Actor Loss: -1.7765 | Entropy: 0.5771
Epoch [353/2000] | Sampled: 2457.25 | Baseline: 834.75 | Improvement: -1622.50 | Win Rate: 0.00% | Actor Loss: -3.3762 | Entropy: 0.7246
Epoch [354/2000] | Sampled: 2410.00 | Baseline: 820.62 | Improvement: -1589.38 | Win Rate: 0.00% | Actor Loss: -2.6956 | Entropy: 0.7855
Epoch [355/2000] | Sampled: 1922.62 | Baseline: 662.50 | Improvement: -1260.12 | Win Rate: 0.00% | Actor Loss: -2.4024 | Entropy: 0.5779
Epoch [356/2000] | Sampled: 2308.62 | Baseline: 792.94 | Improvement: -1515.69 | Win Rate: 0.00% | Actor Loss: 2.9833 | Entropy: 0.7128
Epoch [357/2000] | Sampled: 2824.88 | Baseline: 945.62 | Improvement: -1879.25 | Win Rate: 0.00% | Actor Loss: -15.8862 | Entropy: 0.9143
Traceback (most recent call last):
  File "/home/wei/AMR-DFJSP/Static_alogorithm/Attention/train_precise.py", line 576, in <module>
    train(build_parser().parse_args())
  File "/home/wei/AMR-DFJSP/Static_alogorithm/Attention/train_precise.py", line 546, in train
    train_reinforce(args)
  File "/home/wei/AMR-DFJSP/Static_alogorithm/Attention/train_precise.py", line 358, in train_reinforce
    comparison = compute_dispatch_baseline_comparison(
  File "/home/wei/AMR-DFJSP/Static_alogorithm/reinforce_baseline.py", line 175, in compute_dispatch_baseline_comparison
    rule_next_makespan, _ = evaluate_makespan(
  File "/home/wei/AMR-DFJSP/Static_alogorithm/reinforce_baseline.py", line 78, in evaluate_makespan
    availability, _, _, _, invalid_count = decode_schedule_tick_by_tick(
  File "/home/wei/AMR-DFJSP/Static_alogorithm/GA/GA.py", line 1188, in decode_schedule_tick_by_tick
    return decode_schedule(individual, jobs, need_log=need_log, check_collision=check_collision, init_state=init_state)
  File "/home/wei/AMR-DFJSP/Static_alogorithm/GA/GA.py", line 1182, in decode_schedule
    execute_unload(op)
  File "/home/wei/AMR-DFJSP/Static_alogorithm/GA/GA.py", line 1111, in execute_unload
    travel_end = move_amr(amr, station_pos, travel_start, job.idx, "unload", f"Job{job.idx} unload trans {int(grid_distance(current_position[amr], station_pos))}s")
  File "/home/wei/AMR-DFJSP/Static_alogorithm/GA/GA.py", line 1074, in move_amr
    path = find_dynamic_path(origin, destination, start_time, reservations, amr_states, amr)
  File "/home/wei/AMR-DFJSP/Static_alogorithm/GA/GA.py", line 240, in find_dynamic_path
    if neighbor in OBSTACLES: continue
KeyboardInterrupt
