Training on: cuda
Loaded 100 dispatch events from /home/wei/AMR-DFJSP/test_case/static/dispatch_inbox_20.jsonl
Loaded 100 dispatch events from /home/wei/AMR-DFJSP/test_case/static/dispatch_inbox_40.jsonl
Loaded 100 dispatch events from /home/wei/AMR-DFJSP/test_case/static/dispatch_inbox_60.jsonl
Loaded 100 dispatch events from /home/wei/AMR-DFJSP/test_case/static/dispatch_inbox_80.jsonl
Loaded 100 dispatch events from /home/wei/AMR-DFJSP/test_case/static/dispatch_inbox_100.jsonl
Starting GNN REINFORCE training with dispatch baseline 'earliest_completion_job+earliest_completion' (stepwise).
Epoch [1/2000] | Sampled: 1100.06 | Baseline: 778.38 | Improvement: -321.69 | Win Rate: 0.00% | Job Loss: 5.0574 | AMR Loss: -0.1624 | Entropy: 4.1298
   -> Saved new best model (Makespan: 1100.06)
   -> Saved updated training chart to /home/wei/AMR-DFJSP/Static_alogorithm/GNN/gnn_training_metrics.png
Epoch [2/2000] | Sampled: 1316.69 | Baseline: 852.19 | Improvement: -464.50 | Win Rate: 0.00% | Job Loss: 4.8296 | AMR Loss: -1.3325 | Entropy: 4.2397
Epoch [3/2000] | Sampled: 1179.69 | Baseline: 747.19 | Improvement: -432.50 | Win Rate: 0.00% | Job Loss: 5.5074 | AMR Loss: -1.3548 | Entropy: 3.9884
Epoch [4/2000] | Sampled: 1498.44 | Baseline: 779.31 | Improvement: -719.12 | Win Rate: 0.00% | Job Loss: 6.3918 | AMR Loss: 0.9246 | Entropy: 3.7245
Epoch [5/2000] | Sampled: 1408.88 | Baseline: 713.00 | Improvement: -695.88 | Win Rate: 0.00% | Job Loss: 10.1329 | AMR Loss: 2.5886 | Entropy: 3.5981
Epoch [6/2000] | Sampled: 1586.94 | Baseline: 658.94 | Improvement: -928.00 | Win Rate: 0.00% | Job Loss: 6.2853 | AMR Loss: 3.2447 | Entropy: 3.4057
Epoch [7/2000] | Sampled: 1779.31 | Baseline: 712.94 | Improvement: -1066.38 | Win Rate: 0.00% | Job Loss: 6.8715 | AMR Loss: 4.0086 | Entropy: 3.3996
Epoch [8/2000] | Sampled: 1735.12 | Baseline: 685.38 | Improvement: -1049.75 | Win Rate: 0.00% | Job Loss: 9.3744 | AMR Loss: 3.6547 | Entropy: 3.2614
Epoch [9/2000] | Sampled: 1953.12 | Baseline: 723.88 | Improvement: -1229.25 | Win Rate: 0.00% | Job Loss: -1.4655 | AMR Loss: 4.1146 | Entropy: 3.2104
Epoch [10/2000] | Sampled: 2039.50 | Baseline: 742.19 | Improvement: -1297.31 | Win Rate: 0.00% | Job Loss: 3.1362 | AMR Loss: 3.4751 | Entropy: 3.0298
Epoch [11/2000] | Sampled: 2154.62 | Baseline: 760.94 | Improvement: -1393.69 | Win Rate: 0.00% | Job Loss: 4.5651 | AMR Loss: 3.3224 | Entropy: 2.6836
Epoch [12/2000] | Sampled: 2097.19 | Baseline: 761.31 | Improvement: -1335.88 | Win Rate: 0.00% | Job Loss: 1.5517 | AMR Loss: 4.5966 | Entropy: 2.5673
Epoch [13/2000] | Sampled: 2170.50 | Baseline: 752.06 | Improvement: -1418.44 | Win Rate: 0.00% | Job Loss: 1.4735 | AMR Loss: 2.5310 | Entropy: 2.3401
Epoch [14/2000] | Sampled: 2029.62 | Baseline: 716.12 | Improvement: -1313.50 | Win Rate: 0.00% | Job Loss: 0.4131 | AMR Loss: 2.4228 | Entropy: 2.1923
Epoch [15/2000] | Sampled: 2297.00 | Baseline: 807.75 | Improvement: -1489.25 | Win Rate: 0.00% | Job Loss: -6.5445 | AMR Loss: 1.8861 | Entropy: 2.1154
Epoch [16/2000] | Sampled: 2118.12 | Baseline: 743.25 | Improvement: -1374.88 | Win Rate: 0.00% | Job Loss: -3.4323 | AMR Loss: 2.2305 | Entropy: 1.9780
Epoch [17/2000] | Sampled: 2081.69 | Baseline: 726.25 | Improvement: -1355.44 | Win Rate: 0.00% | Job Loss: -10.1797 | AMR Loss: 1.7218 | Entropy: 1.8005
Epoch [18/2000] | Sampled: 2136.31 | Baseline: 752.56 | Improvement: -1383.75 | Win Rate: 0.00% | Job Loss: -1.9542 | AMR Loss: 1.9067 | Entropy: 1.6919
Epoch [19/2000] | Sampled: 2178.50 | Baseline: 758.31 | Improvement: -1420.19 | Win Rate: 0.00% | Job Loss: 2.1184 | AMR Loss: 1.8194 | Entropy: 1.8867
Epoch [20/2000] | Sampled: 2337.62 | Baseline: 820.00 | Improvement: -1517.62 | Win Rate: 0.00% | Job Loss: 6.5661 | AMR Loss: 1.3559 | Entropy: 2.1280
Epoch [21/2000] | Sampled: 2068.25 | Baseline: 717.44 | Improvement: -1350.81 | Win Rate: 0.00% | Job Loss: 7.8907 | AMR Loss: 1.0238 | Entropy: 1.7131
Epoch [22/2000] | Sampled: 2231.69 | Baseline: 780.31 | Improvement: -1451.38 | Win Rate: 0.00% | Job Loss: 2.9079 | AMR Loss: 1.1471 | Entropy: 1.7170
Epoch [23/2000] | Sampled: 1757.00 | Baseline: 613.75 | Improvement: -1143.25 | Win Rate: 0.00% | Job Loss: 2.5152 | AMR Loss: 1.5397 | Entropy: 1.4955
Epoch [24/2000] | Sampled: 2015.12 | Baseline: 707.00 | Improvement: -1308.12 | Win Rate: 0.00% | Job Loss: 0.8653 | AMR Loss: 1.2552 | Entropy: 1.4808
Epoch [25/2000] | Sampled: 2274.44 | Baseline: 782.69 | Improvement: -1491.75 | Win Rate: 0.00% | Job Loss: 5.1993 | AMR Loss: 0.8352 | Entropy: 1.5429
Epoch [26/2000] | Sampled: 2554.62 | Baseline: 882.19 | Improvement: -1672.44 | Win Rate: 0.00% | Job Loss: -11.9547 | AMR Loss: 0.5353 | Entropy: 1.6786
Epoch [27/2000] | Sampled: 2049.00 | Baseline: 709.88 | Improvement: -1339.12 | Win Rate: 0.00% | Job Loss: -9.0525 | AMR Loss: 0.8681 | Entropy: 1.3833
Epoch [28/2000] | Sampled: 2196.06 | Baseline: 757.31 | Improvement: -1438.75 | Win Rate: 0.00% | Job Loss: -4.2889 | AMR Loss: 1.1491 | Entropy: 1.4859
Epoch [29/2000] | Sampled: 2321.00 | Baseline: 806.88 | Improvement: -1514.12 | Win Rate: 0.00% | Job Loss: 6.6110 | AMR Loss: 1.1966 | Entropy: 1.5548
Epoch [30/2000] | Sampled: 1870.94 | Baseline: 646.75 | Improvement: -1224.19 | Win Rate: 0.00% | Job Loss: 7.2790 | AMR Loss: 1.1658 | Entropy: 1.3633
Epoch [31/2000] | Sampled: 1834.69 | Baseline: 637.81 | Improvement: -1196.88 | Win Rate: 0.00% | Job Loss: 8.1867 | AMR Loss: 0.8359 | Entropy: 1.4031
Epoch [32/2000] | Sampled: 1951.12 | Baseline: 679.38 | Improvement: -1271.75 | Win Rate: 0.00% | Job Loss: 11.7427 | AMR Loss: 1.0354 | Entropy: 1.4705
Epoch [33/2000] | Sampled: 2300.88 | Baseline: 796.44 | Improvement: -1504.44 | Win Rate: 0.00% | Job Loss: 12.6082 | AMR Loss: 0.7694 | Entropy: 1.6919
Epoch [34/2000] | Sampled: 2253.81 | Baseline: 771.62 | Improvement: -1482.19 | Win Rate: 0.00% | Job Loss: 13.9235 | AMR Loss: 0.4720 | Entropy: 1.5739
Epoch [35/2000] | Sampled: 2366.00 | Baseline: 808.50 | Improvement: -1557.50 | Win Rate: 0.00% | Job Loss: 12.6851 | AMR Loss: 0.7378 | Entropy: 1.6330
Epoch [36/2000] | Sampled: 1492.62 | Baseline: 519.00 | Improvement: -973.62 | Win Rate: 0.00% | Job Loss: 6.8775 | AMR Loss: 0.9547 | Entropy: 1.2014
Epoch [37/2000] | Sampled: 1854.06 | Baseline: 643.81 | Improvement: -1210.25 | Win Rate: 0.00% | Job Loss: 10.8156 | AMR Loss: 1.1358 | Entropy: 1.3823
Epoch [38/2000] | Sampled: 2460.38 | Baseline: 842.62 | Improvement: -1617.75 | Win Rate: 0.00% | Job Loss: 7.6242 | AMR Loss: 0.5607 | Entropy: 1.7369
Epoch [39/2000] | Sampled: 2266.44 | Baseline: 782.81 | Improvement: -1483.62 | Win Rate: 0.00% | Job Loss: 5.9384 | AMR Loss: 0.8028 | Entropy: 1.6692
Epoch [40/2000] | Sampled: 2387.00 | Baseline: 844.69 | Improvement: -1542.31 | Win Rate: 0.00% | Job Loss: 3.3398 | AMR Loss: 0.8065 | Entropy: 1.7557
Epoch [41/2000] | Sampled: 2309.44 | Baseline: 801.38 | Improvement: -1508.06 | Win Rate: 0.00% | Job Loss: 4.7835 | AMR Loss: 1.0748 | Entropy: 1.6731
Epoch [42/2000] | Sampled: 2053.50 | Baseline: 712.44 | Improvement: -1341.06 | Win Rate: 0.00% | Job Loss: 3.7764 | AMR Loss: 0.6193 | Entropy: 1.5325
Epoch [43/2000] | Sampled: 2328.50 | Baseline: 808.38 | Improvement: -1520.12 | Win Rate: 0.00% | Job Loss: 1.8009 | AMR Loss: 0.4273 | Entropy: 1.6677
Epoch [44/2000] | Sampled: 2413.12 | Baseline: 828.19 | Improvement: -1584.94 | Win Rate: 0.00% | Job Loss: 0.1795 | AMR Loss: 0.7598 | Entropy: 1.6997
Epoch [45/2000] | Sampled: 2075.94 | Baseline: 717.38 | Improvement: -1358.56 | Win Rate: 0.00% | Job Loss: -1.2779 | AMR Loss: 0.6260 | Entropy: 1.6281
Epoch [46/2000] | Sampled: 2068.81 | Baseline: 701.50 | Improvement: -1367.31 | Win Rate: 0.00% | Job Loss: -3.0213 | AMR Loss: 0.6082 | Entropy: 1.5850
Epoch [47/2000] | Sampled: 2250.12 | Baseline: 771.81 | Improvement: -1478.31 | Win Rate: 0.00% | Job Loss: -1.1811 | AMR Loss: 0.5599 | Entropy: 1.6896
Epoch [48/2000] | Sampled: 2046.06 | Baseline: 711.50 | Improvement: -1334.56 | Win Rate: 0.00% | Job Loss: -1.9636 | AMR Loss: 0.6342 | Entropy: 1.6122
Epoch [49/2000] | Sampled: 1884.31 | Baseline: 650.50 | Improvement: -1233.81 | Win Rate: 0.00% | Job Loss: -2.5094 | AMR Loss: 0.9258 | Entropy: 1.5807
Epoch [50/2000] | Sampled: 2224.44 | Baseline: 762.88 | Improvement: -1461.56 | Win Rate: 0.00% | Job Loss: -5.6271 | AMR Loss: 0.4922 | Entropy: 1.6173
Epoch [51/2000] | Sampled: 2236.38 | Baseline: 760.81 | Improvement: -1475.56 | Win Rate: 0.00% | Job Loss: -3.4351 | AMR Loss: 0.6030 | Entropy: 1.5664
Epoch [52/2000] | Sampled: 1750.81 | Baseline: 605.25 | Improvement: -1145.56 | Win Rate: 0.00% | Job Loss: -0.0992 | AMR Loss: 0.8225 | Entropy: 1.3916
Epoch [53/2000] | Sampled: 1880.75 | Baseline: 649.00 | Improvement: -1231.75 | Win Rate: 0.00% | Job Loss: -0.8620 | AMR Loss: 0.5296 | Entropy: 1.4074
Epoch [54/2000] | Sampled: 2039.06 | Baseline: 704.25 | Improvement: -1334.81 | Win Rate: 0.00% | Job Loss: -4.8118 | AMR Loss: 0.4292 | Entropy: 1.4714
Epoch [55/2000] | Sampled: 2424.88 | Baseline: 833.94 | Improvement: -1590.94 | Win Rate: 0.00% | Job Loss: -2.8209 | AMR Loss: 0.5982 | Entropy: 1.5870
Epoch [56/2000] | Sampled: 1796.62 | Baseline: 619.75 | Improvement: -1176.88 | Win Rate: 0.00% | Job Loss: -3.4545 | AMR Loss: 0.7826 | Entropy: 1.3589
Epoch [57/2000] | Sampled: 2304.44 | Baseline: 807.56 | Improvement: -1496.88 | Win Rate: 0.00% | Job Loss: -0.0351 | AMR Loss: 0.6355 | Entropy: 1.5344
Epoch [58/2000] | Sampled: 2279.75 | Baseline: 783.50 | Improvement: -1496.25 | Win Rate: 0.00% | Job Loss: -3.4442 | AMR Loss: 0.3034 | Entropy: 1.4943
Epoch [59/2000] | Sampled: 2070.81 | Baseline: 710.56 | Improvement: -1360.25 | Win Rate: 0.00% | Job Loss: -4.6690 | AMR Loss: 0.5644 | Entropy: 1.4257
Epoch [60/2000] | Sampled: 2614.75 | Baseline: 900.38 | Improvement: -1714.38 | Win Rate: 0.00% | Job Loss: -3.1610 | AMR Loss: 0.5511 | Entropy: 1.5841
Epoch [61/2000] | Sampled: 2289.56 | Baseline: 792.19 | Improvement: -1497.38 | Win Rate: 0.00% | Job Loss: -2.5825 | AMR Loss: 0.3669 | Entropy: 1.4637
Epoch [62/2000] | Sampled: 1909.69 | Baseline: 659.50 | Improvement: -1250.19 | Win Rate: 0.00% | Job Loss: -0.9829 | AMR Loss: 0.8993 | Entropy: 1.3628
Epoch [63/2000] | Sampled: 1858.25 | Baseline: 639.00 | Improvement: -1219.25 | Win Rate: 0.00% | Job Loss: -5.2376 | AMR Loss: 0.5734 | Entropy: 1.3135
Epoch [64/2000] | Sampled: 2027.75 | Baseline: 700.94 | Improvement: -1326.81 | Win Rate: 0.00% | Job Loss: -5.6581 | AMR Loss: 0.9296 | Entropy: 1.3894
Epoch [65/2000] | Sampled: 2058.88 | Baseline: 714.00 | Improvement: -1344.88 | Win Rate: 0.00% | Job Loss: -8.7671 | AMR Loss: 0.2628 | Entropy: 1.3753
Epoch [66/2000] | Sampled: 1903.44 | Baseline: 656.31 | Improvement: -1247.12 | Win Rate: 0.00% | Job Loss: -4.5852 | AMR Loss: 0.8650 | Entropy: 1.3041
Epoch [67/2000] | Sampled: 2293.69 | Baseline: 800.00 | Improvement: -1493.69 | Win Rate: 0.00% | Job Loss: -7.5974 | AMR Loss: 0.4607 | Entropy: 1.3854
Epoch [68/2000] | Sampled: 2146.38 | Baseline: 739.75 | Improvement: -1406.62 | Win Rate: 0.00% | Job Loss: -10.8405 | AMR Loss: 0.4643 | Entropy: 1.3488
Epoch [69/2000] | Sampled: 2069.81 | Baseline: 713.94 | Improvement: -1355.88 | Win Rate: 0.00% | Job Loss: -7.3319 | AMR Loss: 0.5072 | Entropy: 1.2643
Epoch [70/2000] | Sampled: 2035.88 | Baseline: 694.94 | Improvement: -1340.94 | Win Rate: 0.00% | Job Loss: -10.2436 | AMR Loss: 0.6684 | Entropy: 1.2403
Epoch [71/2000] | Sampled: 2750.88 | Baseline: 934.88 | Improvement: -1816.00 | Win Rate: 0.00% | Job Loss: -11.0882 | AMR Loss: 0.3911 | Entropy: 1.4129
Epoch [72/2000] | Sampled: 2695.00 | Baseline: 927.50 | Improvement: -1767.50 | Win Rate: 0.00% | Job Loss: -6.7298 | AMR Loss: 0.4942 | Entropy: 1.3702
Epoch [73/2000] | Sampled: 2241.88 | Baseline: 762.88 | Improvement: -1479.00 | Win Rate: 0.00% | Job Loss: -9.1031 | AMR Loss: 0.4744 | Entropy: 1.2264
Epoch [74/2000] | Sampled: 2235.12 | Baseline: 772.50 | Improvement: -1462.62 | Win Rate: 0.00% | Job Loss: -9.0492 | AMR Loss: 0.7488 | Entropy: 1.2573
Epoch [75/2000] | Sampled: 1974.00 | Baseline: 676.75 | Improvement: -1297.25 | Win Rate: 0.00% | Job Loss: -8.9916 | AMR Loss: 0.7619 | Entropy: 1.1702
Epoch [76/2000] | Sampled: 2216.25 | Baseline: 767.06 | Improvement: -1449.19 | Win Rate: 0.00% | Job Loss: -8.5278 | AMR Loss: 0.5601 | Entropy: 1.2268
Epoch [77/2000] | Sampled: 2250.81 | Baseline: 777.62 | Improvement: -1473.19 | Win Rate: 0.00% | Job Loss: -11.5341 | AMR Loss: 0.4279 | Entropy: 1.2022
Epoch [78/2000] | Sampled: 2434.00 | Baseline: 836.62 | Improvement: -1597.38 | Win Rate: 0.00% | Job Loss: -5.1916 | AMR Loss: 0.5866 | Entropy: 1.2437
Epoch [79/2000] | Sampled: 2310.81 | Baseline: 796.56 | Improvement: -1514.25 | Win Rate: 0.00% | Job Loss: -1.7657 | AMR Loss: 0.7720 | Entropy: 1.2601
Epoch [80/2000] | Sampled: 2479.50 | Baseline: 853.56 | Improvement: -1625.94 | Win Rate: 0.00% | Job Loss: -2.0940 | AMR Loss: 0.5449 | Entropy: 1.3230
Epoch [81/2000] | Sampled: 2522.19 | Baseline: 858.94 | Improvement: -1663.25 | Win Rate: 0.00% | Job Loss: -1.3582 | AMR Loss: 0.4642 | Entropy: 1.2584
Epoch [82/2000] | Sampled: 2213.00 | Baseline: 761.94 | Improvement: -1451.06 | Win Rate: 0.00% | Job Loss: -1.8756 | AMR Loss: 0.6299 | Entropy: 1.1146
Epoch [83/2000] | Sampled: 2066.75 | Baseline: 701.38 | Improvement: -1365.38 | Win Rate: 0.00% | Job Loss: -2.0310 | AMR Loss: 0.5512 | Entropy: 1.0655
Epoch [84/2000] | Sampled: 2570.56 | Baseline: 888.31 | Improvement: -1682.25 | Win Rate: 0.00% | Job Loss: -3.4973 | AMR Loss: 0.6142 | Entropy: 1.2533
Epoch [85/2000] | Sampled: 2352.00 | Baseline: 801.12 | Improvement: -1550.88 | Win Rate: 0.00% | Job Loss: 5.9440 | AMR Loss: 0.3642 | Entropy: 1.2535
Epoch [86/2000] | Sampled: 2474.06 | Baseline: 849.31 | Improvement: -1624.75 | Win Rate: 0.00% | Job Loss: 8.1340 | AMR Loss: 0.5121 | Entropy: 1.3796
Epoch [87/2000] | Sampled: 2061.12 | Baseline: 711.69 | Improvement: -1349.44 | Win Rate: 0.00% | Job Loss: 3.1275 | AMR Loss: 0.5059 | Entropy: 1.0937
Epoch [88/2000] | Sampled: 2646.06 | Baseline: 923.25 | Improvement: -1722.81 | Win Rate: 0.00% | Job Loss: 10.5021 | AMR Loss: 0.3753 | Entropy: 1.4244
Epoch [89/2000] | Sampled: 2020.94 | Baseline: 705.12 | Improvement: -1315.81 | Win Rate: 0.00% | Job Loss: 7.7722 | AMR Loss: 0.7083 | Entropy: 1.2153
Epoch [90/2000] | Sampled: 1921.19 | Baseline: 672.50 | Improvement: -1248.69 | Win Rate: 0.00% | Job Loss: 8.0627 | AMR Loss: 0.6353 | Entropy: 1.1930
Epoch [91/2000] | Sampled: 2375.31 | Baseline: 821.75 | Improvement: -1553.56 | Win Rate: 0.00% | Job Loss: 6.9566 | AMR Loss: 0.7554 | Entropy: 1.4296
Epoch [92/2000] | Sampled: 2505.62 | Baseline: 861.56 | Improvement: -1644.06 | Win Rate: 0.00% | Job Loss: 8.4122 | AMR Loss: 0.7767 | Entropy: 1.4517
Epoch [93/2000] | Sampled: 2414.25 | Baseline: 824.00 | Improvement: -1590.25 | Win Rate: 0.00% | Job Loss: 4.5412 | AMR Loss: 0.5737 | Entropy: 1.4107
Epoch [94/2000] | Sampled: 2686.62 | Baseline: 919.88 | Improvement: -1766.75 | Win Rate: 0.00% | Job Loss: 2.6118 | AMR Loss: 0.5018 | Entropy: 1.5169
Epoch [95/2000] | Sampled: 1921.50 | Baseline: 663.06 | Improvement: -1258.44 | Win Rate: 0.00% | Job Loss: 0.3959 | AMR Loss: 0.6559 | Entropy: 1.2532
Epoch [96/2000] | Sampled: 1987.88 | Baseline: 680.88 | Improvement: -1307.00 | Win Rate: 0.00% | Job Loss: -1.1410 | AMR Loss: 0.7502 | Entropy: 1.3032
Epoch [97/2000] | Sampled: 2400.12 | Baseline: 824.38 | Improvement: -1575.75 | Win Rate: 0.00% | Job Loss: -1.0663 | AMR Loss: 0.4471 | Entropy: 1.4084
Epoch [98/2000] | Sampled: 2536.62 | Baseline: 862.00 | Improvement: -1674.62 | Win Rate: 0.00% | Job Loss: -4.9290 | AMR Loss: 0.6107 | Entropy: 1.4695
Epoch [99/2000] | Sampled: 2303.88 | Baseline: 783.44 | Improvement: -1520.44 | Win Rate: 0.00% | Job Loss: -6.9014 | AMR Loss: 0.4947 | Entropy: 1.3750
Epoch [100/2000] | Sampled: 2222.25 | Baseline: 774.38 | Improvement: -1447.88 | Win Rate: 0.00% | Job Loss: -6.3883 | AMR Loss: 0.4667 | Entropy: 1.3756
   -> Saved updated training chart to /home/wei/AMR-DFJSP/Static_alogorithm/GNN/gnn_training_metrics.png
Epoch [101/2000] | Sampled: 1775.69 | Baseline: 626.06 | Improvement: -1149.62 | Win Rate: 0.00% | Job Loss: -6.9466 | AMR Loss: 0.5930 | Entropy: 1.1998
Epoch [102/2000] | Sampled: 2326.19 | Baseline: 789.00 | Improvement: -1537.19 | Win Rate: 0.00% | Job Loss: -6.9440 | AMR Loss: 0.4984 | Entropy: 1.3701
Epoch [103/2000] | Sampled: 2342.00 | Baseline: 810.44 | Improvement: -1531.56 | Win Rate: 0.00% | Job Loss: -6.4230 | AMR Loss: 0.7195 | Entropy: 1.3601
Epoch [104/2000] | Sampled: 2024.31 | Baseline: 698.56 | Improvement: -1325.75 | Win Rate: 0.00% | Job Loss: -5.4780 | AMR Loss: 0.1042 | Entropy: 1.2322
Epoch [105/2000] | Sampled: 2217.44 | Baseline: 766.56 | Improvement: -1450.88 | Win Rate: 0.00% | Job Loss: -7.5044 | AMR Loss: 0.9038 | Entropy: 1.2606
Epoch [106/2000] | Sampled: 2279.00 | Baseline: 774.94 | Improvement: -1504.06 | Win Rate: 0.00% | Job Loss: -7.4025 | AMR Loss: 0.4470 | Entropy: 1.2581
Epoch [107/2000] | Sampled: 2172.75 | Baseline: 741.75 | Improvement: -1431.00 | Win Rate: 0.00% | Job Loss: -4.7555 | AMR Loss: 0.5499 | Entropy: 1.2135
Epoch [108/2000] | Sampled: 2128.44 | Baseline: 732.31 | Improvement: -1396.12 | Win Rate: 0.00% | Job Loss: 1.2307 | AMR Loss: 0.5821 | Entropy: 1.1686
Epoch [109/2000] | Sampled: 2667.12 | Baseline: 908.62 | Improvement: -1758.50 | Win Rate: 0.00% | Job Loss: -6.1529 | AMR Loss: 0.4239 | Entropy: 1.2997
Epoch [110/2000] | Sampled: 2133.94 | Baseline: 736.88 | Improvement: -1397.06 | Win Rate: 0.00% | Job Loss: -2.4517 | AMR Loss: 0.4862 | Entropy: 1.1627
Epoch [111/2000] | Sampled: 2129.62 | Baseline: 738.75 | Improvement: -1390.88 | Win Rate: 0.00% | Job Loss: -3.5395 | AMR Loss: 0.4905 | Entropy: 1.1333
Epoch [112/2000] | Sampled: 2259.31 | Baseline: 776.88 | Improvement: -1482.44 | Win Rate: 0.00% | Job Loss: -3.3826 | AMR Loss: 0.5686 | Entropy: 1.1118
Epoch [113/2000] | Sampled: 2235.38 | Baseline: 773.88 | Improvement: -1461.50 | Win Rate: 0.00% | Job Loss: -0.4048 | AMR Loss: 0.0725 | Entropy: 1.0549
Epoch [114/2000] | Sampled: 2223.38 | Baseline: 759.88 | Improvement: -1463.50 | Win Rate: 0.00% | Job Loss: -1.4454 | AMR Loss: 0.2211 | Entropy: 1.0382
Epoch [115/2000] | Sampled: 2515.75 | Baseline: 864.81 | Improvement: -1650.94 | Win Rate: 0.00% | Job Loss: 3.7691 | AMR Loss: 0.5360 | Entropy: 1.0621
Epoch [116/2000] | Sampled: 2732.25 | Baseline: 936.38 | Improvement: -1795.88 | Win Rate: 0.00% | Job Loss: 1.6638 | AMR Loss: 0.3572 | Entropy: 1.1274
Epoch [117/2000] | Sampled: 2254.50 | Baseline: 779.81 | Improvement: -1474.69 | Win Rate: 0.00% | Job Loss: -0.3250 | AMR Loss: 0.5801 | Entropy: 0.9659
Epoch [118/2000] | Sampled: 2163.56 | Baseline: 741.81 | Improvement: -1421.75 | Win Rate: 0.00% | Job Loss: -1.9791 | AMR Loss: 0.5721 | Entropy: 0.8914
Epoch [119/2000] | Sampled: 1749.94 | Baseline: 605.00 | Improvement: -1144.94 | Win Rate: 0.00% | Job Loss: -9.0984 | AMR Loss: 0.5465 | Entropy: 0.8153
Epoch [120/2000] | Sampled: 2413.25 | Baseline: 828.69 | Improvement: -1584.56 | Win Rate: 0.00% | Job Loss: -5.0629 | AMR Loss: 0.2822 | Entropy: 0.9717
Epoch [121/2000] | Sampled: 2607.75 | Baseline: 893.12 | Improvement: -1714.62 | Win Rate: 0.00% | Job Loss: -4.6567 | AMR Loss: 0.2918 | Entropy: 1.0230
Epoch [122/2000] | Sampled: 1987.38 | Baseline: 677.12 | Improvement: -1310.25 | Win Rate: 0.00% | Job Loss: -2.2777 | AMR Loss: 0.4757 | Entropy: 0.8508
Epoch [123/2000] | Sampled: 2250.62 | Baseline: 769.69 | Improvement: -1480.94 | Win Rate: 0.00% | Job Loss: -2.4951 | AMR Loss: 0.2946 | Entropy: 0.9358
Epoch [124/2000] | Sampled: 2147.81 | Baseline: 745.75 | Improvement: -1402.06 | Win Rate: 0.00% | Job Loss: 0.3591 | AMR Loss: 0.3555 | Entropy: 0.9263
Epoch [125/2000] | Sampled: 2440.75 | Baseline: 836.31 | Improvement: -1604.44 | Win Rate: 0.00% | Job Loss: 2.6427 | AMR Loss: 0.7503 | Entropy: 1.0851
Epoch [126/2000] | Sampled: 2903.12 | Baseline: 982.56 | Improvement: -1920.56 | Win Rate: 0.00% | Job Loss: 2.1728 | AMR Loss: -0.0625 | Entropy: 1.2689
Epoch [127/2000] | Sampled: 2149.56 | Baseline: 732.62 | Improvement: -1416.94 | Win Rate: 0.00% | Job Loss: -2.8164 | AMR Loss: 0.3316 | Entropy: 1.0459
Epoch [128/2000] | Sampled: 2138.38 | Baseline: 743.56 | Improvement: -1394.81 | Win Rate: 0.00% | Job Loss: -10.1084 | AMR Loss: 0.5590 | Entropy: 1.0805
Epoch [129/2000] | Sampled: 2607.94 | Baseline: 888.81 | Improvement: -1719.12 | Win Rate: 0.00% | Job Loss: -12.7034 | AMR Loss: 0.3220 | Entropy: 1.2207
Epoch [130/2000] | Sampled: 2007.88 | Baseline: 692.75 | Improvement: -1315.12 | Win Rate: 0.00% | Job Loss: -13.5708 | AMR Loss: 0.3910 | Entropy: 1.0657
Epoch [131/2000] | Sampled: 1647.50 | Baseline: 572.31 | Improvement: -1075.19 | Win Rate: 0.00% | Job Loss: -13.9840 | AMR Loss: 0.5688 | Entropy: 0.9563
Epoch [132/2000] | Sampled: 2526.94 | Baseline: 857.38 | Improvement: -1669.56 | Win Rate: 0.00% | Job Loss: -23.3227 | AMR Loss: 0.2759 | Entropy: 1.2254
Epoch [133/2000] | Sampled: 1788.88 | Baseline: 623.50 | Improvement: -1165.38 | Win Rate: 0.00% | Job Loss: -15.9968 | AMR Loss: 0.6782 | Entropy: 1.0052
Epoch [134/2000] | Sampled: 2195.50 | Baseline: 749.44 | Improvement: -1446.06 | Win Rate: 0.00% | Job Loss: -17.8789 | AMR Loss: 0.2826 | Entropy: 1.0955
Epoch [135/2000] | Sampled: 2486.81 | Baseline: 865.75 | Improvement: -1621.06 | Win Rate: 0.00% | Job Loss: -15.6182 | AMR Loss: 1.0409 | Entropy: 1.2121
Epoch [136/2000] | Sampled: 2446.81 | Baseline: 835.31 | Improvement: -1611.50 | Win Rate: 0.00% | Job Loss: -16.9821 | AMR Loss: 0.1082 | Entropy: 1.1626
Epoch [137/2000] | Sampled: 2139.69 | Baseline: 735.88 | Improvement: -1403.81 | Win Rate: 0.00% | Job Loss: -20.3283 | AMR Loss: 0.8348 | Entropy: 1.0758
Epoch [138/2000] | Sampled: 1953.31 | Baseline: 674.06 | Improvement: -1279.25 | Win Rate: 0.00% | Job Loss: -16.9563 | AMR Loss: 0.3776 | Entropy: 0.9906
Epoch [139/2000] | Sampled: 2487.62 | Baseline: 853.12 | Improvement: -1634.50 | Win Rate: 0.00% | Job Loss: -21.4654 | AMR Loss: 0.4856 | Entropy: 1.0998
Epoch [140/2000] | Sampled: 2092.00 | Baseline: 717.88 | Improvement: -1374.12 | Win Rate: 0.00% | Job Loss: -19.5656 | AMR Loss: 0.4256 | Entropy: 1.0375
Epoch [141/2000] | Sampled: 2071.19 | Baseline: 717.88 | Improvement: -1353.31 | Win Rate: 0.00% | Job Loss: -17.5047 | AMR Loss: 1.2074 | Entropy: 1.1458
Epoch [142/2000] | Sampled: 2256.31 | Baseline: 780.12 | Improvement: -1476.19 | Win Rate: 0.00% | Job Loss: -18.3378 | AMR Loss: 0.7343 | Entropy: 1.1543
Epoch [143/2000] | Sampled: 2357.19 | Baseline: 807.56 | Improvement: -1549.62 | Win Rate: 0.00% | Job Loss: -23.0116 | AMR Loss: 1.1479 | Entropy: 1.0416
Epoch [144/2000] | Sampled: 2330.06 | Baseline: 797.19 | Improvement: -1532.88 | Win Rate: 0.00% | Job Loss: -20.5440 | AMR Loss: 0.3726 | Entropy: 0.9719
Epoch [145/2000] | Sampled: 2296.25 | Baseline: 793.25 | Improvement: -1503.00 | Win Rate: 0.00% | Job Loss: -17.3130 | AMR Loss: 0.5542 | Entropy: 0.9364
Epoch [146/2000] | Sampled: 1964.88 | Baseline: 685.19 | Improvement: -1279.69 | Win Rate: 0.00% | Job Loss: -13.0300 | AMR Loss: 0.7345 | Entropy: 0.8361
Epoch [147/2000] | Sampled: 2485.38 | Baseline: 859.81 | Improvement: -1625.56 | Win Rate: 0.00% | Job Loss: -10.9491 | AMR Loss: 0.3487 | Entropy: 0.9538
Epoch [148/2000] | Sampled: 2215.94 | Baseline: 759.88 | Improvement: -1456.06 | Win Rate: 0.00% | Job Loss: -6.4479 | AMR Loss: 0.8254 | Entropy: 0.8493
Epoch [149/2000] | Sampled: 2561.81 | Baseline: 876.19 | Improvement: -1685.62 | Win Rate: 0.00% | Job Loss: -2.7096 | AMR Loss: 0.6006 | Entropy: 1.0093
Epoch [150/2000] | Sampled: 1653.69 | Baseline: 569.19 | Improvement: -1084.50 | Win Rate: 0.00% | Job Loss: 0.4745 | AMR Loss: 0.5364 | Entropy: 0.6962
Epoch [151/2000] | Sampled: 1867.94 | Baseline: 642.62 | Improvement: -1225.31 | Win Rate: 0.00% | Job Loss: 0.5742 | AMR Loss: 1.0002 | Entropy: 0.8532
Epoch [152/2000] | Sampled: 2158.25 | Baseline: 747.00 | Improvement: -1411.25 | Win Rate: 0.00% | Job Loss: 2.4154 | AMR Loss: 0.4733 | Entropy: 1.0371
Epoch [153/2000] | Sampled: 2823.69 | Baseline: 967.75 | Improvement: -1855.94 | Win Rate: 0.00% | Job Loss: 2.2297 | AMR Loss: 0.7896 | Entropy: 1.2822
Epoch [154/2000] | Sampled: 1974.69 | Baseline: 690.19 | Improvement: -1284.50 | Win Rate: 0.00% | Job Loss: 2.6762 | AMR Loss: 0.6455 | Entropy: 0.9289
Epoch [155/2000] | Sampled: 2379.00 | Baseline: 815.44 | Improvement: -1563.56 | Win Rate: 0.00% | Job Loss: 4.0366 | AMR Loss: 0.5671 | Entropy: 1.0045
Epoch [156/2000] | Sampled: 1685.19 | Baseline: 590.69 | Improvement: -1094.50 | Win Rate: 0.00% | Job Loss: 3.2150 | AMR Loss: 0.6602 | Entropy: 0.8270
Epoch [157/2000] | Sampled: 2318.69 | Baseline: 797.38 | Improvement: -1521.31 | Win Rate: 0.00% | Job Loss: 2.1522 | AMR Loss: 0.5718 | Entropy: 1.0482
Epoch [158/2000] | Sampled: 1855.69 | Baseline: 625.69 | Improvement: -1230.00 | Win Rate: 0.00% | Job Loss: 1.0285 | AMR Loss: 0.4903 | Entropy: 0.9901
Epoch [159/2000] | Sampled: 2215.38 | Baseline: 752.06 | Improvement: -1463.31 | Win Rate: 0.00% | Job Loss: 3.1812 | AMR Loss: 0.6812 | Entropy: 1.1482
Epoch [160/2000] | Sampled: 1645.50 | Baseline: 561.75 | Improvement: -1083.75 | Win Rate: 0.00% | Job Loss: 2.9209 | AMR Loss: 1.0087 | Entropy: 0.9396
Epoch [161/2000] | Sampled: 2293.06 | Baseline: 783.19 | Improvement: -1509.88 | Win Rate: 0.00% | Job Loss: 4.0078 | AMR Loss: 0.6353 | Entropy: 1.3075
Epoch [162/2000] | Sampled: 2052.56 | Baseline: 715.69 | Improvement: -1336.88 | Win Rate: 0.00% | Job Loss: 4.4264 | AMR Loss: 0.2921 | Entropy: 1.2174
Epoch [163/2000] | Sampled: 2665.00 | Baseline: 915.50 | Improvement: -1749.50 | Win Rate: 0.00% | Job Loss: 2.7501 | AMR Loss: 0.5571 | Entropy: 1.5003
Epoch [164/2000] | Sampled: 2194.94 | Baseline: 755.69 | Improvement: -1439.25 | Win Rate: 0.00% | Job Loss: 4.9327 | AMR Loss: 0.5267 | Entropy: 1.3655
Epoch [165/2000] | Sampled: 1847.25 | Baseline: 636.44 | Improvement: -1210.81 | Win Rate: 0.00% | Job Loss: 1.9544 | AMR Loss: 0.3687 | Entropy: 1.2554
Epoch [166/2000] | Sampled: 2471.69 | Baseline: 843.88 | Improvement: -1627.81 | Win Rate: 0.00% | Job Loss: 4.5049 | AMR Loss: 0.6509 | Entropy: 1.4819
Epoch [167/2000] | Sampled: 1887.25 | Baseline: 652.12 | Improvement: -1235.12 | Win Rate: 0.00% | Job Loss: 2.3121 | AMR Loss: 0.7053 | Entropy: 1.3672
Epoch [168/2000] | Sampled: 2120.12 | Baseline: 731.94 | Improvement: -1388.19 | Win Rate: 0.00% | Job Loss: 1.9888 | AMR Loss: 0.8257 | Entropy: 1.4869
Epoch [169/2000] | Sampled: 1809.00 | Baseline: 623.31 | Improvement: -1185.69 | Win Rate: 0.00% | Job Loss: -0.3261 | AMR Loss: 0.5790 | Entropy: 1.3786
Epoch [170/2000] | Sampled: 2185.38 | Baseline: 759.81 | Improvement: -1425.56 | Win Rate: 0.00% | Job Loss: -1.7361 | AMR Loss: 0.2951 | Entropy: 1.5744
Epoch [171/2000] | Sampled: 1440.75 | Baseline: 503.00 | Improvement: -937.75 | Win Rate: 0.00% | Job Loss: 4.5917 | AMR Loss: 1.9290 | Entropy: 1.3051
Epoch [172/2000] | Sampled: 2002.75 | Baseline: 686.88 | Improvement: -1315.88 | Win Rate: 0.00% | Job Loss: 2.4404 | AMR Loss: 1.3856 | Entropy: 1.4328
Epoch [173/2000] | Sampled: 2492.25 | Baseline: 852.81 | Improvement: -1639.44 | Win Rate: 0.00% | Job Loss: 2.2898 | AMR Loss: 0.2056 | Entropy: 1.5683
Epoch [174/2000] | Sampled: 2696.44 | Baseline: 923.75 | Improvement: -1772.69 | Win Rate: 0.00% | Job Loss: 3.0194 | AMR Loss: 0.1324 | Entropy: 1.5779
Epoch [175/2000] | Sampled: 2064.19 | Baseline: 710.62 | Improvement: -1353.56 | Win Rate: 0.00% | Job Loss: 6.2127 | AMR Loss: 0.4015 | Entropy: 1.3769
Epoch [176/2000] | Sampled: 2228.38 | Baseline: 758.12 | Improvement: -1470.25 | Win Rate: 0.00% | Job Loss: 5.0089 | AMR Loss: 0.5366 | Entropy: 1.3558
Epoch [177/2000] | Sampled: 2441.25 | Baseline: 840.06 | Improvement: -1601.19 | Win Rate: 0.00% | Job Loss: 2.7432 | AMR Loss: 0.5420 | Entropy: 1.4127
Epoch [178/2000] | Sampled: 1800.81 | Baseline: 625.69 | Improvement: -1175.12 | Win Rate: 0.00% | Job Loss: 4.2819 | AMR Loss: 0.5340 | Entropy: 1.2056
Epoch [179/2000] | Sampled: 2153.50 | Baseline: 733.38 | Improvement: -1420.12 | Win Rate: 0.00% | Job Loss: 0.1975 | AMR Loss: 0.3730 | Entropy: 1.2399
Epoch [180/2000] | Sampled: 2611.81 | Baseline: 881.81 | Improvement: -1730.00 | Win Rate: 0.00% | Job Loss: 0.4668 | AMR Loss: 0.4567 | Entropy: 1.3570
Epoch [181/2000] | Sampled: 2293.12 | Baseline: 802.62 | Improvement: -1490.50 | Win Rate: 0.00% | Job Loss: -2.9501 | AMR Loss: 0.4844 | Entropy: 1.3181
Epoch [182/2000] | Sampled: 1777.75 | Baseline: 625.12 | Improvement: -1152.62 | Win Rate: 0.00% | Job Loss: -2.1839 | AMR Loss: 0.8470 | Entropy: 1.1278
Epoch [183/2000] | Sampled: 1781.62 | Baseline: 629.38 | Improvement: -1152.25 | Win Rate: 0.00% | Job Loss: -7.7793 | AMR Loss: 0.6761 | Entropy: 1.1205
Epoch [184/2000] | Sampled: 2356.25 | Baseline: 801.06 | Improvement: -1555.19 | Win Rate: 0.00% | Job Loss: -1.9524 | AMR Loss: 0.3928 | Entropy: 1.2569
Epoch [185/2000] | Sampled: 2225.75 | Baseline: 762.31 | Improvement: -1463.44 | Win Rate: 0.00% | Job Loss: -3.0183 | AMR Loss: 0.4325 | Entropy: 1.2137
Epoch [186/2000] | Sampled: 2248.06 | Baseline: 762.88 | Improvement: -1485.19 | Win Rate: 0.00% | Job Loss: -3.7249 | AMR Loss: 0.4437 | Entropy: 1.1727
Epoch [187/2000] | Sampled: 2087.56 | Baseline: 717.12 | Improvement: -1370.44 | Win Rate: 0.00% | Job Loss: -4.3925 | AMR Loss: 0.4681 | Entropy: 1.1578
Epoch [188/2000] | Sampled: 2419.94 | Baseline: 831.00 | Improvement: -1588.94 | Win Rate: 0.00% | Job Loss: -6.4317 | AMR Loss: 0.5605 | Entropy: 1.2029
Epoch [189/2000] | Sampled: 2080.56 | Baseline: 705.81 | Improvement: -1374.75 | Win Rate: 0.00% | Job Loss: -3.8256 | AMR Loss: 0.4170 | Entropy: 1.0881
Epoch [190/2000] | Sampled: 2141.00 | Baseline: 730.88 | Improvement: -1410.12 | Win Rate: 0.00% | Job Loss: -1.7089 | AMR Loss: 0.2114 | Entropy: 1.0966
Epoch [191/2000] | Sampled: 2268.75 | Baseline: 780.44 | Improvement: -1488.31 | Win Rate: 0.00% | Job Loss: -1.5230 | AMR Loss: 0.5021 | Entropy: 1.0698
Epoch [192/2000] | Sampled: 2192.12 | Baseline: 750.88 | Improvement: -1441.25 | Win Rate: 0.00% | Job Loss: -6.7058 | AMR Loss: 0.4251 | Entropy: 1.1022
Epoch [193/2000] | Sampled: 2321.44 | Baseline: 779.44 | Improvement: -1542.00 | Win Rate: 0.00% | Job Loss: -2.8014 | AMR Loss: 0.4007 | Entropy: 1.1041
Epoch [194/2000] | Sampled: 2823.75 | Baseline: 966.56 | Improvement: -1857.19 | Win Rate: 0.00% | Job Loss: -5.6040 | AMR Loss: 0.4640 | Entropy: 1.2300
Epoch [195/2000] | Sampled: 2410.38 | Baseline: 815.00 | Improvement: -1595.38 | Win Rate: 0.00% | Job Loss: -2.6507 | AMR Loss: 0.4949 | Entropy: 1.0844
Epoch [196/2000] | Sampled: 2647.69 | Baseline: 903.06 | Improvement: -1744.62 | Win Rate: 0.00% | Job Loss: -4.9923 | AMR Loss: 0.5531 | Entropy: 1.1345
Epoch [197/2000] | Sampled: 2550.19 | Baseline: 875.75 | Improvement: -1674.44 | Win Rate: 0.00% | Job Loss: -4.4315 | AMR Loss: 0.1863 | Entropy: 1.1178
Epoch [198/2000] | Sampled: 2144.50 | Baseline: 735.94 | Improvement: -1408.56 | Win Rate: 0.00% | Job Loss: -4.2635 | AMR Loss: 0.3761 | Entropy: 1.0103
Epoch [199/2000] | Sampled: 2198.81 | Baseline: 760.62 | Improvement: -1438.19 | Win Rate: 0.00% | Job Loss: -5.1536 | AMR Loss: 0.5168 | Entropy: 1.0111
Epoch [200/2000] | Sampled: 2053.81 | Baseline: 711.31 | Improvement: -1342.50 | Win Rate: 0.00% | Job Loss: -1.7088 | AMR Loss: 0.3748 | Entropy: 0.9867
   -> Saved updated training chart to /home/wei/AMR-DFJSP/Static_alogorithm/GNN/gnn_training_metrics.png
Epoch [201/2000] | Sampled: 2491.06 | Baseline: 864.06 | Improvement: -1627.00 | Win Rate: 0.00% | Job Loss: -5.0851 | AMR Loss: 0.6859 | Entropy: 1.1206
Epoch [202/2000] | Sampled: 2510.38 | Baseline: 842.94 | Improvement: -1667.44 | Win Rate: 0.00% | Job Loss: -4.0385 | AMR Loss: 0.0210 | Entropy: 1.1315
Epoch [203/2000] | Sampled: 2347.56 | Baseline: 795.50 | Improvement: -1552.06 | Win Rate: 0.00% | Job Loss: -1.4007 | AMR Loss: 0.2500 | Entropy: 1.0850
Epoch [204/2000] | Sampled: 2121.31 | Baseline: 730.88 | Improvement: -1390.44 | Win Rate: 0.00% | Job Loss: -3.4471 | AMR Loss: 0.5822 | Entropy: 1.0435
Epoch [205/2000] | Sampled: 2164.94 | Baseline: 742.00 | Improvement: -1422.94 | Win Rate: 0.00% | Job Loss: -0.5555 | AMR Loss: 0.1329 | Entropy: 1.0344
Epoch [206/2000] | Sampled: 2566.12 | Baseline: 864.44 | Improvement: -1701.69 | Win Rate: 0.00% | Job Loss: -8.6994 | AMR Loss: 0.1949 | Entropy: 1.1213
Epoch [207/2000] | Sampled: 2580.12 | Baseline: 885.12 | Improvement: -1695.00 | Win Rate: 0.00% | Job Loss: -6.6235 | AMR Loss: 0.6504 | Entropy: 1.1155
Epoch [208/2000] | Sampled: 1845.88 | Baseline: 635.44 | Improvement: -1210.44 | Win Rate: 0.00% | Job Loss: 1.1238 | AMR Loss: 0.4981 | Entropy: 0.9033
Epoch [209/2000] | Sampled: 2046.81 | Baseline: 707.88 | Improvement: -1338.94 | Win Rate: 0.00% | Job Loss: -0.6562 | AMR Loss: 0.2692 | Entropy: 0.9808
Epoch [210/2000] | Sampled: 2340.62 | Baseline: 795.12 | Improvement: -1545.50 | Win Rate: 0.00% | Job Loss: -3.0070 | AMR Loss: 0.1049 | Entropy: 1.0394
Epoch [211/2000] | Sampled: 1970.88 | Baseline: 671.75 | Improvement: -1299.12 | Win Rate: 0.00% | Job Loss: -2.8614 | AMR Loss: 0.4928 | Entropy: 0.9515
Epoch [212/2000] | Sampled: 1809.44 | Baseline: 617.81 | Improvement: -1191.62 | Win Rate: 0.00% | Job Loss: 0.8939 | AMR Loss: 0.3643 | Entropy: 0.9128
Epoch [213/2000] | Sampled: 2088.44 | Baseline: 716.50 | Improvement: -1371.94 | Win Rate: 0.00% | Job Loss: -6.5474 | AMR Loss: 0.3903 | Entropy: 1.0210
Epoch [214/2000] | Sampled: 2418.00 | Baseline: 828.06 | Improvement: -1589.94 | Win Rate: 0.00% | Job Loss: -5.3650 | AMR Loss: 0.3714 | Entropy: 1.1137
Epoch [215/2000] | Sampled: 2156.56 | Baseline: 736.38 | Improvement: -1420.19 | Win Rate: 0.00% | Job Loss: -3.1718 | AMR Loss: 0.1662 | Entropy: 1.0426
Epoch [216/2000] | Sampled: 2149.44 | Baseline: 728.75 | Improvement: -1420.69 | Win Rate: 0.00% | Job Loss: -1.9821 | AMR Loss: 0.2361 | Entropy: 1.0037
Epoch [217/2000] | Sampled: 2165.38 | Baseline: 733.81 | Improvement: -1431.56 | Win Rate: 0.00% | Job Loss: 2.7475 | AMR Loss: 0.2480 | Entropy: 1.0416
Epoch [218/2000] | Sampled: 2651.62 | Baseline: 901.19 | Improvement: -1750.44 | Win Rate: 0.00% | Job Loss: -1.2582 | AMR Loss: 0.2393 | Entropy: 1.1694
Epoch [219/2000] | Sampled: 2044.50 | Baseline: 707.50 | Improvement: -1337.00 | Win Rate: 0.00% | Job Loss: -3.2015 | AMR Loss: 0.5354 | Entropy: 0.9860
Epoch [220/2000] | Sampled: 2098.25 | Baseline: 715.94 | Improvement: -1382.31 | Win Rate: 0.00% | Job Loss: -6.2051 | AMR Loss: 0.3549 | Entropy: 1.0351
Epoch [221/2000] | Sampled: 2183.19 | Baseline: 748.44 | Improvement: -1434.75 | Win Rate: 0.00% | Job Loss: -5.4620 | AMR Loss: 0.4253 | Entropy: 1.0379
Epoch [222/2000] | Sampled: 2192.75 | Baseline: 743.62 | Improvement: -1449.12 | Win Rate: 0.00% | Job Loss: -4.3764 | AMR Loss: 0.1107 | Entropy: 1.0259
Epoch [223/2000] | Sampled: 2566.00 | Baseline: 875.94 | Improvement: -1690.06 | Win Rate: 0.00% | Job Loss: -5.6000 | AMR Loss: 0.1064 | Entropy: 1.0844
Epoch [224/2000] | Sampled: 1957.19 | Baseline: 671.00 | Improvement: -1286.19 | Win Rate: 0.00% | Job Loss: -7.8516 | AMR Loss: 0.5676 | Entropy: 0.8923
Epoch [225/2000] | Sampled: 2331.75 | Baseline: 793.19 | Improvement: -1538.56 | Win Rate: 0.00% | Job Loss: -3.6149 | AMR Loss: 0.3700 | Entropy: 1.0415
Epoch [226/2000] | Sampled: 2104.06 | Baseline: 723.06 | Improvement: -1381.00 | Win Rate: 0.00% | Job Loss: -6.0678 | AMR Loss: 0.4377 | Entropy: 0.9425
Epoch [227/2000] | Sampled: 2699.31 | Baseline: 906.88 | Improvement: -1792.44 | Win Rate: 0.00% | Job Loss: -6.2846 | AMR Loss: 0.0826 | Entropy: 1.0867
Epoch [228/2000] | Sampled: 2133.38 | Baseline: 727.31 | Improvement: -1406.06 | Win Rate: 0.00% | Job Loss: -3.1625 | AMR Loss: 0.4315 | Entropy: 0.9492
Epoch [229/2000] | Sampled: 2364.12 | Baseline: 804.56 | Improvement: -1559.56 | Win Rate: 0.00% | Job Loss: -6.3012 | AMR Loss: 0.2717 | Entropy: 0.9709
Epoch [230/2000] | Sampled: 2150.94 | Baseline: 736.06 | Improvement: -1414.88 | Win Rate: 0.00% | Job Loss: -5.2039 | AMR Loss: 0.3393 | Entropy: 0.8602
Epoch [231/2000] | Sampled: 2497.19 | Baseline: 852.75 | Improvement: -1644.44 | Win Rate: 0.00% | Job Loss: -5.5802 | AMR Loss: 0.5494 | Entropy: 1.0035
Epoch [232/2000] | Sampled: 2257.12 | Baseline: 773.75 | Improvement: -1483.38 | Win Rate: 0.00% | Job Loss: -3.0512 | AMR Loss: 0.2639 | Entropy: 0.8958
Epoch [233/2000] | Sampled: 2035.25 | Baseline: 690.44 | Improvement: -1344.81 | Win Rate: 0.00% | Job Loss: -3.5752 | AMR Loss: 0.3725 | Entropy: 0.8475
Epoch [234/2000] | Sampled: 2122.00 | Baseline: 723.88 | Improvement: -1398.12 | Win Rate: 0.00% | Job Loss: -1.7117 | AMR Loss: 0.0942 | Entropy: 0.8980
Epoch [235/2000] | Sampled: 2746.62 | Baseline: 934.62 | Improvement: -1812.00 | Win Rate: 0.00% | Job Loss: -4.1591 | AMR Loss: -0.0508 | Entropy: 1.0599
Epoch [236/2000] | Sampled: 2373.62 | Baseline: 799.38 | Improvement: -1574.25 | Win Rate: 0.00% | Job Loss: -3.2458 | AMR Loss: 0.2737 | Entropy: 0.9748
Epoch [237/2000] | Sampled: 2443.44 | Baseline: 838.62 | Improvement: -1604.81 | Win Rate: 0.00% | Job Loss: -3.8723 | AMR Loss: 0.6523 | Entropy: 0.9402
Epoch [238/2000] | Sampled: 1818.94 | Baseline: 619.31 | Improvement: -1199.62 | Win Rate: 0.00% | Job Loss: -3.4926 | AMR Loss: 0.7015 | Entropy: 0.7597
Epoch [239/2000] | Sampled: 2269.38 | Baseline: 772.44 | Improvement: -1496.94 | Win Rate: 0.00% | Job Loss: -1.7650 | AMR Loss: 0.3825 | Entropy: 0.9128
Epoch [240/2000] | Sampled: 1947.81 | Baseline: 684.50 | Improvement: -1263.31 | Win Rate: 0.00% | Job Loss: -3.3454 | AMR Loss: 0.4464 | Entropy: 0.8256
Epoch [241/2000] | Sampled: 2283.56 | Baseline: 775.12 | Improvement: -1508.44 | Win Rate: 0.00% | Job Loss: -2.2736 | AMR Loss: 0.1813 | Entropy: 0.8801
Epoch [242/2000] | Sampled: 2700.56 | Baseline: 915.94 | Improvement: -1784.62 | Win Rate: 0.00% | Job Loss: -7.6065 | AMR Loss: 0.2100 | Entropy: 0.9801
Epoch [243/2000] | Sampled: 2354.19 | Baseline: 799.69 | Improvement: -1554.50 | Win Rate: 0.00% | Job Loss: -4.7293 | AMR Loss: 0.2484 | Entropy: 0.8994
Epoch [244/2000] | Sampled: 2234.19 | Baseline: 758.81 | Improvement: -1475.38 | Win Rate: 0.00% | Job Loss: -6.9462 | AMR Loss: 0.5089 | Entropy: 0.8723
Epoch [245/2000] | Sampled: 2454.56 | Baseline: 831.62 | Improvement: -1622.94 | Win Rate: 0.00% | Job Loss: -6.6214 | AMR Loss: 0.2944 | Entropy: 0.8608
Epoch [246/2000] | Sampled: 2172.69 | Baseline: 736.81 | Improvement: -1435.88 | Win Rate: 0.00% | Job Loss: -5.4287 | AMR Loss: 0.3284 | Entropy: 0.8111
Epoch [247/2000] | Sampled: 2524.31 | Baseline: 861.75 | Improvement: -1662.56 | Win Rate: 0.00% | Job Loss: -10.2768 | AMR Loss: 0.2818 | Entropy: 0.8571
Epoch [248/2000] | Sampled: 2287.44 | Baseline: 777.25 | Improvement: -1510.19 | Win Rate: 0.00% | Job Loss: -5.5342 | AMR Loss: 0.3426 | Entropy: 0.8342
Epoch [249/2000] | Sampled: 2143.75 | Baseline: 724.94 | Improvement: -1418.81 | Win Rate: 0.00% | Job Loss: -6.4329 | AMR Loss: 0.1778 | Entropy: 0.7725
Epoch [250/2000] | Sampled: 2289.94 | Baseline: 778.69 | Improvement: -1511.25 | Win Rate: 0.00% | Job Loss: -4.0832 | AMR Loss: 0.2199 | Entropy: 0.8042
Epoch [251/2000] | Sampled: 2171.88 | Baseline: 748.12 | Improvement: -1423.75 | Win Rate: 0.00% | Job Loss: -4.9662 | AMR Loss: 0.6692 | Entropy: 0.7888
Epoch [252/2000] | Sampled: 2065.06 | Baseline: 693.81 | Improvement: -1371.25 | Win Rate: 0.00% | Job Loss: -3.9981 | AMR Loss: 0.2333 | Entropy: 0.7643
Epoch [253/2000] | Sampled: 2692.62 | Baseline: 917.00 | Improvement: -1775.62 | Win Rate: 0.00% | Job Loss: -8.1822 | AMR Loss: 0.3710 | Entropy: 0.8891
Epoch [254/2000] | Sampled: 2488.88 | Baseline: 838.69 | Improvement: -1650.19 | Win Rate: 0.00% | Job Loss: -7.3673 | AMR Loss: 0.0941 | Entropy: 0.8595
Epoch [255/2000] | Sampled: 2337.94 | Baseline: 793.81 | Improvement: -1544.12 | Win Rate: 0.00% | Job Loss: -1.8320 | AMR Loss: 0.2724 | Entropy: 0.8154
Epoch [256/2000] | Sampled: 2350.56 | Baseline: 799.50 | Improvement: -1551.06 | Win Rate: 0.00% | Job Loss: -6.3933 | AMR Loss: 0.1612 | Entropy: 0.8592
Epoch [257/2000] | Sampled: 2323.31 | Baseline: 791.38 | Improvement: -1531.94 | Win Rate: 0.00% | Job Loss: -3.1599 | AMR Loss: 0.2501 | Entropy: 0.8452
Epoch [258/2000] | Sampled: 2408.38 | Baseline: 826.00 | Improvement: -1582.38 | Win Rate: 0.00% | Job Loss: -1.0872 | AMR Loss: 0.7264 | Entropy: 0.8886
Epoch [259/2000] | Sampled: 2165.06 | Baseline: 741.62 | Improvement: -1423.44 | Win Rate: 0.00% | Job Loss: -4.9135 | AMR Loss: 0.8865 | Entropy: 0.8262
Epoch [260/2000] | Sampled: 1910.69 | Baseline: 644.94 | Improvement: -1265.75 | Win Rate: 0.00% | Job Loss: -2.1665 | AMR Loss: 0.2290 | Entropy: 0.8008
Epoch [261/2000] | Sampled: 2209.06 | Baseline: 764.06 | Improvement: -1445.00 | Win Rate: 0.00% | Job Loss: -4.3246 | AMR Loss: 0.3289 | Entropy: 0.8647
Epoch [262/2000] | Sampled: 2154.00 | Baseline: 736.00 | Improvement: -1418.00 | Win Rate: 0.00% | Job Loss: 1.0936 | AMR Loss: 0.6861 | Entropy: 0.8209
Epoch [263/2000] | Sampled: 2306.62 | Baseline: 786.75 | Improvement: -1519.88 | Win Rate: 0.00% | Job Loss: -2.6609 | AMR Loss: 0.4134 | Entropy: 0.8544
Epoch [264/2000] | Sampled: 2138.88 | Baseline: 726.44 | Improvement: -1412.44 | Win Rate: 0.00% | Job Loss: -1.2798 | AMR Loss: 0.3981 | Entropy: 0.7728
Epoch [265/2000] | Sampled: 2384.19 | Baseline: 807.81 | Improvement: -1576.38 | Win Rate: 0.00% | Job Loss: 1.2467 | AMR Loss: 0.3862 | Entropy: 0.8421
Epoch [266/2000] | Sampled: 2423.56 | Baseline: 833.69 | Improvement: -1589.88 | Win Rate: 0.00% | Job Loss: 4.3543 | AMR Loss: 0.2611 | Entropy: 0.8341
Epoch [267/2000] | Sampled: 2327.94 | Baseline: 788.25 | Improvement: -1539.69 | Win Rate: 0.00% | Job Loss: 0.6208 | AMR Loss: 0.3808 | Entropy: 0.8563
Epoch [268/2000] | Sampled: 2652.75 | Baseline: 900.31 | Improvement: -1752.44 | Win Rate: 0.00% | Job Loss: 1.2360 | AMR Loss: 0.5188 | Entropy: 0.9439
Epoch [269/2000] | Sampled: 2159.00 | Baseline: 721.56 | Improvement: -1437.44 | Win Rate: 0.00% | Job Loss: -4.0069 | AMR Loss: 0.0909 | Entropy: 0.8506
Epoch [270/2000] | Sampled: 2049.31 | Baseline: 692.88 | Improvement: -1356.44 | Win Rate: 0.00% | Job Loss: 0.1039 | AMR Loss: 0.5485 | Entropy: 0.8470
Epoch [271/2000] | Sampled: 2240.25 | Baseline: 762.38 | Improvement: -1477.88 | Win Rate: 0.00% | Job Loss: -0.9963 | AMR Loss: 0.3942 | Entropy: 0.9253
Epoch [272/2000] | Sampled: 2329.00 | Baseline: 799.88 | Improvement: -1529.12 | Win Rate: 0.00% | Job Loss: 2.8357 | AMR Loss: 0.4645 | Entropy: 0.9371
Epoch [273/2000] | Sampled: 1728.31 | Baseline: 593.75 | Improvement: -1134.56 | Win Rate: 0.00% | Job Loss: 2.9775 | AMR Loss: 0.4083 | Entropy: 0.7994
Epoch [274/2000] | Sampled: 2316.81 | Baseline: 793.81 | Improvement: -1523.00 | Win Rate: 0.00% | Job Loss: 2.0039 | AMR Loss: 0.4128 | Entropy: 0.9575
Epoch [275/2000] | Sampled: 1868.81 | Baseline: 635.88 | Improvement: -1232.94 | Win Rate: 0.00% | Job Loss: 4.7721 | AMR Loss: 0.2625 | Entropy: 0.8533
Epoch [276/2000] | Sampled: 2585.69 | Baseline: 874.75 | Improvement: -1710.94 | Win Rate: 0.00% | Job Loss: 5.9438 | AMR Loss: 0.4409 | Entropy: 1.0289
Epoch [277/2000] | Sampled: 2129.56 | Baseline: 727.00 | Improvement: -1402.56 | Win Rate: 0.00% | Job Loss: -0.1727 | AMR Loss: 0.8373 | Entropy: 1.0052
Epoch [278/2000] | Sampled: 2551.19 | Baseline: 869.31 | Improvement: -1681.88 | Win Rate: 0.00% | Job Loss: 0.6384 | AMR Loss: 0.6148 | Entropy: 1.0518
Epoch [279/2000] | Sampled: 2760.44 | Baseline: 942.12 | Improvement: -1818.31 | Win Rate: 0.00% | Job Loss: 2.1179 | AMR Loss: 0.3468 | Entropy: 1.1225
Epoch [280/2000] | Sampled: 1882.12 | Baseline: 644.50 | Improvement: -1237.62 | Win Rate: 0.00% | Job Loss: 1.5974 | AMR Loss: 0.5955 | Entropy: 0.8945
Epoch [281/2000] | Sampled: 2151.69 | Baseline: 735.50 | Improvement: -1416.19 | Win Rate: 0.00% | Job Loss: 1.3213 | AMR Loss: 0.3582 | Entropy: 0.9507
Epoch [282/2000] | Sampled: 2092.94 | Baseline: 725.50 | Improvement: -1367.44 | Win Rate: 0.00% | Job Loss: 1.7397 | AMR Loss: 0.4727 | Entropy: 0.9305
Epoch [283/2000] | Sampled: 1874.19 | Baseline: 638.56 | Improvement: -1235.62 | Win Rate: 0.00% | Job Loss: 2.1256 | AMR Loss: 0.2044 | Entropy: 0.8376
Epoch [284/2000] | Sampled: 2068.38 | Baseline: 707.19 | Improvement: -1361.19 | Win Rate: 0.00% | Job Loss: -2.8297 | AMR Loss: 0.5437 | Entropy: 0.9128
Epoch [285/2000] | Sampled: 1671.25 | Baseline: 574.50 | Improvement: -1096.75 | Win Rate: 0.00% | Job Loss: -0.2911 | AMR Loss: 0.2467 | Entropy: 0.8250
Epoch [286/2000] | Sampled: 2134.06 | Baseline: 722.50 | Improvement: -1411.56 | Win Rate: 0.00% | Job Loss: -3.6403 | AMR Loss: 0.4752 | Entropy: 0.9390
Epoch [287/2000] | Sampled: 2195.75 | Baseline: 743.19 | Improvement: -1452.56 | Win Rate: 0.00% | Job Loss: -5.5295 | AMR Loss: 0.3185 | Entropy: 0.9934
Epoch [288/2000] | Sampled: 2477.69 | Baseline: 844.88 | Improvement: -1632.81 | Win Rate: 0.00% | Job Loss: -1.9144 | AMR Loss: 0.2536 | Entropy: 1.0642
Epoch [289/2000] | Sampled: 1592.38 | Baseline: 540.62 | Improvement: -1051.75 | Win Rate: 0.00% | Job Loss: -3.9926 | AMR Loss: 0.4437 | Entropy: 0.8149
Epoch [290/2000] | Sampled: 2438.19 | Baseline: 824.19 | Improvement: -1614.00 | Win Rate: 0.00% | Job Loss: 4.2589 | AMR Loss: 0.2794 | Entropy: 1.0358
Epoch [291/2000] | Sampled: 1544.12 | Baseline: 525.19 | Improvement: -1018.94 | Win Rate: 0.00% | Job Loss: -0.5885 | AMR Loss: 0.3491 | Entropy: 0.7518
Epoch [292/2000] | Sampled: 2196.38 | Baseline: 747.69 | Improvement: -1448.69 | Win Rate: 0.00% | Job Loss: 3.1380 | AMR Loss: 0.0713 | Entropy: 0.9844
Epoch [293/2000] | Sampled: 1547.38 | Baseline: 521.81 | Improvement: -1025.56 | Win Rate: 0.00% | Job Loss: 0.9769 | AMR Loss: 0.5565 | Entropy: 0.7332
Epoch [294/2000] | Sampled: 2070.38 | Baseline: 698.94 | Improvement: -1371.44 | Win Rate: 0.00% | Job Loss: -1.4352 | AMR Loss: 0.1982 | Entropy: 0.8927
Epoch [295/2000] | Sampled: 1544.19 | Baseline: 526.69 | Improvement: -1017.50 | Win Rate: 0.00% | Job Loss: -0.0662 | AMR Loss: 0.4206 | Entropy: 0.7455
Epoch [296/2000] | Sampled: 2424.38 | Baseline: 827.00 | Improvement: -1597.38 | Win Rate: 0.00% | Job Loss: -2.0706 | AMR Loss: 0.3058 | Entropy: 1.0039
Epoch [297/2000] | Sampled: 2037.94 | Baseline: 691.19 | Improvement: -1346.75 | Win Rate: 0.00% | Job Loss: -7.5117 | AMR Loss: 0.0956 | Entropy: 0.8916
Epoch [298/2000] | Sampled: 2011.50 | Baseline: 678.00 | Improvement: -1333.50 | Win Rate: 0.00% | Job Loss: -2.0967 | AMR Loss: 0.1969 | Entropy: 0.9019
Epoch [299/2000] | Sampled: 2632.69 | Baseline: 886.88 | Improvement: -1745.81 | Win Rate: 0.00% | Job Loss: -1.3054 | AMR Loss: 0.0535 | Entropy: 1.0827
Epoch [300/2000] | Sampled: 2223.50 | Baseline: 745.44 | Improvement: -1478.06 | Win Rate: 0.00% | Job Loss: -6.0256 | AMR Loss: 0.0765 | Entropy: 0.9766
   -> Saved updated training chart to /home/wei/AMR-DFJSP/Static_alogorithm/GNN/gnn_training_metrics.png
Epoch [301/2000] | Sampled: 2339.94 | Baseline: 796.56 | Improvement: -1543.38 | Win Rate: 0.00% | Job Loss: -1.7979 | AMR Loss: 0.2479 | Entropy: 0.9886
Epoch [302/2000] | Sampled: 2322.75 | Baseline: 791.00 | Improvement: -1531.75 | Win Rate: 0.00% | Job Loss: -1.1922 | AMR Loss: -0.0521 | Entropy: 0.9988
Epoch [303/2000] | Sampled: 2335.19 | Baseline: 795.00 | Improvement: -1540.19 | Win Rate: 0.00% | Job Loss: -2.7456 | AMR Loss: 0.2931 | Entropy: 0.9985
Epoch [304/2000] | Sampled: 2408.00 | Baseline: 824.88 | Improvement: -1583.12 | Win Rate: 0.00% | Job Loss: -0.9581 | AMR Loss: 0.1261 | Entropy: 0.9773
Epoch [305/2000] | Sampled: 2445.06 | Baseline: 824.00 | Improvement: -1621.06 | Win Rate: 0.00% | Job Loss: 0.3813 | AMR Loss: 0.4952 | Entropy: 0.9537
Epoch [306/2000] | Sampled: 2122.25 | Baseline: 726.19 | Improvement: -1396.06 | Win Rate: 0.00% | Job Loss: -0.9563 | AMR Loss: 0.0821 | Entropy: 0.8684
Epoch [307/2000] | Sampled: 2618.50 | Baseline: 895.12 | Improvement: -1723.38 | Win Rate: 0.00% | Job Loss: 0.8304 | AMR Loss: 0.2130 | Entropy: 1.0023
Epoch [308/2000] | Sampled: 2160.12 | Baseline: 725.88 | Improvement: -1434.25 | Win Rate: 0.00% | Job Loss: -3.6257 | AMR Loss: 0.0458 | Entropy: 0.8462
Epoch [309/2000] | Sampled: 2571.00 | Baseline: 872.94 | Improvement: -1698.06 | Win Rate: 0.00% | Job Loss: -1.1550 | AMR Loss: 0.2362 | Entropy: 0.9713
Epoch [310/2000] | Sampled: 2253.75 | Baseline: 765.56 | Improvement: -1488.19 | Win Rate: 0.00% | Job Loss: -5.2024 | AMR Loss: 0.1562 | Entropy: 0.8847
Epoch [311/2000] | Sampled: 1794.00 | Baseline: 609.88 | Improvement: -1184.12 | Win Rate: 0.00% | Job Loss: -1.6027 | AMR Loss: 0.2374 | Entropy: 0.7689
Epoch [312/2000] | Sampled: 2560.94 | Baseline: 859.12 | Improvement: -1701.81 | Win Rate: 0.00% | Job Loss: -1.2473 | AMR Loss: 0.0547 | Entropy: 0.9479
Epoch [313/2000] | Sampled: 1876.19 | Baseline: 637.81 | Improvement: -1238.38 | Win Rate: 0.00% | Job Loss: -2.6335 | AMR Loss: 0.3709 | Entropy: 0.7955
Epoch [314/2000] | Sampled: 2306.56 | Baseline: 779.31 | Improvement: -1527.25 | Win Rate: 0.00% | Job Loss: -0.8093 | AMR Loss: 0.1094 | Entropy: 0.8735
Epoch [315/2000] | Sampled: 2343.88 | Baseline: 797.00 | Improvement: -1546.88 | Win Rate: 0.00% | Job Loss: -1.3052 | AMR Loss: 0.3968 | Entropy: 0.8408
Epoch [316/2000] | Sampled: 2559.25 | Baseline: 858.25 | Improvement: -1701.00 | Win Rate: 0.00% | Job Loss: 0.2755 | AMR Loss: 0.1031 | Entropy: 0.8715
Epoch [317/2000] | Sampled: 2253.25 | Baseline: 768.81 | Improvement: -1484.44 | Win Rate: 0.00% | Job Loss: 1.8255 | AMR Loss: 0.2584 | Entropy: 0.7661
Epoch [318/2000] | Sampled: 2133.62 | Baseline: 717.75 | Improvement: -1415.88 | Win Rate: 0.00% | Job Loss: 1.0612 | AMR Loss: 0.0825 | Entropy: 0.7687
Epoch [319/2000] | Sampled: 1846.50 | Baseline: 621.25 | Improvement: -1225.25 | Win Rate: 0.00% | Job Loss: -0.1358 | AMR Loss: 0.0509 | Entropy: 0.6666
Epoch [320/2000] | Sampled: 1962.06 | Baseline: 664.12 | Improvement: -1297.94 | Win Rate: 0.00% | Job Loss: 2.7344 | AMR Loss: 0.0591 | Entropy: 0.6825
Epoch [321/2000] | Sampled: 2641.25 | Baseline: 893.62 | Improvement: -1747.62 | Win Rate: 0.00% | Job Loss: -1.3693 | AMR Loss: 0.0671 | Entropy: 0.9166
Epoch [322/2000] | Sampled: 2259.94 | Baseline: 768.62 | Improvement: -1491.31 | Win Rate: 0.00% | Job Loss: 0.0631 | AMR Loss: 0.1044 | Entropy: 0.8167
Epoch [323/2000] | Sampled: 1978.12 | Baseline: 671.44 | Improvement: -1306.69 | Win Rate: 0.00% | Job Loss: 3.9669 | AMR Loss: 0.0576 | Entropy: 0.7503
Epoch [324/2000] | Sampled: 2443.19 | Baseline: 837.50 | Improvement: -1605.69 | Win Rate: 0.00% | Job Loss: 2.7783 | AMR Loss: 0.1597 | Entropy: 0.9207
Epoch [325/2000] | Sampled: 2574.75 | Baseline: 868.19 | Improvement: -1706.56 | Win Rate: 0.00% | Job Loss: 4.9802 | AMR Loss: 0.2153 | Entropy: 0.9649
Epoch [326/2000] | Sampled: 2201.88 | Baseline: 744.12 | Improvement: -1457.75 | Win Rate: 0.00% | Job Loss: 0.8370 | AMR Loss: 0.0452 | Entropy: 0.8952
Epoch [327/2000] | Sampled: 1850.62 | Baseline: 629.56 | Improvement: -1221.06 | Win Rate: 0.00% | Job Loss: 0.6931 | AMR Loss: 0.0885 | Entropy: 0.8156
Epoch [328/2000] | Sampled: 2247.00 | Baseline: 757.81 | Improvement: -1489.19 | Win Rate: 0.00% | Job Loss: 1.4802 | AMR Loss: 0.0597 | Entropy: 0.9404
Epoch [329/2000] | Sampled: 2422.62 | Baseline: 817.25 | Improvement: -1605.38 | Win Rate: 0.00% | Job Loss: -3.0411 | AMR Loss: 0.0465 | Entropy: 1.0187
Epoch [330/2000] | Sampled: 2238.44 | Baseline: 761.88 | Improvement: -1476.56 | Win Rate: 0.00% | Job Loss: 1.0753 | AMR Loss: 0.0695 | Entropy: 0.9715
Epoch [331/2000] | Sampled: 2395.38 | Baseline: 809.69 | Improvement: -1585.69 | Win Rate: 0.00% | Job Loss: -0.1304 | AMR Loss: 0.0530 | Entropy: 1.0085
Epoch [332/2000] | Sampled: 2525.50 | Baseline: 845.88 | Improvement: -1679.62 | Win Rate: 0.00% | Job Loss: 2.0471 | AMR Loss: 0.3497 | Entropy: 1.0849
Epoch [333/2000] | Sampled: 1992.00 | Baseline: 681.50 | Improvement: -1310.50 | Win Rate: 0.00% | Job Loss: 2.9294 | AMR Loss: 0.2118 | Entropy: 0.9314
Epoch [334/2000] | Sampled: 2217.00 | Baseline: 756.31 | Improvement: -1460.69 | Win Rate: 0.00% | Job Loss: -0.6593 | AMR Loss: 0.1637 | Entropy: 0.9776
Epoch [335/2000] | Sampled: 1638.12 | Baseline: 558.25 | Improvement: -1079.88 | Win Rate: 0.00% | Job Loss: 1.2729 | AMR Loss: 0.0444 | Entropy: 0.8187
Epoch [336/2000] | Sampled: 2076.69 | Baseline: 709.12 | Improvement: -1367.56 | Win Rate: 0.00% | Job Loss: 3.3872 | AMR Loss: 0.0414 | Entropy: 0.9856
Epoch [337/2000] | Sampled: 2130.31 | Baseline: 726.06 | Improvement: -1404.25 | Win Rate: 0.00% | Job Loss: -1.3534 | AMR Loss: 0.2007 | Entropy: 0.9700
Epoch [338/2000] | Sampled: 2547.38 | Baseline: 856.69 | Improvement: -1690.69 | Win Rate: 0.00% | Job Loss: -3.7408 | AMR Loss: 0.0322 | Entropy: 1.0962
Epoch [339/2000] | Sampled: 2159.50 | Baseline: 729.50 | Improvement: -1430.00 | Win Rate: 0.00% | Job Loss: -1.4089 | AMR Loss: 0.0363 | Entropy: 1.0330
Epoch [340/2000] | Sampled: 2257.62 | Baseline: 765.69 | Improvement: -1491.94 | Win Rate: 0.00% | Job Loss: -3.3476 | AMR Loss: 0.0779 | Entropy: 1.0752
Epoch [341/2000] | Sampled: 2025.56 | Baseline: 680.94 | Improvement: -1344.62 | Win Rate: 0.00% | Job Loss: -1.2846 | AMR Loss: 0.0300 | Entropy: 0.9678
Epoch [342/2000] | Sampled: 1868.50 | Baseline: 632.31 | Improvement: -1236.19 | Win Rate: 0.00% | Job Loss: -0.0827 | AMR Loss: 0.0292 | Entropy: 0.9247
Epoch [343/2000] | Sampled: 2493.38 | Baseline: 841.19 | Improvement: -1652.19 | Win Rate: 0.00% | Job Loss: -1.5614 | AMR Loss: 0.0298 | Entropy: 1.0761
Epoch [344/2000] | Sampled: 2398.00 | Baseline: 805.94 | Improvement: -1592.06 | Win Rate: 0.00% | Job Loss: -6.6722 | AMR Loss: 0.0755 | Entropy: 1.0598
Epoch [345/2000] | Sampled: 1935.81 | Baseline: 657.38 | Improvement: -1278.44 | Win Rate: 0.00% | Job Loss: -3.6240 | AMR Loss: 0.2365 | Entropy: 0.9446
Epoch [346/2000] | Sampled: 1678.50 | Baseline: 564.31 | Improvement: -1114.19 | Win Rate: 0.00% | Job Loss: -3.2936 | AMR Loss: 0.0255 | Entropy: 0.7978
Epoch [347/2000] | Sampled: 1896.44 | Baseline: 643.12 | Improvement: -1253.31 | Win Rate: 0.00% | Job Loss: -0.9218 | AMR Loss: 0.3743 | Entropy: 0.8663
Epoch [348/2000] | Sampled: 1914.88 | Baseline: 645.19 | Improvement: -1269.69 | Win Rate: 0.00% | Job Loss: -2.4829 | AMR Loss: 0.0254 | Entropy: 0.8877
Epoch [349/2000] | Sampled: 2294.25 | Baseline: 770.06 | Improvement: -1524.19 | Win Rate: 0.00% | Job Loss: -3.4524 | AMR Loss: 0.1505 | Entropy: 0.9690
Epoch [350/2000] | Sampled: 2601.56 | Baseline: 887.44 | Improvement: -1714.12 | Win Rate: 0.00% | Job Loss: 0.4414 | AMR Loss: 0.1347 | Entropy: 1.0385
Epoch [351/2000] | Sampled: 2485.62 | Baseline: 841.94 | Improvement: -1643.69 | Win Rate: 0.00% | Job Loss: -2.2497 | AMR Loss: 0.1298 | Entropy: 1.0051
Epoch [352/2000] | Sampled: 1965.12 | Baseline: 672.19 | Improvement: -1292.94 | Win Rate: 0.00% | Job Loss: -0.3345 | AMR Loss: 0.4906 | Entropy: 0.8332
Epoch [353/2000] | Sampled: 2483.00 | Baseline: 834.75 | Improvement: -1648.25 | Win Rate: 0.00% | Job Loss: -6.1817 | AMR Loss: 0.0222 | Entropy: 1.0082
Epoch [354/2000] | Sampled: 2437.75 | Baseline: 820.62 | Improvement: -1617.12 | Win Rate: 0.00% | Job Loss: -8.2294 | AMR Loss: 0.0213 | Entropy: 0.9309
Epoch [355/2000] | Sampled: 1950.94 | Baseline: 662.50 | Improvement: -1288.44 | Win Rate: 0.00% | Job Loss: -2.7195 | AMR Loss: 0.0304 | Entropy: 0.8097
Epoch [356/2000] | Sampled: 2340.44 | Baseline: 792.94 | Improvement: -1547.50 | Win Rate: 0.00% | Job Loss: -5.2568 | AMR Loss: 0.3428 | Entropy: 0.9331
Epoch [357/2000] | Sampled: 2810.12 | Baseline: 945.62 | Improvement: -1864.50 | Win Rate: 0.00% | Job Loss: -5.2424 | AMR Loss: 0.0225 | Entropy: 1.0070
Epoch [358/2000] | Sampled: 2388.38 | Baseline: 819.75 | Improvement: -1568.62 | Win Rate: 0.00% | Job Loss: -3.9497 | AMR Loss: 0.6644 | Entropy: 0.9027
Epoch [359/2000] | Sampled: 2309.88 | Baseline: 779.50 | Improvement: -1530.38 | Win Rate: 0.00% | Job Loss: -2.2046 | AMR Loss: 0.1605 | Entropy: 0.8601
Epoch [360/2000] | Sampled: 2288.31 | Baseline: 788.44 | Improvement: -1499.88 | Win Rate: 0.00% | Job Loss: -2.5113 | AMR Loss: 0.7953 | Entropy: 0.8497
Epoch [361/2000] | Sampled: 1908.81 | Baseline: 649.44 | Improvement: -1259.38 | Win Rate: 0.00% | Job Loss: -0.9948 | AMR Loss: 0.3413 | Entropy: 0.7021
Epoch [362/2000] | Sampled: 1843.31 | Baseline: 620.19 | Improvement: -1223.12 | Win Rate: 0.00% | Job Loss: -1.9964 | AMR Loss: 0.0298 | Entropy: 0.6725
Epoch [363/2000] | Sampled: 2031.44 | Baseline: 688.88 | Improvement: -1342.56 | Win Rate: 0.00% | Job Loss: -3.0120 | AMR Loss: 0.0282 | Entropy: 0.7590
Epoch [364/2000] | Sampled: 2376.31 | Baseline: 808.19 | Improvement: -1568.12 | Win Rate: 0.00% | Job Loss: -2.5313 | AMR Loss: 0.1198 | Entropy: 0.8303
Epoch [365/2000] | Sampled: 2118.50 | Baseline: 716.06 | Improvement: -1402.44 | Win Rate: 0.00% | Job Loss: 0.9416 | AMR Loss: 0.0261 | Entropy: 0.7592
Epoch [366/2000] | Sampled: 1785.75 | Baseline: 601.94 | Improvement: -1183.81 | Win Rate: 0.00% | Job Loss: -0.4734 | AMR Loss: 0.0286 | Entropy: 0.6704
Epoch [367/2000] | Sampled: 2262.81 | Baseline: 762.81 | Improvement: -1500.00 | Win Rate: 0.00% | Job Loss: -1.3739 | AMR Loss: 0.0182 | Entropy: 0.8050
Epoch [368/2000] | Sampled: 1780.31 | Baseline: 603.69 | Improvement: -1176.62 | Win Rate: 0.00% | Job Loss: 0.2921 | AMR Loss: 0.0891 | Entropy: 0.6443
Epoch [369/2000] | Sampled: 2140.12 | Baseline: 719.81 | Improvement: -1420.31 | Win Rate: 0.00% | Job Loss: 1.5856 | AMR Loss: 0.2329 | Entropy: 0.7361
Epoch [370/2000] | Sampled: 2196.75 | Baseline: 756.44 | Improvement: -1440.31 | Win Rate: 0.00% | Job Loss: 2.9115 | AMR Loss: 0.1551 | Entropy: 0.7604
Epoch [371/2000] | Sampled: 2207.81 | Baseline: 741.19 | Improvement: -1466.62 | Win Rate: 0.00% | Job Loss: 1.6758 | AMR Loss: -0.2816 | Entropy: 0.7607
Epoch [372/2000] | Sampled: 1955.31 | Baseline: 663.94 | Improvement: -1291.38 | Win Rate: 0.00% | Job Loss: 2.8155 | AMR Loss: 0.0328 | Entropy: 0.7054
Epoch [373/2000] | Sampled: 2234.06 | Baseline: 751.50 | Improvement: -1482.56 | Win Rate: 0.00% | Job Loss: 4.9185 | AMR Loss: 0.0234 | Entropy: 0.7611
Epoch [374/2000] | Sampled: 2099.75 | Baseline: 710.06 | Improvement: -1389.69 | Win Rate: 0.00% | Job Loss: -0.3183 | AMR Loss: -0.0179 | Entropy: 0.7457
Epoch [375/2000] | Sampled: 1643.00 | Baseline: 559.25 | Improvement: -1083.75 | Win Rate: 0.00% | Job Loss: 1.9947 | AMR Loss: 0.3888 | Entropy: 0.6323
Epoch [376/2000] | Sampled: 1776.50 | Baseline: 611.50 | Improvement: -1165.00 | Win Rate: 0.00% | Job Loss: 3.5785 | AMR Loss: 0.0554 | Entropy: 0.6841
Epoch [377/2000] | Sampled: 2077.06 | Baseline: 709.44 | Improvement: -1367.62 | Win Rate: 0.00% | Job Loss: -1.5512 | AMR Loss: 0.0236 | Entropy: 0.7917
Epoch [378/2000] | Sampled: 2366.88 | Baseline: 806.12 | Improvement: -1560.75 | Win Rate: 0.00% | Job Loss: -0.2138 | AMR Loss: 0.5213 | Entropy: 0.8626
Epoch [379/2000] | Sampled: 2023.38 | Baseline: 688.38 | Improvement: -1335.00 | Win Rate: 0.00% | Job Loss: 1.8584 | AMR Loss: 0.0335 | Entropy: 0.7629
Epoch [380/2000] | Sampled: 2302.50 | Baseline: 780.75 | Improvement: -1521.75 | Win Rate: 0.00% | Job Loss: 3.8411 | AMR Loss: 0.3465 | Entropy: 0.8605
Epoch [381/2000] | Sampled: 2444.31 | Baseline: 824.12 | Improvement: -1620.19 | Win Rate: 0.00% | Job Loss: -0.6737 | AMR Loss: -0.1129 | Entropy: 0.9074
Epoch [382/2000] | Sampled: 2347.88 | Baseline: 787.12 | Improvement: -1560.75 | Win Rate: 0.00% | Job Loss: 1.4888 | AMR Loss: 0.0217 | Entropy: 0.8441
Epoch [383/2000] | Sampled: 2109.62 | Baseline: 717.00 | Improvement: -1392.62 | Win Rate: 0.00% | Job Loss: -2.5414 | AMR Loss: 0.0242 | Entropy: 0.8017
Epoch [384/2000] | Sampled: 2019.44 | Baseline: 688.94 | Improvement: -1330.50 | Win Rate: 0.00% | Job Loss: 3.0301 | AMR Loss: 0.2376 | Entropy: 0.7935
Epoch [385/2000] | Sampled: 2338.50 | Baseline: 791.56 | Improvement: -1546.94 | Win Rate: 0.00% | Job Loss: 0.6176 | AMR Loss: 0.0355 | Entropy: 0.8450
Epoch [386/2000] | Sampled: 1699.88 | Baseline: 576.56 | Improvement: -1123.31 | Win Rate: 0.00% | Job Loss: -0.1077 | AMR Loss: 0.2267 | Entropy: 0.6876
Epoch [387/2000] | Sampled: 2129.44 | Baseline: 727.88 | Improvement: -1401.56 | Win Rate: 0.00% | Job Loss: -5.7181 | AMR Loss: 0.2466 | Entropy: 0.7562
Epoch [388/2000] | Sampled: 2034.88 | Baseline: 681.81 | Improvement: -1353.06 | Win Rate: 0.00% | Job Loss: -0.1333 | AMR Loss: 0.0294 | Entropy: 0.7147
Epoch [389/2000] | Sampled: 2313.62 | Baseline: 782.44 | Improvement: -1531.19 | Win Rate: 0.00% | Job Loss: 1.2406 | AMR Loss: 0.0964 | Entropy: 0.8109
Epoch [390/2000] | Sampled: 2347.69 | Baseline: 798.94 | Improvement: -1548.75 | Win Rate: 0.00% | Job Loss: -2.2235 | AMR Loss: 0.2857 | Entropy: 0.8199
Epoch [391/2000] | Sampled: 2249.44 | Baseline: 760.62 | Improvement: -1488.81 | Win Rate: 0.00% | Job Loss: -0.8903 | AMR Loss: 0.0211 | Entropy: 0.7933
Epoch [392/2000] | Sampled: 2213.69 | Baseline: 739.06 | Improvement: -1474.62 | Win Rate: 0.00% | Job Loss: -2.2814 | AMR Loss: 0.0269 | Entropy: 0.7959
Epoch [393/2000] | Sampled: 2400.88 | Baseline: 816.88 | Improvement: -1584.00 | Win Rate: 0.00% | Job Loss: -0.9846 | AMR Loss: 0.2569 | Entropy: 0.8240
Epoch [394/2000] | Sampled: 2251.56 | Baseline: 764.06 | Improvement: -1487.50 | Win Rate: 0.00% | Job Loss: -1.1624 | AMR Loss: -0.2836 | Entropy: 0.7804
Epoch [395/2000] | Sampled: 2470.12 | Baseline: 835.31 | Improvement: -1634.81 | Win Rate: 0.00% | Job Loss: -3.2222 | AMR Loss: 0.2166 | Entropy: 0.8238
Epoch [396/2000] | Sampled: 2068.00 | Baseline: 701.25 | Improvement: -1366.75 | Win Rate: 0.00% | Job Loss: -0.4841 | AMR Loss: 0.2306 | Entropy: 0.7403
Epoch [397/2000] | Sampled: 2033.31 | Baseline: 693.62 | Improvement: -1339.69 | Win Rate: 0.00% | Job Loss: -0.9647 | AMR Loss: 0.2868 | Entropy: 0.7294
Epoch [398/2000] | Sampled: 2404.19 | Baseline: 811.94 | Improvement: -1592.25 | Win Rate: 0.00% | Job Loss: -1.2469 | AMR Loss: 0.3008 | Entropy: 0.8129
Epoch [399/2000] | Sampled: 2265.19 | Baseline: 759.88 | Improvement: -1505.31 | Win Rate: 0.00% | Job Loss: -3.0641 | AMR Loss: 0.0686 | Entropy: 0.8073
Epoch [400/2000] | Sampled: 2306.25 | Baseline: 784.25 | Improvement: -1522.00 | Win Rate: 0.00% | Job Loss: 0.0738 | AMR Loss: 0.0330 | Entropy: 0.8024
   -> Saved updated training chart to /home/wei/AMR-DFJSP/Static_alogorithm/GNN/gnn_training_metrics.png
Epoch [401/2000] | Sampled: 2483.75 | Baseline: 847.94 | Improvement: -1635.81 | Win Rate: 0.00% | Job Loss: -1.8062 | AMR Loss: 0.1881 | Entropy: 0.8551
Epoch [402/2000] | Sampled: 2365.94 | Baseline: 812.69 | Improvement: -1553.25 | Win Rate: 0.00% | Job Loss: 1.9365 | AMR Loss: 0.4586 | Entropy: 0.8415
Epoch [403/2000] | Sampled: 1980.88 | Baseline: 675.00 | Improvement: -1305.88 | Win Rate: 0.00% | Job Loss: 3.5357 | AMR Loss: 0.0325 | Entropy: 0.7468
Epoch [404/2000] | Sampled: 2572.31 | Baseline: 878.50 | Improvement: -1693.81 | Win Rate: 0.00% | Job Loss: 4.0189 | AMR Loss: 0.1243 | Entropy: 0.8783
Epoch [405/2000] | Sampled: 2428.38 | Baseline: 823.88 | Improvement: -1604.50 | Win Rate: 0.00% | Job Loss: -0.7720 | AMR Loss: 0.0326 | Entropy: 0.9083
Traceback (most recent call last):
  File "/home/wei/AMR-DFJSP/Static_alogorithm/GNN/train_gnn.py", line 607, in <module>
    train(build_parser().parse_args())
  File "/home/wei/AMR-DFJSP/Static_alogorithm/GNN/train_gnn.py", line 576, in train
    train_reinforce(args)
  File "/home/wei/AMR-DFJSP/Static_alogorithm/GNN/train_gnn.py", line 349, in train_reinforce
    comparison = compute_dispatch_baseline_comparison(
  File "/home/wei/AMR-DFJSP/Static_alogorithm/reinforce_baseline.py", line 175, in compute_dispatch_baseline_comparison
    rule_next_makespan, _ = evaluate_makespan(
  File "/home/wei/AMR-DFJSP/Static_alogorithm/reinforce_baseline.py", line 78, in evaluate_makespan
    availability, _, _, _, invalid_count = decode_schedule_tick_by_tick(
  File "/home/wei/AMR-DFJSP/Static_alogorithm/GA/GA.py", line 1188, in decode_schedule_tick_by_tick
    return decode_schedule(individual, jobs, need_log=need_log, check_collision=check_collision, init_state=init_state)
  File "/home/wei/AMR-DFJSP/Static_alogorithm/GA/GA.py", line 1182, in decode_schedule
    execute_unload(op)
  File "/home/wei/AMR-DFJSP/Static_alogorithm/GA/GA.py", line 1111, in execute_unload
    travel_end = move_amr(amr, station_pos, travel_start, job.idx, "unload", f"Job{job.idx} unload trans {int(grid_distance(current_position[amr], station_pos))}s")
  File "/home/wei/AMR-DFJSP/Static_alogorithm/GA/GA.py", line 1074, in move_amr
    path = find_dynamic_path(origin, destination, start_time, reservations, amr_states, amr)
  File "/home/wei/AMR-DFJSP/Static_alogorithm/GA/GA.py", line 239, in find_dynamic_path
    if not _is_within_bounds(neighbor): continue
  File "/home/wei/AMR-DFJSP/Static_alogorithm/GA/GA.py", line 94, in _is_within_bounds
    def _is_within_bounds(point: Tuple[int, int]) -> bool:
KeyboardInterrupt
